=== job 10889435 started Wed May  6 23:43:36 EDT 2026 ===
    node:  holy7c18208
    cpus:  48
    python: Python 3.12.11

Resuming: 0 points already done, loaded from simulated/gennorm/gennorm_scan_2.npz
SVJ gennorm scan  job 2/3  (48 outer × 1 C++ threads)
  Grid:    16×8×8×8 = 8192 total  (2048 this job)
  To do:   2048  (already done: 0)
  Events/point: 50000
  Output:  simulated/gennorm/gennorm_scan_2.npz

[   1/2048]  (0,0,7,2)  ok    ETA 332:33:57
[   2/2048]  (0,1,7,2)  ok    ETA 168:00:14
[   3/2048]  (0,2,7,2)  ok    ETA 112:18:00
[   4/2048]  (0,2,7,6)  ok    ETA 84:28:35
[   5/2048]  (0,0,7,6)  ok    ETA 67:46:38
[   6/2048]  (0,1,7,6)  ok    ETA 56:32:49
[   7/2048]  (0,1,6,2)  ok    ETA 48:32:48
[   8/2048]  (0,0,6,2)  ok    ETA 42:37:20
[   9/2048]  (0,2,6,2)  ok    ETA 38:04:35
[  10/2048]  (0,0,5,2)  ok    ETA 34:17:04
[  11/2048]  (0,2,6,6)  ok    ETA 31:14:32
[  12/2048]  (0,0,6,6)  ok    ETA 28:39:40
[  13/2048]  (0,1,5,2)  ok    ETA 26:27:33
[  14/2048]  (0,1,6,6)  ok    ETA 24:36:59
[  15/2048]  (0,0,4,2)  ok    ETA 23:03:47
[  16/2048]  (0,2,5,2)  ok    ETA 21:38:50
[  17/2048]  (0,0,3,2)  ok    ETA 20:33:09
[  18/2048]  (0,1,4,2)  ok    ETA 19:24:40
[  19/2048]  (0,0,5,6)  ok    ETA 18:23:32
[  20/2048]  (0,1,5,6)  ok    ETA 17:28:30
[  21/2048]  (0,2,4,2)  ok    ETA 16:46:45
[  22/2048]  (0,2,5,6)  ok    ETA 16:01:40
[  23/2048]  (0,0,4,6)  ok    ETA 15:22:31
[  24/2048]  (0,0,2,2)  ok    ETA 14:46:58
[  25/2048]  (0,1,3,2)  ok    ETA 14:11:39
[  26/2048]  (0,1,4,6)  ok    ETA 13:40:25
[  27/2048]  (0,1,2,2)  ok    ETA 13:15:19
[  28/2048]  (0,0,1,2)  ok    ETA 12:47:10
[  29/2048]  (0,2,3,2)  ok    ETA 12:21:12
[  30/2048]  (0,2,4,6)  ok    ETA 11:57:11
[  31/2048]  (0,0,3,6)  ok    ETA 11:34:33
[  32/2048]  (0,0,0,2)  ok    ETA 11:17:37
[  33/2048]  (0,1,3,6)  ok    ETA 10:57:14
[  34/2048]  (0,1,1,2)  ok    ETA 10:39:00
[  35/2048]  (0,0,2,6)  ok    ETA 10:26:24
[  36/2048]  (0,2,3,6)  ok    ETA 10:09:56
[  37/2048]  (0,2,2,2)  ok    ETA 09:53:37
[  38/2048]  (0,0,1,6)  ok    ETA 09:37:50
[  39/2048]  (0,2,1,2)  ok    ETA 09:24:54
[  40/2048]  (0,1,2,6)  ok    ETA 09:10:30
[  41/2048]  (0,1,0,2)  ok    ETA 09:00:25
[  42/2048]  (0,2,2,6)  ok    ETA 08:50:45
[  43/2048]  (0,1,1,6)  ok    ETA 08:39:32
[  44/2048]  (0,0,0,6)  ok    ETA 08:29:30
[  45/2048]  (0,2,0,2)  ok    ETA 08:24:05
[  46/2048]  (0,1,0,6)  ok    ETA 08:18:45
[  47/2048]  (0,2,1,6)  ok    ETA 08:08:48
[  48/2048]  (0,2,0,6)  ok    ETA 08:07:53
[  49/2048]  (0,3,7,2)  ok    ETA 13:37:12
[  50/2048]  (0,3,7,6)  ok    ETA 13:24:26
[  51/2048]  (0,3,6,2)  ok    ETA 13:09:05
[  52/2048]  (0,3,6,6)  ok    ETA 12:58:27
[  53/2048]  (0,3,5,2)  ok    ETA 12:44:37
[  54/2048]  (0,3,4,2)  ok    ETA 12:32:47
[  55/2048]  (0,3,5,6)  ok    ETA 12:21:50
[  56/2048]  (0,3,2,2)  ok    ETA 12:08:15
[  57/2048]  (0,3,4,6)  ok    ETA 11:55:35
[  58/2048]  (0,4,7,2)  ok    ETA 11:42:56
[  59/2048]  (0,3,3,2)  ok    ETA 11:31:38
[  60/2048]  (0,4,6,2)  ok    ETA 11:21:52
[  61/2048]  (0,3,1,2)  ok    ETA 11:10:59
[  62/2048]  (0,3,0,2)  ok    ETA 11:00:56
[  63/2048]  (0,3,3,6)  ok    ETA 10:51:15
[  64/2048]  (0,4,5,2)  ok    ETA 10:43:04
[  65/2048]  (0,4,7,6)  ok    ETA 10:33:30
[  66/2048]  (0,4,4,2)  ok    ETA 10:23:39
[  67/2048]  (0,4,6,6)  ok    ETA 10:14:20
[  68/2048]  (0,3,2,6)  ok    ETA 10:05:02
[  69/2048]  (0,4,5,6)  ok    ETA 09:57:30
[  70/2048]  (0,4,3,2)  ok    ETA 09:48:46
[  71/2048]  (0,3,1,6)  ok    ETA 09:42:43
[  72/2048]  (0,4,1,2)  ok    ETA 09:36:41
[  73/2048]  (0,3,0,6)  ok    ETA 09:28:49
[  74/2048]  (0,4,2,2)  ok    ETA 09:20:58
[  75/2048]  (0,4,4,6)  ok    ETA 09:13:42
[  76/2048]  (0,4,3,6)  ok    ETA 09:06:23
[  77/2048]  (0,4,0,2)  ok    ETA 09:02:36
[  78/2048]  (0,4,1,6)  ok    ETA 08:55:30
[  79/2048]  (0,5,5,2)  ok    ETA 08:48:34
[  80/2048]  (0,4,2,6)  ok    ETA 08:42:16
[  81/2048]  (0,5,6,2)  ok    ETA 08:35:38
[  82/2048]  (0,5,4,2)  ok    ETA 08:30:49
[  83/2048]  (0,5,7,2)  ok    ETA 08:24:24
[  84/2048]  (0,5,3,2)  ok    ETA 08:19:14
[  85/2048]  (0,5,5,6)  ok    ETA 08:14:04
[  86/2048]  (0,4,0,6)  ok    ETA 08:08:46
[  87/2048]  (0,5,2,2)  ok    ETA 08:03:29
[  88/2048]  (0,5,6,6)  ok    ETA 07:58:02
[  89/2048]  (0,5,3,6)  ok    ETA 07:53:01
[  90/2048]  (0,5,0,2)  ok    ETA 07:47:34
[  91/2048]  (0,5,4,6)  ok    ETA 07:42:26
[  92/2048]  (0,5,7,6)  ok    ETA 07:38:45
[  93/2048]  (0,5,1,2)  ok    ETA 07:34:46
[  94/2048]  (0,5,2,6)  ok    ETA 07:30:03
[  95/2048]  (0,5,1,6)  ok    ETA 07:28:24
[  96/2048]  (0,5,0,6)  ok    ETA 07:24:38
[  97/2048]  (0,6,7,2)  ok    ETA 10:13:24
[  98/2048]  (0,6,6,2)  ok    ETA 10:08:28
[  99/2048]  (0,6,6,6)  ok    ETA 10:03:01
[ 100/2048]  (0,6,5,2)  ok    ETA 09:57:28
[ 101/2048]  (0,6,7,6)  ok    ETA 09:51:27
[ 102/2048]  (0,6,4,2)  ok    ETA 09:46:49
[ 103/2048]  (0,6,5,6)  ok    ETA 09:41:41
[ 104/2048]  (0,6,2,2)  ok    ETA 09:36:13
[ 105/2048]  (0,6,0,2)  ok    ETA 09:30:33
[ 106/2048]  (0,6,4,6)  ok    ETA 09:24:58
[ 107/2048]  (0,6,3,2)  ok    ETA 09:19:41
[ 108/2048]  (0,6,1,2)  ok    ETA 09:14:30
[ 109/2048]  (0,6,3,6)  ok    ETA 09:11:12
[ 110/2048]  (0,7,7,2)  ok    ETA 09:06:57
[ 111/2048]  (0,7,7,6)  ok    ETA 09:02:13
[ 112/2048]  (0,6,1,6)  ok    ETA 08:57:17
[ 113/2048]  (0,6,2,6)  ok    ETA 08:52:18
[ 114/2048]  (0,7,6,2)  ok    ETA 08:48:32
[ 115/2048]  (0,7,5,2)  ok    ETA 08:44:02
[ 116/2048]  (0,6,0,6)  ok    ETA 08:39:19
[ 117/2048]  (0,7,6,6)  ok    ETA 08:35:35
[ 118/2048]  (0,7,4,2)  ok    ETA 08:31:30
[ 119/2048]  (0,7,2,2)  ok    ETA 08:27:27
[ 120/2048]  (0,7,5,6)  ok    ETA 08:23:05
[ 121/2048]  (0,7,3,2)  ok    ETA 08:18:53
[ 122/2048]  (0,7,4,6)  ok    ETA 08:16:05
[ 123/2048]  (0,7,1,2)  ok    ETA 08:12:17
[ 124/2048]  (1,0,7,2)  ok    ETA 08:08:31
[ 125/2048]  (1,0,6,2)  ok    ETA 08:04:34
[ 126/2048]  (0,7,0,2)  ok    ETA 08:00:46
[ 127/2048]  (0,7,2,6)  ok    ETA 07:56:56
[ 128/2048]  (0,7,3,6)  ok    ETA 07:53:34
[ 129/2048]  (0,7,1,6)  ok    ETA 07:49:50
[ 130/2048]  (1,0,5,2)  ok    ETA 07:46:02
[ 131/2048]  (1,0,7,6)  ok    ETA 07:44:22
[ 132/2048]  (1,0,4,2)  ok    ETA 07:41:02
[ 133/2048]  (0,7,0,6)  ok    ETA 07:37:26
[ 134/2048]  (1,0,3,2)  ok    ETA 07:34:44
[ 135/2048]  (1,0,6,6)  ok    ETA 07:31:12
[ 136/2048]  (1,0,2,2)  ok    ETA 07:29:24
[ 137/2048]  (1,0,5,6)  ok    ETA 07:26:27
[ 138/2048]  (1,0,1,2)  ok    ETA 07:23:09
[ 139/2048]  (1,0,0,2)  ok    ETA 07:20:48
[ 140/2048]  (1,0,4,6)  ok    ETA 07:18:14
[ 141/2048]  (1,0,3,6)  ok    ETA 07:16:45
[ 142/2048]  (1,0,2,6)  ok    ETA 07:16:41
[ 143/2048]  (1,0,1,6)  ok    ETA 07:15:38
[ 144/2048]  (1,0,0,6)  ok    ETA 07:14:47
[ 145/2048]  (1,1,7,2)  ok    ETA 08:55:31
[ 146/2048]  (1,1,5,2)  ok    ETA 08:53:26
[ 147/2048]  (1,1,7,6)  ok    ETA 08:49:38
[ 148/2048]  (1,1,6,2)  ok    ETA 08:46:06
[ 149/2048]  (1,1,5,6)  ok    ETA 08:45:33
[ 150/2048]  (1,1,4,2)  ok    ETA 08:42:11
[ 151/2048]  (1,1,6,6)  ok    ETA 08:38:34
[ 152/2048]  (1,2,7,2)  ok    ETA 08:35:16
[ 153/2048]  (1,1,3,2)  ok    ETA 08:31:57
[ 154/2048]  (1,1,2,2)  ok    ETA 08:28:54
[ 155/2048]  (1,2,7,6)  ok    ETA 08:26:17
[ 156/2048]  (1,1,4,6)  ok    ETA 08:23:07
[ 157/2048]  (1,2,6,2)  ok    ETA 08:20:36
[ 158/2048]  (1,1,1,2)  ok    ETA 08:17:37
[ 159/2048]  (1,2,5,2)  ok    ETA 08:15:43
[ 160/2048]  (1,1,0,2)  ok    ETA 08:12:38
[ 161/2048]  (1,1,3,6)  ok    ETA 08:09:51
[ 162/2048]  (1,2,6,6)  ok    ETA 08:06:49
[ 163/2048]  (1,2,4,2)  ok    ETA 08:04:08
[ 164/2048]  (1,1,2,6)  ok    ETA 08:02:38
[ 165/2048]  (1,2,3,2)  ok    ETA 07:59:38
[ 166/2048]  (1,2,5,6)  ok    ETA 07:56:33
[ 167/2048]  (1,1,1,6)  ok    ETA 07:55:05
[ 168/2048]  (1,3,5,2)  ok    ETA 07:52:21
[ 169/2048]  (1,3,6,2)  ok    ETA 07:49:38
[ 170/2048]  (1,3,3,2)  ok    ETA 07:47:01
[ 171/2048]  (1,2,4,6)  ok    ETA 07:44:26
[ 172/2048]  (1,3,4,2)  ok    ETA 07:41:57
[ 173/2048]  (1,2,2,2)  ok    ETA 07:39:03
[ 174/2048]  (1,1,0,6)  ok    ETA 07:36:32
[ 175/2048]  (1,2,3,6)  ok    ETA 07:33:49
[ 176/2048]  (1,3,2,2)  ok    ETA 07:31:41
[ 177/2048]  (1,3,7,2)  ok    ETA 07:28:57
[ 178/2048]  (1,3,5,6)  ok    ETA 07:26:47
[ 179/2048]  (1,2,1,2)  ok    ETA 07:24:22
[ 180/2048]  (1,3,4,6)  ok    ETA 07:22:21
[ 181/2048]  (1,3,6,6)  ok    ETA 07:19:45
[ 182/2048]  (1,2,0,2)  ok    ETA 07:17:13
[ 183/2048]  (1,3,1,2)  ok    ETA 07:14:53
[ 184/2048]  (1,3,0,2)  ok    ETA 07:13:05
[ 185/2048]  (1,2,2,6)  ok    ETA 07:10:38
[ 186/2048]  (1,3,7,6)  ok    ETA 07:08:14
[ 187/2048]  (1,3,3,6)  ok    ETA 07:05:53
[ 188/2048]  (1,3,2,6)  ok    ETA 07:04:27
[ 189/2048]  (1,3,1,6)  ok    ETA 07:03:14
[ 190/2048]  (1,2,1,6)  ok    ETA 07:01:47
[ 191/2048]  (1,3,0,6)  ok    ETA 06:59:52
[ 192/2048]  (1,2,0,6)  ok    ETA 06:59:17
[ 193/2048]  (1,4,7,2)  ok    ETA 08:14:31
[ 194/2048]  (1,4,6,2)  ok    ETA 08:11:47
[ 195/2048]  (1,4,5,2)  ok    ETA 08:09:06
[ 196/2048]  (1,4,7,6)  ok    ETA 08:07:08
[ 197/2048]  (1,4,4,2)  ok    ETA 08:04:30
[ 198/2048]  (1,4,6,6)  ok    ETA 08:02:33
[ 199/2048]  (1,4,3,2)  ok    ETA 08:00:13
[ 200/2048]  (1,4,5,6)  ok    ETA 07:57:59
  [checkpoint @ 200]
[ 201/2048]  (1,4,1,2)  ok    ETA 07:55:43
[ 202/2048]  (1,4,0,2)  ok    ETA 07:53:18
[ 203/2048]  (1,4,2,2)  ok    ETA 07:51:09
[ 204/2048]  (1,4,4,6)  ok    ETA 07:48:59
[ 205/2048]  (1,4,3,6)  ok    ETA 07:47:49
[ 206/2048]  (1,5,7,2)  ok    ETA 07:46:14
[ 207/2048]  (1,4,1,6)  ok    ETA 07:43:49
[ 208/2048]  (1,4,2,6)  ok    ETA 07:42:21
[ 209/2048]  (1,5,6,2)  ok    ETA 07:40:13
[ 210/2048]  (1,5,5,2)  ok    ETA 07:38:07
[ 211/2048]  (1,5,7,6)  ok    ETA 07:35:44
[ 212/2048]  (1,4,0,6)  ok    ETA 07:33:33
[ 213/2048]  (1,5,6,6)  ok    ETA 07:31:48
[ 214/2048]  (1,5,4,2)  ok    ETA 07:29:46
[ 215/2048]  (1,5,3,2)  ok    ETA 07:28:20
[ 216/2048]  (1,5,2,2)  ok    ETA 07:26:21
[ 217/2048]  (1,5,5,6)  ok    ETA 07:24:11
[ 218/2048]  (1,5,1,2)  ok    ETA 07:22:04
[ 219/2048]  (1,5,4,6)  ok    ETA 07:20:01
[ 220/2048]  (1,5,0,2)  ok    ETA 07:18:21
[ 221/2048]  (1,5,3,6)  ok    ETA 07:16:51
[ 222/2048]  (1,5,2,6)  ok    ETA 07:15:04
[ 223/2048]  (1,6,5,2)  ok    ETA 07:13:13
[ 224/2048]  (1,6,4,2)  ok    ETA 07:11:06
[ 225/2048]  (1,6,7,2)  ok    ETA 07:09:10
[ 226/2048]  (1,6,6,2)  ok    ETA 07:07:16
[ 227/2048]  (1,6,3,2)  ok    ETA 07:05:58
[ 228/2048]  (1,6,6,6)  ok    ETA 07:04:28
[ 229/2048]  (1,6,5,6)  ok    ETA 07:02:33
[ 230/2048]  (1,5,1,6)  ok    ETA 07:00:29
[ 231/2048]  (1,5,0,6)  ok    ETA 06:58:29
[ 232/2048]  (1,6,2,2)  ok    ETA 06:56:51
[ 233/2048]  (1,6,7,6)  ok    ETA 06:54:52
[ 234/2048]  (1,6,0,2)  ok    ETA 06:53:24
[ 235/2048]  (1,6,1,2)  ok    ETA 06:51:27
[ 236/2048]  (1,6,4,6)  ok    ETA 06:49:39
[ 237/2048]  (1,6,3,6)  ok    ETA 06:48:25
[ 238/2048]  (1,6,2,6)  ok    ETA 06:46:38
[ 239/2048]  (1,6,1,6)  ok    ETA 06:46:28
[ 240/2048]  (1,6,0,6)  ok    ETA 06:45:21
[ 241/2048]  (1,7,7,2)  ok    ETA 07:44:03
[ 242/2048]  (1,7,4,2)  ok    ETA 07:42:15
[ 243/2048]  (1,7,5,2)  ok    ETA 07:40:07
[ 244/2048]  (1,7,6,2)  ok    ETA 07:38:11
[ 245/2048]  (1,7,3,2)  ok    ETA 07:36:49
[ 246/2048]  (1,7,2,2)  ok    ETA 07:35:15
[ 247/2048]  (1,7,7,6)  ok    ETA 07:33:12
[ 248/2048]  (1,7,1,2)  ok    ETA 07:31:09
[ 249/2048]  (1,7,5,6)  ok    ETA 07:29:10
[ 250/2048]  (1,7,6,6)  ok    ETA 07:27:12
[ 251/2048]  (1,7,4,6)  ok    ETA 07:26:26
[ 252/2048]  (1,7,3,6)  ok    ETA 07:24:41
[ 253/2048]  (1,7,0,2)  ok    ETA 07:22:41
[ 254/2048]  (2,0,7,2)  ok    ETA 07:21:52
[ 255/2048]  (1,7,2,6)  ok    ETA 07:19:57
[ 256/2048]  (1,7,1,6)  ok    ETA 07:18:31
[ 257/2048]  (2,0,6,2)  ok    ETA 07:16:42
[ 258/2048]  (1,7,0,6)  ok    ETA 07:14:47
[ 259/2048]  (2,0,5,2)  ok    ETA 07:12:59
[ 260/2048]  (2,0,7,6)  ok    ETA 07:11:41
[ 261/2048]  (2,0,4,2)  ok    ETA 07:10:18
[ 262/2048]  (2,0,3,2)  ok    ETA 07:09:30
[ 263/2048]  (2,0,6,6)  ok    ETA 07:07:40
[ 264/2048]  (2,0,5,6)  ok    ETA 07:06:42
[ 265/2048]  (2,0,2,2)  ok    ETA 07:04:52
[ 266/2048]  (2,0,1,2)  ok    ETA 07:03:20
[ 267/2048]  (2,1,7,2)  ok    ETA 07:02:17
[ 268/2048]  (2,0,4,6)  ok    ETA 07:00:39
[ 269/2048]  (2,0,0,2)  ok    ETA 06:59:19
[ 270/2048]  (2,1,6,2)  ok    ETA 06:57:35
[ 271/2048]  (2,1,5,2)  ok    ETA 06:56:00
[ 272/2048]  (2,1,4,2)  ok    ETA 06:54:42
[ 273/2048]  (2,1,6,6)  ok    ETA 06:53:12
[ 274/2048]  (2,1,7,6)  ok    ETA 06:51:54
[ 275/2048]  (2,0,3,6)  ok    ETA 06:50:23
[ 276/2048]  (2,1,5,6)  ok    ETA 06:49:32
[ 277/2048]  (2,1,3,2)  ok    ETA 06:47:55
[ 278/2048]  (2,0,2,6)  ok    ETA 06:46:26
[ 279/2048]  (2,0,1,6)  ok    ETA 06:45:44
[ 280/2048]  (2,1,2,2)  ok    ETA 06:44:08
[ 281/2048]  (2,1,4,6)  ok    ETA 06:42:40
[ 282/2048]  (2,1,1,2)  ok    ETA 06:42:14
[ 283/2048]  (2,0,0,6)  ok    ETA 06:40:58
[ 284/2048]  (2,1,0,2)  ok    ETA 06:39:56
[ 285/2048]  (2,1,3,6)  ok    ETA 06:38:37
[ 286/2048]  (2,1,2,6)  ok    ETA 06:38:50
[ 287/2048]  (2,1,1,6)  ok    ETA 06:39:27
[ 288/2048]  (2,1,0,6)  ok    ETA 06:38:46
[ 289/2048]  (2,2,7,2)  ok    ETA 07:19:24
[ 290/2048]  (2,2,6,2)  ok    ETA 07:18:38
[ 291/2048]  (2,2,7,6)  ok    ETA 07:17:19
[ 292/2048]  (2,2,5,2)  ok    ETA 07:16:37
[ 293/2048]  (2,2,4,2)  ok    ETA 07:15:22
[ 294/2048]  (2,2,6,6)  ok    ETA 07:13:57
[ 295/2048]  (2,2,5,6)  ok    ETA 07:13:28
[ 296/2048]  (2,2,3,2)  ok    ETA 07:11:55
[ 297/2048]  (2,2,4,6)  ok    ETA 07:10:59
[ 298/2048]  (2,3,7,2)  ok    ETA 07:09:36
[ 299/2048]  (2,2,2,2)  ok    ETA 07:08:05
[ 300/2048]  (2,3,6,2)  ok    ETA 07:06:54
[ 301/2048]  (2,3,7,6)  ok    ETA 07:05:32
[ 302/2048]  (2,3,5,2)  ok    ETA 07:04:23
[ 303/2048]  (2,2,1,2)  ok    ETA 07:03:08
[ 304/2048]  (2,3,3,2)  ok    ETA 07:01:37
[ 305/2048]  (2,3,4,2)  ok    ETA 07:00:01
[ 306/2048]  (2,3,6,6)  ok    ETA 06:58:42
[ 307/2048]  (2,2,3,6)  ok    ETA 06:57:08
[ 308/2048]  (2,3,2,2)  ok    ETA 06:55:56
[ 309/2048]  (2,3,1,2)  ok    ETA 06:54:38
[ 310/2048]  (2,2,0,2)  ok    ETA 06:53:05
[ 311/2048]  (2,3,5,6)  ok    ETA 06:51:59
[ 312/2048]  (2,3,4,6)  ok    ETA 06:50:42
[ 313/2048]  (2,3,0,2)  ok    ETA 06:49:55
[ 314/2048]  (2,2,2,6)  ok    ETA 06:48:43
[ 315/2048]  (2,3,3,6)  ok    ETA 06:47:44
[ 316/2048]  (2,2,1,6)  ok    ETA 06:46:43
[ 317/2048]  (2,3,2,6)  ok    ETA 06:45:30
[ 318/2048]  (2,4,4,2)  ok    ETA 06:44:05
[ 319/2048]  (2,4,6,2)  ok    ETA 06:42:49
[ 320/2048]  (2,4,5,2)  ok    ETA 06:41:38
[ 321/2048]  (2,3,1,6)  ok    ETA 06:40:21
[ 322/2048]  (2,4,3,2)  ok    ETA 06:39:12
[ 323/2048]  (2,4,2,2)  ok    ETA 06:38:13
[ 324/2048]  (2,4,1,2)  ok    ETA 06:36:50
[ 325/2048]  (2,3,0,6)  ok    ETA 06:35:39
[ 326/2048]  (2,2,0,6)  ok    ETA 06:34:48
[ 327/2048]  (2,4,5,6)  ok    ETA 06:33:25
[ 328/2048]  (2,4,7,2)  ok    ETA 06:32:07
[ 329/2048]  (2,4,6,6)  ok    ETA 06:30:42
[ 330/2048]  (2,4,0,2)  ok    ETA 06:29:29
[ 331/2048]  (2,4,4,6)  ok    ETA 06:28:17
[ 332/2048]  (2,4,3,6)  ok    ETA 06:27:06
[ 333/2048]  (2,4,2,6)  ok    ETA 06:26:11
[ 334/2048]  (2,4,7,6)  ok    ETA 06:25:21
[ 335/2048]  (2,4,1,6)  ok    ETA 06:24:55
[ 336/2048]  (2,4,0,6)  ok    ETA 06:24:55
[ 337/2048]  (2,5,7,2)  ok    ETA 07:02:06
[ 338/2048]  (2,5,5,2)  ok    ETA 07:00:53
[ 339/2048]  (2,5,6,2)  ok    ETA 06:59:25
[ 340/2048]  (2,5,0,2)  ok    ETA 06:58:42
[ 341/2048]  (2,5,1,2)  ok    ETA 06:57:18
[ 342/2048]  (2,5,7,6)  ok    ETA 06:55:51
[ 343/2048]  (2,5,2,2)  ok    ETA 06:54:28
[ 344/2048]  (2,5,4,2)  ok    ETA 06:53:07
[ 345/2048]  (2,5,3,2)  ok    ETA 06:52:10
[ 346/2048]  (2,5,6,6)  ok    ETA 06:50:46
[ 347/2048]  (2,5,5,6)  ok    ETA 06:50:08
[ 348/2048]  (2,5,4,6)  ok    ETA 06:49:03
[ 349/2048]  (2,5,2,6)  ok    ETA 06:47:58
[ 350/2048]  (2,5,3,6)  ok    ETA 06:46:49
[ 351/2048]  (2,6,7,2)  ok    ETA 06:46:01
[ 352/2048]  (2,5,1,6)  ok    ETA 06:44:52
[ 353/2048]  (2,5,0,6)  ok    ETA 06:43:33
[ 354/2048]  (2,6,6,2)  ok    ETA 06:42:29
[ 355/2048]  (2,6,7,6)  ok    ETA 06:41:07
[ 356/2048]  (2,6,5,2)  ok    ETA 06:39:54
[ 357/2048]  (2,6,3,2)  ok    ETA 06:38:46
[ 358/2048]  (2,6,4,2)  ok    ETA 06:37:32
[ 359/2048]  (2,6,6,6)  ok    ETA 06:36:39
[ 360/2048]  (2,6,2,2)  ok    ETA 06:35:28
[ 361/2048]  (2,6,0,2)  ok    ETA 06:34:52
[ 362/2048]  (2,6,4,6)  ok    ETA 06:33:37
[ 363/2048]  (2,6,1,2)  ok    ETA 06:32:28
[ 364/2048]  (2,6,5,6)  ok    ETA 06:31:14
[ 365/2048]  (2,6,3,6)  ok    ETA 06:30:12
[ 366/2048]  (2,6,2,6)  ok    ETA 06:29:22
[ 367/2048]  (2,7,6,2)  ok    ETA 06:28:28
[ 368/2048]  (2,7,5,2)  ok    ETA 06:27:32
[ 369/2048]  (2,7,7,2)  ok    ETA 06:26:15
[ 370/2048]  (2,6,1,6)  ok    ETA 06:25:21
[ 371/2048]  (2,7,4,2)  ok    ETA 06:24:31
[ 372/2048]  (2,7,6,6)  ok    ETA 06:23:34
[ 373/2048]  (2,7,5,6)  ok    ETA 06:22:20
[ 374/2048]  (2,7,3,2)  ok    ETA 06:21:07
[ 375/2048]  (2,6,0,6)  ok    ETA 06:19:59
[ 376/2048]  (2,7,4,6)  ok    ETA 06:19:08
[ 377/2048]  (2,7,7,6)  ok    ETA 06:18:03
[ 378/2048]  (2,7,2,2)  ok    ETA 06:17:00
[ 379/2048]  (2,7,1,2)  ok    ETA 06:15:57
[ 380/2048]  (2,7,3,6)  ok    ETA 06:15:10
[ 381/2048]  (2,7,0,2)  ok    ETA 06:14:13
[ 382/2048]  (2,7,2,6)  ok    ETA 06:13:58
[ 383/2048]  (2,7,1,6)  ok    ETA 06:13:04
[ 384/2048]  (2,7,0,6)  ok    ETA 06:12:37
[ 385/2048]  (3,0,6,2)  ok    ETA 06:43:41
[ 386/2048]  (3,0,7,2)  ok    ETA 06:42:39
[ 387/2048]  (3,0,5,2)  ok    ETA 06:41:50
[ 388/2048]  (3,0,4,2)  ok    ETA 06:40:51
[ 389/2048]  (3,0,7,6)  ok    ETA 06:40:03
[ 390/2048]  (3,0,3,2)  ok    ETA 06:38:51
[ 391/2048]  (3,0,6,6)  ok    ETA 06:38:02
[ 392/2048]  (3,0,2,2)  ok    ETA 06:36:53
[ 393/2048]  (3,0,1,2)  ok    ETA 06:36:11
[ 394/2048]  (3,0,5,6)  ok    ETA 06:35:25
[ 395/2048]  (3,0,0,2)  ok    ETA 06:34:38
[ 396/2048]  (3,0,4,6)  ok    ETA 06:33:24
[ 397/2048]  (3,1,7,2)  ok    ETA 06:32:15
[ 398/2048]  (3,1,6,2)  ok    ETA 06:31:07
[ 399/2048]  (3,0,3,6)  ok    ETA 06:30:37
[ 400/2048]  (3,1,5,2)  ok    ETA 06:29:37
  [checkpoint @ 400]
[ 401/2048]  (3,1,7,6)  ok    ETA 06:28:46
[ 402/2048]  (3,0,2,6)  ok    ETA 06:28:07
[ 403/2048]  (3,1,4,2)  ok    ETA 06:26:58
[ 404/2048]  (3,1,6,6)  ok    ETA 06:25:52
[ 405/2048]  (3,1,3,2)  ok    ETA 06:24:49
[ 406/2048]  (3,1,5,6)  ok    ETA 06:24:17
[ 407/2048]  (3,1,2,2)  ok    ETA 06:23:19
[ 408/2048]  (3,0,1,6)  ok    ETA 06:22:57
[ 409/2048]  (3,1,1,2)  ok    ETA 06:21:51
[ 410/2048]  (3,2,7,2)  ok    ETA 06:21:02
[ 411/2048]  (3,2,6,2)  ok    ETA 06:19:53
[ 412/2048]  (3,1,4,6)  ok    ETA 06:18:51
[ 413/2048]  (3,1,3,6)  ok    ETA 06:18:17
[ 414/2048]  (3,1,0,2)  ok    ETA 06:17:13
[ 415/2048]  (3,0,0,6)  ok    ETA 06:16:10
[ 416/2048]  (3,2,5,2)  ok    ETA 06:15:06
[ 417/2048]  (3,2,7,6)  ok    ETA 06:14:36
[ 418/2048]  (3,2,4,2)  ok    ETA 06:13:31
[ 419/2048]  (3,1,2,6)  ok    ETA 06:13:05
[ 420/2048]  (3,2,6,6)  ok    ETA 06:12:00
[ 421/2048]  (3,2,3,2)  ok    ETA 06:11:03
[ 422/2048]  (3,2,5,6)  ok    ETA 06:10:26
[ 423/2048]  (3,2,2,2)  ok    ETA 06:10:08
[ 424/2048]  (3,2,4,6)  ok    ETA 06:09:07
[ 425/2048]  (3,1,1,6)  ok    ETA 06:08:02
[ 426/2048]  (3,2,1,2)  ok    ETA 06:07:43
[ 427/2048]  (3,1,0,6)  ok    ETA 06:07:26
[ 428/2048]  (3,2,3,6)  ok    ETA 06:06:28
[ 429/2048]  (3,2,0,2)  ok    ETA 06:05:33
[ 430/2048]  (3,2,2,6)  ok    ETA 06:05:44
[ 431/2048]  (3,2,1,6)  ok    ETA 06:06:31
[ 432/2048]  (3,2,0,6)  ok    ETA 06:07:03
[ 433/2048]  (3,3,7,2)  ok    ETA 06:27:57
[ 434/2048]  (3,3,6,2)  ok    ETA 06:27:01
[ 435/2048]  (3,3,7,6)  ok    ETA 06:26:39
[ 436/2048]  (3,3,5,2)  ok    ETA 06:25:41
[ 437/2048]  (3,3,6,6)  ok    ETA 06:24:39
[ 438/2048]  (3,3,4,2)  ok    ETA 06:23:34
[ 439/2048]  (3,3,3,2)  ok    ETA 06:22:46
[ 440/2048]  (3,3,2,2)  ok    ETA 06:22:08
[ 441/2048]  (3,3,5,6)  ok    ETA 06:21:13
[ 442/2048]  (3,3,1,2)  ok    ETA 06:20:33
[ 443/2048]  (3,3,0,2)  ok    ETA 06:19:43
[ 444/2048]  (3,3,4,6)  ok    ETA 06:18:47
[ 445/2048]  (3,3,3,6)  ok    ETA 06:17:53
[ 446/2048]  (3,4,7,2)  ok    ETA 06:17:35
[ 447/2048]  (3,3,2,6)  ok    ETA 06:16:51
[ 448/2048]  (3,4,5,2)  ok    ETA 06:15:58
[ 449/2048]  (3,4,6,2)  ok    ETA 06:15:04
[ 450/2048]  (3,4,7,6)  ok    ETA 06:14:00
[ 451/2048]  (3,3,1,6)  ok    ETA 06:13:30
[ 452/2048]  (3,4,2,2)  ok    ETA 06:12:38
[ 453/2048]  (3,4,4,2)  ok    ETA 06:11:37
[ 454/2048]  (3,4,6,6)  ok    ETA 06:10:40
[ 455/2048]  (3,4,3,2)  ok    ETA 06:09:43
[ 456/2048]  (3,3,0,6)  ok    ETA 06:08:54
[ 457/2048]  (3,4,5,6)  ok    ETA 06:07:59
[ 458/2048]  (3,4,1,2)  ok    ETA 06:07:09
[ 459/2048]  (3,4,4,6)  ok    ETA 06:06:40
[ 460/2048]  (3,4,0,2)  ok    ETA 06:05:50
[ 461/2048]  (3,4,3,6)  ok    ETA 06:05:51
[ 462/2048]  (3,4,2,6)  ok    ETA 06:05:03
[ 463/2048]  (3,4,1,6)  ok    ETA 06:04:21
[ 464/2048]  (3,5,4,2)  ok    ETA 06:03:49
[ 465/2048]  (3,5,6,2)  ok    ETA 06:03:00
[ 466/2048]  (3,5,2,2)  ok    ETA 06:02:11
[ 467/2048]  (3,5,5,2)  ok    ETA 06:01:18
[ 468/2048]  (3,5,3,2)  ok    ETA 06:00:30
[ 469/2048]  (3,4,0,6)  ok    ETA 05:59:43
[ 470/2048]  (3,5,1,2)  ok    ETA 05:58:46
[ 471/2048]  (3,5,0,2)  ok    ETA 05:57:58
[ 472/2048]  (3,5,5,6)  ok    ETA 05:57:40
[ 473/2048]  (3,5,4,6)  ok    ETA 05:56:54
[ 474/2048]  (3,5,7,2)  ok    ETA 05:55:59
[ 475/2048]  (3,5,3,6)  ok    ETA 05:55:11
[ 476/2048]  (3,5,6,6)  ok    ETA 05:54:24
[ 477/2048]  (3,5,2,6)  ok    ETA 05:53:40
[ 478/2048]  (3,5,1,6)  ok    ETA 05:53:11
[ 479/2048]  (3,5,0,6)  ok    ETA 05:52:42
[ 480/2048]  (3,5,7,6)  ok    ETA 05:52:04
[ 481/2048]  (3,6,6,2)  ok    ETA 06:13:33
[ 482/2048]  (3,6,4,2)  ok    ETA 06:12:50
[ 483/2048]  (3,6,7,2)  ok    ETA 06:11:50
[ 484/2048]  (3,6,5,2)  ok    ETA 06:10:58
[ 485/2048]  (3,6,3,2)  ok    ETA 06:10:08
[ 486/2048]  (3,6,7,6)  ok    ETA 06:09:28
[ 487/2048]  (3,6,2,2)  ok    ETA 06:08:37
[ 488/2048]  (3,6,5,6)  ok    ETA 06:08:01
[ 489/2048]  (3,6,6,6)  ok    ETA 06:07:04
[ 490/2048]  (3,6,0,2)  ok    ETA 06:06:12
[ 491/2048]  (3,6,1,2)  ok    ETA 06:05:24
[ 492/2048]  (3,6,4,6)  ok    ETA 06:04:32
[ 493/2048]  (3,6,3,6)  ok    ETA 06:04:02
[ 494/2048]  (3,6,2,6)  ok    ETA 06:03:08
[ 495/2048]  (3,6,1,6)  ok    ETA 06:03:16
[ 496/2048]  (3,7,4,2)  ok    ETA 06:02:37
[ 497/2048]  (3,6,0,6)  ok    ETA 06:01:39
[ 498/2048]  (3,7,5,2)  ok    ETA 06:01:00
[ 499/2048]  (3,7,6,2)  ok    ETA 06:00:04
[ 500/2048]  (3,7,7,2)  ok    ETA 05:59:09
[ 501/2048]  (3,7,3,2)  ok    ETA 05:58:23
[ 502/2048]  (3,7,2,2)  ok    ETA 05:57:53
[ 503/2048]  (3,7,5,6)  ok    ETA 05:57:01
[ 504/2048]  (3,7,7,6)  ok    ETA 05:56:15
[ 505/2048]  (3,7,6,6)  ok    ETA 05:55:19
[ 506/2048]  (3,7,1,2)  ok    ETA 05:54:36
[ 507/2048]  (3,7,4,6)  ok    ETA 05:53:41
[ 508/2048]  (3,7,0,2)  ok    ETA 05:53:03
[ 509/2048]  (3,7,3,6)  ok    ETA 05:52:12
[ 510/2048]  (3,7,2,6)  ok    ETA 05:51:54
[ 511/2048]  (3,7,1,6)  ok    ETA 05:51:44
[ 512/2048]  (4,0,6,2)  ok    ETA 05:50:59
[ 513/2048]  (4,0,7,2)  ok    ETA 05:50:04
[ 514/2048]  (3,7,0,6)  ok    ETA 05:49:26
[ 515/2048]  (4,0,5,2)  ok    ETA 05:48:34
[ 516/2048]  (4,0,4,2)  ok    ETA 05:48:00
[ 517/2048]  (4,0,3,2)  ok    ETA 05:47:08
[ 518/2048]  (4,0,2,2)  ok    ETA 05:46:47
[ 519/2048]  (4,0,7,6)  ok    ETA 05:46:06
[ 520/2048]  (4,0,6,6)  ok    ETA 05:45:32
[ 521/2048]  (4,0,1,2)  ok    ETA 05:44:40
[ 522/2048]  (4,0,5,6)  ok    ETA 05:44:17
[ 523/2048]  (4,0,0,2)  ok    ETA 05:43:28
[ 524/2048]  (4,0,4,6)  ok    ETA 05:43:16
[ 525/2048]  (4,0,3,6)  ok    ETA 05:43:26
[ 526/2048]  (4,0,2,6)  ok    ETA 05:42:56
[ 527/2048]  (4,0,1,6)  ok    ETA 05:43:07
[ 528/2048]  (4,0,0,6)  ok    ETA 05:43:35
[ 529/2048]  (4,1,6,2)  ok    ETA 05:58:54
[ 530/2048]  (4,1,5,2)  ok    ETA 05:58:30
[ 531/2048]  (4,1,7,2)  ok    ETA 05:57:44
[ 532/2048]  (4,1,4,2)  ok    ETA 05:57:28
[ 533/2048]  (4,1,6,6)  ok    ETA 05:56:49
[ 534/2048]  (4,1,7,6)  ok    ETA 05:56:00
[ 535/2048]  (4,1,3,2)  ok    ETA 05:55:16
[ 536/2048]  (4,1,2,2)  ok    ETA 05:54:39
[ 537/2048]  (4,1,5,6)  ok    ETA 05:53:50
[ 538/2048]  (4,1,1,2)  ok    ETA 05:53:41
[ 539/2048]  (4,1,4,6)  ok    ETA 05:53:11
[ 540/2048]  (4,2,6,2)  ok    ETA 05:52:28
[ 541/2048]  (4,1,0,2)  ok    ETA 05:51:47
[ 542/2048]  (4,2,7,2)  ok    ETA 05:50:55
[ 543/2048]  (4,2,5,2)  ok    ETA 05:50:36
[ 544/2048]  (4,1,3,6)  ok    ETA 05:49:44
[ 545/2048]  (4,2,7,6)  ok    ETA 05:49:19
[ 546/2048]  (4,2,6,6)  ok    ETA 05:48:47
[ 547/2048]  (4,2,4,2)  ok    ETA 05:48:02
[ 548/2048]  (4,1,2,6)  ok    ETA 05:47:22
[ 549/2048]  (4,2,3,2)  ok    ETA 05:46:58
[ 550/2048]  (4,2,5,6)  ok    ETA 05:46:07
[ 551/2048]  (4,2,2,2)  ok    ETA 05:45:57
[ 552/2048]  (4,1,1,6)  ok    ETA 05:45:18
[ 553/2048]  (4,2,4,6)  ok    ETA 05:44:45
[ 554/2048]  (4,2,1,2)  ok    ETA 05:44:16
[ 555/2048]  (4,3,5,2)  ok    ETA 05:43:49
[ 556/2048]  (4,3,4,2)  ok    ETA 05:43:05
[ 557/2048]  (4,3,3,2)  ok    ETA 05:42:38
[ 558/2048]  (4,1,0,6)  ok    ETA 05:41:50
[ 559/2048]  (4,2,0,2)  ok    ETA 05:41:00
[ 560/2048]  (4,3,2,2)  ok    ETA 05:40:18
[ 561/2048]  (4,3,6,2)  ok    ETA 05:39:30
[ 562/2048]  (4,2,3,6)  ok    ETA 05:38:42
[ 563/2048]  (4,3,1,2)  ok    ETA 05:38:27
[ 564/2048]  (4,3,7,2)  ok    ETA 05:37:38
[ 565/2048]  (4,3,6,6)  ok    ETA 05:37:13
[ 566/2048]  (4,3,5,6)  ok    ETA 05:36:25
[ 567/2048]  (4,3,0,2)  ok    ETA 05:35:40
[ 568/2048]  (4,3,4,6)  ok    ETA 05:34:58
[ 569/2048]  (4,2,2,6)  ok    ETA 05:34:19
[ 570/2048]  (4,3,3,6)  ok    ETA 05:34:04
[ 571/2048]  (4,3,7,6)  ok    ETA 05:33:43
[ 572/2048]  (4,2,1,6)  ok    ETA 05:32:55
[ 573/2048]  (4,3,2,6)  ok    ETA 05:32:11
[ 574/2048]  (4,3,1,6)  ok    ETA 05:32:00
[ 575/2048]  (4,2,0,6)  ok    ETA 05:32:18
[ 576/2048]  (4,3,0,6)  ok    ETA 05:31:38
[ 577/2048]  (4,4,6,2)  ok    ETA 05:46:27
[ 578/2048]  (4,4,4,2)  ok    ETA 05:45:38
[ 579/2048]  (4,4,7,2)  ok    ETA 05:44:57
[ 580/2048]  (4,4,3,2)  ok    ETA 05:44:18
[ 581/2048]  (4,4,5,2)  ok    ETA 05:43:38
[ 582/2048]  (4,4,7,6)  ok    ETA 05:42:58
[ 583/2048]  (4,4,6,6)  ok    ETA 05:42:18
[ 584/2048]  (4,4,1,2)  ok    ETA 05:41:37
[ 585/2048]  (4,4,2,2)  ok    ETA 05:40:57
[ 586/2048]  (4,4,0,2)  ok    ETA 05:40:16
[ 587/2048]  (4,4,5,6)  ok    ETA 05:39:37
[ 588/2048]  (4,4,4,6)  ok    ETA 05:39:20
[ 589/2048]  (4,4,3,6)  ok    ETA 05:38:54
[ 590/2048]  (4,4,2,6)  ok    ETA 05:38:40
[ 591/2048]  (4,5,7,2)  ok    ETA 05:38:47
[ 592/2048]  (4,4,1,6)  ok    ETA 05:37:59
[ 593/2048]  (4,4,0,6)  ok    ETA 05:37:29
[ 594/2048]  (4,5,7,6)  ok    ETA 05:36:53
[ 595/2048]  (4,5,6,2)  ok    ETA 05:36:14
[ 596/2048]  (4,5,4,2)  ok    ETA 05:35:29
[ 597/2048]  (4,5,3,2)  ok    ETA 05:34:43
[ 598/2048]  (4,5,5,2)  ok    ETA 05:34:01
[ 599/2048]  (4,5,2,2)  ok    ETA 05:33:15
[ 600/2048]  (4,5,1,2)  ok    ETA 05:32:39
  [checkpoint @ 600]
[ 601/2048]  (4,5,6,6)  ok    ETA 05:32:05
[ 602/2048]  (4,5,0,2)  ok    ETA 05:31:35
[ 603/2048]  (4,5,5,6)  ok    ETA 05:30:58
[ 604/2048]  (4,5,4,6)  ok    ETA 05:30:26
[ 605/2048]  (4,5,2,6)  ok    ETA 05:30:18
[ 606/2048]  (4,5,3,6)  ok    ETA 05:29:40
[ 607/2048]  (4,5,1,6)  ok    ETA 05:29:14
[ 608/2048]  (4,6,4,2)  ok    ETA 05:28:33
[ 609/2048]  (4,6,6,2)  ok    ETA 05:27:47
[ 610/2048]  (4,6,5,2)  ok    ETA 05:27:25
[ 611/2048]  (4,6,3,2)  ok    ETA 05:26:44
[ 612/2048]  (4,5,0,6)  ok    ETA 05:26:08
[ 613/2048]  (4,6,7,2)  ok    ETA 05:25:36
[ 614/2048]  (4,6,2,2)  ok    ETA 05:25:04
[ 615/2048]  (4,6,5,6)  ok    ETA 05:24:20
[ 616/2048]  (4,6,6,6)  ok    ETA 05:23:36
[ 617/2048]  (4,6,1,2)  ok    ETA 05:23:04
[ 618/2048]  (4,6,7,6)  ok    ETA 05:22:27
[ 619/2048]  (4,6,4,6)  ok    ETA 05:21:46
[ 620/2048]  (4,6,0,2)  ok    ETA 05:21:03
[ 621/2048]  (4,6,3,6)  ok    ETA 05:20:29
[ 622/2048]  (4,6,2,6)  ok    ETA 05:20:23
[ 623/2048]  (4,6,1,6)  ok    ETA 05:20:13
[ 624/2048]  (4,6,0,6)  ok    ETA 05:19:55
[ 625/2048]  (4,7,5,2)  ok    ETA 05:33:15
[ 626/2048]  (4,7,4,2)  ok    ETA 05:32:34
[ 627/2048]  (4,7,6,2)  ok    ETA 05:32:02
[ 628/2048]  (4,7,3,2)  ok    ETA 05:31:36
[ 629/2048]  (4,7,7,2)  ok    ETA 05:31:09
[ 630/2048]  (4,7,2,2)  ok    ETA 05:30:25
[ 631/2048]  (4,7,6,6)  ok    ETA 05:29:53
[ 632/2048]  (4,7,1,2)  ok    ETA 05:29:07
[ 633/2048]  (4,7,5,6)  ok    ETA 05:28:24
[ 634/2048]  (4,7,4,6)  ok    ETA 05:27:43
[ 635/2048]  (4,7,7,6)  ok    ETA 05:27:04
[ 636/2048]  (4,7,0,2)  ok    ETA 05:26:29
[ 637/2048]  (4,7,3,6)  ok    ETA 05:26:03
[ 638/2048]  (4,7,2,6)  ok    ETA 05:25:47
[ 639/2048]  (4,7,1,6)  ok    ETA 05:25:24
[ 640/2048]  (5,0,5,2)  ok    ETA 05:25:14
[ 641/2048]  (5,0,7,2)  ok    ETA 05:24:32
[ 642/2048]  (4,7,0,6)  ok    ETA 05:23:49
[ 643/2048]  (5,0,6,2)  ok    ETA 05:23:13
[ 644/2048]  (5,0,4,2)  ok    ETA 05:22:36
[ 645/2048]  (5,0,3,2)  ok    ETA 05:21:59
[ 646/2048]  (5,0,2,2)  ok    ETA 05:21:51
[ 647/2048]  (5,0,7,6)  ok    ETA 05:21:09
[ 648/2048]  (5,0,6,6)  ok    ETA 05:20:47
[ 649/2048]  (5,0,1,2)  ok    ETA 05:20:21
[ 650/2048]  (5,0,5,6)  ok    ETA 05:19:39
[ 651/2048]  (5,0,0,2)  ok    ETA 05:19:12
[ 652/2048]  (5,0,4,6)  ok    ETA 05:18:52
[ 653/2048]  (5,1,6,2)  ok    ETA 05:18:15
[ 654/2048]  (5,0,3,6)  ok    ETA 05:17:55
[ 655/2048]  (5,1,7,2)  ok    ETA 05:17:18
[ 656/2048]  (5,1,5,2)  ok    ETA 05:16:41
[ 657/2048]  (5,1,4,2)  ok    ETA 05:16:26
[ 658/2048]  (5,0,2,6)  ok    ETA 05:15:53
[ 659/2048]  (5,1,3,2)  ok    ETA 05:15:26
[ 660/2048]  (5,1,7,6)  ok    ETA 05:14:55
[ 661/2048]  (5,1,6,6)  ok    ETA 05:14:18
[ 662/2048]  (5,1,5,6)  ok    ETA 05:13:41
[ 663/2048]  (5,1,2,2)  ok    ETA 05:13:20
[ 664/2048]  (5,0,1,6)  ok    ETA 05:12:55
[ 665/2048]  (5,1,1,2)  ok    ETA 05:12:32
[ 666/2048]  (5,1,4,6)  ok    ETA 05:11:59
[ 667/2048]  (5,1,0,2)  ok    ETA 05:11:25
[ 668/2048]  (5,0,0,6)  ok    ETA 05:11:03
[ 669/2048]  (5,1,3,6)  ok    ETA 05:10:40
[ 670/2048]  (5,1,2,6)  ok    ETA 05:11:21
[ 671/2048]  (5,1,1,6)  ok    ETA 05:11:40
[ 672/2048]  (5,1,0,6)  ok    ETA 05:12:08
[ 673/2048]  (5,2,7,2)  ok    ETA 05:20:22
[ 674/2048]  (5,2,6,2)  ok    ETA 05:19:39
[ 675/2048]  (5,2,5,2)  ok    ETA 05:19:26
[ 676/2048]  (5,2,4,2)  ok    ETA 05:19:16
[ 677/2048]  (5,2,7,6)  ok    ETA 05:18:40
[ 678/2048]  (5,2,6,6)  ok    ETA 05:18:11
[ 679/2048]  (5,2,3,2)  ok    ETA 05:17:50
[ 680/2048]  (5,2,5,6)  ok    ETA 05:17:14
[ 681/2048]  (5,2,2,2)  ok    ETA 05:17:19
[ 682/2048]  (5,2,4,6)  ok    ETA 05:16:42
[ 683/2048]  (5,2,1,2)  ok    ETA 05:16:07
[ 684/2048]  (5,3,7,2)  ok    ETA 05:16:05
[ 685/2048]  (5,3,6,2)  ok    ETA 05:15:23
[ 686/2048]  (5,3,5,2)  ok    ETA 05:14:47
[ 687/2048]  (5,2,0,2)  ok    ETA 05:14:07
[ 688/2048]  (5,3,7,6)  ok    ETA 05:13:44
[ 689/2048]  (5,3,4,2)  ok    ETA 05:13:08
[ 690/2048]  (5,2,3,6)  ok    ETA 05:12:32
[ 691/2048]  (5,3,2,2)  ok    ETA 05:11:53
[ 692/2048]  (5,3,3,2)  ok    ETA 05:11:12
[ 693/2048]  (5,3,6,6)  ok    ETA 05:11:06
[ 694/2048]  (5,3,1,2)  ok    ETA 05:10:28
[ 695/2048]  (5,3,5,6)  ok    ETA 05:09:58
[ 696/2048]  (5,3,0,2)  ok    ETA 05:09:32
[ 697/2048]  (5,2,2,6)  ok    ETA 05:08:55
[ 698/2048]  (5,3,4,6)  ok    ETA 05:08:14
[ 699/2048]  (5,3,3,6)  ok    ETA 05:08:17
[ 700/2048]  (5,2,1,6)  ok    ETA 05:07:47
[ 701/2048]  (5,3,2,6)  ok    ETA 05:07:41
[ 702/2048]  (5,4,6,2)  ok    ETA 05:07:06
[ 703/2048]  (5,4,5,2)  ok    ETA 05:06:29
[ 704/2048]  (5,3,1,6)  ok    ETA 05:06:00
[ 705/2048]  (5,4,3,2)  ok    ETA 05:05:33
[ 706/2048]  (5,2,0,6)  ok    ETA 05:04:56
[ 707/2048]  (5,4,4,2)  ok    ETA 05:04:22
[ 708/2048]  (5,4,2,2)  ok    ETA 05:03:47
[ 709/2048]  (5,4,1,2)  ok    ETA 05:03:27
[ 710/2048]  (5,3,0,6)  ok    ETA 05:03:03
[ 711/2048]  (5,4,0,2)  ok    ETA 05:02:29
[ 712/2048]  (5,4,5,6)  ok    ETA 05:01:51
[ 713/2048]  (5,4,4,6)  ok    ETA 05:01:31
[ 714/2048]  (5,4,7,2)  ok    ETA 05:01:02
[ 715/2048]  (5,4,3,6)  ok    ETA 05:00:38
[ 716/2048]  (5,4,6,6)  ok    ETA 04:59:59
[ 717/2048]  (5,4,2,6)  ok    ETA 04:59:40
[ 718/2048]  (5,4,1,6)  ok    ETA 04:59:54
[ 719/2048]  (5,4,0,6)  ok    ETA 04:59:41
[ 720/2048]  (5,4,7,6)  ok    ETA 04:59:12
[ 721/2048]  (5,5,7,2)  ok    ETA 05:08:44
[ 722/2048]  (5,5,5,2)  ok    ETA 05:08:18
[ 723/2048]  (5,5,6,2)  ok    ETA 05:07:47
[ 724/2048]  (5,5,1,2)  ok    ETA 05:07:16
[ 725/2048]  (5,5,2,2)  ok    ETA 05:06:38
[ 726/2048]  (5,5,3,2)  ok    ETA 05:06:02
[ 727/2048]  (5,5,0,2)  ok    ETA 05:05:23
[ 728/2048]  (5,5,4,2)  ok    ETA 05:04:48
[ 729/2048]  (5,5,7,6)  ok    ETA 05:04:15
[ 730/2048]  (5,5,6,6)  ok    ETA 05:03:50
[ 731/2048]  (5,5,4,6)  ok    ETA 05:03:52
[ 732/2048]  (5,5,3,6)  ok    ETA 05:03:14
[ 733/2048]  (5,5,5,6)  ok    ETA 05:02:38
[ 734/2048]  (5,5,2,6)  ok    ETA 05:02:23
[ 735/2048]  (5,5,0,6)  ok    ETA 05:02:06
[ 736/2048]  (5,5,1,6)  ok    ETA 05:01:35
[ 737/2048]  (5,6,7,2)  ok    ETA 05:01:19
[ 738/2048]  (5,6,4,2)  ok    ETA 05:00:45
[ 739/2048]  (5,6,5,2)  ok    ETA 05:00:10
[ 740/2048]  (5,6,6,2)  ok    ETA 04:59:44
[ 741/2048]  (5,6,3,2)  ok    ETA 04:59:06
[ 742/2048]  (5,6,2,2)  ok    ETA 04:58:44
[ 743/2048]  (5,6,7,6)  ok    ETA 04:58:08
[ 744/2048]  (5,6,1,2)  ok    ETA 04:57:34
[ 745/2048]  (5,6,6,6)  ok    ETA 04:57:14
[ 746/2048]  (5,6,4,6)  ok    ETA 04:56:36
[ 747/2048]  (5,6,5,6)  ok    ETA 04:56:02
[ 748/2048]  (5,6,0,2)  ok    ETA 04:55:33
[ 749/2048]  (5,6,3,6)  ok    ETA 04:55:23
[ 750/2048]  (5,6,2,6)  ok    ETA 04:55:01
[ 751/2048]  (5,6,1,6)  ok    ETA 04:54:34
[ 752/2048]  (5,7,6,2)  ok    ETA 04:54:31
[ 753/2048]  (5,7,5,2)  ok    ETA 04:54:01
[ 754/2048]  (5,7,4,2)  ok    ETA 04:53:27
[ 755/2048]  (5,6,0,6)  ok    ETA 04:52:53
[ 756/2048]  (5,7,3,2)  ok    ETA 04:52:31
[ 757/2048]  (5,7,2,2)  ok    ETA 04:52:02
[ 758/2048]  (5,7,7,2)  ok    ETA 04:51:33
[ 759/2048]  (5,7,5,6)  ok    ETA 04:50:57
[ 760/2048]  (5,7,1,2)  ok    ETA 04:50:24
[ 761/2048]  (5,7,7,6)  ok    ETA 04:50:12
[ 762/2048]  (5,7,0,2)  ok    ETA 04:49:40
[ 763/2048]  (5,7,4,6)  ok    ETA 04:49:06
[ 764/2048]  (5,7,6,6)  ok    ETA 04:48:32
[ 765/2048]  (5,7,3,6)  ok    ETA 04:48:01
[ 766/2048]  (5,7,2,6)  ok    ETA 04:48:01
[ 767/2048]  (5,7,1,6)  ok    ETA 04:47:39
[ 768/2048]  (5,7,0,6)  ok    ETA 04:47:32
[ 769/2048]  (6,0,6,2)  ok    ETA 04:56:02
[ 770/2048]  (6,0,4,2)  ok    ETA 04:55:30
[ 771/2048]  (6,0,7,2)  ok    ETA 04:54:57
[ 772/2048]  (6,0,5,2)  ok    ETA 04:54:35
[ 773/2048]  (6,0,3,2)  ok    ETA 04:54:03
[ 774/2048]  (6,0,2,2)  ok    ETA 04:54:03
[ 775/2048]  (6,0,7,6)  ok    ETA 04:53:30
[ 776/2048]  (6,0,6,6)  ok    ETA 04:53:13
[ 777/2048]  (6,0,1,2)  ok    ETA 04:52:38
[ 778/2048]  (6,0,0,2)  ok    ETA 04:52:06
[ 779/2048]  (6,0,5,6)  ok    ETA 04:51:51
[ 780/2048]  (6,0,4,6)  ok    ETA 04:51:15
[ 781/2048]  (6,0,3,6)  ok    ETA 04:51:13
[ 782/2048]  (6,1,7,2)  ok    ETA 04:50:47
[ 783/2048]  (6,1,6,2)  ok    ETA 04:50:18
[ 784/2048]  (6,1,5,2)  ok    ETA 04:49:42
[ 785/2048]  (6,1,4,2)  ok    ETA 04:49:38
[ 786/2048]  (6,0,2,6)  ok    ETA 04:49:06
[ 787/2048]  (6,1,7,6)  ok    ETA 04:48:52
[ 788/2048]  (6,1,3,2)  ok    ETA 04:48:17
[ 789/2048]  (6,1,6,6)  ok    ETA 04:47:48
[ 790/2048]  (6,1,2,2)  ok    ETA 04:47:19
[ 791/2048]  (6,1,5,6)  ok    ETA 04:46:58
[ 792/2048]  (6,0,1,6)  ok    ETA 04:46:37
[ 793/2048]  (6,1,1,2)  ok    ETA 04:46:09
[ 794/2048]  (6,1,4,6)  ok    ETA 04:45:49
[ 795/2048]  (6,2,6,2)  ok    ETA 04:45:34
[ 796/2048]  (6,1,0,2)  ok    ETA 04:44:59
[ 797/2048]  (6,0,0,6)  ok    ETA 04:44:25
[ 798/2048]  (6,2,7,2)  ok    ETA 04:44:06
[ 799/2048]  (6,1,3,6)  ok    ETA 04:43:45
[ 800/2048]  (6,2,5,2)  ok    ETA 04:43:17
  [checkpoint @ 800]
[ 801/2048]  (6,2,4,2)  ok    ETA 04:43:09
[ 802/2048]  (6,2,7,6)  ok    ETA 04:42:45
[ 803/2048]  (6,2,3,2)  ok    ETA 04:42:19
[ 804/2048]  (6,2,6,6)  ok    ETA 04:41:52
[ 805/2048]  (6,1,2,6)  ok    ETA 04:41:18
[ 806/2048]  (6,2,5,6)  ok    ETA 04:40:55
[ 807/2048]  (6,2,2,2)  ok    ETA 04:40:36
[ 808/2048]  (6,2,1,2)  ok    ETA 04:40:29
[ 809/2048]  (6,1,1,6)  ok    ETA 04:39:55
[ 810/2048]  (6,2,4,6)  ok    ETA 04:39:31
[ 811/2048]  (6,2,0,2)  ok    ETA 04:39:38
[ 812/2048]  (6,1,0,6)  ok    ETA 04:39:08
[ 813/2048]  (6,2,3,6)  ok    ETA 04:38:37
[ 814/2048]  (6,2,2,6)  ok    ETA 04:39:04
[ 815/2048]  (6,2,1,6)  ok    ETA 04:39:35
[ 816/2048]  (6,2,0,6)  ok    ETA 04:40:15
[ 817/2048]  (6,3,7,2)  ok    ETA 04:44:34
[ 818/2048]  (6,3,5,2)  ok    ETA 04:44:02
[ 819/2048]  (6,3,4,2)  ok    ETA 04:43:30
[ 820/2048]  (6,3,6,2)  ok    ETA 04:42:56
[ 821/2048]  (6,3,2,2)  ok    ETA 04:42:36
[ 822/2048]  (6,3,3,2)  ok    ETA 04:42:07
[ 823/2048]  (6,3,7,6)  ok    ETA 04:41:33
[ 824/2048]  (6,3,1,2)  ok    ETA 04:41:12
[ 825/2048]  (6,3,5,6)  ok    ETA 04:40:55
[ 826/2048]  (6,3,6,6)  ok    ETA 04:40:24
[ 827/2048]  (6,3,0,2)  ok    ETA 04:39:56
[ 828/2048]  (6,3,4,6)  ok    ETA 04:39:40
[ 829/2048]  (6,3,3,6)  ok    ETA 04:39:46
[ 830/2048]  (6,3,2,6)  ok    ETA 04:39:38
[ 831/2048]  (6,4,6,2)  ok    ETA 04:39:07
[ 832/2048]  (6,4,7,2)  ok    ETA 04:38:42
[ 833/2048]  (6,3,1,6)  ok    ETA 04:38:14
[ 834/2048]  (6,4,4,2)  ok    ETA 04:37:44
[ 835/2048]  (6,4,5,2)  ok    ETA 04:37:23
[ 836/2048]  (6,4,7,6)  ok    ETA 04:36:50
[ 837/2048]  (6,4,3,2)  ok    ETA 04:36:19
[ 838/2048]  (6,4,6,6)  ok    ETA 04:36:03
[ 839/2048]  (6,4,2,2)  ok    ETA 04:35:30
[ 840/2048]  (6,3,0,6)  ok    ETA 04:35:11
[ 841/2048]  (6,4,1,2)  ok    ETA 04:34:39
[ 842/2048]  (6,4,5,6)  ok    ETA 04:34:13
[ 843/2048]  (6,4,0,2)  ok    ETA 04:33:45
[ 844/2048]  (6,4,4,6)  ok    ETA 04:33:29
[ 845/2048]  (6,4,3,6)  ok    ETA 04:33:15
[ 846/2048]  (6,4,2,6)  ok    ETA 04:33:04
[ 847/2048]  (6,4,1,6)  ok    ETA 04:33:11
[ 848/2048]  (6,5,4,2)  ok    ETA 04:32:44
[ 849/2048]  (6,5,6,2)  ok    ETA 04:32:18
[ 850/2048]  (6,5,3,2)  ok    ETA 04:31:45
[ 851/2048]  (6,5,2,2)  ok    ETA 04:31:18
[ 852/2048]  (6,4,0,6)  ok    ETA 04:31:01
[ 853/2048]  (6,5,5,2)  ok    ETA 04:30:30
[ 854/2048]  (6,5,1,2)  ok    ETA 04:30:08
[ 855/2048]  (6,5,0,2)  ok    ETA 04:29:45
[ 856/2048]  (6,5,5,6)  ok    ETA 04:29:33
[ 857/2048]  (6,5,4,6)  ok    ETA 04:29:04
[ 858/2048]  (6,5,6,6)  ok    ETA 04:28:54
[ 859/2048]  (6,5,3,6)  ok    ETA 04:28:22
[ 860/2048]  (6,5,7,2)  ok    ETA 04:27:52
[ 861/2048]  (6,5,2,6)  ok    ETA 04:27:22
[ 862/2048]  (6,5,1,6)  ok    ETA 04:27:28
[ 863/2048]  (6,5,0,6)  ok    ETA 04:27:25
[ 864/2048]  (6,5,7,6)  ok    ETA 04:27:12
[ 865/2048]  (6,6,5,2)  ok    ETA 04:32:33
[ 866/2048]  (6,6,3,2)  ok    ETA 04:32:15
[ 867/2048]  (6,6,4,2)  ok    ETA 04:31:45
[ 868/2048]  (6,6,6,2)  ok    ETA 04:31:28
[ 869/2048]  (6,6,7,2)  ok    ETA 04:30:56
[ 870/2048]  (6,6,2,2)  ok    ETA 04:30:31
[ 871/2048]  (6,6,1,2)  ok    ETA 04:30:07
[ 872/2048]  (6,6,5,6)  ok    ETA 04:29:38
[ 873/2048]  (6,6,7,6)  ok    ETA 04:29:12
[ 874/2048]  (6,6,4,6)  ok    ETA 04:28:47
[ 875/2048]  (6,6,0,2)  ok    ETA 04:28:29
[ 876/2048]  (6,6,6,6)  ok    ETA 04:28:00
[ 877/2048]  (6,6,3,6)  ok    ETA 04:27:29
[ 878/2048]  (6,6,2,6)  ok    ETA 04:27:21
[ 879/2048]  (6,6,1,6)  ok    ETA 04:27:15
[ 880/2048]  (6,7,5,2)  ok    ETA 04:27:07
[ 881/2048]  (6,7,6,2)  ok    ETA 04:26:38
[ 882/2048]  (6,7,4,2)  ok    ETA 04:26:10
[ 883/2048]  (6,6,0,6)  ok    ETA 04:25:43
[ 884/2048]  (6,7,3,2)  ok    ETA 04:25:15
[ 885/2048]  (6,7,2,2)  ok    ETA 04:25:03
[ 886/2048]  (6,7,7,2)  ok    ETA 04:24:39
[ 887/2048]  (6,7,5,6)  ok    ETA 04:24:07
[ 888/2048]  (6,7,6,6)  ok    ETA 04:23:40
[ 889/2048]  (6,7,1,2)  ok    ETA 04:23:15
[ 890/2048]  (6,7,4,6)  ok    ETA 04:22:45
[ 891/2048]  (6,7,7,6)  ok    ETA 04:22:26
[ 892/2048]  (6,7,0,2)  ok    ETA 04:21:59
[ 893/2048]  (6,7,3,6)  ok    ETA 04:21:39
[ 894/2048]  (6,7,2,6)  ok    ETA 04:21:33
[ 895/2048]  (6,7,1,6)  ok    ETA 04:21:22
[ 896/2048]  (7,0,6,2)  ok    ETA 04:21:13
[ 897/2048]  (6,7,0,6)  ok    ETA 04:20:45
[ 898/2048]  (7,0,5,2)  ok    ETA 04:20:26
[ 899/2048]  (7,0,4,2)  ok    ETA 04:20:06
[ 900/2048]  (7,0,3,2)  ok    ETA 04:19:36
[ 901/2048]  (7,0,7,2)  ok    ETA 04:19:10
[ 902/2048]  (7,0,2,2)  ok    ETA 04:18:41
[ 903/2048]  (7,0,1,2)  ok    ETA 04:18:20
[ 904/2048]  (7,0,0,2)  ok    ETA 04:18:16
[ 905/2048]  (7,0,5,6)  ok    ETA 04:18:00
[ 906/2048]  (7,0,6,6)  ok    ETA 04:17:31
[ 907/2048]  (7,0,7,6)  ok    ETA 04:17:06
[ 908/2048]  (7,0,4,6)  ok    ETA 04:17:08
[ 909/2048]  (7,0,3,6)  ok    ETA 04:16:53
[ 910/2048]  (7,0,2,6)  ok    ETA 04:16:48
[ 911/2048]  (7,0,1,6)  ok    ETA 04:17:02
[ 912/2048]  (7,0,0,6)  ok    ETA 04:17:12
[ 913/2048]  (7,1,6,2)  ok    ETA 04:20:31
[ 914/2048]  (7,1,7,2)  ok    ETA 04:20:22
[ 915/2048]  (7,1,5,2)  ok    ETA 04:19:54
[ 916/2048]  (7,1,4,2)  ok    ETA 04:19:37
[ 917/2048]  (7,1,3,2)  ok    ETA 04:19:27
[ 918/2048]  (7,1,6,6)  ok    ETA 04:19:04
[ 919/2048]  (7,1,7,6)  ok    ETA 04:18:41
[ 920/2048]  (7,1,2,2)  ok    ETA 04:18:13
[ 921/2048]  (7,1,5,6)  ok    ETA 04:17:56
[ 922/2048]  (7,1,1,2)  ok    ETA 04:17:28
[ 923/2048]  (7,1,0,2)  ok    ETA 04:17:24
[ 924/2048]  (7,1,4,6)  ok    ETA 04:16:58
[ 925/2048]  (7,2,6,2)  ok    ETA 04:16:54
[ 926/2048]  (7,1,3,6)  ok    ETA 04:16:33
[ 927/2048]  (7,2,7,2)  ok    ETA 04:16:07
[ 928/2048]  (7,2,5,2)  ok    ETA 04:15:44
[ 929/2048]  (7,2,4,2)  ok    ETA 04:15:36
[ 930/2048]  (7,1,2,6)  ok    ETA 04:15:23
[ 931/2048]  (7,2,7,6)  ok    ETA 04:14:56
[ 932/2048]  (7,2,3,2)  ok    ETA 04:14:27
[ 933/2048]  (7,2,6,6)  ok    ETA 04:14:02
[ 934/2048]  (7,2,5,6)  ok    ETA 04:13:51
[ 935/2048]  (7,2,2,2)  ok    ETA 04:13:32
[ 936/2048]  (7,1,1,6)  ok    ETA 04:13:18
[ 937/2048]  (7,2,1,2)  ok    ETA 04:12:49
[ 938/2048]  (7,2,4,6)  ok    ETA 04:12:26
[ 939/2048]  (7,2,0,2)  ok    ETA 04:12:19
[ 940/2048]  (7,1,0,6)  ok    ETA 04:12:13
[ 941/2048]  (7,2,3,6)  ok    ETA 04:11:44
[ 942/2048]  (7,3,5,2)  ok    ETA 04:11:17
[ 943/2048]  (7,3,3,2)  ok    ETA 04:10:53
[ 944/2048]  (7,3,4,2)  ok    ETA 04:10:30
[ 945/2048]  (7,3,6,2)  ok    ETA 04:10:07
[ 946/2048]  (7,3,2,2)  ok    ETA 04:09:44
[ 947/2048]  (7,3,1,2)  ok    ETA 04:09:35
[ 948/2048]  (7,2,2,6)  ok    ETA 04:09:19
[ 949/2048]  (7,3,7,2)  ok    ETA 04:08:51
[ 950/2048]  (7,3,0,2)  ok    ETA 04:08:25
[ 951/2048]  (7,3,4,6)  ok    ETA 04:08:11
[ 952/2048]  (7,3,5,6)  ok    ETA 04:07:42
[ 953/2048]  (7,3,6,6)  ok    ETA 04:07:14
[ 954/2048]  (7,2,1,6)  ok    ETA 04:07:01
[ 955/2048]  (7,3,3,6)  ok    ETA 04:06:39
[ 956/2048]  (7,3,2,6)  ok    ETA 04:06:20
[ 957/2048]  (7,3,7,6)  ok    ETA 04:06:02
[ 958/2048]  (7,2,0,6)  ok    ETA 04:06:07
[ 959/2048]  (7,3,1,6)  ok    ETA 04:05:39
[ 960/2048]  (7,3,0,6)  ok    ETA 04:05:57
[ 961/2048]  (7,4,4,2)  ok    ETA 04:09:40
[ 962/2048]  (7,4,5,2)  ok    ETA 04:09:13
[ 963/2048]  (7,4,7,2)  ok    ETA 04:08:43
[ 964/2048]  (7,4,3,2)  ok    ETA 04:08:21
[ 965/2048]  (7,4,6,2)  ok    ETA 04:07:57
[ 966/2048]  (7,4,1,2)  ok    ETA 04:07:31
[ 967/2048]  (7,4,2,2)  ok    ETA 04:07:07
[ 968/2048]  (7,4,0,2)  ok    ETA 04:06:43
[ 969/2048]  (7,4,7,6)  ok    ETA 04:06:18
[ 970/2048]  (7,4,6,6)  ok    ETA 04:06:05
[ 971/2048]  (7,4,5,6)  ok    ETA 04:05:37
[ 972/2048]  (7,4,4,6)  ok    ETA 04:05:16
[ 973/2048]  (7,4,3,6)  ok    ETA 04:05:08
[ 974/2048]  (7,4,2,6)  ok    ETA 04:05:10
[ 975/2048]  (7,4,1,6)  ok    ETA 04:04:56
[ 976/2048]  (7,5,4,2)  ok    ETA 04:05:01
[ 977/2048]  (7,5,7,2)  ok    ETA 04:04:33
[ 978/2048]  (7,4,0,6)  ok    ETA 04:04:06
[ 979/2048]  (7,5,2,2)  ok    ETA 04:03:40
[ 980/2048]  (7,5,6,2)  ok    ETA 04:03:13
[ 981/2048]  (7,5,3,2)  ok    ETA 04:02:48
[ 982/2048]  (7,5,5,2)  ok    ETA 04:02:20
[ 983/2048]  (7,5,7,6)  ok    ETA 04:02:01
[ 984/2048]  (7,5,1,2)  ok    ETA 04:01:41
[ 985/2048]  (7,5,0,2)  ok    ETA 04:01:21
[ 986/2048]  (7,5,6,6)  ok    ETA 04:00:54
[ 987/2048]  (7,5,4,6)  ok    ETA 04:00:43
[ 988/2048]  (7,5,5,6)  ok    ETA 04:00:24
[ 989/2048]  (7,5,3,6)  ok    ETA 04:00:12
[ 990/2048]  (7,5,2,6)  ok    ETA 03:59:58
[ 991/2048]  (7,5,1,6)  ok    ETA 03:59:45
[ 992/2048]  (7,6,6,2)  ok    ETA 03:59:33
[ 993/2048]  (7,6,5,2)  ok    ETA 03:59:05
[ 994/2048]  (7,6,4,2)  ok    ETA 03:58:40
[ 995/2048]  (7,6,7,2)  ok    ETA 03:58:25
[ 996/2048]  (7,6,3,2)  ok    ETA 03:58:00
[ 997/2048]  (7,5,0,6)  ok    ETA 03:57:35
[ 998/2048]  (7,6,2,2)  ok    ETA 03:57:15
[ 999/2048]  (7,6,0,2)  ok    ETA 03:56:53
[1000/2048]  (7,6,5,6)  ok    ETA 03:56:34
  [checkpoint @ 1000]
[1001/2048]  (7,6,1,2)  ok    ETA 03:56:06
[1002/2048]  (7,6,6,6)  ok    ETA 03:55:49
[1003/2048]  (7,6,4,6)  ok    ETA 03:55:27
[1004/2048]  (7,6,3,6)  ok    ETA 03:55:08
[1005/2048]  (7,6,7,6)  ok    ETA 03:54:46
[1006/2048]  (7,6,2,6)  ok    ETA 03:54:39
[1007/2048]  (7,6,1,6)  ok    ETA 03:54:43
[1008/2048]  (7,6,0,6)  ok    ETA 03:54:19
[1009/2048]  (7,7,5,2)  ok    ETA 03:57:49
[1010/2048]  (7,7,4,2)  ok    ETA 03:57:22
[1011/2048]  (7,7,6,2)  ok    ETA 03:57:02
[1012/2048]  (7,7,3,2)  ok    ETA 03:56:40
[1013/2048]  (7,7,7,2)  ok    ETA 03:56:27
[1014/2048]  (7,7,2,2)  ok    ETA 03:56:01
[1015/2048]  (7,7,5,6)  ok    ETA 03:55:37
[1016/2048]  (7,7,1,2)  ok    ETA 03:55:15
[1017/2048]  (7,7,4,6)  ok    ETA 03:55:00
[1018/2048]  (7,7,6,6)  ok    ETA 03:54:37
[1019/2048]  (7,7,0,2)  ok    ETA 03:54:15
[1020/2048]  (7,7,3,6)  ok    ETA 03:53:51
[1021/2048]  (7,7,7,6)  ok    ETA 03:53:34
[1022/2048]  (7,7,2,6)  ok    ETA 03:53:17
[1023/2048]  (7,7,1,6)  ok    ETA 03:53:18
[1024/2048]  (8,0,5,2)  ok    ETA 03:53:15
[1025/2048]  (8,0,4,2)  ok    ETA 03:52:51
[1026/2048]  (8,0,6,2)  ok    ETA 03:52:23
[1027/2048]  (7,7,0,6)  ok    ETA 03:51:57
[1028/2048]  (8,0,3,2)  ok    ETA 03:51:33
[1029/2048]  (8,0,7,2)  ok    ETA 03:51:12
[1030/2048]  (8,0,2,2)  ok    ETA 03:50:56
[1031/2048]  (8,0,1,2)  ok    ETA 03:50:50
[1032/2048]  (8,0,7,6)  ok    ETA 03:50:39
[1033/2048]  (8,0,0,2)  ok    ETA 03:50:14
[1034/2048]  (8,0,6,6)  ok    ETA 03:49:48
[1035/2048]  (8,0,5,6)  ok    ETA 03:49:24
[1036/2048]  (8,0,4,6)  ok    ETA 03:49:12
[1037/2048]  (8,0,3,6)  ok    ETA 03:49:12
[1038/2048]  (8,1,6,2)  ok    ETA 03:48:56
[1039/2048]  (8,1,5,2)  ok    ETA 03:48:38
[1040/2048]  (8,0,2,6)  ok    ETA 03:48:14
[1041/2048]  (8,1,4,2)  ok    ETA 03:47:56
[1042/2048]  (8,1,7,2)  ok    ETA 03:47:33
[1043/2048]  (8,1,3,2)  ok    ETA 03:47:18
[1044/2048]  (8,1,2,2)  ok    ETA 03:47:06
[1045/2048]  (8,0,1,6)  ok    ETA 03:46:46
[1046/2048]  (8,1,7,6)  ok    ETA 03:46:20
[1047/2048]  (8,1,6,6)  ok    ETA 03:45:55
[1048/2048]  (8,1,5,6)  ok    ETA 03:45:39
[1049/2048]  (8,1,1,2)  ok    ETA 03:45:19
[1050/2048]  (8,1,4,6)  ok    ETA 03:45:12
[1051/2048]  (8,1,0,2)  ok    ETA 03:44:49
[1052/2048]  (8,0,0,6)  ok    ETA 03:44:26
[1053/2048]  (8,1,3,6)  ok    ETA 03:44:33
[1054/2048]  (8,1,2,6)  ok    ETA 03:44:42
[1055/2048]  (8,1,1,6)  ok    ETA 03:45:03
[1056/2048]  (8,1,0,6)  ok    ETA 03:45:21
[1057/2048]  (8,2,6,2)  ok    ETA 03:46:19
[1058/2048]  (8,2,7,2)  ok    ETA 03:46:06
[1059/2048]  (8,2,5,2)  ok    ETA 03:45:41
[1060/2048]  (8,2,4,2)  ok    ETA 03:45:37
[1061/2048]  (8,2,3,2)  ok    ETA 03:45:22
[1062/2048]  (8,2,6,6)  ok    ETA 03:44:56
[1063/2048]  (8,2,7,6)  ok    ETA 03:44:40
[1064/2048]  (8,2,5,6)  ok    ETA 03:44:23
[1065/2048]  (8,2,2,2)  ok    ETA 03:44:02
[1066/2048]  (8,2,1,2)  ok    ETA 03:43:48
[1067/2048]  (8,2,4,6)  ok    ETA 03:43:42
[1068/2048]  (8,2,0,2)  ok    ETA 03:43:27
[1069/2048]  (8,3,5,2)  ok    ETA 03:43:21
[1070/2048]  (8,2,3,6)  ok    ETA 03:42:58
[1071/2048]  (8,3,7,2)  ok    ETA 03:42:44
[1072/2048]  (8,3,6,2)  ok    ETA 03:42:22
[1073/2048]  (8,3,2,2)  ok    ETA 03:41:58
[1074/2048]  (8,3,3,2)  ok    ETA 03:41:35
[1075/2048]  (8,3,4,2)  ok    ETA 03:41:10
[1076/2048]  (8,3,1,2)  ok    ETA 03:40:56
[1077/2048]  (8,3,7,6)  ok    ETA 03:40:37
[1078/2048]  (8,2,2,6)  ok    ETA 03:40:12
[1079/2048]  (8,3,5,6)  ok    ETA 03:40:01
[1080/2048]  (8,3,0,2)  ok    ETA 03:39:37
[1081/2048]  (8,3,6,6)  ok    ETA 03:39:13
[1082/2048]  (8,3,4,6)  ok    ETA 03:38:54
[1083/2048]  (8,2,1,6)  ok    ETA 03:38:44
[1084/2048]  (8,3,3,6)  ok    ETA 03:38:36
[1085/2048]  (8,3,2,6)  ok    ETA 03:38:21
[1086/2048]  (8,2,0,6)  ok    ETA 03:38:15
[1087/2048]  (8,4,5,2)  ok    ETA 03:37:54
[1088/2048]  (8,3,1,6)  ok    ETA 03:37:29
[1089/2048]  (8,4,4,2)  ok    ETA 03:37:05
[1090/2048]  (8,4,3,2)  ok    ETA 03:36:48
[1091/2048]  (8,4,6,2)  ok    ETA 03:36:25
[1092/2048]  (8,4,2,2)  ok    ETA 03:36:13
[1093/2048]  (8,4,1,2)  ok    ETA 03:35:49
[1094/2048]  (8,3,0,6)  ok    ETA 03:35:35
[1095/2048]  (8,4,5,6)  ok    ETA 03:35:12
[1096/2048]  (8,4,0,2)  ok    ETA 03:34:48
[1097/2048]  (8,4,4,6)  ok    ETA 03:34:41
[1098/2048]  (8,4,3,6)  ok    ETA 03:34:26
[1099/2048]  (8,4,7,2)  ok    ETA 03:34:05
[1100/2048]  (8,4,6,6)  ok    ETA 03:33:41
[1101/2048]  (8,4,2,6)  ok    ETA 03:33:35
[1102/2048]  (8,4,1,6)  ok    ETA 03:33:41
[1103/2048]  (8,4,7,6)  ok    ETA 03:33:25
[1104/2048]  (8,4,0,6)  ok    ETA 03:33:10
[1105/2048]  (8,5,4,2)  ok    ETA 03:35:31
[1106/2048]  (8,5,3,2)  ok    ETA 03:35:13
[1107/2048]  (8,5,1,2)  ok    ETA 03:34:50
[1108/2048]  (8,5,5,2)  ok    ETA 03:34:27
[1109/2048]  (8,5,2,2)  ok    ETA 03:34:09
[1110/2048]  (8,5,0,2)  ok    ETA 03:33:44
[1111/2048]  (8,5,7,2)  ok    ETA 03:33:21
[1112/2048]  (8,5,6,2)  ok    ETA 03:32:58
[1113/2048]  (8,5,7,6)  ok    ETA 03:32:52
[1114/2048]  (8,5,6,6)  ok    ETA 03:32:35
[1115/2048]  (8,5,4,6)  ok    ETA 03:32:12
[1116/2048]  (8,5,5,6)  ok    ETA 03:31:48
[1117/2048]  (8,5,3,6)  ok    ETA 03:31:38
[1118/2048]  (8,5,2,6)  ok    ETA 03:31:23
[1119/2048]  (8,5,1,6)  ok    ETA 03:31:24
[1120/2048]  (8,5,0,6)  ok    ETA 03:31:11
[1121/2048]  (8,6,4,2)  ok    ETA 03:30:46
[1122/2048]  (8,6,5,2)  ok    ETA 03:30:22
[1123/2048]  (8,6,6,2)  ok    ETA 03:30:08
[1124/2048]  (8,6,3,2)  ok    ETA 03:29:47
[1125/2048]  (8,6,7,2)  ok    ETA 03:29:24
[1126/2048]  (8,6,2,2)  ok    ETA 03:29:04
[1127/2048]  (8,6,1,2)  ok    ETA 03:28:42
[1128/2048]  (8,6,7,6)  ok    ETA 03:28:27
[1129/2048]  (8,6,0,2)  ok    ETA 03:28:09
[1130/2048]  (8,6,5,6)  ok    ETA 03:27:50
[1131/2048]  (8,6,4,6)  ok    ETA 03:27:26
[1132/2048]  (8,6,6,6)  ok    ETA 03:27:10
[1133/2048]  (8,6,3,6)  ok    ETA 03:26:49
[1134/2048]  (8,6,2,6)  ok    ETA 03:26:39
[1135/2048]  (8,6,1,6)  ok    ETA 03:26:41
[1136/2048]  (8,7,5,2)  ok    ETA 03:26:36
[1137/2048]  (8,6,0,6)  ok    ETA 03:26:12
[1138/2048]  (8,7,6,2)  ok    ETA 03:25:49
[1139/2048]  (8,7,3,2)  ok    ETA 03:25:26
[1140/2048]  (8,7,4,2)  ok    ETA 03:25:03
[1141/2048]  (8,7,2,2)  ok    ETA 03:24:45
[1142/2048]  (8,7,1,2)  ok    ETA 03:24:25
[1143/2048]  (8,7,0,2)  ok    ETA 03:24:10
[1144/2048]  (8,7,7,2)  ok    ETA 03:23:47
[1145/2048]  (8,7,5,6)  ok    ETA 03:23:24
[1146/2048]  (8,7,4,6)  ok    ETA 03:23:17
[1147/2048]  (8,7,3,6)  ok    ETA 03:22:53
[1148/2048]  (8,7,7,6)  ok    ETA 03:22:32
[1149/2048]  (8,7,6,6)  ok    ETA 03:22:11
[1150/2048]  (8,7,2,6)  ok    ETA 03:22:09
[1151/2048]  (8,7,1,6)  ok    ETA 03:22:00
[1152/2048]  (8,7,0,6)  ok    ETA 03:21:48
[1153/2048]  (9,0,6,2)  ok    ETA 03:24:01
[1154/2048]  (9,0,5,2)  ok    ETA 03:23:37
[1155/2048]  (9,0,3,2)  ok    ETA 03:23:19
[1156/2048]  (9,0,4,2)  ok    ETA 03:22:56
[1157/2048]  (9,0,7,2)  ok    ETA 03:22:45
[1158/2048]  (9,0,2,2)  ok    ETA 03:22:26
[1159/2048]  (9,0,1,2)  ok    ETA 03:22:10
[1160/2048]  (9,0,0,2)  ok    ETA 03:21:59
[1161/2048]  (9,0,6,6)  ok    ETA 03:21:36
[1162/2048]  (9,0,5,6)  ok    ETA 03:21:18
[1163/2048]  (9,0,7,6)  ok    ETA 03:20:56
[1164/2048]  (9,0,4,6)  ok    ETA 03:20:54
[1165/2048]  (9,0,3,6)  ok    ETA 03:20:38
[1166/2048]  (9,1,6,2)  ok    ETA 03:20:32
[1167/2048]  (9,1,5,2)  ok    ETA 03:20:11
[1168/2048]  (9,1,7,2)  ok    ETA 03:20:01
[1169/2048]  (9,0,2,6)  ok    ETA 03:19:39
[1170/2048]  (9,1,4,2)  ok    ETA 03:19:19
[1171/2048]  (9,1,3,2)  ok    ETA 03:19:01
[1172/2048]  (9,1,2,2)  ok    ETA 03:18:52
[1173/2048]  (9,1,6,6)  ok    ETA 03:18:30
[1174/2048]  (9,0,1,6)  ok    ETA 03:18:13
[1175/2048]  (9,1,7,6)  ok    ETA 03:17:58
[1176/2048]  (9,1,5,6)  ok    ETA 03:17:35
[1177/2048]  (9,1,1,2)  ok    ETA 03:17:18
[1178/2048]  (9,1,0,2)  ok    ETA 03:17:05
[1179/2048]  (9,1,4,6)  ok    ETA 03:16:49
[1180/2048]  (9,0,0,6)  ok    ETA 03:16:27
[1181/2048]  (9,2,6,2)  ok    ETA 03:16:21
[1182/2048]  (9,1,3,6)  ok    ETA 03:16:08
[1183/2048]  (9,2,7,2)  ok    ETA 03:15:46
[1184/2048]  (9,2,5,2)  ok    ETA 03:15:28
[1185/2048]  (9,2,4,2)  ok    ETA 03:15:11
[1186/2048]  (9,2,3,2)  ok    ETA 03:15:07
[1187/2048]  (9,1,2,6)  ok    ETA 03:14:45
[1188/2048]  (9,2,7,6)  ok    ETA 03:14:24
[1189/2048]  (9,2,6,6)  ok    ETA 03:14:08
[1190/2048]  (9,2,2,2)  ok    ETA 03:13:48
[1191/2048]  (9,2,5,6)  ok    ETA 03:13:29
[1192/2048]  (9,1,1,6)  ok    ETA 03:13:25
[1193/2048]  (9,2,1,2)  ok    ETA 03:13:02
[1194/2048]  (9,2,4,6)  ok    ETA 03:12:57
[1195/2048]  (9,2,0,2)  ok    ETA 03:12:42
[1196/2048]  (9,1,0,6)  ok    ETA 03:12:33
[1197/2048]  (9,2,3,6)  ok    ETA 03:12:12
[1198/2048]  (9,2,2,6)  ok    ETA 03:12:22
[1199/2048]  (9,2,1,6)  ok    ETA 03:12:37
[1200/2048]  (9,2,0,6)  ok    ETA 03:13:09
  [checkpoint @ 1200]
[1201/2048]  (9,3,5,2)  ok    ETA 03:12:51
[1202/2048]  (9,3,4,2)  ok    ETA 03:12:37
[1203/2048]  (9,3,6,2)  ok    ETA 03:12:17
[1204/2048]  (9,3,3,2)  ok    ETA 03:11:58
[1205/2048]  (9,3,7,2)  ok    ETA 03:11:35
[1206/2048]  (9,3,2,2)  ok    ETA 03:11:17
[1207/2048]  (9,3,1,2)  ok    ETA 03:11:04
[1208/2048]  (9,3,7,6)  ok    ETA 03:10:55
[1209/2048]  (9,3,0,2)  ok    ETA 03:10:36
[1210/2048]  (9,3,6,6)  ok    ETA 03:10:17
[1211/2048]  (9,3,5,6)  ok    ETA 03:09:55
[1212/2048]  (9,3,4,6)  ok    ETA 03:09:37
[1213/2048]  (9,3,3,6)  ok    ETA 03:09:38
[1214/2048]  (9,3,2,6)  ok    ETA 03:09:31
[1215/2048]  (9,3,1,6)  ok    ETA 03:09:28
[1216/2048]  (9,4,4,2)  ok    ETA 03:09:07
[1217/2048]  (9,4,7,2)  ok    ETA 03:08:44
[1218/2048]  (9,4,6,2)  ok    ETA 03:08:22
[1219/2048]  (9,4,5,2)  ok    ETA 03:07:59
[1220/2048]  (9,4,3,2)  ok    ETA 03:07:47
[1221/2048]  (9,4,2,2)  ok    ETA 03:07:30
[1222/2048]  (9,4,1,2)  ok    ETA 03:07:09
[1223/2048]  (9,4,7,6)  ok    ETA 03:06:49
[1224/2048]  (9,3,0,6)  ok    ETA 03:06:35
[1225/2048]  (9,4,0,2)  ok    ETA 03:06:12
[1226/2048]  (9,4,5,6)  ok    ETA 03:05:51
[1227/2048]  (9,4,6,6)  ok    ETA 03:05:30
[1228/2048]  (9,4,4,6)  ok    ETA 03:05:21
[1229/2048]  (9,4,3,6)  ok    ETA 03:05:16
[1230/2048]  (9,4,2,6)  ok    ETA 03:05:10
[1231/2048]  (9,4,1,6)  ok    ETA 03:05:12
[1232/2048]  (9,5,4,2)  ok    ETA 03:04:51
[1233/2048]  (9,5,3,2)  ok    ETA 03:04:29
[1234/2048]  (9,5,5,2)  ok    ETA 03:04:15
[1235/2048]  (9,5,2,2)  ok    ETA 03:03:53
[1236/2048]  (9,5,6,2)  ok    ETA 03:03:31
[1237/2048]  (9,5,0,2)  ok    ETA 03:03:17
[1238/2048]  (9,5,1,2)  ok    ETA 03:02:55
[1239/2048]  (9,4,0,6)  ok    ETA 03:02:33
[1240/2048]  (9,5,4,6)  ok    ETA 03:02:43
[1241/2048]  (9,5,5,6)  ok    ETA 03:02:22
[1242/2048]  (9,5,3,6)  ok    ETA 03:02:09
[1243/2048]  (9,5,6,6)  ok    ETA 03:01:47
[1244/2048]  (9,5,7,2)  ok    ETA 03:01:25
[1245/2048]  (9,5,2,6)  ok    ETA 03:01:09
[1246/2048]  (9,5,1,6)  ok    ETA 03:01:04
[1247/2048]  (9,5,0,6)  ok    ETA 03:01:07
[1248/2048]  (9,5,7,6)  ok    ETA 03:00:59
[1249/2048]  (9,6,5,2)  ok    ETA 03:01:45
[1250/2048]  (9,6,3,2)  ok    ETA 03:01:30
[1251/2048]  (9,6,4,2)  ok    ETA 03:01:11
[1252/2048]  (9,6,2,2)  ok    ETA 03:00:50
[1253/2048]  (9,6,6,2)  ok    ETA 03:00:30
[1254/2048]  (9,6,1,2)  ok    ETA 03:00:16
[1255/2048]  (9,6,5,6)  ok    ETA 02:59:59
[1256/2048]  (9,6,0,2)  ok    ETA 02:59:39
[1257/2048]  (9,6,7,2)  ok    ETA 02:59:18
[1258/2048]  (9,6,6,6)  ok    ETA 02:59:08
[1259/2048]  (9,6,4,6)  ok    ETA 02:58:47
[1260/2048]  (9,6,7,6)  ok    ETA 02:58:29
[1261/2048]  (9,6,3,6)  ok    ETA 02:58:19
[1262/2048]  (9,6,2,6)  ok    ETA 02:57:59
[1263/2048]  (9,6,1,6)  ok    ETA 02:57:59
[1264/2048]  (9,7,5,2)  ok    ETA 02:57:46
[1265/2048]  (9,7,4,2)  ok    ETA 02:57:32
[1266/2048]  (9,6,0,6)  ok    ETA 02:57:13
[1267/2048]  (9,7,6,2)  ok    ETA 02:56:53
[1268/2048]  (9,7,3,2)  ok    ETA 02:56:32
[1269/2048]  (9,7,2,2)  ok    ETA 02:56:21
[1270/2048]  (9,7,1,2)  ok    ETA 02:56:03
[1271/2048]  (9,7,5,6)  ok    ETA 02:55:44
[1272/2048]  (9,7,7,2)  ok    ETA 02:55:28
[1273/2048]  (9,7,4,6)  ok    ETA 02:55:07
[1274/2048]  (9,7,0,2)  ok    ETA 02:54:51
[1275/2048]  (9,7,6,6)  ok    ETA 02:54:32
[1276/2048]  (9,7,7,6)  ok    ETA 02:54:16
[1277/2048]  (9,7,3,6)  ok    ETA 02:53:59
[1278/2048]  (9,7,2,6)  ok    ETA 02:53:49
[1279/2048]  (9,7,1,6)  ok    ETA 02:53:48
[1280/2048]  (9,7,0,6)  ok    ETA 02:53:41
[1281/2048]  (10,0,3,2)  ok    ETA 02:53:21
[1282/2048]  (10,0,6,2)  ok    ETA 02:53:04
[1283/2048]  (10,0,5,2)  ok    ETA 02:52:48
[1284/2048]  (10,0,4,2)  ok    ETA 02:52:29
[1285/2048]  (10,0,2,2)  ok    ETA 02:52:09
[1286/2048]  (10,0,1,2)  ok    ETA 02:51:56
[1287/2048]  (10,0,7,2)  ok    ETA 02:51:39
[1288/2048]  (10,0,0,2)  ok    ETA 02:51:20
[1289/2048]  (10,0,6,6)  ok    ETA 02:51:20
[1290/2048]  (10,0,5,6)  ok    ETA 02:51:00
[1291/2048]  (10,0,7,6)  ok    ETA 02:50:51
[1292/2048]  (10,0,4,6)  ok    ETA 02:50:41
[1293/2048]  (10,0,3,6)  ok    ETA 02:50:40
[1294/2048]  (10,0,2,6)  ok    ETA 02:50:21
[1295/2048]  (10,0,1,6)  ok    ETA 02:50:22
[1296/2048]  (10,0,0,6)  ok    ETA 02:50:35
[1297/2048]  (10,1,5,2)  ok    ETA 02:50:32
[1298/2048]  (10,1,6,2)  ok    ETA 02:50:11
[1299/2048]  (10,1,4,2)  ok    ETA 02:49:54
[1300/2048]  (10,1,7,2)  ok    ETA 02:49:36
[1301/2048]  (10,1,3,2)  ok    ETA 02:49:26
[1302/2048]  (10,1,2,2)  ok    ETA 02:49:12
[1303/2048]  (10,1,6,6)  ok    ETA 02:48:54
[1304/2048]  (10,1,7,6)  ok    ETA 02:48:41
[1305/2048]  (10,1,1,2)  ok    ETA 02:48:23
[1306/2048]  (10,1,5,6)  ok    ETA 02:48:02
[1307/2048]  (10,1,0,2)  ok    ETA 02:47:55
[1308/2048]  (10,1,4,6)  ok    ETA 02:47:47
[1309/2048]  (10,2,6,2)  ok    ETA 02:47:42
[1310/2048]  (10,1,3,6)  ok    ETA 02:47:24
[1311/2048]  (10,2,5,2)  ok    ETA 02:47:08
[1312/2048]  (10,2,7,2)  ok    ETA 02:46:55
[1313/2048]  (10,2,4,2)  ok    ETA 02:46:36
[1314/2048]  (10,1,2,6)  ok    ETA 02:46:28
[1315/2048]  (10,2,3,2)  ok    ETA 02:46:08
[1316/2048]  (10,2,6,6)  ok    ETA 02:45:52
[1317/2048]  (10,2,7,6)  ok    ETA 02:45:35
[1318/2048]  (10,2,2,2)  ok    ETA 02:45:19
[1319/2048]  (10,2,5,6)  ok    ETA 02:45:01
[1320/2048]  (10,2,1,2)  ok    ETA 02:44:50
[1321/2048]  (10,1,1,6)  ok    ETA 02:44:33
[1322/2048]  (10,2,4,6)  ok    ETA 02:44:21
[1323/2048]  (10,2,0,2)  ok    ETA 02:44:04
[1324/2048]  (10,2,3,6)  ok    ETA 02:44:06
[1325/2048]  (10,1,0,6)  ok    ETA 02:43:46
[1326/2048]  (10,3,3,2)  ok    ETA 02:43:34
[1327/2048]  (10,3,2,2)  ok    ETA 02:43:18
[1328/2048]  (10,3,5,2)  ok    ETA 02:42:58
[1329/2048]  (10,3,4,2)  ok    ETA 02:42:40
[1330/2048]  (10,3,1,2)  ok    ETA 02:42:30
[1331/2048]  (10,2,2,6)  ok    ETA 02:42:10
[1332/2048]  (10,3,6,2)  ok    ETA 02:41:51
[1333/2048]  (10,3,0,2)  ok    ETA 02:41:34
[1334/2048]  (10,3,7,2)  ok    ETA 02:41:20
[1335/2048]  (10,3,5,6)  ok    ETA 02:41:11
[1336/2048]  (10,3,4,6)  ok    ETA 02:40:51
[1337/2048]  (10,3,6,6)  ok    ETA 02:40:31
[1338/2048]  (10,2,1,6)  ok    ETA 02:40:12
[1339/2048]  (10,3,3,6)  ok    ETA 02:39:55
[1340/2048]  (10,3,2,6)  ok    ETA 02:39:55
[1341/2048]  (10,3,7,6)  ok    ETA 02:39:40
[1342/2048]  (10,2,0,6)  ok    ETA 02:39:32
[1343/2048]  (10,3,1,6)  ok    ETA 02:39:19
[1344/2048]  (10,3,0,6)  ok    ETA 02:39:21
[1345/2048]  (10,4,4,2)  ok    ETA 02:39:36
[1346/2048]  (10,4,5,2)  ok    ETA 02:39:17
[1347/2048]  (10,4,3,2)  ok    ETA 02:38:58
[1348/2048]  (10,4,2,2)  ok    ETA 02:38:44
[1349/2048]  (10,4,1,2)  ok    ETA 02:38:25
[1350/2048]  (10,4,7,2)  ok    ETA 02:38:06
[1351/2048]  (10,4,6,2)  ok    ETA 02:37:48
[1352/2048]  (10,4,0,2)  ok    ETA 02:37:37
[1353/2048]  (10,4,7,6)  ok    ETA 02:37:24
[1354/2048]  (10,4,4,6)  ok    ETA 02:37:05
[1355/2048]  (10,4,5,6)  ok    ETA 02:36:47
[1356/2048]  (10,4,6,6)  ok    ETA 02:36:29
[1357/2048]  (10,4,3,6)  ok    ETA 02:36:22
[1358/2048]  (10,4,2,6)  ok    ETA 02:36:19
[1359/2048]  (10,4,1,6)  ok    ETA 02:36:06
[1360/2048]  (10,5,4,2)  ok    ETA 02:36:04
[1361/2048]  (10,5,5,2)  ok    ETA 02:35:45
[1362/2048]  (10,5,3,2)  ok    ETA 02:35:28
[1363/2048]  (10,4,0,6)  ok    ETA 02:35:07
[1364/2048]  (10,5,2,2)  ok    ETA 02:34:52
[1365/2048]  (10,5,6,2)  ok    ETA 02:34:35
[1366/2048]  (10,5,7,2)  ok    ETA 02:34:16
[1367/2048]  (10,5,1,2)  ok    ETA 02:33:57
[1368/2048]  (10,5,0,2)  ok    ETA 02:33:39
[1369/2048]  (10,5,7,6)  ok    ETA 02:33:30
[1370/2048]  (10,5,4,6)  ok    ETA 02:33:20
[1371/2048]  (10,5,6,6)  ok    ETA 02:33:00
[1372/2048]  (10,5,5,6)  ok    ETA 02:32:46
[1373/2048]  (10,5,3,6)  ok    ETA 02:32:28
[1374/2048]  (10,5,2,6)  ok    ETA 02:32:20
[1375/2048]  (10,5,1,6)  ok    ETA 02:32:14
[1376/2048]  (10,6,5,2)  ok    ETA 02:32:00
[1377/2048]  (10,6,4,2)  ok    ETA 02:31:48
[1378/2048]  (10,6,2,2)  ok    ETA 02:31:33
[1379/2048]  (10,5,0,6)  ok    ETA 02:31:13
[1380/2048]  (10,6,6,2)  ok    ETA 02:30:54
[1381/2048]  (10,6,3,2)  ok    ETA 02:30:40
[1382/2048]  (10,6,1,2)  ok    ETA 02:30:21
[1383/2048]  (10,6,7,2)  ok    ETA 02:30:01
[1384/2048]  (10,6,0,2)  ok    ETA 02:29:48
[1385/2048]  (10,6,4,6)  ok    ETA 02:29:33
[1386/2048]  (10,6,5,6)  ok    ETA 02:29:18
[1387/2048]  (10,6,6,6)  ok    ETA 02:29:01
[1388/2048]  (10,6,3,6)  ok    ETA 02:28:50
[1389/2048]  (10,6,7,6)  ok    ETA 02:28:32
[1390/2048]  (10,6,2,6)  ok    ETA 02:28:21
[1391/2048]  (10,6,1,6)  ok    ETA 02:28:15
[1392/2048]  (10,6,0,6)  ok    ETA 02:28:14
[1393/2048]  (10,7,5,2)  ok    ETA 02:28:27
[1394/2048]  (10,7,3,2)  ok    ETA 02:28:11
[1395/2048]  (10,7,6,2)  ok    ETA 02:27:52
[1396/2048]  (10,7,4,2)  ok    ETA 02:27:35
[1397/2048]  (10,7,2,2)  ok    ETA 02:27:21
[1398/2048]  (10,7,7,2)  ok    ETA 02:27:03
[1399/2048]  (10,7,1,2)  ok    ETA 02:26:46
[1400/2048]  (10,7,5,6)  ok    ETA 02:26:30
  [checkpoint @ 1400]
[1401/2048]  (10,7,0,2)  ok    ETA 02:26:16
[1402/2048]  (10,7,4,6)  ok    ETA 02:26:01
[1403/2048]  (10,7,6,6)  ok    ETA 02:25:44
[1404/2048]  (10,7,3,6)  ok    ETA 02:25:33
[1405/2048]  (10,7,7,6)  ok    ETA 02:25:13
[1406/2048]  (10,7,2,6)  ok    ETA 02:25:01
[1407/2048]  (10,7,1,6)  ok    ETA 02:24:57
[1408/2048]  (10,7,0,6)  ok    ETA 02:24:51
[1409/2048]  (11,0,4,2)  ok    ETA 02:24:36
[1410/2048]  (11,0,6,2)  ok    ETA 02:24:17
[1411/2048]  (11,0,5,2)  ok    ETA 02:23:57
[1412/2048]  (11,0,3,2)  ok    ETA 02:23:39
[1413/2048]  (11,0,7,2)  ok    ETA 02:23:28
[1414/2048]  (11,0,2,2)  ok    ETA 02:23:09
[1415/2048]  (11,0,1,2)  ok    ETA 02:22:54
[1416/2048]  (11,0,0,2)  ok    ETA 02:22:48
[1417/2048]  (11,0,6,6)  ok    ETA 02:22:34
[1418/2048]  (11,0,7,6)  ok    ETA 02:22:16
[1419/2048]  (11,0,5,6)  ok    ETA 02:22:00
[1420/2048]  (11,0,4,6)  ok    ETA 02:21:53
[1421/2048]  (11,0,3,6)  ok    ETA 02:21:41
[1422/2048]  (11,1,6,2)  ok    ETA 02:21:40
[1423/2048]  (11,1,5,2)  ok    ETA 02:21:21
[1424/2048]  (11,0,2,6)  ok    ETA 02:21:04
[1425/2048]  (11,1,7,2)  ok    ETA 02:20:49
[1426/2048]  (11,1,4,2)  ok    ETA 02:20:31
[1427/2048]  (11,1,3,2)  ok    ETA 02:20:13
[1428/2048]  (11,1,2,2)  ok    ETA 02:20:09
[1429/2048]  (11,0,1,6)  ok    ETA 02:19:51
[1430/2048]  (11,1,6,6)  ok    ETA 02:19:35
[1431/2048]  (11,1,1,2)  ok    ETA 02:19:20
[1432/2048]  (11,1,5,6)  ok    ETA 02:19:07
[1433/2048]  (11,1,7,6)  ok    ETA 02:18:49
[1434/2048]  (11,1,0,2)  ok    ETA 02:18:36
[1435/2048]  (11,0,0,6)  ok    ETA 02:18:21
[1436/2048]  (11,1,4,6)  ok    ETA 02:18:02
[1437/2048]  (11,1,3,6)  ok    ETA 02:18:03
[1438/2048]  (11,1,2,6)  ok    ETA 02:18:04
[1439/2048]  (11,2,6,2)  ok    ETA 02:18:01
[1440/2048]  (11,2,5,2)  ok    ETA 02:17:47
[1441/2048]  (11,2,7,2)  ok    ETA 02:17:30
[1442/2048]  (11,2,4,2)  ok    ETA 02:17:15
[1443/2048]  (11,1,1,6)  ok    ETA 02:16:59
[1444/2048]  (11,2,3,2)  ok    ETA 02:16:44
[1445/2048]  (11,2,6,6)  ok    ETA 02:16:34
[1446/2048]  (11,2,2,2)  ok    ETA 02:16:18
[1447/2048]  (11,2,7,6)  ok    ETA 02:16:02
[1448/2048]  (11,2,1,2)  ok    ETA 02:15:50
[1449/2048]  (11,2,5,6)  ok    ETA 02:15:33
[1450/2048]  (11,1,0,6)  ok    ETA 02:15:20
[1451/2048]  (11,2,4,6)  ok    ETA 02:15:07
[1452/2048]  (11,2,0,2)  ok    ETA 02:14:49
[1453/2048]  (11,2,3,6)  ok    ETA 02:14:48
[1454/2048]  (11,3,5,2)  ok    ETA 02:14:34
[1455/2048]  (11,3,3,2)  ok    ETA 02:14:18
[1456/2048]  (11,3,4,2)  ok    ETA 02:14:05
[1457/2048]  (11,3,6,2)  ok    ETA 02:13:48
[1458/2048]  (11,3,2,2)  ok    ETA 02:13:31
[1459/2048]  (11,3,1,2)  ok    ETA 02:13:15
[1460/2048]  (11,3,7,2)  ok    ETA 02:12:57
[1461/2048]  (11,2,2,6)  ok    ETA 02:12:42
[1462/2048]  (11,3,0,2)  ok    ETA 02:12:33
[1463/2048]  (11,3,7,6)  ok    ETA 02:12:16
[1464/2048]  (11,3,5,6)  ok    ETA 02:11:59
[1465/2048]  (11,3,4,6)  ok    ETA 02:11:46
[1466/2048]  (11,3,6,6)  ok    ETA 02:11:30
[1467/2048]  (11,2,1,6)  ok    ETA 02:11:13
[1468/2048]  (11,3,3,6)  ok    ETA 02:11:03
[1469/2048]  (11,3,2,6)  ok    ETA 02:10:51
[1470/2048]  (11,2,0,6)  ok    ETA 02:10:49
[1471/2048]  (11,3,1,6)  ok    ETA 02:10:32
[1472/2048]  (11,4,4,2)  ok    ETA 02:10:18
[1473/2048]  (11,4,5,2)  ok    ETA 02:10:00
[1474/2048]  (11,4,3,2)  ok    ETA 02:09:45
[1475/2048]  (11,4,1,2)  ok    ETA 02:09:30
[1476/2048]  (11,4,6,2)  ok    ETA 02:09:12
[1477/2048]  (11,4,2,2)  ok    ETA 02:08:54
[1478/2048]  (11,4,0,2)  ok    ETA 02:08:44
[1479/2048]  (11,3,0,6)  ok    ETA 02:08:26
[1480/2048]  (11,4,5,6)  ok    ETA 02:08:09
[1481/2048]  (11,4,4,6)  ok    ETA 02:08:02
[1482/2048]  (11,4,7,2)  ok    ETA 02:07:46
[1483/2048]  (11,4,6,6)  ok    ETA 02:07:35
[1484/2048]  (11,4,3,6)  ok    ETA 02:07:18
[1485/2048]  (11,4,7,6)  ok    ETA 02:07:04
[1486/2048]  (11,4,2,6)  ok    ETA 02:06:52
[1487/2048]  (11,4,1,6)  ok    ETA 02:06:52
[1488/2048]  (11,4,0,6)  ok    ETA 02:06:42
[1489/2048]  (11,5,4,2)  ok    ETA 02:06:41
[1490/2048]  (11,5,5,2)  ok    ETA 02:06:24
[1491/2048]  (11,5,3,2)  ok    ETA 02:06:08
[1492/2048]  (11,5,2,2)  ok    ETA 02:05:51
[1493/2048]  (11,5,1,2)  ok    ETA 02:05:34
[1494/2048]  (11,5,6,2)  ok    ETA 02:05:17
[1495/2048]  (11,5,7,2)  ok    ETA 02:05:00
[1496/2048]  (11,5,0,2)  ok    ETA 02:04:44
[1497/2048]  (11,5,5,6)  ok    ETA 02:04:34
[1498/2048]  (11,5,7,6)  ok    ETA 02:04:19
[1499/2048]  (11,5,6,6)  ok    ETA 02:04:05
[1500/2048]  (11,5,4,6)  ok    ETA 02:03:47
[1501/2048]  (11,5,3,6)  ok    ETA 02:03:37
[1502/2048]  (11,5,2,6)  ok    ETA 02:03:28
[1503/2048]  (11,5,1,6)  ok    ETA 02:03:19
[1504/2048]  (11,6,5,2)  ok    ETA 02:03:09
[1505/2048]  (11,6,4,2)  ok    ETA 02:02:54
[1506/2048]  (11,6,6,2)  ok    ETA 02:02:36
[1507/2048]  (11,6,3,2)  ok    ETA 02:02:19
[1508/2048]  (11,5,0,6)  ok    ETA 02:02:01
[1509/2048]  (11,6,2,2)  ok    ETA 02:01:43
[1510/2048]  (11,6,1,2)  ok    ETA 02:01:31
[1511/2048]  (11,6,7,2)  ok    ETA 02:01:13
[1512/2048]  (11,6,0,2)  ok    ETA 02:01:02
[1513/2048]  (11,6,5,6)  ok    ETA 02:00:46
[1514/2048]  (11,6,7,6)  ok    ETA 02:00:32
[1515/2048]  (11,6,4,6)  ok    ETA 02:00:14
[1516/2048]  (11,6,3,6)  ok    ETA 02:00:03
[1517/2048]  (11,6,6,6)  ok    ETA 01:59:45
[1518/2048]  (11,6,2,6)  ok    ETA 01:59:41
[1519/2048]  (11,6,1,6)  ok    ETA 01:59:27
[1520/2048]  (11,6,0,6)  ok    ETA 01:59:24
[1521/2048]  (11,7,3,2)  ok    ETA 01:59:05
[1522/2048]  (11,7,2,2)  ok    ETA 01:58:49
[1523/2048]  (11,7,6,2)  ok    ETA 01:58:31
[1524/2048]  (11,7,4,2)  ok    ETA 01:58:15
[1525/2048]  (11,7,5,2)  ok    ETA 01:57:58
[1526/2048]  (11,7,1,2)  ok    ETA 01:57:46
[1527/2048]  (11,7,0,2)  ok    ETA 01:57:32
[1528/2048]  (11,7,7,2)  ok    ETA 01:57:15
[1529/2048]  (11,7,6,6)  ok    ETA 01:56:59
[1530/2048]  (11,7,5,6)  ok    ETA 01:56:43
[1531/2048]  (11,7,4,6)  ok    ETA 01:56:28
[1532/2048]  (11,7,3,6)  ok    ETA 01:56:12
[1533/2048]  (11,7,7,6)  ok    ETA 01:56:00
[1534/2048]  (11,7,2,6)  ok    ETA 01:55:49
[1535/2048]  (11,7,1,6)  ok    ETA 01:55:40
[1536/2048]  (11,7,0,6)  ok    ETA 01:55:35
[1537/2048]  (12,0,6,2)  ok    ETA 01:55:35
[1538/2048]  (12,0,4,2)  ok    ETA 01:55:17
[1539/2048]  (12,0,3,2)  ok    ETA 01:55:00
[1540/2048]  (12,0,5,2)  ok    ETA 01:54:43
[1541/2048]  (12,0,2,2)  ok    ETA 01:54:31
[1542/2048]  (12,0,7,2)  ok    ETA 01:54:15
[1543/2048]  (12,0,1,2)  ok    ETA 01:54:02
[1544/2048]  (12,0,0,2)  ok    ETA 01:53:52
[1545/2048]  (12,0,5,6)  ok    ETA 01:53:38
[1546/2048]  (12,0,6,6)  ok    ETA 01:53:24
[1547/2048]  (12,0,7,6)  ok    ETA 01:53:09
[1548/2048]  (12,0,4,6)  ok    ETA 01:52:57
[1549/2048]  (12,0,3,6)  ok    ETA 01:52:46
[1550/2048]  (12,1,6,2)  ok    ETA 01:52:40
[1551/2048]  (12,1,5,2)  ok    ETA 01:52:24
[1552/2048]  (12,0,2,6)  ok    ETA 01:52:10
[1553/2048]  (12,1,7,2)  ok    ETA 01:51:54
[1554/2048]  (12,1,4,2)  ok    ETA 01:51:37
[1555/2048]  (12,1,3,2)  ok    ETA 01:51:22
[1556/2048]  (12,1,2,2)  ok    ETA 01:51:10
[1557/2048]  (12,0,1,6)  ok    ETA 01:51:00
[1558/2048]  (12,1,1,2)  ok    ETA 01:50:47
[1559/2048]  (12,1,6,6)  ok    ETA 01:50:30
[1560/2048]  (12,1,7,6)  ok    ETA 01:50:15
[1561/2048]  (12,1,5,6)  ok    ETA 01:49:58
[1562/2048]  (12,1,0,2)  ok    ETA 01:49:47
[1563/2048]  (12,0,0,6)  ok    ETA 01:49:32
[1564/2048]  (12,1,4,6)  ok    ETA 01:49:15
[1565/2048]  (12,1,3,6)  ok    ETA 01:49:13
[1566/2048]  (12,2,6,2)  ok    ETA 01:48:56
[1567/2048]  (12,2,5,2)  ok    ETA 01:48:41
[1568/2048]  (12,2,7,2)  ok    ETA 01:48:27
[1569/2048]  (12,2,4,2)  ok    ETA 01:48:13
[1570/2048]  (12,1,2,6)  ok    ETA 01:48:03
[1571/2048]  (12,2,3,2)  ok    ETA 01:47:46
[1572/2048]  (12,2,2,2)  ok    ETA 01:47:33
[1573/2048]  (12,2,6,6)  ok    ETA 01:47:18
[1574/2048]  (12,2,7,6)  ok    ETA 01:47:02
[1575/2048]  (12,2,5,6)  ok    ETA 01:46:47
[1576/2048]  (12,2,1,2)  ok    ETA 01:46:33
[1577/2048]  (12,1,1,6)  ok    ETA 01:46:20
[1578/2048]  (12,2,4,6)  ok    ETA 01:46:08
[1579/2048]  (12,2,0,2)  ok    ETA 01:45:53
[1580/2048]  (12,2,3,6)  ok    ETA 01:45:52
[1581/2048]  (12,1,0,6)  ok    ETA 01:45:36
[1582/2048]  (12,3,5,2)  ok    ETA 01:45:34
[1583/2048]  (12,3,3,2)  ok    ETA 01:45:17
[1584/2048]  (12,2,2,6)  ok    ETA 01:45:00
[1585/2048]  (12,3,4,2)  ok    ETA 01:44:44
[1586/2048]  (12,3,2,2)  ok    ETA 01:44:27
[1587/2048]  (12,3,6,2)  ok    ETA 01:44:10
[1588/2048]  (12,3,7,2)  ok    ETA 01:43:58
[1589/2048]  (12,3,1,2)  ok    ETA 01:43:41
[1590/2048]  (12,3,0,2)  ok    ETA 01:43:33
[1591/2048]  (12,2,1,6)  ok    ETA 01:43:16
[1592/2048]  (12,3,7,6)  ok    ETA 01:43:01
[1593/2048]  (12,3,5,6)  ok    ETA 01:42:46
[1594/2048]  (12,3,6,6)  ok    ETA 01:42:31
[1595/2048]  (12,3,4,6)  ok    ETA 01:42:16
[1596/2048]  (12,3,3,6)  ok    ETA 01:42:08
[1597/2048]  (12,3,2,6)  ok    ETA 01:41:58
[1598/2048]  (12,2,0,6)  ok    ETA 01:41:40
[1599/2048]  (12,3,1,6)  ok    ETA 01:41:35
[1600/2048]  (12,4,4,2)  ok    ETA 01:41:20
  [checkpoint @ 1600]
[1601/2048]  (12,4,5,2)  ok    ETA 01:41:04
[1602/2048]  (12,4,3,2)  ok    ETA 01:40:50
[1603/2048]  (12,4,7,2)  ok    ETA 01:40:34
[1604/2048]  (12,4,1,2)  ok    ETA 01:40:17
[1605/2048]  (12,4,6,2)  ok    ETA 01:40:01
[1606/2048]  (12,4,2,2)  ok    ETA 01:39:45
[1607/2048]  (12,4,0,2)  ok    ETA 01:39:33
[1608/2048]  (12,4,7,6)  ok    ETA 01:39:18
[1609/2048]  (12,4,5,6)  ok    ETA 01:39:02
[1610/2048]  (12,3,0,6)  ok    ETA 01:38:45
[1611/2048]  (12,4,6,6)  ok    ETA 01:38:30
[1612/2048]  (12,4,4,6)  ok    ETA 01:38:21
[1613/2048]  (12,4,3,6)  ok    ETA 01:38:11
[1614/2048]  (12,4,2,6)  ok    ETA 01:38:05
[1615/2048]  (12,4,1,6)  ok    ETA 01:37:55
[1616/2048]  (12,5,3,2)  ok    ETA 01:37:42
[1617/2048]  (12,5,5,2)  ok    ETA 01:37:25
[1618/2048]  (12,5,4,2)  ok    ETA 01:37:09
[1619/2048]  (12,5,2,2)  ok    ETA 01:36:55
[1620/2048]  (12,5,1,2)  ok    ETA 01:36:41
[1621/2048]  (12,4,0,6)  ok    ETA 01:36:24
[1622/2048]  (12,5,6,2)  ok    ETA 01:36:08
[1623/2048]  (12,5,0,2)  ok    ETA 01:35:52
[1624/2048]  (12,5,7,2)  ok    ETA 01:35:42
[1625/2048]  (12,5,4,6)  ok    ETA 01:35:32
[1626/2048]  (12,5,7,6)  ok    ETA 01:35:16
[1627/2048]  (12,5,3,6)  ok    ETA 01:35:01
[1628/2048]  (12,5,5,6)  ok    ETA 01:34:45
[1629/2048]  (12,5,6,6)  ok    ETA 01:34:33
[1630/2048]  (12,5,2,6)  ok    ETA 01:34:18
[1631/2048]  (12,5,1,6)  ok    ETA 01:34:14
[1632/2048]  (12,6,5,2)  ok    ETA 01:34:04
[1633/2048]  (12,6,4,2)  ok    ETA 01:33:49
[1634/2048]  (12,5,0,6)  ok    ETA 01:33:34
[1635/2048]  (12,6,2,2)  ok    ETA 01:33:17
[1636/2048]  (12,6,3,2)  ok    ETA 01:33:01
[1637/2048]  (12,6,6,2)  ok    ETA 01:32:47
[1638/2048]  (12,6,1,2)  ok    ETA 01:32:30
[1639/2048]  (12,6,7,2)  ok    ETA 01:32:18
[1640/2048]  (12,6,0,2)  ok    ETA 01:32:03
[1641/2048]  (12,6,6,6)  ok    ETA 01:31:48
[1642/2048]  (12,6,4,6)  ok    ETA 01:31:35
[1643/2048]  (12,6,5,6)  ok    ETA 01:31:18
[1644/2048]  (12,6,7,6)  ok    ETA 01:31:02
[1645/2048]  (12,6,3,6)  ok    ETA 01:30:52
[1646/2048]  (12,6,2,6)  ok    ETA 01:30:45
[1647/2048]  (12,7,5,2)  ok    ETA 01:30:34
[1648/2048]  (12,6,1,6)  ok    ETA 01:30:17
[1649/2048]  (12,7,4,2)  ok    ETA 01:30:05
[1650/2048]  (12,7,3,2)  ok    ETA 01:29:51
[1651/2048]  (12,7,6,2)  ok    ETA 01:29:35
[1652/2048]  (12,6,0,6)  ok    ETA 01:29:18
[1653/2048]  (12,7,2,2)  ok    ETA 01:29:03
[1654/2048]  (12,7,1,2)  ok    ETA 01:28:53
[1655/2048]  (12,7,5,6)  ok    ETA 01:28:38
[1656/2048]  (12,7,4,6)  ok    ETA 01:28:21
[1657/2048]  (12,7,7,2)  ok    ETA 01:28:05
[1658/2048]  (12,7,0,2)  ok    ETA 01:27:49
[1659/2048]  (12,7,6,6)  ok    ETA 01:27:38
[1660/2048]  (12,7,7,6)  ok    ETA 01:27:24
[1661/2048]  (12,7,3,6)  ok    ETA 01:27:08
[1662/2048]  (12,7,2,6)  ok    ETA 01:26:56
[1663/2048]  (12,7,1,6)  ok    ETA 01:26:48
[1664/2048]  (13,0,3,2)  ok    ETA 01:26:42
[1665/2048]  (13,0,6,2)  ok    ETA 01:26:27
[1666/2048]  (12,7,0,6)  ok    ETA 01:26:11
[1667/2048]  (13,0,5,2)  ok    ETA 01:25:54
[1668/2048]  (13,0,2,2)  ok    ETA 01:25:40
[1669/2048]  (13,0,4,2)  ok    ETA 01:25:25
[1670/2048]  (13,0,7,2)  ok    ETA 01:25:11
[1671/2048]  (13,0,1,2)  ok    ETA 01:24:55
[1672/2048]  (13,0,0,2)  ok    ETA 01:24:44
[1673/2048]  (13,0,6,6)  ok    ETA 01:24:32
[1674/2048]  (13,0,5,6)  ok    ETA 01:24:20
[1675/2048]  (13,0,7,6)  ok    ETA 01:24:08
[1676/2048]  (13,0,4,6)  ok    ETA 01:23:55
[1677/2048]  (13,0,3,6)  ok    ETA 01:23:46
[1678/2048]  (13,0,2,6)  ok    ETA 01:23:38
[1679/2048]  (13,1,5,2)  ok    ETA 01:23:21
[1680/2048]  (13,1,6,2)  ok    ETA 01:23:06
[1681/2048]  (13,1,4,2)  ok    ETA 01:22:53
[1682/2048]  (13,1,7,2)  ok    ETA 01:22:40
[1683/2048]  (13,1,3,2)  ok    ETA 01:22:24
[1684/2048]  (13,1,2,2)  ok    ETA 01:22:12
[1685/2048]  (13,0,1,6)  ok    ETA 01:21:58
[1686/2048]  (13,1,7,6)  ok    ETA 01:21:43
[1687/2048]  (13,1,5,6)  ok    ETA 01:21:30
[1688/2048]  (13,1,1,2)  ok    ETA 01:21:14
[1689/2048]  (13,1,6,6)  ok    ETA 01:21:00
[1690/2048]  (13,0,0,6)  ok    ETA 01:20:48
[1691/2048]  (13,1,0,2)  ok    ETA 01:20:32
[1692/2048]  (13,1,4,6)  ok    ETA 01:20:20
[1693/2048]  (13,2,6,2)  ok    ETA 01:20:11
[1694/2048]  (13,1,3,6)  ok    ETA 01:19:58
[1695/2048]  (13,2,5,2)  ok    ETA 01:19:44
[1696/2048]  (13,2,7,2)  ok    ETA 01:19:28
[1697/2048]  (13,2,4,2)  ok    ETA 01:19:13
[1698/2048]  (13,2,3,2)  ok    ETA 01:19:05
[1699/2048]  (13,1,2,6)  ok    ETA 01:18:49
[1700/2048]  (13,2,6,6)  ok    ETA 01:18:34
[1701/2048]  (13,2,2,2)  ok    ETA 01:18:19
[1702/2048]  (13,2,7,6)  ok    ETA 01:18:07
[1703/2048]  (13,2,5,6)  ok    ETA 01:17:53
[1704/2048]  (13,2,1,2)  ok    ETA 01:17:37
[1705/2048]  (13,2,4,6)  ok    ETA 01:17:26
[1706/2048]  (13,1,1,6)  ok    ETA 01:17:11
[1707/2048]  (13,2,0,2)  ok    ETA 01:16:57
[1708/2048]  (13,2,3,6)  ok    ETA 01:16:53
[1709/2048]  (13,3,3,2)  ok    ETA 01:16:38
[1710/2048]  (13,3,4,2)  ok    ETA 01:16:24
[1711/2048]  (13,3,5,2)  ok    ETA 01:16:09
[1712/2048]  (13,3,2,2)  ok    ETA 01:15:53
[1713/2048]  (13,1,0,6)  ok    ETA 01:15:39
[1714/2048]  (13,3,1,2)  ok    ETA 01:15:26
[1715/2048]  (13,3,6,2)  ok    ETA 01:15:10
[1716/2048]  (13,3,7,2)  ok    ETA 01:14:56
[1717/2048]  (13,2,2,6)  ok    ETA 01:14:42
[1718/2048]  (13,3,0,2)  ok    ETA 01:14:29
[1719/2048]  (13,3,7,6)  ok    ETA 01:14:15
[1720/2048]  (13,3,5,6)  ok    ETA 01:14:00
[1721/2048]  (13,3,4,6)  ok    ETA 01:13:48
[1722/2048]  (13,3,6,6)  ok    ETA 01:13:33
[1723/2048]  (13,2,1,6)  ok    ETA 01:13:17
[1724/2048]  (13,3,3,6)  ok    ETA 01:13:03
[1725/2048]  (13,3,2,6)  ok    ETA 01:12:54
[1726/2048]  (13,4,5,2)  ok    ETA 01:12:48
[1727/2048]  (13,2,0,6)  ok    ETA 01:12:34
[1728/2048]  (13,4,4,2)  ok    ETA 01:12:18
[1729/2048]  (13,3,1,6)  ok    ETA 01:12:02
[1730/2048]  (13,4,3,2)  ok    ETA 01:11:49
[1731/2048]  (13,4,7,2)  ok    ETA 01:11:34
[1732/2048]  (13,4,6,2)  ok    ETA 01:11:18
[1733/2048]  (13,4,2,2)  ok    ETA 01:11:04
[1734/2048]  (13,4,1,2)  ok    ETA 01:10:48
[1735/2048]  (13,4,0,2)  ok    ETA 01:10:36
[1736/2048]  (13,4,7,6)  ok    ETA 01:10:21
[1737/2048]  (13,3,0,6)  ok    ETA 01:10:07
[1738/2048]  (13,4,5,6)  ok    ETA 01:09:52
[1739/2048]  (13,4,6,6)  ok    ETA 01:09:38
[1740/2048]  (13,4,4,6)  ok    ETA 01:09:25
[1741/2048]  (13,4,3,6)  ok    ETA 01:09:12
[1742/2048]  (13,4,2,6)  ok    ETA 01:09:06
[1743/2048]  (13,5,5,2)  ok    ETA 01:08:57
[1744/2048]  (13,4,1,6)  ok    ETA 01:08:43
[1745/2048]  (13,5,4,2)  ok    ETA 01:08:27
[1746/2048]  (13,5,3,2)  ok    ETA 01:08:12
[1747/2048]  (13,5,2,2)  ok    ETA 01:07:56
[1748/2048]  (13,5,7,2)  ok    ETA 01:07:44
[1749/2048]  (13,5,0,2)  ok    ETA 01:07:29
[1750/2048]  (13,5,1,2)  ok    ETA 01:07:13
[1751/2048]  (13,5,6,2)  ok    ETA 01:06:58
[1752/2048]  (13,4,0,6)  ok    ETA 01:06:45
[1753/2048]  (13,5,7,6)  ok    ETA 01:06:30
[1754/2048]  (13,5,4,6)  ok    ETA 01:06:19
[1755/2048]  (13,5,6,6)  ok    ETA 01:06:03
[1756/2048]  (13,5,3,6)  ok    ETA 01:05:51
[1757/2048]  (13,5,5,6)  ok    ETA 01:05:35
[1758/2048]  (13,5,2,6)  ok    ETA 01:05:27
[1759/2048]  (13,5,1,6)  ok    ETA 01:05:16
[1760/2048]  (13,6,5,2)  ok    ETA 01:05:02
[1761/2048]  (13,6,3,2)  ok    ETA 01:04:49
[1762/2048]  (13,6,6,2)  ok    ETA 01:04:34
[1763/2048]  (13,6,4,2)  ok    ETA 01:04:18
[1764/2048]  (13,6,2,2)  ok    ETA 01:04:04
[1765/2048]  (13,6,1,2)  ok    ETA 01:03:50
[1766/2048]  (13,5,0,6)  ok    ETA 01:03:37
[1767/2048]  (13,6,7,2)  ok    ETA 01:03:22
[1768/2048]  (13,6,5,6)  ok    ETA 01:03:06
[1769/2048]  (13,6,0,2)  ok    ETA 01:02:51
[1770/2048]  (13,6,7,6)  ok    ETA 01:02:39
[1771/2048]  (13,6,4,6)  ok    ETA 01:02:24
[1772/2048]  (13,6,6,6)  ok    ETA 01:02:12
[1773/2048]  (13,6,3,6)  ok    ETA 01:01:57
[1774/2048]  (13,6,2,6)  ok    ETA 01:01:47
[1775/2048]  (13,6,1,6)  ok    ETA 01:01:36
[1776/2048]  (13,7,5,2)  ok    ETA 01:01:22
[1777/2048]  (13,7,6,2)  ok    ETA 01:01:08
[1778/2048]  (13,7,4,2)  ok    ETA 01:00:53
[1779/2048]  (13,7,3,2)  ok    ETA 01:00:40
[1780/2048]  (13,7,2,2)  ok    ETA 01:00:25
[1781/2048]  (13,6,0,6)  ok    ETA 01:00:12
[1782/2048]  (13,7,1,2)  ok    ETA 00:59:57
[1783/2048]  (13,7,5,6)  ok    ETA 00:59:43
[1784/2048]  (13,7,0,2)  ok    ETA 00:59:28
[1785/2048]  (13,7,7,2)  ok    ETA 00:59:14
[1786/2048]  (13,7,4,6)  ok    ETA 00:58:59
[1787/2048]  (13,7,6,6)  ok    ETA 00:58:46
[1788/2048]  (13,7,7,6)  ok    ETA 00:58:32
[1789/2048]  (13,7,3,6)  ok    ETA 00:58:17
[1790/2048]  (13,7,2,6)  ok    ETA 00:58:05
[1791/2048]  (13,7,1,6)  ok    ETA 00:57:57
[1792/2048]  (14,0,6,2)  ok    ETA 00:57:45
[1793/2048]  (14,0,5,2)  ok    ETA 00:57:29
[1794/2048]  (14,0,4,2)  ok    ETA 00:57:14
[1795/2048]  (14,0,3,2)  ok    ETA 00:57:00
[1796/2048]  (13,7,0,6)  ok    ETA 00:56:48
[1797/2048]  (14,0,2,2)  ok    ETA 00:56:33
[1798/2048]  (14,0,7,2)  ok    ETA 00:56:19
[1799/2048]  (14,0,1,2)  ok    ETA 00:56:04
[1800/2048]  (14,0,0,2)  ok    ETA 00:55:53
  [checkpoint @ 1800]
[1801/2048]  (14,0,7,6)  ok    ETA 00:55:41
[1802/2048]  (14,0,5,6)  ok    ETA 00:55:27
[1803/2048]  (14,0,6,6)  ok    ETA 00:55:12
[1804/2048]  (14,0,4,6)  ok    ETA 00:55:01
[1805/2048]  (14,0,3,6)  ok    ETA 00:54:50
[1806/2048]  (14,1,6,2)  ok    ETA 00:54:38
[1807/2048]  (14,1,5,2)  ok    ETA 00:54:23
[1808/2048]  (14,1,4,2)  ok    ETA 00:54:08
[1809/2048]  (14,0,2,6)  ok    ETA 00:53:56
[1810/2048]  (14,1,7,2)  ok    ETA 00:53:41
[1811/2048]  (14,1,3,2)  ok    ETA 00:53:27
[1812/2048]  (14,1,2,2)  ok    ETA 00:53:15
[1813/2048]  (14,1,7,6)  ok    ETA 00:53:02
[1814/2048]  (14,1,1,2)  ok    ETA 00:52:48
[1815/2048]  (14,1,6,6)  ok    ETA 00:52:33
[1816/2048]  (14,0,1,6)  ok    ETA 00:52:20
[1817/2048]  (14,1,5,6)  ok    ETA 00:52:05
[1818/2048]  (14,1,0,2)  ok    ETA 00:51:53
[1819/2048]  (14,1,4,6)  ok    ETA 00:51:39
[1820/2048]  (14,0,0,6)  ok    ETA 00:51:26
[1821/2048]  (14,2,6,2)  ok    ETA 00:51:13
[1822/2048]  (14,1,3,6)  ok    ETA 00:51:01
[1823/2048]  (14,2,5,2)  ok    ETA 00:50:46
[1824/2048]  (14,2,7,2)  ok    ETA 00:50:33
[1825/2048]  (14,2,4,2)  ok    ETA 00:50:18
[1826/2048]  (14,2,3,2)  ok    ETA 00:50:06
[1827/2048]  (14,2,6,6)  ok    ETA 00:49:53
[1828/2048]  (14,2,7,6)  ok    ETA 00:49:40
[1829/2048]  (14,2,2,2)  ok    ETA 00:49:25
[1830/2048]  (14,1,2,6)  ok    ETA 00:49:11
[1831/2048]  (14,2,5,6)  ok    ETA 00:48:57
[1832/2048]  (14,2,1,2)  ok    ETA 00:48:43
[1833/2048]  (14,2,0,2)  ok    ETA 00:48:32
[1834/2048]  (14,2,4,6)  ok    ETA 00:48:17
[1835/2048]  (14,1,1,6)  ok    ETA 00:48:03
[1836/2048]  (14,2,3,6)  ok    ETA 00:47:54
[1837/2048]  (14,3,3,2)  ok    ETA 00:47:40
[1838/2048]  (14,3,5,2)  ok    ETA 00:47:25
[1839/2048]  (14,3,4,2)  ok    ETA 00:47:12
[1840/2048]  (14,3,2,2)  ok    ETA 00:46:57
[1841/2048]  (14,3,6,2)  ok    ETA 00:46:43
[1842/2048]  (14,3,7,2)  ok    ETA 00:46:28
[1843/2048]  (14,3,1,2)  ok    ETA 00:46:14
[1844/2048]  (14,1,0,6)  ok    ETA 00:46:00
[1845/2048]  (14,3,0,2)  ok    ETA 00:45:48
[1846/2048]  (14,3,7,6)  ok    ETA 00:45:33
[1847/2048]  (14,2,2,6)  ok    ETA 00:45:18
[1848/2048]  (14,3,5,6)  ok    ETA 00:45:06
[1849/2048]  (14,3,6,6)  ok    ETA 00:44:52
[1850/2048]  (14,3,4,6)  ok    ETA 00:44:39
[1851/2048]  (14,3,3,6)  ok    ETA 00:44:27
[1852/2048]  (14,2,1,6)  ok    ETA 00:44:12
[1853/2048]  (14,3,2,6)  ok    ETA 00:44:01
[1854/2048]  (14,4,4,2)  ok    ETA 00:43:50
[1855/2048]  (14,4,5,2)  ok    ETA 00:43:36
[1856/2048]  (14,2,0,6)  ok    ETA 00:43:22
[1857/2048]  (14,4,7,2)  ok    ETA 00:43:07
[1858/2048]  (14,4,6,2)  ok    ETA 00:42:52
[1859/2048]  (14,4,3,2)  ok    ETA 00:42:37
[1860/2048]  (14,3,1,6)  ok    ETA 00:42:23
[1861/2048]  (14,4,1,2)  ok    ETA 00:42:09
[1862/2048]  (14,4,2,2)  ok    ETA 00:41:55
[1863/2048]  (14,4,0,2)  ok    ETA 00:41:42
[1864/2048]  (14,4,7,6)  ok    ETA 00:41:28
[1865/2048]  (14,4,6,6)  ok    ETA 00:41:15
[1866/2048]  (14,3,0,6)  ok    ETA 00:41:00
[1867/2048]  (14,4,5,6)  ok    ETA 00:40:46
[1868/2048]  (14,4,4,6)  ok    ETA 00:40:33
[1869/2048]  (14,4,3,6)  ok    ETA 00:40:21
[1870/2048]  (14,4,2,6)  ok    ETA 00:40:11
[1871/2048]  (14,5,5,2)  ok    ETA 00:39:59
[1872/2048]  (14,5,3,2)  ok    ETA 00:39:45
[1873/2048]  (14,4,1,6)  ok    ETA 00:39:30
[1874/2048]  (14,5,4,2)  ok    ETA 00:39:16
[1875/2048]  (14,5,2,2)  ok    ETA 00:39:02
[1876/2048]  (14,5,7,2)  ok    ETA 00:38:48
[1877/2048]  (14,5,0,2)  ok    ETA 00:38:34
[1878/2048]  (14,5,6,2)  ok    ETA 00:38:19
[1879/2048]  (14,5,1,2)  ok    ETA 00:38:04
[1880/2048]  (14,5,7,6)  ok    ETA 00:37:52
[1881/2048]  (14,4,0,6)  ok    ETA 00:37:38
[1882/2048]  (14,5,6,6)  ok    ETA 00:37:24
[1883/2048]  (14,5,4,6)  ok    ETA 00:37:11
[1884/2048]  (14,5,5,6)  ok    ETA 00:36:57
[1885/2048]  (14,5,3,6)  ok    ETA 00:36:43
[1886/2048]  (14,5,2,6)  ok    ETA 00:36:33
[1887/2048]  (14,6,3,2)  ok    ETA 00:36:21
[1888/2048]  (14,6,4,2)  ok    ETA 00:36:06
[1889/2048]  (14,6,5,2)  ok    ETA 00:35:53
[1890/2048]  (14,5,1,6)  ok    ETA 00:35:38
[1891/2048]  (14,6,1,2)  ok    ETA 00:35:24
[1892/2048]  (14,6,2,2)  ok    ETA 00:35:10
[1893/2048]  (14,6,6,2)  ok    ETA 00:34:56
[1894/2048]  (14,6,7,2)  ok    ETA 00:34:42
[1895/2048]  (14,6,0,2)  ok    ETA 00:34:29
[1896/2048]  (14,5,0,6)  ok    ETA 00:34:14
[1897/2048]  (14,6,5,6)  ok    ETA 00:34:01
[1898/2048]  (14,6,7,6)  ok    ETA 00:33:47
[1899/2048]  (14,6,4,6)  ok    ETA 00:33:33
[1900/2048]  (14,6,6,6)  ok    ETA 00:33:20
[1901/2048]  (14,6,3,6)  ok    ETA 00:33:06
[1902/2048]  (14,6,2,6)  ok    ETA 00:32:54
[1903/2048]  (14,7,5,2)  ok    ETA 00:32:42
[1904/2048]  (14,6,1,6)  ok    ETA 00:32:28
[1905/2048]  (14,7,6,2)  ok    ETA 00:32:14
[1906/2048]  (14,7,4,2)  ok    ETA 00:32:00
[1907/2048]  (14,7,3,2)  ok    ETA 00:31:46
[1908/2048]  (14,7,2,2)  ok    ETA 00:31:32
[1909/2048]  (14,7,1,2)  ok    ETA 00:31:18
[1910/2048]  (14,6,0,6)  ok    ETA 00:31:04
[1911/2048]  (14,7,5,6)  ok    ETA 00:30:51
[1912/2048]  (14,7,7,2)  ok    ETA 00:30:37
[1913/2048]  (14,7,0,2)  ok    ETA 00:30:23
[1914/2048]  (14,7,4,6)  ok    ETA 00:30:09
[1915/2048]  (14,7,7,6)  ok    ETA 00:29:56
[1916/2048]  (14,7,6,6)  ok    ETA 00:29:41
[1917/2048]  (14,7,3,6)  ok    ETA 00:29:28
[1918/2048]  (14,7,2,6)  ok    ETA 00:29:15
[1919/2048]  (14,7,1,6)  ok    ETA 00:29:04
[1920/2048]  (15,0,6,2)  ok    ETA 00:28:50
[1921/2048]  (15,0,5,2)  ok    ETA 00:28:36
[1922/2048]  (15,0,4,2)  ok    ETA 00:28:22
[1923/2048]  (15,0,3,2)  ok    ETA 00:28:08
[1924/2048]  (15,0,2,2)  ok    ETA 00:27:55
[1925/2048]  (14,7,0,6)  ok    ETA 00:27:41
[1926/2048]  (15,0,7,2)  ok    ETA 00:27:28
[1927/2048]  (15,0,1,2)  ok    ETA 00:27:14
[1928/2048]  (15,0,0,2)  ok    ETA 00:27:01
[1929/2048]  (15,0,7,6)  ok    ETA 00:26:49
[1930/2048]  (15,0,5,6)  ok    ETA 00:26:35
[1931/2048]  (15,0,6,6)  ok    ETA 00:26:20
[1932/2048]  (15,0,4,6)  ok    ETA 00:26:08
[1933/2048]  (15,1,6,2)  ok    ETA 00:25:56
[1934/2048]  (15,0,3,6)  ok    ETA 00:25:42
[1935/2048]  (15,1,5,2)  ok    ETA 00:25:28
[1936/2048]  (15,1,4,2)  ok    ETA 00:25:15
[1937/2048]  (15,1,7,2)  ok    ETA 00:25:01
[1938/2048]  (15,1,3,2)  ok    ETA 00:24:48
[1939/2048]  (15,0,2,6)  ok    ETA 00:24:34
[1940/2048]  (15,1,2,2)  ok    ETA 00:24:20
[1941/2048]  (15,1,7,6)  ok    ETA 00:24:07
[1942/2048]  (15,1,6,6)  ok    ETA 00:23:54
[1943/2048]  (15,1,1,2)  ok    ETA 00:23:40
[1944/2048]  (15,1,5,6)  ok    ETA 00:23:26
[1945/2048]  (15,0,1,6)  ok    ETA 00:23:13
[1946/2048]  (15,1,0,2)  ok    ETA 00:23:00
[1947/2048]  (15,1,4,6)  ok    ETA 00:22:46
[1948/2048]  (15,2,6,2)  ok    ETA 00:22:33
[1949/2048]  (15,2,5,2)  ok    ETA 00:22:20
[1950/2048]  (15,0,0,6)  ok    ETA 00:22:06
[1951/2048]  (15,1,3,6)  ok    ETA 00:21:52
[1952/2048]  (15,2,7,2)  ok    ETA 00:21:38
[1953/2048]  (15,2,4,2)  ok    ETA 00:21:24
[1954/2048]  (15,2,3,2)  ok    ETA 00:21:11
[1955/2048]  (15,2,6,6)  ok    ETA 00:20:58
[1956/2048]  (15,2,7,6)  ok    ETA 00:20:44
[1957/2048]  (15,2,2,2)  ok    ETA 00:20:30
[1958/2048]  (15,1,2,6)  ok    ETA 00:20:17
[1959/2048]  (15,2,5,6)  ok    ETA 00:20:03
[1960/2048]  (15,2,1,2)  ok    ETA 00:19:49
[1961/2048]  (15,2,0,2)  ok    ETA 00:19:37
[1962/2048]  (15,2,4,6)  ok    ETA 00:19:23
[1963/2048]  (15,1,1,6)  ok    ETA 00:19:11
[1964/2048]  (15,3,5,2)  ok    ETA 00:18:58
[1965/2048]  (15,3,3,2)  ok    ETA 00:18:44
[1966/2048]  (15,2,3,6)  ok    ETA 00:18:30
[1967/2048]  (15,3,4,2)  ok    ETA 00:18:16
[1968/2048]  (15,3,7,2)  ok    ETA 00:18:02
[1969/2048]  (15,3,2,2)  ok    ETA 00:17:48
[1970/2048]  (15,3,1,2)  ok    ETA 00:17:35
[1971/2048]  (15,3,6,2)  ok    ETA 00:17:21
[1972/2048]  (15,3,0,2)  ok    ETA 00:17:08
[1973/2048]  (15,3,7,6)  ok    ETA 00:16:54
[1974/2048]  (15,2,2,6)  ok    ETA 00:16:40
[1975/2048]  (15,1,0,6)  ok    ETA 00:16:26
[1976/2048]  (15,3,6,6)  ok    ETA 00:16:13
[1977/2048]  (15,3,5,6)  ok    ETA 00:15:59
[1978/2048]  (15,3,4,6)  ok    ETA 00:15:46
[1979/2048]  (15,3,3,6)  ok    ETA 00:15:33
[1980/2048]  (15,2,1,6)  ok    ETA 00:15:20
[1981/2048]  (15,3,2,6)  ok    ETA 00:15:07
[1982/2048]  (15,4,5,2)  ok    ETA 00:14:54
[1983/2048]  (15,4,4,2)  ok    ETA 00:14:40
[1984/2048]  (15,4,7,2)  ok    ETA 00:14:26
[1985/2048]  (15,4,3,2)  ok    ETA 00:14:12
[1986/2048]  (15,4,6,2)  ok    ETA 00:13:58
[1987/2048]  (15,4,2,2)  ok    ETA 00:13:45
[1988/2048]  (15,4,1,2)  ok    ETA 00:13:31
[1989/2048]  (15,3,1,6)  ok    ETA 00:13:17
[1990/2048]  (15,4,7,6)  ok    ETA 00:13:03
[1991/2048]  (15,2,0,6)  ok    ETA 00:12:50
[1992/2048]  (15,4,0,2)  ok    ETA 00:12:36
[1993/2048]  (15,4,6,6)  ok    ETA 00:12:23
[1994/2048]  (15,4,5,6)  ok    ETA 00:12:09
[1995/2048]  (15,3,0,6)  ok    ETA 00:11:56
[1996/2048]  (15,4,4,6)  ok    ETA 00:11:42
[1997/2048]  (15,4,3,6)  ok    ETA 00:11:29
[1998/2048]  (15,4,2,6)  ok    ETA 00:11:16
[1999/2048]  (15,5,3,2)  ok    ETA 00:11:03
[2000/2048]  (15,5,2,2)  ok    ETA 00:10:49
  [checkpoint @ 2000]
[2001/2048]  (15,5,4,2)  ok    ETA 00:10:36
[2002/2048]  (15,5,7,2)  ok    ETA 00:10:22
[2003/2048]  (15,5,5,2)  ok    ETA 00:10:08
[2004/2048]  (15,4,1,6)  ok    ETA 00:09:54
[2005/2048]  (15,5,6,2)  ok    ETA 00:09:41
[2006/2048]  (15,5,0,2)  ok    ETA 00:09:27
[2007/2048]  (15,5,1,2)  ok    ETA 00:09:13
[2008/2048]  (15,5,7,6)  ok    ETA 00:09:00
[2009/2048]  (15,5,6,6)  ok    ETA 00:08:47
[2010/2048]  (15,4,0,6)  ok    ETA 00:08:33
[2011/2048]  (15,5,4,6)  ok    ETA 00:08:20
[2012/2048]  (15,5,5,6)  ok    ETA 00:08:06
[2013/2048]  (15,5,3,6)  ok    ETA 00:07:52
[2014/2048]  (15,5,2,6)  ok    ETA 00:07:39
[2015/2048]  (15,6,4,2)  ok    ETA 00:07:26
[2016/2048]  (15,6,3,2)  ok    ETA 00:07:12
[2017/2048]  (15,6,5,2)  ok    ETA 00:06:59
[2018/2048]  (15,5,1,6)  ok    ETA 00:06:45
[2019/2048]  (15,6,2,2)  ok    ETA 00:06:32
[2020/2048]  (15,6,1,2)  ok    ETA 00:06:18
[2021/2048]  (15,6,6,2)  ok    ETA 00:06:04
[2022/2048]  (15,6,7,2)  ok    ETA 00:05:51
[2023/2048]  (15,6,0,2)  ok    ETA 00:05:37
[2024/2048]  (15,6,7,6)  ok    ETA 00:05:24
[2025/2048]  (15,5,0,6)  ok    ETA 00:05:10
[2026/2048]  (15,6,5,6)  ok    ETA 00:04:57
[2027/2048]  (15,6,4,6)  ok    ETA 00:04:43
[2028/2048]  (15,6,6,6)  ok    ETA 00:04:29
[2029/2048]  (15,6,3,6)  ok    ETA 00:04:16
[2030/2048]  (15,6,2,6)  ok    ETA 00:04:03
[2031/2048]  (15,7,4,2)  ok    ETA 00:03:49
[2032/2048]  (15,7,3,2)  ok    ETA 00:03:36
[2033/2048]  (15,7,5,2)  ok    ETA 00:03:22
[2034/2048]  (15,7,6,2)  ok    ETA 00:03:09
[2035/2048]  (15,7,2,2)  ok    ETA 00:02:55
[2036/2048]  (15,6,1,6)  ok    ETA 00:02:42
[2037/2048]  (15,7,1,2)  ok    ETA 00:02:28
[2038/2048]  (15,7,7,2)  ok    ETA 00:02:15
[2039/2048]  (15,6,0,6)  ok    ETA 00:02:01
[2040/2048]  (15,7,5,6)  ok    ETA 00:01:47
[2041/2048]  (15,7,0,2)  ok    ETA 00:01:34
[2042/2048]  (15,7,4,6)  ok    ETA 00:01:20
[2043/2048]  (15,7,7,6)  ok    ETA 00:01:07
[2044/2048]  (15,7,6,6)  ok    ETA 00:00:53
[2045/2048]  (15,7,3,6)  ok    ETA 00:00:40
[2046/2048]  (15,7,2,6)  ok    ETA 00:00:27
[2047/2048]  (15,7,1,6)  ok    ETA 00:00:13
[2048/2048]  (15,7,0,6)  ok    ETA 00:00:00

Done. 2048 points in 462.2 min; 0 failed.
Saved → simulated/gennorm/gennorm_scan_2.npz
  corr_params:      (16, 8, 8, 8, 66)
  transform_params: (16, 8, 8, 8, 12, 4)
  WARNING: 6144 grid points have NaN.

=== job 10889435 finished Thu May  7 07:25:54 EDT 2026 ===
