=== job 10889388 started Wed May  6 23:43:29 EDT 2026 ===
    node:  holy7c18211
    cpus:  48
    python: Python 3.12.11

Resuming: 0 points already done, loaded from simulated/gennorm/gennorm_scan_0.npz
SVJ gennorm scan  job 0/3  (48 outer × 1 C++ threads)
  Grid:    16×8×8×8 = 8192 total  (2048 this job)
  To do:   2048  (already done: 0)
  Events/point: 50000
  Output:  simulated/gennorm/gennorm_scan_0.npz

[   1/2048]  (0,0,7,0)  ok    ETA 331:16:47
[   2/2048]  (0,1,7,4)  ok    ETA 167:01:07
[   3/2048]  (0,1,7,0)  ok    ETA 111:17:30
[   4/2048]  (0,2,7,0)  ok    ETA 83:30:21
[   5/2048]  (0,0,7,4)  ok    ETA 66:51:35
[   6/2048]  (0,1,6,0)  ok    ETA 56:07:57
[   7/2048]  (0,2,7,4)  ok    ETA 48:06:13
[   8/2048]  (0,0,6,0)  ok    ETA 42:04:33
[   9/2048]  (0,0,6,4)  ok    ETA 37:32:33
[  10/2048]  (0,2,6,0)  ok    ETA 33:51:00
[  11/2048]  (0,0,5,0)  ok    ETA 30:50:44
[  12/2048]  (0,1,6,4)  ok    ETA 28:20:15
[  13/2048]  (0,2,6,4)  ok    ETA 26:14:17
[  14/2048]  (0,1,5,0)  ok    ETA 24:22:42
[  15/2048]  (0,0,4,0)  ok    ETA 22:48:53
[  16/2048]  (0,2,5,0)  ok    ETA 21:23:07
[  17/2048]  (0,1,4,0)  ok    ETA 20:12:46
[  18/2048]  (0,0,5,4)  ok    ETA 19:15:07
[  19/2048]  (0,2,4,0)  ok    ETA 18:15:56
[  20/2048]  (0,1,5,4)  ok    ETA 17:20:37
[  21/2048]  (0,0,2,0)  ok    ETA 16:32:26
[  22/2048]  (0,1,3,0)  ok    ETA 15:48:03
[  23/2048]  (0,2,5,4)  ok    ETA 15:08:13
[  24/2048]  (0,0,3,0)  ok    ETA 14:31:48
[  25/2048]  (0,1,4,4)  ok    ETA 13:58:37
[  26/2048]  (0,0,4,4)  ok    ETA 13:28:26
[  27/2048]  (0,1,2,0)  ok    ETA 13:00:04
[  28/2048]  (0,0,3,4)  ok    ETA 12:35:28
[  29/2048]  (0,0,1,0)  ok    ETA 12:10:11
[  30/2048]  (0,2,3,0)  ok    ETA 11:46:11
[  31/2048]  (0,1,1,0)  ok    ETA 11:24:32
[  32/2048]  (0,0,0,0)  ok    ETA 11:02:50
[  33/2048]  (0,1,3,4)  ok    ETA 10:47:03
[  34/2048]  (0,2,2,0)  ok    ETA 10:30:33
[  35/2048]  (0,2,4,4)  ok    ETA 10:12:26
[  36/2048]  (0,1,0,0)  ok    ETA 09:56:43
[  37/2048]  (0,0,1,4)  ok    ETA 09:45:15
[  38/2048]  (0,0,2,4)  ok    ETA 09:30:47
[  39/2048]  (0,2,1,0)  ok    ETA 09:18:17
[  40/2048]  (0,1,2,4)  ok    ETA 09:05:14
[  41/2048]  (0,2,3,4)  ok    ETA 08:52:14
[  42/2048]  (0,1,1,4)  ok    ETA 08:42:31
[  43/2048]  (0,0,0,4)  ok    ETA 08:32:14
[  44/2048]  (0,2,2,4)  ok    ETA 08:22:23
[  45/2048]  (0,2,0,0)  ok    ETA 08:11:49
[  46/2048]  (0,2,1,4)  ok    ETA 08:08:49
[  47/2048]  (0,1,0,4)  ok    ETA 08:00:39
[  48/2048]  (0,2,0,4)  ok    ETA 07:58:27
[  49/2048]  (0,3,7,0)  ok    ETA 13:29:12
[  50/2048]  (0,3,7,4)  ok    ETA 13:16:48
[  51/2048]  (0,3,6,0)  ok    ETA 13:01:10
[  52/2048]  (0,3,5,0)  ok    ETA 12:47:57
[  53/2048]  (0,3,4,0)  ok    ETA 12:33:57
[  54/2048]  (0,3,6,4)  ok    ETA 12:22:42
[  55/2048]  (0,3,5,4)  ok    ETA 12:10:06
[  56/2048]  (0,3,3,0)  ok    ETA 11:58:45
[  57/2048]  (0,3,2,0)  ok    ETA 11:47:38
[  58/2048]  (0,4,7,0)  ok    ETA 11:38:46
[  59/2048]  (0,3,4,4)  ok    ETA 11:27:12
[  60/2048]  (0,4,7,4)  ok    ETA 11:15:34
[  61/2048]  (0,3,1,0)  ok    ETA 11:04:39
[  62/2048]  (0,4,6,0)  ok    ETA 10:54:01
[  63/2048]  (0,4,5,0)  ok    ETA 10:43:25
[  64/2048]  (0,3,0,0)  ok    ETA 10:33:43
[  65/2048]  (0,3,3,4)  ok    ETA 10:23:49
[  66/2048]  (0,4,4,0)  ok    ETA 10:15:12
[  67/2048]  (0,3,2,4)  ok    ETA 10:06:51
[  68/2048]  (0,4,6,4)  ok    ETA 09:59:15
[  69/2048]  (0,4,5,4)  ok    ETA 09:52:50
[  70/2048]  (0,4,3,0)  ok    ETA 09:44:31
[  71/2048]  (0,4,4,4)  ok    ETA 09:36:34
[  72/2048]  (0,3,1,4)  ok    ETA 09:29:14
[  73/2048]  (0,4,2,0)  ok    ETA 09:21:46
[  74/2048]  (0,4,1,0)  ok    ETA 09:13:57
[  75/2048]  (0,4,0,0)  ok    ETA 09:08:24
[  76/2048]  (0,4,3,4)  ok    ETA 09:01:14
[  77/2048]  (0,3,0,4)  ok    ETA 08:54:49
[  78/2048]  (0,5,6,0)  ok    ETA 08:48:40
[  79/2048]  (0,4,2,4)  ok    ETA 08:43:50
[  80/2048]  (0,5,4,0)  ok    ETA 08:37:13
[  81/2048]  (0,5,5,0)  ok    ETA 08:31:18
[  82/2048]  (0,4,1,4)  ok    ETA 08:24:53
[  83/2048]  (0,5,7,0)  ok    ETA 08:18:39
[  84/2048]  (0,5,3,0)  ok    ETA 08:13:35
[  85/2048]  (0,5,1,0)  ok    ETA 08:08:22
[  86/2048]  (0,5,2,0)  ok    ETA 08:03:41
[  87/2048]  (0,5,5,4)  ok    ETA 07:58:24
[  88/2048]  (0,4,0,4)  ok    ETA 07:53:32
[  89/2048]  (0,5,4,4)  ok    ETA 07:48:36
[  90/2048]  (0,5,0,0)  ok    ETA 07:43:13
[  91/2048]  (0,5,6,4)  ok    ETA 07:38:13
[  92/2048]  (0,5,3,4)  ok    ETA 07:34:28
[  93/2048]  (0,5,7,4)  ok    ETA 07:29:28
[  94/2048]  (0,5,1,4)  ok    ETA 07:25:08
[  95/2048]  (0,5,2,4)  ok    ETA 07:21:03
[  96/2048]  (0,5,0,4)  ok    ETA 07:18:51
[  97/2048]  (0,6,7,0)  ok    ETA 10:07:11
[  98/2048]  (0,6,6,0)  ok    ETA 10:02:32
[  99/2048]  (0,6,7,4)  ok    ETA 09:56:11
[ 100/2048]  (0,6,4,0)  ok    ETA 09:50:53
[ 101/2048]  (0,6,5,0)  ok    ETA 09:45:44
[ 102/2048]  (0,6,3,0)  ok    ETA 09:39:47
[ 103/2048]  (0,6,6,4)  ok    ETA 09:34:21
[ 104/2048]  (0,6,2,0)  ok    ETA 09:28:36
[ 105/2048]  (0,6,1,0)  ok    ETA 09:24:18
[ 106/2048]  (0,6,0,0)  ok    ETA 09:19:54
[ 107/2048]  (0,6,5,4)  ok    ETA 09:14:46
[ 108/2048]  (0,6,3,4)  ok    ETA 09:10:28
[ 109/2048]  (0,6,2,4)  ok    ETA 09:05:37
[ 110/2048]  (0,6,4,4)  ok    ETA 09:00:30
[ 111/2048]  (0,6,1,4)  ok    ETA 08:55:37
[ 112/2048]  (0,6,0,4)  ok    ETA 08:51:18
[ 113/2048]  (0,7,6,0)  ok    ETA 08:47:33
[ 114/2048]  (0,7,5,0)  ok    ETA 08:42:43
[ 115/2048]  (0,7,7,0)  ok    ETA 08:38:02
[ 116/2048]  (0,7,6,4)  ok    ETA 08:34:24
[ 117/2048]  (0,7,4,0)  ok    ETA 08:30:15
[ 118/2048]  (0,7,1,0)  ok    ETA 08:26:40
[ 119/2048]  (0,7,3,0)  ok    ETA 08:22:13
[ 120/2048]  (0,7,5,4)  ok    ETA 08:17:48
[ 121/2048]  (0,7,7,4)  ok    ETA 08:13:38
[ 122/2048]  (0,7,2,0)  ok    ETA 08:09:27
[ 123/2048]  (0,7,0,0)  ok    ETA 08:05:47
[ 124/2048]  (1,0,7,0)  ok    ETA 08:02:08
[ 125/2048]  (0,7,4,4)  ok    ETA 07:58:53
[ 126/2048]  (0,7,3,4)  ok    ETA 07:55:04
[ 127/2048]  (1,0,6,0)  ok    ETA 07:51:30
[ 128/2048]  (0,7,2,4)  ok    ETA 07:48:33
[ 129/2048]  (1,0,5,0)  ok    ETA 07:44:59
[ 130/2048]  (0,7,1,4)  ok    ETA 07:41:35
[ 131/2048]  (1,0,4,0)  ok    ETA 07:37:57
[ 132/2048]  (0,7,0,4)  ok    ETA 07:34:42
[ 133/2048]  (1,0,3,0)  ok    ETA 07:31:05
[ 134/2048]  (1,0,7,4)  ok    ETA 07:28:02
[ 135/2048]  (1,0,6,4)  ok    ETA 07:25:11
[ 136/2048]  (1,0,2,0)  ok    ETA 07:22:21
[ 137/2048]  (1,0,1,0)  ok    ETA 07:19:18
[ 138/2048]  (1,0,5,4)  ok    ETA 07:16:56
[ 139/2048]  (1,0,0,0)  ok    ETA 07:15:00
[ 140/2048]  (1,0,4,4)  ok    ETA 07:11:42
[ 141/2048]  (1,0,3,4)  ok    ETA 07:10:32
[ 142/2048]  (1,0,2,4)  ok    ETA 07:09:40
[ 143/2048]  (1,0,1,4)  ok    ETA 07:07:31
[ 144/2048]  (1,0,0,4)  ok    ETA 07:06:49
[ 145/2048]  (1,1,7,0)  ok    ETA 08:49:01
[ 146/2048]  (1,1,6,0)  ok    ETA 08:45:50
[ 147/2048]  (1,1,5,0)  ok    ETA 08:43:58
[ 148/2048]  (1,1,7,4)  ok    ETA 08:40:55
[ 149/2048]  (1,1,6,4)  ok    ETA 08:38:41
[ 150/2048]  (1,1,4,0)  ok    ETA 08:35:04
[ 151/2048]  (1,1,3,0)  ok    ETA 08:32:16
[ 152/2048]  (1,1,2,0)  ok    ETA 08:29:02
[ 153/2048]  (1,1,5,4)  ok    ETA 08:26:06
[ 154/2048]  (1,1,1,0)  ok    ETA 08:22:56
[ 155/2048]  (1,2,7,0)  ok    ETA 08:19:37
[ 156/2048]  (1,2,7,4)  ok    ETA 08:17:24
[ 157/2048]  (1,1,4,4)  ok    ETA 08:14:01
[ 158/2048]  (1,2,6,0)  ok    ETA 08:10:46
[ 159/2048]  (1,1,3,4)  ok    ETA 08:07:45
[ 160/2048]  (1,2,5,0)  ok    ETA 08:04:42
[ 161/2048]  (1,1,0,0)  ok    ETA 08:01:48
[ 162/2048]  (1,2,6,4)  ok    ETA 07:59:18
[ 163/2048]  (1,2,4,0)  ok    ETA 07:56:25
[ 164/2048]  (1,1,2,4)  ok    ETA 07:55:52
[ 165/2048]  (1,2,3,0)  ok    ETA 07:52:57
[ 166/2048]  (1,2,5,4)  ok    ETA 07:50:53
[ 167/2048]  (1,2,4,4)  ok    ETA 07:48:27
[ 168/2048]  (1,2,2,0)  ok    ETA 07:45:26
[ 169/2048]  (1,1,1,4)  ok    ETA 07:42:34
[ 170/2048]  (1,3,6,0)  ok    ETA 07:39:55
[ 171/2048]  (1,2,1,0)  ok    ETA 07:37:03
[ 172/2048]  (1,3,4,0)  ok    ETA 07:34:14
[ 173/2048]  (1,3,5,0)  ok    ETA 07:32:09
[ 174/2048]  (1,3,3,0)  ok    ETA 07:29:34
[ 175/2048]  (1,1,0,4)  ok    ETA 07:26:53
[ 176/2048]  (1,3,7,0)  ok    ETA 07:24:40
[ 177/2048]  (1,3,2,0)  ok    ETA 07:22:14
[ 178/2048]  (1,3,1,0)  ok    ETA 07:20:09
[ 179/2048]  (1,2,0,0)  ok    ETA 07:17:30
[ 180/2048]  (1,3,5,4)  ok    ETA 07:14:58
[ 181/2048]  (1,2,3,4)  ok    ETA 07:12:28
[ 182/2048]  (1,3,6,4)  ok    ETA 07:10:27
[ 183/2048]  (1,3,4,4)  ok    ETA 07:08:13
[ 184/2048]  (1,3,0,0)  ok    ETA 07:06:25
[ 185/2048]  (1,3,3,4)  ok    ETA 07:04:07
[ 186/2048]  (1,3,7,4)  ok    ETA 07:01:45
[ 187/2048]  (1,2,2,4)  ok    ETA 06:59:54
[ 188/2048]  (1,3,2,4)  ok    ETA 06:57:55
[ 189/2048]  (1,3,1,4)  ok    ETA 06:57:14
[ 190/2048]  (1,2,1,4)  ok    ETA 06:55:01
[ 191/2048]  (1,2,0,4)  ok    ETA 06:54:33
[ 192/2048]  (1,3,0,4)  ok    ETA 06:52:30
[ 193/2048]  (1,4,7,0)  ok    ETA 08:07:51
[ 194/2048]  (1,4,6,0)  ok    ETA 08:05:57
[ 195/2048]  (1,4,5,0)  ok    ETA 08:03:27
[ 196/2048]  (1,4,7,4)  ok    ETA 08:00:44
[ 197/2048]  (1,4,4,0)  ok    ETA 07:59:08
[ 198/2048]  (1,4,1,0)  ok    ETA 07:56:53
[ 199/2048]  (1,4,6,4)  ok    ETA 07:54:17
[ 200/2048]  (1,4,0,0)  ok    ETA 07:52:03
  [checkpoint @ 200]
[ 201/2048]  (1,4,3,0)  ok    ETA 07:49:44
[ 202/2048]  (1,4,2,0)  ok    ETA 07:47:56
[ 203/2048]  (1,4,5,4)  ok    ETA 07:45:37
[ 204/2048]  (1,4,4,4)  ok    ETA 07:43:28
[ 205/2048]  (1,4,3,4)  ok    ETA 07:42:45
[ 206/2048]  (1,5,7,0)  ok    ETA 07:40:24
[ 207/2048]  (1,4,2,4)  ok    ETA 07:38:26
[ 208/2048]  (1,5,6,0)  ok    ETA 07:36:35
[ 209/2048]  (1,5,5,0)  ok    ETA 07:34:23
[ 210/2048]  (1,4,0,4)  ok    ETA 07:32:01
[ 211/2048]  (1,4,1,4)  ok    ETA 07:29:56
[ 212/2048]  (1,5,7,4)  ok    ETA 07:27:35
[ 213/2048]  (1,5,6,4)  ok    ETA 07:25:35
[ 214/2048]  (1,5,3,0)  ok    ETA 07:23:59
[ 215/2048]  (1,5,4,0)  ok    ETA 07:21:41
[ 216/2048]  (1,5,1,0)  ok    ETA 07:19:26
[ 217/2048]  (1,5,5,4)  ok    ETA 07:17:51
[ 218/2048]  (1,5,2,0)  ok    ETA 07:15:55
[ 219/2048]  (1,5,0,0)  ok    ETA 07:13:56
[ 220/2048]  (1,5,4,4)  ok    ETA 07:12:47
[ 221/2048]  (1,5,3,4)  ok    ETA 07:11:13
[ 222/2048]  (1,6,5,0)  ok    ETA 07:09:06
[ 223/2048]  (1,6,6,0)  ok    ETA 07:07:18
[ 224/2048]  (1,6,4,0)  ok    ETA 07:05:25
[ 225/2048]  (1,6,3,0)  ok    ETA 07:03:18
[ 226/2048]  (1,5,2,4)  ok    ETA 07:01:52
[ 227/2048]  (1,6,5,4)  ok    ETA 06:59:57
[ 228/2048]  (1,5,1,4)  ok    ETA 06:57:58
[ 229/2048]  (1,6,2,0)  ok    ETA 06:56:10
[ 230/2048]  (1,6,7,0)  ok    ETA 06:54:15
[ 231/2048]  (1,5,0,4)  ok    ETA 06:52:20
[ 232/2048]  (1,6,6,4)  ok    ETA 06:50:27
[ 233/2048]  (1,6,7,4)  ok    ETA 06:49:00
[ 234/2048]  (1,6,1,0)  ok    ETA 06:47:04
[ 235/2048]  (1,6,0,0)  ok    ETA 06:45:45
[ 236/2048]  (1,6,4,4)  ok    ETA 06:43:55
[ 237/2048]  (1,6,2,4)  ok    ETA 06:42:48
[ 238/2048]  (1,6,3,4)  ok    ETA 06:40:54
[ 239/2048]  (1,6,1,4)  ok    ETA 06:40:39
[ 240/2048]  (1,6,0,4)  ok    ETA 06:39:49
[ 241/2048]  (1,7,7,0)  ok    ETA 07:38:26
[ 242/2048]  (1,7,5,0)  ok    ETA 07:36:48
[ 243/2048]  (1,7,4,0)  ok    ETA 07:35:00
[ 244/2048]  (1,7,3,0)  ok    ETA 07:33:28
[ 245/2048]  (1,7,6,0)  ok    ETA 07:31:32
[ 246/2048]  (1,7,7,4)  ok    ETA 07:29:42
[ 247/2048]  (1,7,5,4)  ok    ETA 07:27:44
[ 248/2048]  (1,7,2,0)  ok    ETA 07:25:45
[ 249/2048]  (1,7,0,0)  ok    ETA 07:23:51
[ 250/2048]  (1,7,1,0)  ok    ETA 07:22:08
[ 251/2048]  (1,7,6,4)  ok    ETA 07:20:10
[ 252/2048]  (1,7,4,4)  ok    ETA 07:18:46
[ 253/2048]  (1,7,3,4)  ok    ETA 07:17:33
[ 254/2048]  (2,0,7,0)  ok    ETA 07:16:00
[ 255/2048]  (2,0,5,0)  ok    ETA 07:14:26
[ 256/2048]  (1,7,1,4)  ok    ETA 07:12:32
[ 257/2048]  (1,7,2,4)  ok    ETA 07:10:42
[ 258/2048]  (2,0,4,0)  ok    ETA 07:09:10
[ 259/2048]  (2,0,6,0)  ok    ETA 07:07:25
[ 260/2048]  (2,0,7,4)  ok    ETA 07:05:34
[ 261/2048]  (2,0,3,0)  ok    ETA 07:03:53
[ 262/2048]  (1,7,0,4)  ok    ETA 07:02:14
[ 263/2048]  (2,0,2,0)  ok    ETA 07:00:42
[ 264/2048]  (2,0,1,0)  ok    ETA 06:59:05
[ 265/2048]  (2,0,6,4)  ok    ETA 06:58:02
[ 266/2048]  (2,0,0,0)  ok    ETA 06:56:21
[ 267/2048]  (2,0,5,4)  ok    ETA 06:55:17
[ 268/2048]  (2,0,4,4)  ok    ETA 06:54:05
[ 269/2048]  (2,1,6,0)  ok    ETA 06:52:41
[ 270/2048]  (2,1,5,0)  ok    ETA 06:50:57
[ 271/2048]  (2,1,7,0)  ok    ETA 06:49:36
[ 272/2048]  (2,1,4,0)  ok    ETA 06:48:29
[ 273/2048]  (2,0,3,4)  ok    ETA 06:46:52
[ 274/2048]  (2,1,3,0)  ok    ETA 06:45:16
[ 275/2048]  (2,1,6,4)  ok    ETA 06:44:12
[ 276/2048]  (2,1,2,0)  ok    ETA 06:42:31
[ 277/2048]  (2,0,2,4)  ok    ETA 06:41:18
[ 278/2048]  (2,1,7,4)  ok    ETA 06:40:02
[ 279/2048]  (2,1,5,4)  ok    ETA 06:38:31
[ 280/2048]  (2,0,1,4)  ok    ETA 06:37:01
[ 281/2048]  (2,1,1,0)  ok    ETA 06:36:14
[ 282/2048]  (2,1,4,4)  ok    ETA 06:35:13
[ 283/2048]  (2,0,0,4)  ok    ETA 06:33:55
[ 284/2048]  (2,1,3,4)  ok    ETA 06:32:38
[ 285/2048]  (2,1,0,0)  ok    ETA 06:31:07
[ 286/2048]  (2,1,2,4)  ok    ETA 06:31:48
[ 287/2048]  (2,1,1,4)  ok    ETA 06:31:46
[ 288/2048]  (2,1,0,4)  ok    ETA 06:31:59
[ 289/2048]  (2,2,7,0)  ok    ETA 07:14:19
[ 290/2048]  (2,2,6,0)  ok    ETA 07:13:06
[ 291/2048]  (2,2,5,0)  ok    ETA 07:11:40
[ 292/2048]  (2,2,7,4)  ok    ETA 07:10:05
[ 293/2048]  (2,2,4,0)  ok    ETA 07:08:53
[ 294/2048]  (2,2,6,4)  ok    ETA 07:08:22
[ 295/2048]  (2,2,3,0)  ok    ETA 07:07:03
[ 296/2048]  (2,2,5,4)  ok    ETA 07:06:10
[ 297/2048]  (2,3,7,0)  ok    ETA 07:04:52
[ 298/2048]  (2,2,2,0)  ok    ETA 07:03:28
[ 299/2048]  (2,2,1,0)  ok    ETA 07:02:07
[ 300/2048]  (2,3,6,0)  ok    ETA 07:00:37
[ 301/2048]  (2,2,4,4)  ok    ETA 06:59:03
[ 302/2048]  (2,3,5,0)  ok    ETA 06:57:30
[ 303/2048]  (2,3,4,0)  ok    ETA 06:56:10
[ 304/2048]  (2,3,7,4)  ok    ETA 06:54:35
[ 305/2048]  (2,3,3,0)  ok    ETA 06:53:01
[ 306/2048]  (2,3,6,4)  ok    ETA 06:51:49
[ 307/2048]  (2,2,0,0)  ok    ETA 06:50:15
[ 308/2048]  (2,3,2,0)  ok    ETA 06:49:01
[ 309/2048]  (2,3,1,0)  ok    ETA 06:48:06
[ 310/2048]  (2,2,3,4)  ok    ETA 06:46:51
[ 311/2048]  (2,3,0,0)  ok    ETA 06:45:20
[ 312/2048]  (2,3,5,4)  ok    ETA 06:44:02
[ 313/2048]  (2,3,4,4)  ok    ETA 06:42:42
[ 314/2048]  (2,3,3,4)  ok    ETA 06:41:47
[ 315/2048]  (2,2,2,4)  ok    ETA 06:41:12
[ 316/2048]  (2,4,6,0)  ok    ETA 06:39:43
[ 317/2048]  (2,3,2,4)  ok    ETA 06:38:25
[ 318/2048]  (2,4,4,0)  ok    ETA 06:37:30
[ 319/2048]  (2,4,5,0)  ok    ETA 06:36:27
[ 320/2048]  (2,4,3,0)  ok    ETA 06:35:02
[ 321/2048]  (2,4,2,0)  ok    ETA 06:33:49
[ 322/2048]  (2,2,1,4)  ok    ETA 06:32:38
[ 323/2048]  (2,3,1,4)  ok    ETA 06:31:19
[ 324/2048]  (2,4,1,0)  ok    ETA 06:30:09
[ 325/2048]  (2,4,5,4)  ok    ETA 06:29:10
[ 326/2048]  (2,4,0,0)  ok    ETA 06:27:46
[ 327/2048]  (2,4,7,0)  ok    ETA 06:26:31
[ 328/2048]  (2,2,0,4)  ok    ETA 06:25:11
[ 329/2048]  (2,4,4,4)  ok    ETA 06:24:10
[ 330/2048]  (2,3,0,4)  ok    ETA 06:22:58
[ 331/2048]  (2,4,3,4)  ok    ETA 06:21:43
[ 332/2048]  (2,4,6,4)  ok    ETA 06:20:29
[ 333/2048]  (2,4,2,4)  ok    ETA 06:19:58
[ 334/2048]  (2,4,7,4)  ok    ETA 06:19:25
[ 335/2048]  (2,4,1,4)  ok    ETA 06:18:10
[ 336/2048]  (2,4,0,4)  ok    ETA 06:17:53
[ 337/2048]  (2,5,7,0)  ok    ETA 06:55:32
[ 338/2048]  (2,5,6,0)  ok    ETA 06:54:40
[ 339/2048]  (2,5,7,4)  ok    ETA 06:53:21
[ 340/2048]  (2,5,5,0)  ok    ETA 06:52:04
[ 341/2048]  (2,5,2,0)  ok    ETA 06:50:43
[ 342/2048]  (2,5,1,0)  ok    ETA 06:49:17
[ 343/2048]  (2,5,0,0)  ok    ETA 06:48:03
[ 344/2048]  (2,5,4,0)  ok    ETA 06:46:38
[ 345/2048]  (2,5,3,0)  ok    ETA 06:45:31
[ 346/2048]  (2,5,6,4)  ok    ETA 06:44:27
[ 347/2048]  (2,5,5,4)  ok    ETA 06:43:39
[ 348/2048]  (2,5,4,4)  ok    ETA 06:43:13
[ 349/2048]  (2,5,3,4)  ok    ETA 06:42:20
[ 350/2048]  (2,6,4,0)  ok    ETA 06:41:16
[ 351/2048]  (2,6,6,0)  ok    ETA 06:39:54
[ 352/2048]  (2,5,1,4)  ok    ETA 06:38:36
[ 353/2048]  (2,6,7,0)  ok    ETA 06:37:16
[ 354/2048]  (2,5,2,4)  ok    ETA 06:36:00
[ 355/2048]  (2,6,5,0)  ok    ETA 06:34:49
[ 356/2048]  (2,6,3,0)  ok    ETA 06:33:29
[ 357/2048]  (2,6,7,4)  ok    ETA 06:32:28
[ 358/2048]  (2,5,0,4)  ok    ETA 06:31:20
[ 359/2048]  (2,6,1,0)  ok    ETA 06:30:10
[ 360/2048]  (2,6,2,0)  ok    ETA 06:28:56
[ 361/2048]  (2,6,0,0)  ok    ETA 06:27:53
[ 362/2048]  (2,6,5,4)  ok    ETA 06:26:41
[ 363/2048]  (2,6,6,4)  ok    ETA 06:25:36
[ 364/2048]  (2,6,4,4)  ok    ETA 06:24:40
[ 365/2048]  (2,6,3,4)  ok    ETA 06:24:04
[ 366/2048]  (2,7,5,0)  ok    ETA 06:23:23
[ 367/2048]  (2,7,7,0)  ok    ETA 06:22:11
[ 368/2048]  (2,6,2,4)  ok    ETA 06:20:59
[ 369/2048]  (2,7,6,0)  ok    ETA 06:19:43
[ 370/2048]  (2,6,1,4)  ok    ETA 06:18:51
[ 371/2048]  (2,7,4,0)  ok    ETA 06:18:00
[ 372/2048]  (2,7,3,0)  ok    ETA 06:17:01
[ 373/2048]  (2,6,0,4)  ok    ETA 06:16:10
[ 374/2048]  (2,7,5,4)  ok    ETA 06:15:04
[ 375/2048]  (2,7,7,4)  ok    ETA 06:13:57
[ 376/2048]  (2,7,1,0)  ok    ETA 06:12:47
[ 377/2048]  (2,7,6,4)  ok    ETA 06:11:38
[ 378/2048]  (2,7,2,0)  ok    ETA 06:10:27
[ 379/2048]  (2,7,0,0)  ok    ETA 06:09:31
[ 380/2048]  (2,7,4,4)  ok    ETA 06:08:23
[ 381/2048]  (2,7,3,4)  ok    ETA 06:08:00
[ 382/2048]  (2,7,2,4)  ok    ETA 06:07:23
[ 383/2048]  (2,7,1,4)  ok    ETA 06:06:56
[ 384/2048]  (2,7,0,4)  ok    ETA 06:06:34
[ 385/2048]  (3,0,4,0)  ok    ETA 06:37:05
[ 386/2048]  (3,0,5,0)  ok    ETA 06:35:52
[ 387/2048]  (3,0,7,0)  ok    ETA 06:34:58
[ 388/2048]  (3,0,3,0)  ok    ETA 06:33:48
[ 389/2048]  (3,0,2,0)  ok    ETA 06:33:16
[ 390/2048]  (3,0,6,0)  ok    ETA 06:32:04
[ 391/2048]  (3,0,0,0)  ok    ETA 06:30:59
[ 392/2048]  (3,0,1,0)  ok    ETA 06:29:47
[ 393/2048]  (3,0,7,4)  ok    ETA 06:28:56
[ 394/2048]  (3,0,6,4)  ok    ETA 06:28:16
[ 395/2048]  (3,0,4,4)  ok    ETA 06:27:37
[ 396/2048]  (3,0,5,4)  ok    ETA 06:26:50
[ 397/2048]  (3,1,5,0)  ok    ETA 06:25:51
[ 398/2048]  (3,1,7,0)  ok    ETA 06:24:48
[ 399/2048]  (3,0,3,4)  ok    ETA 06:23:37
[ 400/2048]  (3,1,6,0)  ok    ETA 06:22:41
  [checkpoint @ 400]
[ 401/2048]  (3,1,4,0)  ok    ETA 06:21:53
[ 402/2048]  (3,0,2,4)  ok    ETA 06:20:57
[ 403/2048]  (3,1,3,0)  ok    ETA 06:19:50
[ 404/2048]  (3,1,7,4)  ok    ETA 06:18:42
[ 405/2048]  (3,1,2,0)  ok    ETA 06:17:51
[ 406/2048]  (3,1,6,4)  ok    ETA 06:17:10
[ 407/2048]  (3,1,5,4)  ok    ETA 06:16:21
[ 408/2048]  (3,0,1,4)  ok    ETA 06:15:22
[ 409/2048]  (3,1,1,0)  ok    ETA 06:14:18
[ 410/2048]  (3,1,0,0)  ok    ETA 06:13:32
[ 411/2048]  (3,1,4,4)  ok    ETA 06:12:27
[ 412/2048]  (3,0,0,4)  ok    ETA 06:11:52
[ 413/2048]  (3,2,5,0)  ok    ETA 06:10:56
[ 414/2048]  (3,2,6,0)  ok    ETA 06:10:09
[ 415/2048]  (3,1,3,4)  ok    ETA 06:09:13
[ 416/2048]  (3,2,7,0)  ok    ETA 06:08:12
[ 417/2048]  (3,2,4,0)  ok    ETA 06:07:15
[ 418/2048]  (3,2,3,0)  ok    ETA 06:07:04
[ 419/2048]  (3,2,7,4)  ok    ETA 06:06:04
[ 420/2048]  (3,2,6,4)  ok    ETA 06:05:02
[ 421/2048]  (3,1,2,4)  ok    ETA 06:04:04
[ 422/2048]  (3,2,5,4)  ok    ETA 06:03:24
[ 423/2048]  (3,2,2,0)  ok    ETA 06:02:40
[ 424/2048]  (3,1,1,4)  ok    ETA 06:01:49
[ 425/2048]  (3,2,1,0)  ok    ETA 06:00:58
[ 426/2048]  (3,2,0,0)  ok    ETA 05:59:59
[ 427/2048]  (3,2,4,4)  ok    ETA 05:59:22
[ 428/2048]  (3,1,0,4)  ok    ETA 05:59:09
[ 429/2048]  (3,2,3,4)  ok    ETA 05:58:44
[ 430/2048]  (3,2,2,4)  ok    ETA 05:59:04
[ 431/2048]  (3,2,1,4)  ok    ETA 05:59:04
[ 432/2048]  (3,2,0,4)  ok    ETA 05:59:11
[ 433/2048]  (3,3,7,0)  ok    ETA 06:21:22
[ 434/2048]  (3,3,3,0)  ok    ETA 06:20:39
[ 435/2048]  (3,3,6,0)  ok    ETA 06:19:34
[ 436/2048]  (3,3,4,0)  ok    ETA 06:18:30
[ 437/2048]  (3,3,5,0)  ok    ETA 06:17:30
[ 438/2048]  (3,3,7,4)  ok    ETA 06:16:27
[ 439/2048]  (3,3,2,0)  ok    ETA 06:16:01
[ 440/2048]  (3,3,1,0)  ok    ETA 06:15:00
[ 441/2048]  (3,3,6,4)  ok    ETA 06:14:19
[ 442/2048]  (3,3,0,0)  ok    ETA 06:13:21
[ 443/2048]  (3,3,5,4)  ok    ETA 06:12:57
[ 444/2048]  (3,3,4,4)  ok    ETA 06:11:58
[ 445/2048]  (3,3,3,4)  ok    ETA 06:11:30
[ 446/2048]  (3,4,7,0)  ok    ETA 06:10:53
[ 447/2048]  (3,4,6,0)  ok    ETA 06:09:57
[ 448/2048]  (3,4,5,0)  ok    ETA 06:08:57
[ 449/2048]  (3,3,2,4)  ok    ETA 06:08:05
[ 450/2048]  (3,4,4,0)  ok    ETA 06:07:11
[ 451/2048]  (3,4,3,0)  ok    ETA 06:06:31
[ 452/2048]  (3,4,2,0)  ok    ETA 06:05:29
[ 453/2048]  (3,4,7,4)  ok    ETA 06:04:33
[ 454/2048]  (3,3,1,4)  ok    ETA 06:03:33
[ 455/2048]  (3,4,1,0)  ok    ETA 06:02:39
[ 456/2048]  (3,4,6,4)  ok    ETA 06:02:06
[ 457/2048]  (3,4,0,0)  ok    ETA 06:01:16
[ 458/2048]  (3,3,0,4)  ok    ETA 06:00:16
[ 459/2048]  (3,4,5,4)  ok    ETA 05:59:32
[ 460/2048]  (3,4,4,4)  ok    ETA 05:58:43
[ 461/2048]  (3,4,3,4)  ok    ETA 05:58:28
[ 462/2048]  (3,4,2,4)  ok    ETA 05:58:04
[ 463/2048]  (3,5,5,0)  ok    ETA 05:57:14
[ 464/2048]  (3,4,1,4)  ok    ETA 05:56:32
[ 465/2048]  (3,5,4,0)  ok    ETA 05:55:42
[ 466/2048]  (3,5,2,0)  ok    ETA 05:55:05
[ 467/2048]  (3,5,3,0)  ok    ETA 05:54:07
[ 468/2048]  (3,4,0,4)  ok    ETA 05:53:14
[ 469/2048]  (3,5,0,0)  ok    ETA 05:52:21
[ 470/2048]  (3,5,6,0)  ok    ETA 05:51:26
[ 471/2048]  (3,5,1,0)  ok    ETA 05:50:35
[ 472/2048]  (3,5,4,4)  ok    ETA 05:50:31
[ 473/2048]  (3,5,5,4)  ok    ETA 05:49:34
[ 474/2048]  (3,5,3,4)  ok    ETA 05:49:03
[ 475/2048]  (3,5,7,0)  ok    ETA 05:48:10
[ 476/2048]  (3,5,2,4)  ok    ETA 05:47:33
[ 477/2048]  (3,5,6,4)  ok    ETA 05:46:38
[ 478/2048]  (3,5,1,4)  ok    ETA 05:46:13
[ 479/2048]  (3,5,7,4)  ok    ETA 05:46:02
[ 480/2048]  (3,5,0,4)  ok    ETA 05:45:20
[ 481/2048]  (3,6,7,0)  ok    ETA 06:07:10
[ 482/2048]  (3,6,6,0)  ok    ETA 06:06:15
[ 483/2048]  (3,6,3,0)  ok    ETA 06:05:20
[ 484/2048]  (3,6,5,0)  ok    ETA 06:04:21
[ 485/2048]  (3,6,4,0)  ok    ETA 06:03:22
[ 486/2048]  (3,6,2,0)  ok    ETA 06:02:35
[ 487/2048]  (3,6,7,4)  ok    ETA 06:01:48
[ 488/2048]  (3,6,1,0)  ok    ETA 06:00:58
[ 489/2048]  (3,6,0,0)  ok    ETA 06:00:24
[ 490/2048]  (3,6,5,4)  ok    ETA 05:59:40
[ 491/2048]  (3,6,4,4)  ok    ETA 05:58:46
[ 492/2048]  (3,6,6,4)  ok    ETA 05:57:49
[ 493/2048]  (3,6,3,4)  ok    ETA 05:57:14
[ 494/2048]  (3,6,2,4)  ok    ETA 05:56:33
[ 495/2048]  (3,7,5,0)  ok    ETA 05:56:31
[ 496/2048]  (3,6,1,4)  ok    ETA 05:55:39
[ 497/2048]  (3,7,6,0)  ok    ETA 05:54:57
[ 498/2048]  (3,7,3,0)  ok    ETA 05:54:09
[ 499/2048]  (3,7,7,0)  ok    ETA 05:53:13
[ 500/2048]  (3,7,4,0)  ok    ETA 05:52:29
[ 501/2048]  (3,6,0,4)  ok    ETA 05:51:36
[ 502/2048]  (3,7,2,0)  ok    ETA 05:50:46
[ 503/2048]  (3,7,7,4)  ok    ETA 05:50:12
[ 504/2048]  (3,7,5,4)  ok    ETA 05:49:22
[ 505/2048]  (3,7,1,0)  ok    ETA 05:48:30
[ 506/2048]  (3,7,0,0)  ok    ETA 05:47:42
[ 507/2048]  (3,7,4,4)  ok    ETA 05:47:04
[ 508/2048]  (3,7,6,4)  ok    ETA 05:46:17
[ 509/2048]  (3,7,3,4)  ok    ETA 05:45:53
[ 510/2048]  (3,7,2,4)  ok    ETA 05:45:02
[ 511/2048]  (4,0,6,0)  ok    ETA 05:44:31
[ 512/2048]  (4,0,3,0)  ok    ETA 05:43:49
[ 513/2048]  (4,0,4,0)  ok    ETA 05:43:04
[ 514/2048]  (4,0,2,0)  ok    ETA 05:42:12
[ 515/2048]  (4,0,5,0)  ok    ETA 05:41:21
[ 516/2048]  (3,7,1,4)  ok    ETA 05:40:34
[ 517/2048]  (4,0,1,0)  ok    ETA 05:39:51
[ 518/2048]  (4,0,7,0)  ok    ETA 05:39:06
[ 519/2048]  (3,7,0,4)  ok    ETA 05:38:20
[ 520/2048]  (4,0,0,0)  ok    ETA 05:37:38
[ 521/2048]  (4,0,7,4)  ok    ETA 05:37:26
[ 522/2048]  (4,0,6,4)  ok    ETA 05:36:54
[ 523/2048]  (4,0,5,4)  ok    ETA 05:36:29
[ 524/2048]  (4,0,4,4)  ok    ETA 05:35:59
[ 525/2048]  (4,0,3,4)  ok    ETA 05:35:47
[ 526/2048]  (4,0,2,4)  ok    ETA 05:34:58
[ 527/2048]  (4,0,1,4)  ok    ETA 05:35:07
[ 528/2048]  (4,0,0,4)  ok    ETA 05:35:16
[ 529/2048]  (4,1,6,0)  ok    ETA 05:52:00
[ 530/2048]  (4,1,5,0)  ok    ETA 05:51:45
[ 531/2048]  (4,1,7,0)  ok    ETA 05:50:52
[ 532/2048]  (4,1,4,0)  ok    ETA 05:50:09
[ 533/2048]  (4,1,3,0)  ok    ETA 05:49:32
[ 534/2048]  (4,1,2,0)  ok    ETA 05:48:45
[ 535/2048]  (4,1,7,4)  ok    ETA 05:48:19
[ 536/2048]  (4,1,6,4)  ok    ETA 05:47:45
[ 537/2048]  (4,1,1,0)  ok    ETA 05:47:02
[ 538/2048]  (4,1,5,4)  ok    ETA 05:46:13
[ 539/2048]  (4,1,0,0)  ok    ETA 05:45:48
[ 540/2048]  (4,1,4,4)  ok    ETA 05:45:24
[ 541/2048]  (4,2,7,0)  ok    ETA 05:44:46
[ 542/2048]  (4,2,6,0)  ok    ETA 05:44:20
[ 543/2048]  (4,1,3,4)  ok    ETA 05:43:29
[ 544/2048]  (4,2,5,0)  ok    ETA 05:42:44
[ 545/2048]  (4,2,7,4)  ok    ETA 05:42:19
[ 546/2048]  (4,2,4,0)  ok    ETA 05:41:34
[ 547/2048]  (4,1,2,4)  ok    ETA 05:40:46
[ 548/2048]  (4,2,3,0)  ok    ETA 05:40:14
[ 549/2048]  (4,2,6,4)  ok    ETA 05:39:27
[ 550/2048]  (4,2,2,0)  ok    ETA 05:39:04
[ 551/2048]  (4,2,5,4)  ok    ETA 05:38:34
[ 552/2048]  (4,1,1,4)  ok    ETA 05:37:44
[ 553/2048]  (4,2,1,0)  ok    ETA 05:36:58
[ 554/2048]  (4,3,3,0)  ok    ETA 05:36:49
[ 555/2048]  (4,2,0,0)  ok    ETA 05:36:03
[ 556/2048]  (4,2,4,4)  ok    ETA 05:35:21
[ 557/2048]  (4,3,4,0)  ok    ETA 05:34:33
[ 558/2048]  (4,3,5,0)  ok    ETA 05:33:48
[ 559/2048]  (4,3,2,0)  ok    ETA 05:33:20
[ 560/2048]  (4,1,0,4)  ok    ETA 05:32:33
[ 561/2048]  (4,3,6,0)  ok    ETA 05:31:48
[ 562/2048]  (4,3,1,0)  ok    ETA 05:31:03
[ 563/2048]  (4,3,7,0)  ok    ETA 05:30:41
[ 564/2048]  (4,2,3,4)  ok    ETA 05:29:55
[ 565/2048]  (4,3,0,0)  ok    ETA 05:29:18
[ 566/2048]  (4,3,6,4)  ok    ETA 05:28:47
[ 567/2048]  (4,3,5,4)  ok    ETA 05:28:14
[ 568/2048]  (4,3,4,4)  ok    ETA 05:27:33
[ 569/2048]  (4,2,2,4)  ok    ETA 05:26:47
[ 570/2048]  (4,3,3,4)  ok    ETA 05:26:07
[ 571/2048]  (4,3,7,4)  ok    ETA 05:25:52
[ 572/2048]  (4,3,2,4)  ok    ETA 05:25:07
[ 573/2048]  (4,2,1,4)  ok    ETA 05:24:47
[ 574/2048]  (4,3,1,4)  ok    ETA 05:24:26
[ 575/2048]  (4,2,0,4)  ok    ETA 05:24:23
[ 576/2048]  (4,3,0,4)  ok    ETA 05:23:41
[ 577/2048]  (4,4,5,0)  ok    ETA 05:39:36
[ 578/2048]  (4,4,3,0)  ok    ETA 05:38:47
[ 579/2048]  (4,4,7,0)  ok    ETA 05:38:06
[ 580/2048]  (4,4,4,0)  ok    ETA 05:37:19
[ 581/2048]  (4,4,2,0)  ok    ETA 05:36:32
[ 582/2048]  (4,4,6,0)  ok    ETA 05:35:44
[ 583/2048]  (4,4,0,0)  ok    ETA 05:35:07
[ 584/2048]  (4,4,1,0)  ok    ETA 05:34:22
[ 585/2048]  (4,4,7,4)  ok    ETA 05:34:01
[ 586/2048]  (4,4,5,4)  ok    ETA 05:33:39
[ 587/2048]  (4,4,6,4)  ok    ETA 05:33:05
[ 588/2048]  (4,4,4,4)  ok    ETA 05:32:19
[ 589/2048]  (4,4,3,4)  ok    ETA 05:31:57
[ 590/2048]  (4,4,2,4)  ok    ETA 05:31:33
[ 591/2048]  (4,4,1,4)  ok    ETA 05:31:26
[ 592/2048]  (4,5,6,0)  ok    ETA 05:30:46
[ 593/2048]  (4,5,7,0)  ok    ETA 05:30:07
[ 594/2048]  (4,5,4,0)  ok    ETA 05:29:21
[ 595/2048]  (4,5,5,0)  ok    ETA 05:28:43
[ 596/2048]  (4,5,2,0)  ok    ETA 05:28:01
[ 597/2048]  (4,5,7,4)  ok    ETA 05:27:23
[ 598/2048]  (4,5,3,0)  ok    ETA 05:26:38
[ 599/2048]  (4,5,1,0)  ok    ETA 05:25:55
[ 600/2048]  (4,4,0,4)  ok    ETA 05:25:23
  [checkpoint @ 600]
[ 601/2048]  (4,5,6,4)  ok    ETA 05:24:38
[ 602/2048]  (4,5,0,0)  ok    ETA 05:23:59
[ 603/2048]  (4,5,5,4)  ok    ETA 05:23:43
[ 604/2048]  (4,5,4,4)  ok    ETA 05:23:29
[ 605/2048]  (4,5,3,4)  ok    ETA 05:22:50
[ 606/2048]  (4,5,2,4)  ok    ETA 05:22:36
[ 607/2048]  (4,6,5,0)  ok    ETA 05:22:04
[ 608/2048]  (4,6,4,0)  ok    ETA 05:21:19
[ 609/2048]  (4,6,6,0)  ok    ETA 05:20:40
[ 610/2048]  (4,5,1,4)  ok    ETA 05:20:04
[ 611/2048]  (4,6,2,0)  ok    ETA 05:19:20
[ 612/2048]  (4,6,3,0)  ok    ETA 05:18:35
[ 613/2048]  (4,6,7,0)  ok    ETA 05:18:04
[ 614/2048]  (4,6,1,0)  ok    ETA 05:17:25
[ 615/2048]  (4,6,0,0)  ok    ETA 05:16:46
[ 616/2048]  (4,5,0,4)  ok    ETA 05:16:06
[ 617/2048]  (4,6,7,4)  ok    ETA 05:15:37
[ 618/2048]  (4,6,4,4)  ok    ETA 05:14:54
[ 619/2048]  (4,6,5,4)  ok    ETA 05:14:11
[ 620/2048]  (4,6,6,4)  ok    ETA 05:13:28
[ 621/2048]  (4,6,3,4)  ok    ETA 05:13:28
[ 622/2048]  (4,6,2,4)  ok    ETA 05:13:12
[ 623/2048]  (4,6,1,4)  ok    ETA 05:12:41
[ 624/2048]  (4,6,0,4)  ok    ETA 05:12:25
[ 625/2048]  (4,7,3,0)  ok    ETA 05:26:32
[ 626/2048]  (4,7,6,0)  ok    ETA 05:25:54
[ 627/2048]  (4,7,4,0)  ok    ETA 05:25:11
[ 628/2048]  (4,7,5,0)  ok    ETA 05:24:33
[ 629/2048]  (4,7,2,0)  ok    ETA 05:24:02
[ 630/2048]  (4,7,7,0)  ok    ETA 05:23:29
[ 631/2048]  (4,7,1,0)  ok    ETA 05:22:44
[ 632/2048]  (4,7,5,4)  ok    ETA 05:22:19
[ 633/2048]  (4,7,0,0)  ok    ETA 05:21:40
[ 634/2048]  (4,7,7,4)  ok    ETA 05:20:57
[ 635/2048]  (4,7,6,4)  ok    ETA 05:20:19
[ 636/2048]  (4,7,3,4)  ok    ETA 05:19:46
[ 637/2048]  (4,7,4,4)  ok    ETA 05:19:05
[ 638/2048]  (4,7,2,4)  ok    ETA 05:18:42
[ 639/2048]  (5,0,5,0)  ok    ETA 05:18:23
[ 640/2048]  (5,0,4,0)  ok    ETA 05:17:42
[ 641/2048]  (5,0,6,0)  ok    ETA 05:17:08
[ 642/2048]  (5,0,3,0)  ok    ETA 05:16:26
[ 643/2048]  (5,0,2,0)  ok    ETA 05:15:54
[ 644/2048]  (4,7,1,4)  ok    ETA 05:15:15
[ 645/2048]  (5,0,7,0)  ok    ETA 05:14:46
[ 646/2048]  (5,0,1,0)  ok    ETA 05:14:03
[ 647/2048]  (4,7,0,4)  ok    ETA 05:13:36
[ 648/2048]  (5,0,0,0)  ok    ETA 05:13:02
[ 649/2048]  (5,0,7,4)  ok    ETA 05:12:27
[ 650/2048]  (5,0,4,4)  ok    ETA 05:12:29
[ 651/2048]  (5,0,6,4)  ok    ETA 05:11:48
[ 652/2048]  (5,0,5,4)  ok    ETA 05:11:19
[ 653/2048]  (5,1,5,0)  ok    ETA 05:10:53
[ 654/2048]  (5,0,3,4)  ok    ETA 05:10:22
[ 655/2048]  (5,1,6,0)  ok    ETA 05:09:48
[ 656/2048]  (5,1,7,0)  ok    ETA 05:09:19
[ 657/2048]  (5,1,4,0)  ok    ETA 05:08:46
[ 658/2048]  (5,1,3,0)  ok    ETA 05:08:14
[ 659/2048]  (5,0,2,4)  ok    ETA 05:07:33
[ 660/2048]  (5,1,2,0)  ok    ETA 05:07:15
[ 661/2048]  (5,1,7,4)  ok    ETA 05:06:46
[ 662/2048]  (5,1,1,0)  ok    ETA 05:06:08
[ 663/2048]  (5,1,5,4)  ok    ETA 05:05:35
[ 664/2048]  (5,0,1,4)  ok    ETA 05:04:58
[ 665/2048]  (5,1,6,4)  ok    ETA 05:04:26
[ 666/2048]  (5,1,0,0)  ok    ETA 05:03:45
[ 667/2048]  (5,1,4,4)  ok    ETA 05:03:37
[ 668/2048]  (5,0,0,4)  ok    ETA 05:02:57
[ 669/2048]  (5,1,3,4)  ok    ETA 05:03:00
[ 670/2048]  (5,1,2,4)  ok    ETA 05:03:19
[ 671/2048]  (5,1,1,4)  ok    ETA 05:03:32
[ 672/2048]  (5,1,0,4)  ok    ETA 05:03:56
[ 673/2048]  (5,2,6,0)  ok    ETA 05:13:25
[ 674/2048]  (5,2,7,0)  ok    ETA 05:12:55
[ 675/2048]  (5,2,5,0)  ok    ETA 05:12:19
[ 676/2048]  (5,2,4,0)  ok    ETA 05:12:02
[ 677/2048]  (5,2,7,4)  ok    ETA 05:11:33
[ 678/2048]  (5,2,3,0)  ok    ETA 05:10:56
[ 679/2048]  (5,2,6,4)  ok    ETA 05:10:30
[ 680/2048]  (5,2,2,0)  ok    ETA 05:10:01
[ 681/2048]  (5,2,1,0)  ok    ETA 05:09:44
[ 682/2048]  (5,2,5,4)  ok    ETA 05:09:08
[ 683/2048]  (5,2,0,0)  ok    ETA 05:08:48
[ 684/2048]  (5,3,4,0)  ok    ETA 05:08:31
[ 685/2048]  (5,2,4,4)  ok    ETA 05:07:53
[ 686/2048]  (5,3,7,0)  ok    ETA 05:07:18
[ 687/2048]  (5,3,6,0)  ok    ETA 05:06:39
[ 688/2048]  (5,3,5,0)  ok    ETA 05:05:59
[ 689/2048]  (5,3,3,0)  ok    ETA 05:05:21
[ 690/2048]  (5,3,2,0)  ok    ETA 05:04:52
[ 691/2048]  (5,3,1,0)  ok    ETA 05:04:28
[ 692/2048]  (5,3,7,4)  ok    ETA 05:04:02
[ 693/2048]  (5,2,3,4)  ok    ETA 05:03:27
[ 694/2048]  (5,3,0,0)  ok    ETA 05:02:52
[ 695/2048]  (5,3,6,4)  ok    ETA 05:02:26
[ 696/2048]  (5,3,5,4)  ok    ETA 05:01:59
[ 697/2048]  (5,2,2,4)  ok    ETA 05:01:32
[ 698/2048]  (5,3,4,4)  ok    ETA 05:01:11
[ 699/2048]  (5,3,3,4)  ok    ETA 05:00:43
[ 700/2048]  (5,3,2,4)  ok    ETA 05:00:31
[ 701/2048]  (5,2,1,4)  ok    ETA 04:59:57
[ 702/2048]  (5,4,4,0)  ok    ETA 04:59:21
[ 703/2048]  (5,4,5,0)  ok    ETA 04:58:43
[ 704/2048]  (5,4,3,0)  ok    ETA 04:58:13
[ 705/2048]  (5,4,6,0)  ok    ETA 04:57:46
[ 706/2048]  (5,4,1,0)  ok    ETA 04:57:08
[ 707/2048]  (5,4,2,0)  ok    ETA 04:56:36
[ 708/2048]  (5,3,1,4)  ok    ETA 04:56:09
[ 709/2048]  (5,4,0,0)  ok    ETA 04:55:44
[ 710/2048]  (5,2,0,4)  ok    ETA 04:55:11
[ 711/2048]  (5,4,5,4)  ok    ETA 04:54:38
[ 712/2048]  (5,3,0,4)  ok    ETA 04:54:01
[ 713/2048]  (5,4,4,4)  ok    ETA 04:53:36
[ 714/2048]  (5,4,7,0)  ok    ETA 04:53:28
[ 715/2048]  (5,4,6,4)  ok    ETA 04:52:53
[ 716/2048]  (5,4,3,4)  ok    ETA 04:52:19
[ 717/2048]  (5,4,2,4)  ok    ETA 04:52:21
[ 718/2048]  (5,4,1,4)  ok    ETA 04:52:06
[ 719/2048]  (5,4,7,4)  ok    ETA 04:51:37
[ 720/2048]  (5,4,0,4)  ok    ETA 04:51:25
[ 721/2048]  (5,5,7,0)  ok    ETA 05:01:38
[ 722/2048]  (5,5,5,0)  ok    ETA 05:01:12
[ 723/2048]  (5,5,1,0)  ok    ETA 05:00:37
[ 724/2048]  (5,5,4,0)  ok    ETA 04:59:59
[ 725/2048]  (5,5,3,0)  ok    ETA 04:59:22
[ 726/2048]  (5,5,6,0)  ok    ETA 04:58:44
[ 727/2048]  (5,5,2,0)  ok    ETA 04:58:08
[ 728/2048]  (5,5,0,0)  ok    ETA 04:57:31
[ 729/2048]  (5,5,7,4)  ok    ETA 04:56:56
[ 730/2048]  (5,5,6,4)  ok    ETA 04:56:58
[ 731/2048]  (5,5,5,4)  ok    ETA 04:56:47
[ 732/2048]  (5,5,4,4)  ok    ETA 04:56:17
[ 733/2048]  (5,5,3,4)  ok    ETA 04:55:41
[ 734/2048]  (5,5,2,4)  ok    ETA 04:55:27
[ 735/2048]  (5,5,1,4)  ok    ETA 04:55:13
[ 736/2048]  (5,6,4,0)  ok    ETA 04:54:39
[ 737/2048]  (5,6,7,0)  ok    ETA 04:54:02
[ 738/2048]  (5,6,3,0)  ok    ETA 04:53:26
[ 739/2048]  (5,6,2,0)  ok    ETA 04:53:03
[ 740/2048]  (5,6,6,0)  ok    ETA 04:52:27
[ 741/2048]  (5,6,5,0)  ok    ETA 04:51:50
[ 742/2048]  (5,6,0,0)  ok    ETA 04:51:14
[ 743/2048]  (5,5,0,4)  ok    ETA 04:50:39
[ 744/2048]  (5,6,1,0)  ok    ETA 04:50:03
[ 745/2048]  (5,6,7,4)  ok    ETA 04:49:32
[ 746/2048]  (5,6,6,4)  ok    ETA 04:49:23
[ 747/2048]  (5,6,5,4)  ok    ETA 04:49:13
[ 748/2048]  (5,6,4,4)  ok    ETA 04:48:41
[ 749/2048]  (5,6,3,4)  ok    ETA 04:48:06
[ 750/2048]  (5,6,2,4)  ok    ETA 04:47:53
[ 751/2048]  (5,6,1,4)  ok    ETA 04:47:41
[ 752/2048]  (5,7,4,0)  ok    ETA 04:47:05
[ 753/2048]  (5,7,5,0)  ok    ETA 04:46:32
[ 754/2048]  (5,7,3,0)  ok    ETA 04:46:00
[ 755/2048]  (5,6,0,4)  ok    ETA 04:45:39
[ 756/2048]  (5,7,1,0)  ok    ETA 04:45:06
[ 757/2048]  (5,7,6,0)  ok    ETA 04:44:32
[ 758/2048]  (5,7,2,0)  ok    ETA 04:44:00
[ 759/2048]  (5,7,7,0)  ok    ETA 04:43:28
[ 760/2048]  (5,7,0,0)  ok    ETA 04:42:57
[ 761/2048]  (5,7,5,4)  ok    ETA 04:42:38
[ 762/2048]  (5,7,3,4)  ok    ETA 04:42:20
[ 763/2048]  (5,7,7,4)  ok    ETA 04:41:46
[ 764/2048]  (5,7,6,4)  ok    ETA 04:41:11
[ 765/2048]  (5,7,4,4)  ok    ETA 04:40:46
[ 766/2048]  (5,7,2,4)  ok    ETA 04:40:28
[ 767/2048]  (5,7,1,4)  ok    ETA 04:40:14
[ 768/2048]  (5,7,0,4)  ok    ETA 04:40:08
[ 769/2048]  (6,0,4,0)  ok    ETA 04:48:33
[ 770/2048]  (6,0,3,0)  ok    ETA 04:48:12
[ 771/2048]  (6,0,6,0)  ok    ETA 04:47:50
[ 772/2048]  (6,0,2,0)  ok    ETA 04:47:23
[ 773/2048]  (6,0,1,0)  ok    ETA 04:46:58
[ 774/2048]  (6,0,5,0)  ok    ETA 04:46:23
[ 775/2048]  (6,0,0,0)  ok    ETA 04:45:53
[ 776/2048]  (6,0,7,0)  ok    ETA 04:45:19
[ 777/2048]  (6,0,7,4)  ok    ETA 04:45:22
[ 778/2048]  (6,0,6,4)  ok    ETA 04:44:57
[ 779/2048]  (6,0,5,4)  ok    ETA 04:44:39
[ 780/2048]  (6,0,4,4)  ok    ETA 04:44:09
[ 781/2048]  (6,0,3,4)  ok    ETA 04:43:40
[ 782/2048]  (6,1,4,0)  ok    ETA 04:43:25
[ 783/2048]  (6,1,6,0)  ok    ETA 04:42:58
[ 784/2048]  (6,1,3,0)  ok    ETA 04:42:35
[ 785/2048]  (6,1,5,0)  ok    ETA 04:42:04
[ 786/2048]  (6,0,2,4)  ok    ETA 04:41:30
[ 787/2048]  (6,1,7,0)  ok    ETA 04:41:01
[ 788/2048]  (6,1,2,0)  ok    ETA 04:40:39
[ 789/2048]  (6,0,1,4)  ok    ETA 04:40:23
[ 790/2048]  (6,1,1,0)  ok    ETA 04:39:53
[ 791/2048]  (6,1,7,4)  ok    ETA 04:39:20
[ 792/2048]  (6,1,0,0)  ok    ETA 04:38:50
[ 793/2048]  (6,1,6,4)  ok    ETA 04:38:26
[ 794/2048]  (6,0,0,4)  ok    ETA 04:38:13
[ 795/2048]  (6,1,5,4)  ok    ETA 04:37:40
[ 796/2048]  (6,1,4,4)  ok    ETA 04:37:16
[ 797/2048]  (6,1,3,4)  ok    ETA 04:36:56
[ 798/2048]  (6,2,6,0)  ok    ETA 04:36:32
[ 799/2048]  (6,2,7,0)  ok    ETA 04:36:06
[ 800/2048]  (6,2,5,0)  ok    ETA 04:35:45
  [checkpoint @ 800]
[ 801/2048]  (6,2,4,0)  ok    ETA 04:35:17
[ 802/2048]  (6,2,3,0)  ok    ETA 04:34:47
[ 803/2048]  (6,1,2,4)  ok    ETA 04:34:30
[ 804/2048]  (6,2,2,0)  ok    ETA 04:34:03
[ 805/2048]  (6,2,6,4)  ok    ETA 04:33:39
[ 806/2048]  (6,2,7,4)  ok    ETA 04:33:09
[ 807/2048]  (6,2,1,0)  ok    ETA 04:32:49
[ 808/2048]  (6,2,5,4)  ok    ETA 04:32:25
[ 809/2048]  (6,2,0,0)  ok    ETA 04:32:01
[ 810/2048]  (6,1,1,4)  ok    ETA 04:31:35
[ 811/2048]  (6,2,4,4)  ok    ETA 04:31:35
[ 812/2048]  (6,1,0,4)  ok    ETA 04:31:11
[ 813/2048]  (6,2,3,4)  ok    ETA 04:30:57
[ 814/2048]  (6,2,2,4)  ok    ETA 04:31:09
[ 815/2048]  (6,2,1,4)  ok    ETA 04:31:27
[ 816/2048]  (6,2,0,4)  ok    ETA 04:31:48
[ 817/2048]  (6,3,3,0)  ok    ETA 04:37:01
[ 818/2048]  (6,3,4,0)  ok    ETA 04:36:42
[ 819/2048]  (6,3,7,0)  ok    ETA 04:36:09
[ 820/2048]  (6,3,6,0)  ok    ETA 04:35:37
[ 821/2048]  (6,3,2,0)  ok    ETA 04:35:06
[ 822/2048]  (6,3,5,0)  ok    ETA 04:34:36
[ 823/2048]  (6,3,0,0)  ok    ETA 04:34:03
[ 824/2048]  (6,3,1,0)  ok    ETA 04:33:34
[ 825/2048]  (6,3,7,4)  ok    ETA 04:33:35
[ 826/2048]  (6,3,6,4)  ok    ETA 04:33:09
[ 827/2048]  (6,3,5,4)  ok    ETA 04:32:54
[ 828/2048]  (6,3,3,4)  ok    ETA 04:32:30
[ 829/2048]  (6,3,4,4)  ok    ETA 04:31:58
[ 830/2048]  (6,3,2,4)  ok    ETA 04:32:09
[ 831/2048]  (6,4,4,0)  ok    ETA 04:31:42
[ 832/2048]  (6,4,5,0)  ok    ETA 04:31:12
[ 833/2048]  (6,4,7,0)  ok    ETA 04:30:40
[ 834/2048]  (6,4,3,0)  ok    ETA 04:30:13
[ 835/2048]  (6,4,6,0)  ok    ETA 04:29:41
[ 836/2048]  (6,4,1,0)  ok    ETA 04:29:19
[ 837/2048]  (6,4,2,0)  ok    ETA 04:28:49
[ 838/2048]  (6,3,1,4)  ok    ETA 04:28:19
[ 839/2048]  (6,4,0,0)  ok    ETA 04:27:53
[ 840/2048]  (6,4,7,4)  ok    ETA 04:27:28
[ 841/2048]  (6,3,0,4)  ok    ETA 04:27:10
[ 842/2048]  (6,4,6,4)  ok    ETA 04:26:46
[ 843/2048]  (6,4,5,4)  ok    ETA 04:26:18
[ 844/2048]  (6,4,4,4)  ok    ETA 04:26:02
[ 845/2048]  (6,4,3,4)  ok    ETA 04:25:41
[ 846/2048]  (6,4,2,4)  ok    ETA 04:25:46
[ 847/2048]  (6,5,4,0)  ok    ETA 04:25:29
[ 848/2048]  (6,4,1,4)  ok    ETA 04:24:59
[ 849/2048]  (6,5,3,0)  ok    ETA 04:24:33
[ 850/2048]  (6,5,2,0)  ok    ETA 04:24:04
[ 851/2048]  (6,5,5,0)  ok    ETA 04:23:41
[ 852/2048]  (6,5,0,0)  ok    ETA 04:23:10
[ 853/2048]  (6,5,1,0)  ok    ETA 04:22:41
[ 854/2048]  (6,5,6,0)  ok    ETA 04:22:12
[ 855/2048]  (6,4,0,4)  ok    ETA 04:21:45
[ 856/2048]  (6,5,5,4)  ok    ETA 04:21:54
[ 857/2048]  (6,5,4,4)  ok    ETA 04:21:23
[ 858/2048]  (6,5,7,0)  ok    ETA 04:21:16
[ 859/2048]  (6,5,3,4)  ok    ETA 04:20:46
[ 860/2048]  (6,5,6,4)  ok    ETA 04:20:19
[ 861/2048]  (6,5,2,4)  ok    ETA 04:19:54
[ 862/2048]  (6,5,1,4)  ok    ETA 04:19:42
[ 863/2048]  (6,5,0,4)  ok    ETA 04:19:37
[ 864/2048]  (6,5,7,4)  ok    ETA 04:19:20
[ 865/2048]  (6,6,3,0)  ok    ETA 04:25:23
[ 866/2048]  (6,6,6,0)  ok    ETA 04:25:05
[ 867/2048]  (6,6,2,0)  ok    ETA 04:24:36
[ 868/2048]  (6,6,4,0)  ok    ETA 04:24:04
[ 869/2048]  (6,6,5,0)  ok    ETA 04:23:33
[ 870/2048]  (6,6,1,0)  ok    ETA 04:23:14
[ 871/2048]  (6,6,0,0)  ok    ETA 04:22:46
[ 872/2048]  (6,6,7,0)  ok    ETA 04:22:20
[ 873/2048]  (6,6,7,4)  ok    ETA 04:22:14
[ 874/2048]  (6,6,5,4)  ok    ETA 04:21:46
[ 875/2048]  (6,6,4,4)  ok    ETA 04:21:20
[ 876/2048]  (6,6,3,4)  ok    ETA 04:20:51
[ 877/2048]  (6,6,6,4)  ok    ETA 04:20:30
[ 878/2048]  (6,6,2,4)  ok    ETA 04:20:17
[ 879/2048]  (6,6,1,4)  ok    ETA 04:20:13
[ 880/2048]  (6,7,5,0)  ok    ETA 04:19:51
[ 881/2048]  (6,7,3,0)  ok    ETA 04:19:20
[ 882/2048]  (6,7,6,0)  ok    ETA 04:18:52
[ 883/2048]  (6,7,4,0)  ok    ETA 04:18:24
[ 884/2048]  (6,7,2,0)  ok    ETA 04:18:00
[ 885/2048]  (6,6,0,4)  ok    ETA 04:17:38
[ 886/2048]  (6,7,1,0)  ok    ETA 04:17:08
[ 887/2048]  (6,7,0,0)  ok    ETA 04:16:51
[ 888/2048]  (6,7,7,0)  ok    ETA 04:16:21
[ 889/2048]  (6,7,5,4)  ok    ETA 04:16:02
[ 890/2048]  (6,7,7,4)  ok    ETA 04:15:36
[ 891/2048]  (6,7,4,4)  ok    ETA 04:15:14
[ 892/2048]  (6,7,6,4)  ok    ETA 04:14:47
[ 893/2048]  (6,7,3,4)  ok    ETA 04:14:28
[ 894/2048]  (6,7,2,4)  ok    ETA 04:14:10
[ 895/2048]  (7,0,3,0)  ok    ETA 04:13:55
[ 896/2048]  (6,7,1,4)  ok    ETA 04:13:32
[ 897/2048]  (7,0,2,0)  ok    ETA 04:13:05
[ 898/2048]  (7,0,1,0)  ok    ETA 04:12:46
[ 899/2048]  (7,0,6,0)  ok    ETA 04:12:20
[ 900/2048]  (7,0,4,0)  ok    ETA 04:11:50
[ 901/2048]  (7,0,0,0)  ok    ETA 04:11:23
[ 902/2048]  (7,0,5,0)  ok    ETA 04:10:56
[ 903/2048]  (6,7,0,4)  ok    ETA 04:10:29
[ 904/2048]  (7,0,7,0)  ok    ETA 04:10:16
[ 905/2048]  (7,0,6,4)  ok    ETA 04:10:23
[ 906/2048]  (7,0,7,4)  ok    ETA 04:10:02
[ 907/2048]  (7,0,5,4)  ok    ETA 04:09:36
[ 908/2048]  (7,0,4,4)  ok    ETA 04:09:32
[ 909/2048]  (7,0,3,4)  ok    ETA 04:09:12
[ 910/2048]  (7,0,2,4)  ok    ETA 04:08:50
[ 911/2048]  (7,0,1,4)  ok    ETA 04:08:54
[ 912/2048]  (7,0,0,4)  ok    ETA 04:08:51
[ 913/2048]  (7,1,6,0)  ok    ETA 04:13:36
[ 914/2048]  (7,1,5,0)  ok    ETA 04:13:14
[ 915/2048]  (7,1,3,0)  ok    ETA 04:12:47
[ 916/2048]  (7,1,4,0)  ok    ETA 04:12:28
[ 917/2048]  (7,1,2,0)  ok    ETA 04:12:03
[ 918/2048]  (7,1,7,0)  ok    ETA 04:11:33
[ 919/2048]  (7,1,1,0)  ok    ETA 04:11:07
[ 920/2048]  (7,1,0,0)  ok    ETA 04:10:49
[ 921/2048]  (7,1,7,4)  ok    ETA 04:10:39
[ 922/2048]  (7,1,6,4)  ok    ETA 04:10:11
[ 923/2048]  (7,1,5,4)  ok    ETA 04:09:50
[ 924/2048]  (7,1,4,4)  ok    ETA 04:09:53
[ 925/2048]  (7,1,3,4)  ok    ETA 04:09:45
[ 926/2048]  (7,2,6,0)  ok    ETA 04:09:18
[ 927/2048]  (7,2,5,0)  ok    ETA 04:08:55
[ 928/2048]  (7,2,7,0)  ok    ETA 04:08:28
[ 929/2048]  (7,2,4,0)  ok    ETA 04:08:09
[ 930/2048]  (7,2,3,0)  ok    ETA 04:07:53
[ 931/2048]  (7,1,2,4)  ok    ETA 04:07:25
[ 932/2048]  (7,2,7,4)  ok    ETA 04:07:02
[ 933/2048]  (7,2,2,0)  ok    ETA 04:06:37
[ 934/2048]  (7,2,1,0)  ok    ETA 04:06:16
[ 935/2048]  (7,2,6,4)  ok    ETA 04:05:52
[ 936/2048]  (7,1,1,4)  ok    ETA 04:05:40
[ 937/2048]  (7,2,5,4)  ok    ETA 04:05:11
[ 938/2048]  (7,2,0,0)  ok    ETA 04:04:46
[ 939/2048]  (7,3,3,0)  ok    ETA 04:04:45
[ 940/2048]  (7,2,4,4)  ok    ETA 04:04:22
[ 941/2048]  (7,1,0,4)  ok    ETA 04:04:03
[ 942/2048]  (7,3,2,0)  ok    ETA 04:03:38
[ 943/2048]  (7,3,5,0)  ok    ETA 04:03:20
[ 944/2048]  (7,2,3,4)  ok    ETA 04:02:57
[ 945/2048]  (7,3,1,0)  ok    ETA 04:02:29
[ 946/2048]  (7,3,4,0)  ok    ETA 04:02:04
[ 947/2048]  (7,3,6,0)  ok    ETA 04:01:36
[ 948/2048]  (7,3,0,0)  ok    ETA 04:01:10
[ 949/2048]  (7,3,7,0)  ok    ETA 04:01:07
[ 950/2048]  (7,2,2,4)  ok    ETA 04:00:41
[ 951/2048]  (7,3,6,4)  ok    ETA 04:00:34
[ 952/2048]  (7,3,5,4)  ok    ETA 04:00:11
[ 953/2048]  (7,3,3,4)  ok    ETA 03:59:44
[ 954/2048]  (7,3,4,4)  ok    ETA 03:59:26
[ 955/2048]  (7,3,7,4)  ok    ETA 03:59:03
[ 956/2048]  (7,2,1,4)  ok    ETA 03:58:40
[ 957/2048]  (7,3,2,4)  ok    ETA 03:58:14
[ 958/2048]  (7,3,1,4)  ok    ETA 03:58:18
[ 959/2048]  (7,2,0,4)  ok    ETA 03:57:55
[ 960/2048]  (7,3,0,4)  ok    ETA 03:58:06
[ 961/2048]  (7,4,3,0)  ok    ETA 04:02:17
[ 962/2048]  (7,4,5,0)  ok    ETA 04:01:50
[ 963/2048]  (7,4,4,0)  ok    ETA 04:01:28
[ 964/2048]  (7,4,1,0)  ok    ETA 04:01:05
[ 965/2048]  (7,4,2,0)  ok    ETA 04:00:41
[ 966/2048]  (7,4,0,0)  ok    ETA 04:00:16
[ 967/2048]  (7,4,7,0)  ok    ETA 03:59:57
[ 968/2048]  (7,4,6,0)  ok    ETA 03:59:33
[ 969/2048]  (7,4,7,4)  ok    ETA 03:59:23
[ 970/2048]  (7,4,4,4)  ok    ETA 03:59:10
[ 971/2048]  (7,4,6,4)  ok    ETA 03:58:45
[ 972/2048]  (7,4,5,4)  ok    ETA 03:58:22
[ 973/2048]  (7,4,3,4)  ok    ETA 03:57:54
[ 974/2048]  (7,4,2,4)  ok    ETA 03:57:49
[ 975/2048]  (7,4,1,4)  ok    ETA 03:57:57
[ 976/2048]  (7,5,3,0)  ok    ETA 03:57:35
[ 977/2048]  (7,5,4,0)  ok    ETA 03:57:09
[ 978/2048]  (7,5,2,0)  ok    ETA 03:56:43
[ 979/2048]  (7,5,7,0)  ok    ETA 03:56:22
[ 980/2048]  (7,5,1,0)  ok    ETA 03:55:57
[ 981/2048]  (7,5,5,0)  ok    ETA 03:55:29
[ 982/2048]  (7,5,6,0)  ok    ETA 03:55:02
[ 983/2048]  (7,5,0,0)  ok    ETA 03:54:36
[ 984/2048]  (7,4,0,4)  ok    ETA 03:54:09
[ 985/2048]  (7,5,7,4)  ok    ETA 03:54:01
[ 986/2048]  (7,5,6,4)  ok    ETA 03:53:42
[ 987/2048]  (7,5,4,4)  ok    ETA 03:53:25
[ 988/2048]  (7,5,5,4)  ok    ETA 03:53:03
[ 989/2048]  (7,5,3,4)  ok    ETA 03:52:54
[ 990/2048]  (7,5,2,4)  ok    ETA 03:52:41
[ 991/2048]  (7,6,6,0)  ok    ETA 03:52:29
[ 992/2048]  (7,5,1,4)  ok    ETA 03:52:06
[ 993/2048]  (7,6,5,0)  ok    ETA 03:51:43
[ 994/2048]  (7,6,1,0)  ok    ETA 03:51:19
[ 995/2048]  (7,6,4,0)  ok    ETA 03:50:52
[ 996/2048]  (7,6,2,0)  ok    ETA 03:50:31
[ 997/2048]  (7,6,0,0)  ok    ETA 03:50:06
[ 998/2048]  (7,6,3,0)  ok    ETA 03:49:42
[ 999/2048]  (7,6,7,0)  ok    ETA 03:49:15
[1000/2048]  (7,5,0,4)  ok    ETA 03:49:00
  [checkpoint @ 1000]
[1001/2048]  (7,6,5,4)  ok    ETA 03:48:53
[1002/2048]  (7,6,6,4)  ok    ETA 03:48:34
[1003/2048]  (7,6,4,4)  ok    ETA 03:48:12
[1004/2048]  (7,6,7,4)  ok    ETA 03:47:57
[1005/2048]  (7,6,3,4)  ok    ETA 03:47:35
[1006/2048]  (7,6,2,4)  ok    ETA 03:47:19
[1007/2048]  (7,6,1,4)  ok    ETA 03:46:55
[1008/2048]  (7,6,0,4)  ok    ETA 03:46:58
[1009/2048]  (7,7,6,0)  ok    ETA 03:51:00
[1010/2048]  (7,7,3,0)  ok    ETA 03:50:36
[1011/2048]  (7,7,4,0)  ok    ETA 03:50:14
[1012/2048]  (7,7,5,0)  ok    ETA 03:49:52
[1013/2048]  (7,7,2,0)  ok    ETA 03:49:26
[1014/2048]  (7,7,1,0)  ok    ETA 03:49:07
[1015/2048]  (7,7,0,0)  ok    ETA 03:48:51
[1016/2048]  (7,7,7,0)  ok    ETA 03:48:33
[1017/2048]  (7,7,6,4)  ok    ETA 03:48:10
[1018/2048]  (7,7,5,4)  ok    ETA 03:47:49
[1019/2048]  (7,7,7,4)  ok    ETA 03:47:25
[1020/2048]  (7,7,3,4)  ok    ETA 03:47:06
[1021/2048]  (7,7,4,4)  ok    ETA 03:46:43
[1022/2048]  (7,7,2,4)  ok    ETA 03:46:27
[1023/2048]  (7,7,1,4)  ok    ETA 03:46:21
[1024/2048]  (8,0,3,0)  ok    ETA 03:45:55
[1025/2048]  (8,0,4,0)  ok    ETA 03:45:34
[1026/2048]  (8,0,5,0)  ok    ETA 03:45:08
[1027/2048]  (8,0,2,0)  ok    ETA 03:44:44
[1028/2048]  (8,0,6,0)  ok    ETA 03:44:28
[1029/2048]  (7,7,0,4)  ok    ETA 03:44:04
[1030/2048]  (8,0,0,0)  ok    ETA 03:43:39
[1031/2048]  (8,0,1,0)  ok    ETA 03:43:14
[1032/2048]  (8,0,7,0)  ok    ETA 03:42:59
[1033/2048]  (8,0,7,4)  ok    ETA 03:43:00
[1034/2048]  (8,0,5,4)  ok    ETA 03:42:37
[1035/2048]  (8,0,6,4)  ok    ETA 03:42:18
[1036/2048]  (8,0,3,4)  ok    ETA 03:42:05
[1037/2048]  (8,0,4,4)  ok    ETA 03:41:40
[1038/2048]  (8,1,3,0)  ok    ETA 03:41:44
[1039/2048]  (8,0,2,4)  ok    ETA 03:41:20
[1040/2048]  (8,1,7,0)  ok    ETA 03:41:02
[1041/2048]  (8,1,6,0)  ok    ETA 03:40:37
[1042/2048]  (8,1,5,0)  ok    ETA 03:40:13
[1043/2048]  (8,1,2,0)  ok    ETA 03:39:49
[1044/2048]  (8,1,4,0)  ok    ETA 03:39:26
[1045/2048]  (8,1,1,0)  ok    ETA 03:39:10
[1046/2048]  (8,1,0,0)  ok    ETA 03:38:56
[1047/2048]  (8,0,1,4)  ok    ETA 03:38:34
[1048/2048]  (8,1,6,4)  ok    ETA 03:38:24
[1049/2048]  (8,1,7,4)  ok    ETA 03:38:00
[1050/2048]  (8,0,0,4)  ok    ETA 03:37:42
[1051/2048]  (8,1,5,4)  ok    ETA 03:37:25
[1052/2048]  (8,1,4,4)  ok    ETA 03:37:18
[1053/2048]  (8,1,3,4)  ok    ETA 03:37:04
[1054/2048]  (8,1,2,4)  ok    ETA 03:37:08
[1055/2048]  (8,1,1,4)  ok    ETA 03:37:18
[1056/2048]  (8,1,0,4)  ok    ETA 03:37:33
[1057/2048]  (8,2,6,0)  ok    ETA 03:39:32
[1058/2048]  (8,2,5,0)  ok    ETA 03:39:16
[1059/2048]  (8,2,7,0)  ok    ETA 03:38:57
[1060/2048]  (8,2,4,0)  ok    ETA 03:38:36
[1061/2048]  (8,2,3,0)  ok    ETA 03:38:16
[1062/2048]  (8,2,2,0)  ok    ETA 03:37:55
[1063/2048]  (8,2,7,4)  ok    ETA 03:37:34
[1064/2048]  (8,2,1,0)  ok    ETA 03:37:17
[1065/2048]  (8,2,6,4)  ok    ETA 03:36:57
[1066/2048]  (8,2,0,0)  ok    ETA 03:36:40
[1067/2048]  (8,2,5,4)  ok    ETA 03:36:29
[1068/2048]  (8,3,3,0)  ok    ETA 03:36:28
[1069/2048]  (8,2,4,4)  ok    ETA 03:36:04
[1070/2048]  (8,3,2,0)  ok    ETA 03:35:48
[1071/2048]  (8,3,6,0)  ok    ETA 03:35:24
[1072/2048]  (8,3,5,0)  ok    ETA 03:35:03
[1073/2048]  (8,3,4,0)  ok    ETA 03:34:38
[1074/2048]  (8,3,1,0)  ok    ETA 03:34:14
[1075/2048]  (8,3,0,0)  ok    ETA 03:34:01
[1076/2048]  (8,2,3,4)  ok    ETA 03:33:36
[1077/2048]  (8,3,7,0)  ok    ETA 03:33:12
[1078/2048]  (8,2,2,4)  ok    ETA 03:33:10
[1079/2048]  (8,3,7,4)  ok    ETA 03:32:49
[1080/2048]  (8,3,5,4)  ok    ETA 03:32:36
[1081/2048]  (8,3,6,4)  ok    ETA 03:32:15
[1082/2048]  (8,3,4,4)  ok    ETA 03:31:54
[1083/2048]  (8,3,3,4)  ok    ETA 03:31:32
[1084/2048]  (8,2,1,4)  ok    ETA 03:31:17
[1085/2048]  (8,3,2,4)  ok    ETA 03:31:02
[1086/2048]  (8,4,2,0)  ok    ETA 03:30:59
[1087/2048]  (8,4,3,0)  ok    ETA 03:30:35
[1088/2048]  (8,4,4,0)  ok    ETA 03:30:10
[1089/2048]  (8,4,5,0)  ok    ETA 03:29:46
[1090/2048]  (8,4,1,0)  ok    ETA 03:29:25
[1091/2048]  (8,3,1,4)  ok    ETA 03:29:03
[1092/2048]  (8,2,0,4)  ok    ETA 03:28:41
[1093/2048]  (8,4,0,0)  ok    ETA 03:28:23
[1094/2048]  (8,4,6,0)  ok    ETA 03:28:01
[1095/2048]  (8,3,0,4)  ok    ETA 03:27:49
[1096/2048]  (8,4,5,4)  ok    ETA 03:27:52
[1097/2048]  (8,4,4,4)  ok    ETA 03:27:30
[1098/2048]  (8,4,7,0)  ok    ETA 03:27:08
[1099/2048]  (8,4,6,4)  ok    ETA 03:26:53
[1100/2048]  (8,4,3,4)  ok    ETA 03:26:30
[1101/2048]  (8,4,2,4)  ok    ETA 03:26:19
[1102/2048]  (8,4,1,4)  ok    ETA 03:26:05
[1103/2048]  (8,4,7,4)  ok    ETA 03:26:03
[1104/2048]  (8,4,0,4)  ok    ETA 03:25:45
[1105/2048]  (8,5,4,0)  ok    ETA 03:28:32
[1106/2048]  (8,5,3,0)  ok    ETA 03:28:12
[1107/2048]  (8,5,2,0)  ok    ETA 03:27:48
[1108/2048]  (8,5,1,0)  ok    ETA 03:27:32
[1109/2048]  (8,5,5,0)  ok    ETA 03:27:08
[1110/2048]  (8,5,0,0)  ok    ETA 03:26:44
[1111/2048]  (8,5,6,0)  ok    ETA 03:26:24
[1112/2048]  (8,5,7,0)  ok    ETA 03:26:00
[1113/2048]  (8,5,7,4)  ok    ETA 03:26:00
[1114/2048]  (8,5,4,4)  ok    ETA 03:25:49
[1115/2048]  (8,5,6,4)  ok    ETA 03:25:27
[1116/2048]  (8,5,3,4)  ok    ETA 03:25:11
[1117/2048]  (8,5,5,4)  ok    ETA 03:24:51
[1118/2048]  (8,5,2,4)  ok    ETA 03:24:39
[1119/2048]  (8,5,1,4)  ok    ETA 03:24:31
[1120/2048]  (8,6,2,0)  ok    ETA 03:24:08
[1121/2048]  (8,6,5,0)  ok    ETA 03:23:52
[1122/2048]  (8,6,3,0)  ok    ETA 03:23:31
[1123/2048]  (8,6,1,0)  ok    ETA 03:23:08
[1124/2048]  (8,6,4,0)  ok    ETA 03:22:45
[1125/2048]  (8,6,6,0)  ok    ETA 03:22:22
[1126/2048]  (8,6,0,0)  ok    ETA 03:22:00
[1127/2048]  (8,5,0,4)  ok    ETA 03:21:41
[1128/2048]  (8,6,7,0)  ok    ETA 03:21:19
[1129/2048]  (8,6,7,4)  ok    ETA 03:21:10
[1130/2048]  (8,6,5,4)  ok    ETA 03:20:57
[1131/2048]  (8,6,4,4)  ok    ETA 03:20:43
[1132/2048]  (8,6,6,4)  ok    ETA 03:20:19
[1133/2048]  (8,6,3,4)  ok    ETA 03:20:11
[1134/2048]  (8,6,2,4)  ok    ETA 03:19:57
[1135/2048]  (8,6,1,4)  ok    ETA 03:19:37
[1136/2048]  (8,7,3,0)  ok    ETA 03:19:25
[1137/2048]  (8,7,2,0)  ok    ETA 03:19:05
[1138/2048]  (8,6,0,4)  ok    ETA 03:18:45
[1139/2048]  (8,7,1,0)  ok    ETA 03:18:21
[1140/2048]  (8,7,0,0)  ok    ETA 03:18:01
[1141/2048]  (8,7,5,0)  ok    ETA 03:17:41
[1142/2048]  (8,7,4,0)  ok    ETA 03:17:18
[1143/2048]  (8,7,6,0)  ok    ETA 03:16:57
[1144/2048]  (8,7,7,0)  ok    ETA 03:16:52
[1145/2048]  (8,7,5,4)  ok    ETA 03:16:41
[1146/2048]  (8,7,6,4)  ok    ETA 03:16:19
[1147/2048]  (8,7,7,4)  ok    ETA 03:16:03
[1148/2048]  (8,7,4,4)  ok    ETA 03:15:40
[1149/2048]  (8,7,2,4)  ok    ETA 03:15:20
[1150/2048]  (8,7,3,4)  ok    ETA 03:15:10
[1151/2048]  (8,7,1,4)  ok    ETA 03:14:52
[1152/2048]  (8,7,0,4)  ok    ETA 03:14:48
[1153/2048]  (9,0,3,0)  ok    ETA 03:17:09
[1154/2048]  (9,0,2,0)  ok    ETA 03:16:52
[1155/2048]  (9,0,1,0)  ok    ETA 03:16:30
[1156/2048]  (9,0,4,0)  ok    ETA 03:16:11
[1157/2048]  (9,0,5,0)  ok    ETA 03:15:49
[1158/2048]  (9,0,0,0)  ok    ETA 03:15:27
[1159/2048]  (9,0,6,0)  ok    ETA 03:15:08
[1160/2048]  (9,0,7,0)  ok    ETA 03:15:05
[1161/2048]  (9,0,7,4)  ok    ETA 03:14:59
[1162/2048]  (9,0,6,4)  ok    ETA 03:14:44
[1163/2048]  (9,0,5,4)  ok    ETA 03:14:29
[1164/2048]  (9,0,3,4)  ok    ETA 03:14:13
[1165/2048]  (9,0,4,4)  ok    ETA 03:13:51
[1166/2048]  (9,1,3,0)  ok    ETA 03:13:50
[1167/2048]  (9,0,2,4)  ok    ETA 03:13:27
[1168/2048]  (9,1,4,0)  ok    ETA 03:13:05
[1169/2048]  (9,1,2,0)  ok    ETA 03:12:49
[1170/2048]  (9,1,5,0)  ok    ETA 03:12:27
[1171/2048]  (9,1,6,0)  ok    ETA 03:12:06
[1172/2048]  (9,1,7,0)  ok    ETA 03:11:45
[1173/2048]  (9,1,1,0)  ok    ETA 03:11:30
[1174/2048]  (9,0,1,4)  ok    ETA 03:11:11
[1175/2048]  (9,1,0,0)  ok    ETA 03:10:58
[1176/2048]  (9,1,7,4)  ok    ETA 03:10:44
[1177/2048]  (9,0,0,4)  ok    ETA 03:10:23
[1178/2048]  (9,1,6,4)  ok    ETA 03:10:10
[1179/2048]  (9,1,5,4)  ok    ETA 03:09:48
[1180/2048]  (9,1,4,4)  ok    ETA 03:09:41
[1181/2048]  (9,1,3,4)  ok    ETA 03:09:29
[1182/2048]  (9,2,6,0)  ok    ETA 03:09:18
[1183/2048]  (9,2,7,0)  ok    ETA 03:08:58
[1184/2048]  (9,2,3,0)  ok    ETA 03:08:39
[1185/2048]  (9,2,5,0)  ok    ETA 03:08:23
[1186/2048]  (9,1,2,4)  ok    ETA 03:08:05
[1187/2048]  (9,2,4,0)  ok    ETA 03:07:43
[1188/2048]  (9,2,2,0)  ok    ETA 03:07:21
[1189/2048]  (9,2,1,0)  ok    ETA 03:07:07
[1190/2048]  (9,2,7,4)  ok    ETA 03:06:57
[1191/2048]  (9,2,6,4)  ok    ETA 03:06:37
[1192/2048]  (9,2,0,0)  ok    ETA 03:06:16
[1193/2048]  (9,1,1,4)  ok    ETA 03:06:01
[1194/2048]  (9,2,5,4)  ok    ETA 03:05:42
[1195/2048]  (9,2,4,4)  ok    ETA 03:05:45
[1196/2048]  (9,1,0,4)  ok    ETA 03:05:28
[1197/2048]  (9,2,3,4)  ok    ETA 03:05:21
[1198/2048]  (9,2,2,4)  ok    ETA 03:05:16
[1199/2048]  (9,2,1,4)  ok    ETA 03:05:27
[1200/2048]  (9,2,0,4)  ok    ETA 03:05:44
  [checkpoint @ 1200]
[1201/2048]  (9,3,3,0)  ok    ETA 03:06:09
[1202/2048]  (9,3,2,0)  ok    ETA 03:05:50
[1203/2048]  (9,3,1,0)  ok    ETA 03:05:36
[1204/2048]  (9,3,0,0)  ok    ETA 03:05:22
[1205/2048]  (9,3,4,0)  ok    ETA 03:04:59
[1206/2048]  (9,3,6,0)  ok    ETA 03:04:37
[1207/2048]  (9,3,5,0)  ok    ETA 03:04:18
[1208/2048]  (9,3,7,0)  ok    ETA 03:04:01
[1209/2048]  (9,3,7,4)  ok    ETA 03:03:59
[1210/2048]  (9,3,6,4)  ok    ETA 03:03:53
[1211/2048]  (9,3,5,4)  ok    ETA 03:03:33
[1212/2048]  (9,3,4,4)  ok    ETA 03:03:17
[1213/2048]  (9,3,3,4)  ok    ETA 03:02:58
[1214/2048]  (9,3,2,4)  ok    ETA 03:02:41
[1215/2048]  (9,4,5,0)  ok    ETA 03:02:40
[1216/2048]  (9,4,4,0)  ok    ETA 03:02:19
[1217/2048]  (9,4,2,0)  ok    ETA 03:01:58
[1218/2048]  (9,3,1,4)  ok    ETA 03:01:37
[1219/2048]  (9,4,3,0)  ok    ETA 03:01:16
[1220/2048]  (9,4,1,0)  ok    ETA 03:00:58
[1221/2048]  (9,4,0,0)  ok    ETA 03:00:44
[1222/2048]  (9,4,6,0)  ok    ETA 03:00:22
[1223/2048]  (9,4,7,0)  ok    ETA 03:00:03
[1224/2048]  (9,3,0,4)  ok    ETA 02:59:54
[1225/2048]  (9,4,7,4)  ok    ETA 02:59:35
[1226/2048]  (9,4,5,4)  ok    ETA 02:59:27
[1227/2048]  (9,4,6,4)  ok    ETA 02:59:06
[1228/2048]  (9,4,4,4)  ok    ETA 02:58:48
[1229/2048]  (9,4,3,4)  ok    ETA 02:58:35
[1230/2048]  (9,4,2,4)  ok    ETA 02:58:23
[1231/2048]  (9,4,1,4)  ok    ETA 02:58:17
[1232/2048]  (9,5,2,0)  ok    ETA 02:58:01
[1233/2048]  (9,5,4,0)  ok    ETA 02:57:41
[1234/2048]  (9,5,1,0)  ok    ETA 02:57:22
[1235/2048]  (9,5,3,0)  ok    ETA 02:57:01
[1236/2048]  (9,5,0,0)  ok    ETA 02:56:44
[1237/2048]  (9,4,0,4)  ok    ETA 02:56:29
[1238/2048]  (9,5,5,0)  ok    ETA 02:56:08
[1239/2048]  (9,5,6,0)  ok    ETA 02:55:52
[1240/2048]  (9,5,4,4)  ok    ETA 02:55:51
[1241/2048]  (9,5,3,4)  ok    ETA 02:55:36
[1242/2048]  (9,5,5,4)  ok    ETA 02:55:17
[1243/2048]  (9,5,7,0)  ok    ETA 02:55:04
[1244/2048]  (9,5,6,4)  ok    ETA 02:54:44
[1245/2048]  (9,5,2,4)  ok    ETA 02:54:30
[1246/2048]  (9,5,1,4)  ok    ETA 02:54:18
[1247/2048]  (9,5,0,4)  ok    ETA 02:54:17
[1248/2048]  (9,5,7,4)  ok    ETA 02:54:11
[1249/2048]  (9,6,3,0)  ok    ETA 02:55:18
[1250/2048]  (9,6,2,0)  ok    ETA 02:55:05
[1251/2048]  (9,6,1,0)  ok    ETA 02:54:48
[1252/2048]  (9,6,0,0)  ok    ETA 02:54:27
[1253/2048]  (9,6,4,0)  ok    ETA 02:54:06
[1254/2048]  (9,6,6,0)  ok    ETA 02:53:48
[1255/2048]  (9,6,5,0)  ok    ETA 02:53:28
[1256/2048]  (9,6,7,0)  ok    ETA 02:53:19
[1257/2048]  (9,6,6,4)  ok    ETA 02:53:09
[1258/2048]  (9,6,7,4)  ok    ETA 02:52:52
[1259/2048]  (9,6,3,4)  ok    ETA 02:52:32
[1260/2048]  (9,6,5,4)  ok    ETA 02:52:13
[1261/2048]  (9,6,2,4)  ok    ETA 02:52:00
[1262/2048]  (9,6,4,4)  ok    ETA 02:51:39
[1263/2048]  (9,6,1,4)  ok    ETA 02:51:42
[1264/2048]  (9,7,3,0)  ok    ETA 02:51:26
[1265/2048]  (9,6,0,4)  ok    ETA 02:51:08
[1266/2048]  (9,7,4,0)  ok    ETA 02:50:50
[1267/2048]  (9,7,2,0)  ok    ETA 02:50:29
[1268/2048]  (9,7,5,0)  ok    ETA 02:50:10
[1269/2048]  (9,7,1,0)  ok    ETA 02:49:49
[1270/2048]  (9,7,6,0)  ok    ETA 02:49:28
[1271/2048]  (9,7,0,0)  ok    ETA 02:49:16
[1272/2048]  (9,7,7,0)  ok    ETA 02:49:02
[1273/2048]  (9,7,5,4)  ok    ETA 02:48:54
[1274/2048]  (9,7,6,4)  ok    ETA 02:48:34
[1275/2048]  (9,7,7,4)  ok    ETA 02:48:17
[1276/2048]  (9,7,4,4)  ok    ETA 02:48:01
[1277/2048]  (9,7,3,4)  ok    ETA 02:47:48
[1278/2048]  (9,7,2,4)  ok    ETA 02:47:28
[1279/2048]  (9,7,1,4)  ok    ETA 02:47:22
[1280/2048]  (10,0,3,0)  ok    ETA 02:47:02
[1281/2048]  (10,0,1,0)  ok    ETA 02:46:43
[1282/2048]  (10,0,2,0)  ok    ETA 02:46:24
[1283/2048]  (10,0,0,0)  ok    ETA 02:46:09
[1284/2048]  (9,7,0,4)  ok    ETA 02:45:51
[1285/2048]  (10,0,4,0)  ok    ETA 02:45:35
[1286/2048]  (10,0,6,0)  ok    ETA 02:45:18
[1287/2048]  (10,0,5,0)  ok    ETA 02:44:58
[1288/2048]  (10,0,7,0)  ok    ETA 02:44:55
[1289/2048]  (10,0,6,4)  ok    ETA 02:44:53
[1290/2048]  (10,0,5,4)  ok    ETA 02:44:34
[1291/2048]  (10,0,4,4)  ok    ETA 02:44:27
[1292/2048]  (10,0,7,4)  ok    ETA 02:44:07
[1293/2048]  (10,0,2,4)  ok    ETA 02:43:55
[1294/2048]  (10,0,3,4)  ok    ETA 02:43:37
[1295/2048]  (10,0,1,4)  ok    ETA 02:43:36
[1296/2048]  (10,0,0,4)  ok    ETA 02:43:36
[1297/2048]  (10,1,3,0)  ok    ETA 02:44:24
[1298/2048]  (10,1,2,0)  ok    ETA 02:44:06
[1299/2048]  (10,1,6,0)  ok    ETA 02:43:47
[1300/2048]  (10,1,5,0)  ok    ETA 02:43:26
[1301/2048]  (10,1,4,0)  ok    ETA 02:43:11
[1302/2048]  (10,1,0,0)  ok    ETA 02:42:57
[1303/2048]  (10,1,1,0)  ok    ETA 02:42:36
[1304/2048]  (10,1,7,0)  ok    ETA 02:42:20
[1305/2048]  (10,1,6,4)  ok    ETA 02:42:12
[1306/2048]  (10,1,7,4)  ok    ETA 02:41:58
[1307/2048]  (10,1,5,4)  ok    ETA 02:41:43
[1308/2048]  (10,1,4,4)  ok    ETA 02:41:43
[1309/2048]  (10,1,3,4)  ok    ETA 02:41:35
[1310/2048]  (10,2,6,0)  ok    ETA 02:41:23
[1311/2048]  (10,2,5,0)  ok    ETA 02:41:04
[1312/2048]  (10,2,3,0)  ok    ETA 02:40:44
[1313/2048]  (10,1,2,4)  ok    ETA 02:40:25
[1314/2048]  (10,2,2,0)  ok    ETA 02:40:05
[1315/2048]  (10,2,7,0)  ok    ETA 02:39:46
[1316/2048]  (10,2,4,0)  ok    ETA 02:39:28
[1317/2048]  (10,2,1,0)  ok    ETA 02:39:17
[1318/2048]  (10,2,7,4)  ok    ETA 02:39:01
[1319/2048]  (10,2,0,0)  ok    ETA 02:38:44
[1320/2048]  (10,2,6,4)  ok    ETA 02:38:26
[1321/2048]  (10,1,1,4)  ok    ETA 02:38:10
[1322/2048]  (10,2,5,4)  ok    ETA 02:38:02
[1323/2048]  (10,2,4,4)  ok    ETA 02:37:58
[1324/2048]  (10,1,0,4)  ok    ETA 02:37:38
[1325/2048]  (10,3,3,0)  ok    ETA 02:37:18
[1326/2048]  (10,3,2,0)  ok    ETA 02:37:08
[1327/2048]  (10,3,1,0)  ok    ETA 02:36:51
[1328/2048]  (10,2,3,4)  ok    ETA 02:36:32
[1329/2048]  (10,3,0,0)  ok    ETA 02:36:15
[1330/2048]  (10,3,4,0)  ok    ETA 02:36:05
[1331/2048]  (10,2,2,4)  ok    ETA 02:35:45
[1332/2048]  (10,3,6,0)  ok    ETA 02:35:28
[1333/2048]  (10,3,5,0)  ok    ETA 02:35:08
[1334/2048]  (10,3,7,0)  ok    ETA 02:34:59
[1335/2048]  (10,3,6,4)  ok    ETA 02:34:52
[1336/2048]  (10,2,1,4)  ok    ETA 02:34:36
[1337/2048]  (10,3,5,4)  ok    ETA 02:34:21
[1338/2048]  (10,3,4,4)  ok    ETA 02:34:06
[1339/2048]  (10,3,3,4)  ok    ETA 02:33:47
[1340/2048]  (10,3,2,4)  ok    ETA 02:33:33
[1341/2048]  (10,3,7,4)  ok    ETA 02:33:14
[1342/2048]  (10,2,0,4)  ok    ETA 02:33:08
[1343/2048]  (10,3,1,4)  ok    ETA 02:32:50
[1344/2048]  (10,3,0,4)  ok    ETA 02:32:50
[1345/2048]  (10,4,3,0)  ok    ETA 02:33:31
[1346/2048]  (10,4,2,0)  ok    ETA 02:33:15
[1347/2048]  (10,4,4,0)  ok    ETA 02:32:58
[1348/2048]  (10,4,1,0)  ok    ETA 02:32:40
[1349/2048]  (10,4,5,0)  ok    ETA 02:32:21
[1350/2048]  (10,4,0,0)  ok    ETA 02:32:07
[1351/2048]  (10,4,6,0)  ok    ETA 02:32:04
[1352/2048]  (10,4,7,0)  ok    ETA 02:31:45
[1353/2048]  (10,4,7,4)  ok    ETA 02:31:40
[1354/2048]  (10,4,4,4)  ok    ETA 02:31:20
[1355/2048]  (10,4,3,4)  ok    ETA 02:31:00
[1356/2048]  (10,4,5,4)  ok    ETA 02:30:47
[1357/2048]  (10,4,6,4)  ok    ETA 02:30:32
[1358/2048]  (10,4,2,4)  ok    ETA 02:30:18
[1359/2048]  (10,4,1,4)  ok    ETA 02:30:08
[1360/2048]  (10,5,4,0)  ok    ETA 02:29:59
[1361/2048]  (10,5,3,0)  ok    ETA 02:29:41
[1362/2048]  (10,5,2,0)  ok    ETA 02:29:23
[1363/2048]  (10,5,1,0)  ok    ETA 02:29:03
[1364/2048]  (10,5,6,0)  ok    ETA 02:28:50
[1365/2048]  (10,5,0,0)  ok    ETA 02:28:31
[1366/2048]  (10,4,0,4)  ok    ETA 02:28:15
[1367/2048]  (10,5,7,0)  ok    ETA 02:27:56
[1368/2048]  (10,5,5,0)  ok    ETA 02:27:39
[1369/2048]  (10,5,7,4)  ok    ETA 02:27:28
[1370/2048]  (10,5,6,4)  ok    ETA 02:27:19
[1371/2048]  (10,5,5,4)  ok    ETA 02:27:03
[1372/2048]  (10,5,4,4)  ok    ETA 02:26:46
[1373/2048]  (10,5,3,4)  ok    ETA 02:26:29
[1374/2048]  (10,5,2,4)  ok    ETA 02:26:23
[1375/2048]  (10,5,1,4)  ok    ETA 02:26:10
[1376/2048]  (10,6,2,0)  ok    ETA 02:25:58
[1377/2048]  (10,6,0,0)  ok    ETA 02:25:43
[1378/2048]  (10,6,1,0)  ok    ETA 02:25:25
[1379/2048]  (10,6,6,0)  ok    ETA 02:25:06
[1380/2048]  (10,6,5,0)  ok    ETA 02:24:50
[1381/2048]  (10,5,0,4)  ok    ETA 02:24:32
[1382/2048]  (10,6,3,0)  ok    ETA 02:24:14
[1383/2048]  (10,6,4,0)  ok    ETA 02:23:55
[1384/2048]  (10,6,7,0)  ok    ETA 02:23:41
[1385/2048]  (10,6,6,4)  ok    ETA 02:23:40
[1386/2048]  (10,6,5,4)  ok    ETA 02:23:22
[1387/2048]  (10,6,7,4)  ok    ETA 02:23:10
[1388/2048]  (10,6,4,4)  ok    ETA 02:22:54
[1389/2048]  (10,6,3,4)  ok    ETA 02:22:39
[1390/2048]  (10,6,2,4)  ok    ETA 02:22:23
[1391/2048]  (10,6,1,4)  ok    ETA 02:22:11
[1392/2048]  (10,6,0,4)  ok    ETA 02:22:09
[1393/2048]  (10,7,2,0)  ok    ETA 02:22:47
[1394/2048]  (10,7,1,0)  ok    ETA 02:22:32
[1395/2048]  (10,7,0,0)  ok    ETA 02:22:18
[1396/2048]  (10,7,5,0)  ok    ETA 02:21:59
[1397/2048]  (10,7,3,0)  ok    ETA 02:21:42
[1398/2048]  (10,7,6,0)  ok    ETA 02:21:23
[1399/2048]  (10,7,4,0)  ok    ETA 02:21:11
[1400/2048]  (10,7,7,0)  ok    ETA 02:20:54
  [checkpoint @ 1400]
[1401/2048]  (10,7,6,4)  ok    ETA 02:20:47
[1402/2048]  (10,7,5,4)  ok    ETA 02:20:30
[1403/2048]  (10,7,7,4)  ok    ETA 02:20:14
[1404/2048]  (10,7,4,4)  ok    ETA 02:20:01
[1405/2048]  (10,7,3,4)  ok    ETA 02:19:42
[1406/2048]  (10,7,2,4)  ok    ETA 02:19:25
[1407/2048]  (10,7,1,4)  ok    ETA 02:19:15
[1408/2048]  (11,0,3,0)  ok    ETA 02:19:00
[1409/2048]  (11,0,2,0)  ok    ETA 02:18:43
[1410/2048]  (11,0,1,0)  ok    ETA 02:18:25
[1411/2048]  (11,0,4,0)  ok    ETA 02:18:07
[1412/2048]  (11,0,6,0)  ok    ETA 02:17:54
[1413/2048]  (11,0,0,0)  ok    ETA 02:17:35
[1414/2048]  (11,0,5,0)  ok    ETA 02:17:18
[1415/2048]  (10,7,0,4)  ok    ETA 02:17:00
[1416/2048]  (11,0,7,0)  ok    ETA 02:16:49
[1417/2048]  (11,0,7,4)  ok    ETA 02:16:52
[1418/2048]  (11,0,6,4)  ok    ETA 02:16:36
[1419/2048]  (11,0,5,4)  ok    ETA 02:16:18
[1420/2048]  (11,0,3,4)  ok    ETA 02:16:08
[1421/2048]  (11,0,4,4)  ok    ETA 02:15:51
[1422/2048]  (11,0,2,4)  ok    ETA 02:15:47
[1423/2048]  (11,1,3,0)  ok    ETA 02:15:30
[1424/2048]  (11,1,2,0)  ok    ETA 02:15:15
[1425/2048]  (11,1,6,0)  ok    ETA 02:15:03
[1426/2048]  (11,1,4,0)  ok    ETA 02:14:45
[1427/2048]  (11,1,1,0)  ok    ETA 02:14:27
[1428/2048]  (11,1,5,0)  ok    ETA 02:14:09
[1429/2048]  (11,1,7,0)  ok    ETA 02:13:53
[1430/2048]  (11,0,1,4)  ok    ETA 02:13:38
[1431/2048]  (11,1,0,0)  ok    ETA 02:13:20
[1432/2048]  (11,0,0,4)  ok    ETA 02:13:15
[1433/2048]  (11,1,6,4)  ok    ETA 02:12:59
[1434/2048]  (11,1,7,4)  ok    ETA 02:12:47
[1435/2048]  (11,1,5,4)  ok    ETA 02:12:34
[1436/2048]  (11,1,4,4)  ok    ETA 02:12:22
[1437/2048]  (11,1,3,4)  ok    ETA 02:12:08
[1438/2048]  (11,1,2,4)  ok    ETA 02:12:08
[1439/2048]  (11,1,1,4)  ok    ETA 02:12:12
[1440/2048]  (11,1,0,4)  ok    ETA 02:12:19
[1441/2048]  (11,2,6,0)  ok    ETA 02:12:07
[1442/2048]  (11,2,7,0)  ok    ETA 02:11:49
[1443/2048]  (11,2,5,0)  ok    ETA 02:11:31
[1444/2048]  (11,2,3,0)  ok    ETA 02:11:15
[1445/2048]  (11,2,2,0)  ok    ETA 02:11:00
[1446/2048]  (11,2,4,0)  ok    ETA 02:10:42
[1447/2048]  (11,2,1,0)  ok    ETA 02:10:31
[1448/2048]  (11,2,0,0)  ok    ETA 02:10:13
[1449/2048]  (11,2,7,4)  ok    ETA 02:09:55
[1450/2048]  (11,2,6,4)  ok    ETA 02:09:41
[1451/2048]  (11,2,5,4)  ok    ETA 02:09:40
[1452/2048]  (11,3,3,0)  ok    ETA 02:09:28
[1453/2048]  (11,2,4,4)  ok    ETA 02:09:15
[1454/2048]  (11,3,2,0)  ok    ETA 02:08:58
[1455/2048]  (11,3,1,0)  ok    ETA 02:08:41
[1456/2048]  (11,2,3,4)  ok    ETA 02:08:29
[1457/2048]  (11,3,0,0)  ok    ETA 02:08:10
[1458/2048]  (11,3,5,0)  ok    ETA 02:07:56
[1459/2048]  (11,3,6,0)  ok    ETA 02:07:40
[1460/2048]  (11,3,4,0)  ok    ETA 02:07:23
[1461/2048]  (11,3,7,0)  ok    ETA 02:07:12
[1462/2048]  (11,2,2,4)  ok    ETA 02:06:54
[1463/2048]  (11,3,7,4)  ok    ETA 02:06:51
[1464/2048]  (11,3,5,4)  ok    ETA 02:06:39
[1465/2048]  (11,3,3,4)  ok    ETA 02:06:21
[1466/2048]  (11,3,6,4)  ok    ETA 02:06:03
[1467/2048]  (11,2,1,4)  ok    ETA 02:05:45
[1468/2048]  (11,3,4,4)  ok    ETA 02:05:33
[1469/2048]  (11,3,2,4)  ok    ETA 02:05:15
[1470/2048]  (11,2,0,4)  ok    ETA 02:05:15
[1471/2048]  (11,4,3,0)  ok    ETA 02:04:57
[1472/2048]  (11,4,2,0)  ok    ETA 02:04:40
[1473/2048]  (11,3,1,4)  ok    ETA 02:04:23
[1474/2048]  (11,4,4,0)  ok    ETA 02:04:08
[1475/2048]  (11,4,1,0)  ok    ETA 02:03:52
[1476/2048]  (11,4,5,0)  ok    ETA 02:03:37
[1477/2048]  (11,4,6,0)  ok    ETA 02:03:22
[1478/2048]  (11,4,0,0)  ok    ETA 02:03:05
[1479/2048]  (11,3,0,4)  ok    ETA 02:02:50
[1480/2048]  (11,4,5,4)  ok    ETA 02:02:53
[1481/2048]  (11,4,4,4)  ok    ETA 02:02:37
[1482/2048]  (11,4,7,0)  ok    ETA 02:02:23
[1483/2048]  (11,4,6,4)  ok    ETA 02:02:08
[1484/2048]  (11,4,3,4)  ok    ETA 02:01:52
[1485/2048]  (11,4,2,4)  ok    ETA 02:01:37
[1486/2048]  (11,4,1,4)  ok    ETA 02:01:31
[1487/2048]  (11,4,7,4)  ok    ETA 02:01:27
[1488/2048]  (11,4,0,4)  ok    ETA 02:01:12
[1489/2048]  (11,5,4,0)  ok    ETA 02:01:19
[1490/2048]  (11,5,3,0)  ok    ETA 02:01:08
[1491/2048]  (11,5,2,0)  ok    ETA 02:00:51
[1492/2048]  (11,5,1,0)  ok    ETA 02:00:34
[1493/2048]  (11,5,5,0)  ok    ETA 02:00:21
[1494/2048]  (11,5,7,0)  ok    ETA 02:00:04
[1495/2048]  (11,5,0,0)  ok    ETA 01:59:48
[1496/2048]  (11,5,6,0)  ok    ETA 01:59:32
[1497/2048]  (11,5,7,4)  ok    ETA 01:59:27
[1498/2048]  (11,5,4,4)  ok    ETA 01:59:10
[1499/2048]  (11,5,6,4)  ok    ETA 01:58:56
[1500/2048]  (11,5,5,4)  ok    ETA 01:58:41
[1501/2048]  (11,5,3,4)  ok    ETA 01:58:25
[1502/2048]  (11,5,2,4)  ok    ETA 01:58:16
[1503/2048]  (11,5,1,4)  ok    ETA 01:58:10
[1504/2048]  (11,6,1,0)  ok    ETA 01:57:57
[1505/2048]  (11,6,6,0)  ok    ETA 01:57:40
[1506/2048]  (11,6,5,0)  ok    ETA 01:57:23
[1507/2048]  (11,6,0,0)  ok    ETA 01:57:06
[1508/2048]  (11,6,2,0)  ok    ETA 01:56:48
[1509/2048]  (11,6,4,0)  ok    ETA 01:56:36
[1510/2048]  (11,6,3,0)  ok    ETA 01:56:20
[1511/2048]  (11,5,0,4)  ok    ETA 01:56:04
[1512/2048]  (11,6,7,0)  ok    ETA 01:55:48
[1513/2048]  (11,6,7,4)  ok    ETA 01:55:41
[1514/2048]  (11,6,5,4)  ok    ETA 01:55:25
[1515/2048]  (11,6,6,4)  ok    ETA 01:55:14
[1516/2048]  (11,6,4,4)  ok    ETA 01:54:56
[1517/2048]  (11,6,2,4)  ok    ETA 01:54:47
[1518/2048]  (11,6,3,4)  ok    ETA 01:54:33
[1519/2048]  (11,6,1,4)  ok    ETA 01:54:21
[1520/2048]  (11,7,3,0)  ok    ETA 01:54:07
[1521/2048]  (11,7,2,0)  ok    ETA 01:53:51
[1522/2048]  (11,7,1,0)  ok    ETA 01:53:37
[1523/2048]  (11,7,0,0)  ok    ETA 01:53:20
[1524/2048]  (11,6,0,4)  ok    ETA 01:53:05
[1525/2048]  (11,7,6,0)  ok    ETA 01:52:54
[1526/2048]  (11,7,5,0)  ok    ETA 01:52:36
[1527/2048]  (11,7,4,0)  ok    ETA 01:52:20
[1528/2048]  (11,7,7,0)  ok    ETA 01:52:18
[1529/2048]  (11,7,5,4)  ok    ETA 01:52:03
[1530/2048]  (11,7,6,4)  ok    ETA 01:51:48
[1531/2048]  (11,7,2,4)  ok    ETA 01:51:32
[1532/2048]  (11,7,4,4)  ok    ETA 01:51:17
[1533/2048]  (11,7,7,4)  ok    ETA 01:51:02
[1534/2048]  (11,7,3,4)  ok    ETA 01:50:50
[1535/2048]  (11,7,1,4)  ok    ETA 01:50:33
[1536/2048]  (11,7,0,4)  ok    ETA 01:50:26
[1537/2048]  (12,0,3,0)  ok    ETA 01:50:35
[1538/2048]  (12,0,0,0)  ok    ETA 01:50:18
[1539/2048]  (12,0,2,0)  ok    ETA 01:50:04
[1540/2048]  (12,0,1,0)  ok    ETA 01:49:46
[1541/2048]  (12,0,5,0)  ok    ETA 01:49:34
[1542/2048]  (12,0,6,0)  ok    ETA 01:49:17
[1543/2048]  (12,0,4,0)  ok    ETA 01:49:00
[1544/2048]  (12,0,7,0)  ok    ETA 01:48:56
[1545/2048]  (12,0,6,4)  ok    ETA 01:48:50
[1546/2048]  (12,0,5,4)  ok    ETA 01:48:35
[1547/2048]  (12,0,7,4)  ok    ETA 01:48:20
[1548/2048]  (12,0,4,4)  ok    ETA 01:48:07
[1549/2048]  (12,0,3,4)  ok    ETA 01:47:51
[1550/2048]  (12,0,2,4)  ok    ETA 01:47:47
[1551/2048]  (12,1,3,0)  ok    ETA 01:47:34
[1552/2048]  (12,1,2,0)  ok    ETA 01:47:19
[1553/2048]  (12,1,4,0)  ok    ETA 01:47:03
[1554/2048]  (12,1,1,0)  ok    ETA 01:46:47
[1555/2048]  (12,1,5,0)  ok    ETA 01:46:31
[1556/2048]  (12,1,6,0)  ok    ETA 01:46:15
[1557/2048]  (12,0,1,4)  ok    ETA 01:45:58
[1558/2048]  (12,1,7,0)  ok    ETA 01:45:44
[1559/2048]  (12,1,0,0)  ok    ETA 01:45:28
[1560/2048]  (12,1,7,4)  ok    ETA 01:45:23
[1561/2048]  (12,0,0,4)  ok    ETA 01:45:06
[1562/2048]  (12,1,6,4)  ok    ETA 01:44:52
[1563/2048]  (12,1,5,4)  ok    ETA 01:44:39
[1564/2048]  (12,1,4,4)  ok    ETA 01:44:30
[1565/2048]  (12,1,3,4)  ok    ETA 01:44:19
[1566/2048]  (12,2,3,0)  ok    ETA 01:44:13
[1567/2048]  (12,2,7,0)  ok    ETA 01:43:59
[1568/2048]  (12,2,6,0)  ok    ETA 01:43:43
[1569/2048]  (12,1,2,4)  ok    ETA 01:43:27
[1570/2048]  (12,2,5,0)  ok    ETA 01:43:10
[1571/2048]  (12,2,2,0)  ok    ETA 01:42:55
[1572/2048]  (12,2,1,0)  ok    ETA 01:42:38
[1573/2048]  (12,2,4,0)  ok    ETA 01:42:23
[1574/2048]  (12,2,0,0)  ok    ETA 01:42:08
[1575/2048]  (12,1,1,4)  ok    ETA 01:42:00
[1576/2048]  (12,2,7,4)  ok    ETA 01:41:45
[1577/2048]  (12,2,6,4)  ok    ETA 01:41:31
[1578/2048]  (12,2,5,4)  ok    ETA 01:41:21
[1579/2048]  (12,1,0,4)  ok    ETA 01:41:13
[1580/2048]  (12,2,4,4)  ok    ETA 01:40:59
[1581/2048]  (12,2,3,4)  ok    ETA 01:40:56
[1582/2048]  (12,2,2,4)  ok    ETA 01:40:45
[1583/2048]  (12,3,3,0)  ok    ETA 01:40:31
[1584/2048]  (12,3,2,0)  ok    ETA 01:40:20
[1585/2048]  (12,3,1,0)  ok    ETA 01:40:06
[1586/2048]  (12,2,1,4)  ok    ETA 01:39:50
[1587/2048]  (12,3,0,0)  ok    ETA 01:39:35
[1588/2048]  (12,3,5,0)  ok    ETA 01:39:21
[1589/2048]  (12,3,6,0)  ok    ETA 01:39:05
[1590/2048]  (12,3,4,0)  ok    ETA 01:38:50
[1591/2048]  (12,3,7,0)  ok    ETA 01:38:42
[1592/2048]  (12,2,0,4)  ok    ETA 01:38:29
[1593/2048]  (12,3,7,4)  ok    ETA 01:38:20
[1594/2048]  (12,3,5,4)  ok    ETA 01:38:05
[1595/2048]  (12,3,6,4)  ok    ETA 01:37:50
[1596/2048]  (12,3,3,4)  ok    ETA 01:37:36
[1597/2048]  (12,3,4,4)  ok    ETA 01:37:20
[1598/2048]  (12,3,2,4)  ok    ETA 01:37:08
[1599/2048]  (12,4,3,0)  ok    ETA 01:36:57
[1600/2048]  (12,3,1,4)  ok    ETA 01:36:44
  [checkpoint @ 1600]
[1601/2048]  (12,4,2,0)  ok    ETA 01:36:28
[1602/2048]  (12,4,5,0)  ok    ETA 01:36:14
[1603/2048]  (12,4,4,0)  ok    ETA 01:35:58
[1604/2048]  (12,4,1,0)  ok    ETA 01:35:43
[1605/2048]  (12,4,0,0)  ok    ETA 01:35:30
[1606/2048]  (12,4,6,0)  ok    ETA 01:35:17
[1607/2048]  (12,3,0,4)  ok    ETA 01:35:03
[1608/2048]  (12,4,7,0)  ok    ETA 01:34:51
[1609/2048]  (12,4,5,4)  ok    ETA 01:34:43
[1610/2048]  (12,4,4,4)  ok    ETA 01:34:27
[1611/2048]  (12,4,7,4)  ok    ETA 01:34:11
[1612/2048]  (12,4,6,4)  ok    ETA 01:33:59
[1613/2048]  (12,4,3,4)  ok    ETA 01:33:46
[1614/2048]  (12,4,2,4)  ok    ETA 01:33:32
[1615/2048]  (12,4,1,4)  ok    ETA 01:33:26
[1616/2048]  (12,5,2,0)  ok    ETA 01:33:10
[1617/2048]  (12,5,4,0)  ok    ETA 01:32:56
[1618/2048]  (12,5,1,0)  ok    ETA 01:32:40
[1619/2048]  (12,5,3,0)  ok    ETA 01:32:25
[1620/2048]  (12,5,0,0)  ok    ETA 01:32:13
[1621/2048]  (12,5,5,0)  ok    ETA 01:32:00
[1622/2048]  (12,4,0,4)  ok    ETA 01:31:44
[1623/2048]  (12,5,6,0)  ok    ETA 01:31:37
[1624/2048]  (12,5,7,0)  ok    ETA 01:31:24
[1625/2048]  (12,5,4,4)  ok    ETA 01:31:11
[1626/2048]  (12,5,5,4)  ok    ETA 01:30:56
[1627/2048]  (12,5,3,4)  ok    ETA 01:30:41
[1628/2048]  (12,5,2,4)  ok    ETA 01:30:26
[1629/2048]  (12,5,6,4)  ok    ETA 01:30:15
[1630/2048]  (12,5,7,4)  ok    ETA 01:30:00
[1631/2048]  (12,5,1,4)  ok    ETA 01:29:47
[1632/2048]  (12,5,0,4)  ok    ETA 01:29:42
[1633/2048]  (12,6,2,0)  ok    ETA 01:29:34
[1634/2048]  (12,6,1,0)  ok    ETA 01:29:20
[1635/2048]  (12,6,3,0)  ok    ETA 01:29:06
[1636/2048]  (12,6,0,0)  ok    ETA 01:28:51
[1637/2048]  (12,6,6,0)  ok    ETA 01:28:36
[1638/2048]  (12,6,5,0)  ok    ETA 01:28:21
[1639/2048]  (12,6,4,0)  ok    ETA 01:28:05
[1640/2048]  (12,6,7,0)  ok    ETA 01:27:52
[1641/2048]  (12,6,6,4)  ok    ETA 01:27:44
[1642/2048]  (12,6,7,4)  ok    ETA 01:27:30
[1643/2048]  (12,6,5,4)  ok    ETA 01:27:16
[1644/2048]  (12,6,4,4)  ok    ETA 01:27:03
[1645/2048]  (12,6,2,4)  ok    ETA 01:26:50
[1646/2048]  (12,6,3,4)  ok    ETA 01:26:34
[1647/2048]  (12,6,1,4)  ok    ETA 01:26:27
[1648/2048]  (12,7,1,0)  ok    ETA 01:26:16
[1649/2048]  (12,7,3,0)  ok    ETA 01:26:00
[1650/2048]  (12,7,2,0)  ok    ETA 01:25:44
[1651/2048]  (12,7,0,0)  ok    ETA 01:25:30
[1652/2048]  (12,6,0,4)  ok    ETA 01:25:15
[1653/2048]  (12,7,5,0)  ok    ETA 01:25:00
[1654/2048]  (12,7,6,0)  ok    ETA 01:24:47
[1655/2048]  (12,7,4,0)  ok    ETA 01:24:32
[1656/2048]  (12,7,7,0)  ok    ETA 01:24:22
[1657/2048]  (12,7,6,4)  ok    ETA 01:24:10
[1658/2048]  (12,7,7,4)  ok    ETA 01:23:56
[1659/2048]  (12,7,5,4)  ok    ETA 01:23:40
[1660/2048]  (12,7,4,4)  ok    ETA 01:23:27
[1661/2048]  (12,7,3,4)  ok    ETA 01:23:13
[1662/2048]  (12,7,2,4)  ok    ETA 01:23:00
[1663/2048]  (12,7,1,4)  ok    ETA 01:22:47
[1664/2048]  (13,0,1,0)  ok    ETA 01:22:36
[1665/2048]  (13,0,0,0)  ok    ETA 01:22:22
[1666/2048]  (13,0,2,0)  ok    ETA 01:22:07
[1667/2048]  (12,7,0,4)  ok    ETA 01:21:54
[1668/2048]  (13,0,3,0)  ok    ETA 01:21:40
[1669/2048]  (13,0,5,0)  ok    ETA 01:21:26
[1670/2048]  (13,0,4,0)  ok    ETA 01:21:11
[1671/2048]  (13,0,6,0)  ok    ETA 01:20:56
[1672/2048]  (13,0,7,0)  ok    ETA 01:20:41
[1673/2048]  (13,0,6,4)  ok    ETA 01:20:39
[1674/2048]  (13,0,5,4)  ok    ETA 01:20:26
[1675/2048]  (13,0,7,4)  ok    ETA 01:20:12
[1676/2048]  (13,0,4,4)  ok    ETA 01:20:00
[1677/2048]  (13,0,3,4)  ok    ETA 01:19:51
[1678/2048]  (13,0,2,4)  ok    ETA 01:19:35
[1679/2048]  (13,0,1,4)  ok    ETA 01:19:28
[1680/2048]  (13,1,3,0)  ok    ETA 01:19:16
[1681/2048]  (13,1,2,0)  ok    ETA 01:19:04
[1682/2048]  (13,1,5,0)  ok    ETA 01:18:49
[1683/2048]  (13,0,0,4)  ok    ETA 01:18:34
[1684/2048]  (13,1,4,0)  ok    ETA 01:18:18
[1685/2048]  (13,1,1,0)  ok    ETA 01:18:04
[1686/2048]  (13,1,6,0)  ok    ETA 01:17:48
[1687/2048]  (13,1,0,0)  ok    ETA 01:17:34
[1688/2048]  (13,1,7,0)  ok    ETA 01:17:21
[1689/2048]  (13,1,6,4)  ok    ETA 01:17:14
[1690/2048]  (13,1,7,4)  ok    ETA 01:17:02
[1691/2048]  (13,1,5,4)  ok    ETA 01:16:49
[1692/2048]  (13,1,4,4)  ok    ETA 01:16:39
[1693/2048]  (13,1,3,4)  ok    ETA 01:16:26
[1694/2048]  (13,2,3,0)  ok    ETA 01:16:19
[1695/2048]  (13,2,5,0)  ok    ETA 01:16:03
[1696/2048]  (13,2,2,0)  ok    ETA 01:15:48
[1697/2048]  (13,2,6,0)  ok    ETA 01:15:33
[1698/2048]  (13,2,7,0)  ok    ETA 01:15:18
[1699/2048]  (13,1,2,4)  ok    ETA 01:15:02
[1700/2048]  (13,2,4,0)  ok    ETA 01:14:48
[1701/2048]  (13,2,1,0)  ok    ETA 01:14:34
[1702/2048]  (13,2,0,0)  ok    ETA 01:14:23
[1703/2048]  (13,2,7,4)  ok    ETA 01:14:11
[1704/2048]  (13,1,1,4)  ok    ETA 01:13:58
[1705/2048]  (13,2,6,4)  ok    ETA 01:13:43
[1706/2048]  (13,2,5,4)  ok    ETA 01:13:32
[1707/2048]  (13,1,0,4)  ok    ETA 01:13:24
[1708/2048]  (13,2,4,4)  ok    ETA 01:13:09
[1709/2048]  (13,3,3,0)  ok    ETA 01:12:56
[1710/2048]  (13,3,2,0)  ok    ETA 01:12:43
[1711/2048]  (13,3,1,0)  ok    ETA 01:12:29
[1712/2048]  (13,3,0,0)  ok    ETA 01:12:15
[1713/2048]  (13,2,3,4)  ok    ETA 01:11:59
[1714/2048]  (13,3,4,0)  ok    ETA 01:11:47
[1715/2048]  (13,3,5,0)  ok    ETA 01:11:33
[1716/2048]  (13,2,2,4)  ok    ETA 01:11:20
[1717/2048]  (13,3,6,0)  ok    ETA 01:11:08
[1718/2048]  (13,3,7,0)  ok    ETA 01:10:56
[1719/2048]  (13,2,1,4)  ok    ETA 01:10:44
[1720/2048]  (13,3,3,4)  ok    ETA 01:10:30
[1721/2048]  (13,3,6,4)  ok    ETA 01:10:15
[1722/2048]  (13,3,5,4)  ok    ETA 01:10:02
[1723/2048]  (13,3,7,4)  ok    ETA 01:09:49
[1724/2048]  (13,3,4,4)  ok    ETA 01:09:34
[1725/2048]  (13,3,2,4)  ok    ETA 01:09:22
[1726/2048]  (13,2,0,4)  ok    ETA 01:09:11
[1727/2048]  (13,3,1,4)  ok    ETA 01:09:02
[1728/2048]  (13,4,3,0)  ok    ETA 01:08:48
[1729/2048]  (13,4,2,0)  ok    ETA 01:08:34
[1730/2048]  (13,3,0,4)  ok    ETA 01:08:22
[1731/2048]  (13,4,4,0)  ok    ETA 01:08:07
[1732/2048]  (13,4,1,0)  ok    ETA 01:07:52
[1733/2048]  (13,4,5,0)  ok    ETA 01:07:39
[1734/2048]  (13,4,0,0)  ok    ETA 01:07:23
[1735/2048]  (13,4,6,0)  ok    ETA 01:07:12
[1736/2048]  (13,4,7,0)  ok    ETA 01:07:01
[1737/2048]  (13,4,7,4)  ok    ETA 01:06:53
[1738/2048]  (13,4,3,4)  ok    ETA 01:06:38
[1739/2048]  (13,4,5,4)  ok    ETA 01:06:24
[1740/2048]  (13,4,4,4)  ok    ETA 01:06:09
[1741/2048]  (13,4,2,4)  ok    ETA 01:05:57
[1742/2048]  (13,4,6,4)  ok    ETA 01:05:42
[1743/2048]  (13,4,1,4)  ok    ETA 01:05:35
[1744/2048]  (13,5,2,0)  ok    ETA 01:05:21
[1745/2048]  (13,5,1,0)  ok    ETA 01:05:07
[1746/2048]  (13,5,4,0)  ok    ETA 01:04:52
[1747/2048]  (13,5,3,0)  ok    ETA 01:04:38
[1748/2048]  (13,5,0,0)  ok    ETA 01:04:25
[1749/2048]  (13,5,6,0)  ok    ETA 01:04:14
[1750/2048]  (13,5,5,0)  ok    ETA 01:03:59
[1751/2048]  (13,4,0,4)  ok    ETA 01:03:44
[1752/2048]  (13,5,7,0)  ok    ETA 01:03:29
[1753/2048]  (13,5,7,4)  ok    ETA 01:03:20
[1754/2048]  (13,5,6,4)  ok    ETA 01:03:08
[1755/2048]  (13,5,4,4)  ok    ETA 01:02:54
[1756/2048]  (13,5,5,4)  ok    ETA 01:02:40
[1757/2048]  (13,5,3,4)  ok    ETA 01:02:26
[1758/2048]  (13,5,2,4)  ok    ETA 01:02:15
[1759/2048]  (13,5,1,4)  ok    ETA 01:02:04
[1760/2048]  (13,6,1,0)  ok    ETA 01:01:52
[1761/2048]  (13,6,0,0)  ok    ETA 01:01:38
[1762/2048]  (13,6,2,0)  ok    ETA 01:01:24
[1763/2048]  (13,6,4,0)  ok    ETA 01:01:10
[1764/2048]  (13,6,5,0)  ok    ETA 01:00:56
[1765/2048]  (13,5,0,4)  ok    ETA 01:00:41
[1766/2048]  (13,6,3,0)  ok    ETA 01:00:27
[1767/2048]  (13,6,6,0)  ok    ETA 01:00:12
[1768/2048]  (13,6,7,0)  ok    ETA 01:00:02
[1769/2048]  (13,6,5,4)  ok    ETA 00:59:51
[1770/2048]  (13,6,6,4)  ok    ETA 00:59:36
[1771/2048]  (13,6,7,4)  ok    ETA 00:59:24
[1772/2048]  (13,6,4,4)  ok    ETA 00:59:09
[1773/2048]  (13,6,3,4)  ok    ETA 00:58:59
[1774/2048]  (13,6,2,4)  ok    ETA 00:58:46
[1775/2048]  (13,6,1,4)  ok    ETA 00:58:34
[1776/2048]  (13,6,0,4)  ok    ETA 00:58:24
[1777/2048]  (13,7,2,0)  ok    ETA 00:58:10
[1778/2048]  (13,7,3,0)  ok    ETA 00:57:56
[1779/2048]  (13,7,1,0)  ok    ETA 00:57:42
[1780/2048]  (13,7,0,0)  ok    ETA 00:57:28
[1781/2048]  (13,7,5,0)  ok    ETA 00:57:16
[1782/2048]  (13,7,6,0)  ok    ETA 00:57:01
[1783/2048]  (13,7,4,0)  ok    ETA 00:56:47
[1784/2048]  (13,7,7,0)  ok    ETA 00:56:36
[1785/2048]  (13,7,6,4)  ok    ETA 00:56:23
[1786/2048]  (13,7,5,4)  ok    ETA 00:56:10
[1787/2048]  (13,7,7,4)  ok    ETA 00:55:57
[1788/2048]  (13,7,4,4)  ok    ETA 00:55:44
[1789/2048]  (13,7,2,4)  ok    ETA 00:55:29
[1790/2048]  (13,7,3,4)  ok    ETA 00:55:15
[1791/2048]  (13,7,1,4)  ok    ETA 00:55:05
[1792/2048]  (14,0,1,0)  ok    ETA 00:54:52
[1793/2048]  (14,0,3,0)  ok    ETA 00:54:38
[1794/2048]  (14,0,0,0)  ok    ETA 00:54:24
[1795/2048]  (14,0,2,0)  ok    ETA 00:54:11
[1796/2048]  (14,0,4,0)  ok    ETA 00:53:57
[1797/2048]  (13,7,0,4)  ok    ETA 00:53:43
[1798/2048]  (14,0,5,0)  ok    ETA 00:53:29
[1799/2048]  (14,0,6,0)  ok    ETA 00:53:15
[1800/2048]  (14,0,7,0)  ok    ETA 00:53:04
  [checkpoint @ 1800]
[1801/2048]  (14,0,6,4)  ok    ETA 00:52:57
[1802/2048]  (14,0,7,4)  ok    ETA 00:52:43
[1803/2048]  (14,0,5,4)  ok    ETA 00:52:28
[1804/2048]  (14,0,3,4)  ok    ETA 00:52:17
[1805/2048]  (14,0,4,4)  ok    ETA 00:52:04
[1806/2048]  (14,1,3,0)  ok    ETA 00:51:54
[1807/2048]  (14,0,2,4)  ok    ETA 00:51:41
[1808/2048]  (14,1,2,0)  ok    ETA 00:51:27
[1809/2048]  (14,1,1,0)  ok    ETA 00:51:14
[1810/2048]  (14,1,5,0)  ok    ETA 00:51:00
[1811/2048]  (14,1,4,0)  ok    ETA 00:50:46
[1812/2048]  (14,1,0,0)  ok    ETA 00:50:32
[1813/2048]  (14,1,6,0)  ok    ETA 00:50:18
[1814/2048]  (14,0,1,4)  ok    ETA 00:50:03
[1815/2048]  (14,1,7,0)  ok    ETA 00:49:50
[1816/2048]  (14,0,0,4)  ok    ETA 00:49:40
[1817/2048]  (14,1,5,4)  ok    ETA 00:49:29
[1818/2048]  (14,1,7,4)  ok    ETA 00:49:16
[1819/2048]  (14,1,6,4)  ok    ETA 00:49:01
[1820/2048]  (14,1,4,4)  ok    ETA 00:48:51
[1821/2048]  (14,1,3,4)  ok    ETA 00:48:40
[1822/2048]  (14,1,2,4)  ok    ETA 00:48:30
[1823/2048]  (14,2,3,0)  ok    ETA 00:48:16
[1824/2048]  (14,2,6,0)  ok    ETA 00:48:02
[1825/2048]  (14,2,4,0)  ok    ETA 00:47:48
[1826/2048]  (14,2,5,0)  ok    ETA 00:47:34
[1827/2048]  (14,2,7,0)  ok    ETA 00:47:20
[1828/2048]  (14,2,2,0)  ok    ETA 00:47:06
[1829/2048]  (14,2,1,0)  ok    ETA 00:46:52
[1830/2048]  (14,2,0,0)  ok    ETA 00:46:40
[1831/2048]  (14,1,1,4)  ok    ETA 00:46:28
[1832/2048]  (14,2,7,4)  ok    ETA 00:46:15
[1833/2048]  (14,2,6,4)  ok    ETA 00:46:00
[1834/2048]  (14,2,5,4)  ok    ETA 00:45:51
[1835/2048]  (14,1,0,4)  ok    ETA 00:45:40
[1836/2048]  (14,3,3,0)  ok    ETA 00:45:26
[1837/2048]  (14,2,4,4)  ok    ETA 00:45:12
[1838/2048]  (14,3,2,0)  ok    ETA 00:44:59
[1839/2048]  (14,3,1,0)  ok    ETA 00:44:46
[1840/2048]  (14,3,0,0)  ok    ETA 00:44:33
[1841/2048]  (14,2,3,4)  ok    ETA 00:44:20
[1842/2048]  (14,3,5,0)  ok    ETA 00:44:06
[1843/2048]  (14,3,4,0)  ok    ETA 00:43:53
[1844/2048]  (14,3,6,0)  ok    ETA 00:43:39
[1845/2048]  (14,2,2,4)  ok    ETA 00:43:27
[1846/2048]  (14,3,7,0)  ok    ETA 00:43:14
[1847/2048]  (14,3,7,4)  ok    ETA 00:43:03
[1848/2048]  (14,2,1,4)  ok    ETA 00:42:50
[1849/2048]  (14,3,6,4)  ok    ETA 00:42:37
[1850/2048]  (14,3,5,4)  ok    ETA 00:42:23
[1851/2048]  (14,3,3,4)  ok    ETA 00:42:09
[1852/2048]  (14,3,4,4)  ok    ETA 00:41:56
[1853/2048]  (14,3,2,4)  ok    ETA 00:41:44
[1854/2048]  (14,2,0,4)  ok    ETA 00:41:32
[1855/2048]  (14,4,3,0)  ok    ETA 00:41:18
[1856/2048]  (14,4,2,0)  ok    ETA 00:41:05
[1857/2048]  (14,4,1,0)  ok    ETA 00:40:52
[1858/2048]  (14,3,1,4)  ok    ETA 00:40:38
[1859/2048]  (14,4,5,0)  ok    ETA 00:40:25
[1860/2048]  (14,4,0,0)  ok    ETA 00:40:11
[1861/2048]  (14,4,4,0)  ok    ETA 00:39:58
[1862/2048]  (14,3,0,4)  ok    ETA 00:39:47
[1863/2048]  (14,4,6,0)  ok    ETA 00:39:33
[1864/2048]  (14,4,7,0)  ok    ETA 00:39:21
[1865/2048]  (14,4,5,4)  ok    ETA 00:39:10
[1866/2048]  (14,4,7,4)  ok    ETA 00:38:56
[1867/2048]  (14,4,4,4)  ok    ETA 00:38:43
[1868/2048]  (14,4,3,4)  ok    ETA 00:38:30
[1869/2048]  (14,4,6,4)  ok    ETA 00:38:17
[1870/2048]  (14,4,2,4)  ok    ETA 00:38:03
[1871/2048]  (14,5,2,0)  ok    ETA 00:37:54
[1872/2048]  (14,4,1,4)  ok    ETA 00:37:40
[1873/2048]  (14,5,4,0)  ok    ETA 00:37:26
[1874/2048]  (14,5,1,0)  ok    ETA 00:37:13
[1875/2048]  (14,5,3,0)  ok    ETA 00:37:00
[1876/2048]  (14,5,0,0)  ok    ETA 00:36:47
[1877/2048]  (14,5,6,0)  ok    ETA 00:36:34
[1878/2048]  (14,4,0,4)  ok    ETA 00:36:21
[1879/2048]  (14,5,7,0)  ok    ETA 00:36:07
[1880/2048]  (14,5,5,0)  ok    ETA 00:35:53
[1881/2048]  (14,5,7,4)  ok    ETA 00:35:42
[1882/2048]  (14,5,6,4)  ok    ETA 00:35:29
[1883/2048]  (14,5,5,4)  ok    ETA 00:35:17
[1884/2048]  (14,5,4,4)  ok    ETA 00:35:04
[1885/2048]  (14,5,3,4)  ok    ETA 00:34:50
[1886/2048]  (14,5,2,4)  ok    ETA 00:34:39
[1887/2048]  (14,5,1,4)  ok    ETA 00:34:27
[1888/2048]  (14,6,1,0)  ok    ETA 00:34:14
[1889/2048]  (14,6,2,0)  ok    ETA 00:34:00
[1890/2048]  (14,6,5,0)  ok    ETA 00:33:47
[1891/2048]  (14,6,0,0)  ok    ETA 00:33:34
[1892/2048]  (14,6,4,0)  ok    ETA 00:33:21
[1893/2048]  (14,6,6,0)  ok    ETA 00:33:07
[1894/2048]  (14,6,3,0)  ok    ETA 00:32:53
[1895/2048]  (14,6,7,0)  ok    ETA 00:32:40
[1896/2048]  (14,5,0,4)  ok    ETA 00:32:26
[1897/2048]  (14,6,7,4)  ok    ETA 00:32:16
[1898/2048]  (14,6,5,4)  ok    ETA 00:32:02
[1899/2048]  (14,6,6,4)  ok    ETA 00:31:49
[1900/2048]  (14,6,4,4)  ok    ETA 00:31:37
[1901/2048]  (14,6,2,4)  ok    ETA 00:31:25
[1902/2048]  (14,6,3,4)  ok    ETA 00:31:11
[1903/2048]  (14,6,1,4)  ok    ETA 00:30:59
[1904/2048]  (14,7,2,0)  ok    ETA 00:30:46
[1905/2048]  (14,7,3,0)  ok    ETA 00:30:33
[1906/2048]  (14,7,1,0)  ok    ETA 00:30:20
[1907/2048]  (14,7,0,0)  ok    ETA 00:30:07
[1908/2048]  (14,6,0,4)  ok    ETA 00:29:53
[1909/2048]  (14,7,5,0)  ok    ETA 00:29:40
[1910/2048]  (14,7,6,0)  ok    ETA 00:29:26
[1911/2048]  (14,7,4,0)  ok    ETA 00:29:13
[1912/2048]  (14,7,7,0)  ok    ETA 00:29:02
[1913/2048]  (14,7,6,4)  ok    ETA 00:28:48
[1914/2048]  (14,7,7,4)  ok    ETA 00:28:36
[1915/2048]  (14,7,5,4)  ok    ETA 00:28:23
[1916/2048]  (14,7,4,4)  ok    ETA 00:28:10
[1917/2048]  (14,7,3,4)  ok    ETA 00:27:57
[1918/2048]  (14,7,2,4)  ok    ETA 00:27:45
[1919/2048]  (14,7,1,4)  ok    ETA 00:27:32
[1920/2048]  (15,0,3,0)  ok    ETA 00:27:19
[1921/2048]  (15,0,0,0)  ok    ETA 00:27:05
[1922/2048]  (15,0,1,0)  ok    ETA 00:26:52
[1923/2048]  (15,0,2,0)  ok    ETA 00:26:39
[1924/2048]  (15,0,4,0)  ok    ETA 00:26:26
[1925/2048]  (14,7,0,4)  ok    ETA 00:26:13
[1926/2048]  (15,0,6,0)  ok    ETA 00:25:59
[1927/2048]  (15,0,5,0)  ok    ETA 00:25:46
[1928/2048]  (15,0,7,0)  ok    ETA 00:25:35
[1929/2048]  (15,0,7,4)  ok    ETA 00:25:25
[1930/2048]  (15,0,6,4)  ok    ETA 00:25:11
[1931/2048]  (15,0,5,4)  ok    ETA 00:24:58
[1932/2048]  (15,0,4,4)  ok    ETA 00:24:45
[1933/2048]  (15,0,3,4)  ok    ETA 00:24:32
[1934/2048]  (15,1,3,0)  ok    ETA 00:24:21
[1935/2048]  (15,0,2,4)  ok    ETA 00:24:08
[1936/2048]  (15,1,2,0)  ok    ETA 00:23:55
[1937/2048]  (15,1,5,0)  ok    ETA 00:23:41
[1938/2048]  (15,1,4,0)  ok    ETA 00:23:28
[1939/2048]  (15,1,1,0)  ok    ETA 00:23:15
[1940/2048]  (15,1,0,0)  ok    ETA 00:23:02
[1941/2048]  (15,1,6,0)  ok    ETA 00:22:49
[1942/2048]  (15,0,1,4)  ok    ETA 00:22:36
[1943/2048]  (15,1,7,0)  ok    ETA 00:22:22
[1944/2048]  (15,0,0,4)  ok    ETA 00:22:11
[1945/2048]  (15,1,7,4)  ok    ETA 00:21:58
[1946/2048]  (15,1,6,4)  ok    ETA 00:21:45
[1947/2048]  (15,1,5,4)  ok    ETA 00:21:32
[1948/2048]  (15,1,4,4)  ok    ETA 00:21:20
[1949/2048]  (15,1,3,4)  ok    ETA 00:21:08
[1950/2048]  (15,2,3,0)  ok    ETA 00:20:56
[1951/2048]  (15,2,6,0)  ok    ETA 00:20:43
[1952/2048]  (15,2,4,0)  ok    ETA 00:20:29
[1953/2048]  (15,2,5,0)  ok    ETA 00:20:16
[1954/2048]  (15,2,2,0)  ok    ETA 00:20:03
[1955/2048]  (15,2,1,0)  ok    ETA 00:19:50
[1956/2048]  (15,2,7,0)  ok    ETA 00:19:37
[1957/2048]  (15,1,2,4)  ok    ETA 00:19:23
[1958/2048]  (15,2,0,0)  ok    ETA 00:19:11
[1959/2048]  (15,2,7,4)  ok    ETA 00:18:59
[1960/2048]  (15,2,6,4)  ok    ETA 00:18:46
[1961/2048]  (15,1,1,4)  ok    ETA 00:18:33
[1962/2048]  (15,2,5,4)  ok    ETA 00:18:20
[1963/2048]  (15,3,3,0)  ok    ETA 00:18:08
[1964/2048]  (15,2,4,4)  ok    ETA 00:17:56
[1965/2048]  (15,3,1,0)  ok    ETA 00:17:42
[1966/2048]  (15,3,2,0)  ok    ETA 00:17:29
[1967/2048]  (15,3,0,0)  ok    ETA 00:17:16
[1968/2048]  (15,1,0,4)  ok    ETA 00:17:03
[1969/2048]  (15,2,3,4)  ok    ETA 00:16:50
[1970/2048]  (15,3,5,0)  ok    ETA 00:16:38
[1971/2048]  (15,3,6,0)  ok    ETA 00:16:24
[1972/2048]  (15,3,4,0)  ok    ETA 00:16:12
[1973/2048]  (15,2,2,4)  ok    ETA 00:15:59
[1974/2048]  (15,3,7,0)  ok    ETA 00:15:46
[1975/2048]  (15,3,7,4)  ok    ETA 00:15:34
[1976/2048]  (15,3,5,4)  ok    ETA 00:15:21
[1977/2048]  (15,3,6,4)  ok    ETA 00:15:08
[1978/2048]  (15,2,1,4)  ok    ETA 00:14:55
[1979/2048]  (15,3,3,4)  ok    ETA 00:14:42
[1980/2048]  (15,3,4,4)  ok    ETA 00:14:29
[1981/2048]  (15,3,2,4)  ok    ETA 00:14:17
[1982/2048]  (15,4,3,0)  ok    ETA 00:14:04
[1983/2048]  (15,4,2,0)  ok    ETA 00:13:51
[1984/2048]  (15,2,0,4)  ok    ETA 00:13:38
[1985/2048]  (15,4,1,0)  ok    ETA 00:13:25
[1986/2048]  (15,4,4,0)  ok    ETA 00:13:12
[1987/2048]  (15,4,0,0)  ok    ETA 00:12:59
[1988/2048]  (15,4,5,0)  ok    ETA 00:12:46
[1989/2048]  (15,3,1,4)  ok    ETA 00:12:33
[1990/2048]  (15,4,6,0)  ok    ETA 00:12:21
[1991/2048]  (15,4,7,0)  ok    ETA 00:12:08
[1992/2048]  (15,3,0,4)  ok    ETA 00:11:55
[1993/2048]  (15,4,7,4)  ok    ETA 00:11:43
[1994/2048]  (15,4,4,4)  ok    ETA 00:11:30
[1995/2048]  (15,4,5,4)  ok    ETA 00:11:17
[1996/2048]  (15,4,6,4)  ok    ETA 00:11:04
[1997/2048]  (15,4,3,4)  ok    ETA 00:10:52
[1998/2048]  (15,4,2,4)  ok    ETA 00:10:39
[1999/2048]  (15,5,2,0)  ok    ETA 00:10:26
[2000/2048]  (15,5,3,0)  ok    ETA 00:10:14
  [checkpoint @ 2000]
[2001/2048]  (15,5,1,0)  ok    ETA 00:10:01
[2002/2048]  (15,5,0,0)  ok    ETA 00:09:48
[2003/2048]  (15,4,1,4)  ok    ETA 00:09:35
[2004/2048]  (15,5,4,0)  ok    ETA 00:09:22
[2005/2048]  (15,5,5,0)  ok    ETA 00:09:09
[2006/2048]  (15,5,6,0)  ok    ETA 00:08:56
[2007/2048]  (15,5,7,0)  ok    ETA 00:08:43
[2008/2048]  (15,4,0,4)  ok    ETA 00:08:30
[2009/2048]  (15,5,7,4)  ok    ETA 00:08:18
[2010/2048]  (15,5,6,4)  ok    ETA 00:08:05
[2011/2048]  (15,5,5,4)  ok    ETA 00:07:52
[2012/2048]  (15,5,4,4)  ok    ETA 00:07:40
[2013/2048]  (15,5,2,4)  ok    ETA 00:07:27
[2014/2048]  (15,5,3,4)  ok    ETA 00:07:14
[2015/2048]  (15,6,2,0)  ok    ETA 00:07:02
[2016/2048]  (15,6,1,0)  ok    ETA 00:06:49
[2017/2048]  (15,5,1,4)  ok    ETA 00:06:36
[2018/2048]  (15,6,0,0)  ok    ETA 00:06:23
[2019/2048]  (15,6,4,0)  ok    ETA 00:06:10
[2020/2048]  (15,6,5,0)  ok    ETA 00:05:57
[2021/2048]  (15,6,6,0)  ok    ETA 00:05:44
[2022/2048]  (15,6,3,0)  ok    ETA 00:05:31
[2023/2048]  (15,6,7,0)  ok    ETA 00:05:19
[2024/2048]  (15,5,0,4)  ok    ETA 00:05:06
[2025/2048]  (15,6,7,4)  ok    ETA 00:04:53
[2026/2048]  (15,6,6,4)  ok    ETA 00:04:40
[2027/2048]  (15,6,5,4)  ok    ETA 00:04:28
[2028/2048]  (15,6,4,4)  ok    ETA 00:04:15
[2029/2048]  (15,6,2,4)  ok    ETA 00:04:02
[2030/2048]  (15,6,3,4)  ok    ETA 00:03:49
[2031/2048]  (15,7,2,0)  ok    ETA 00:03:37
[2032/2048]  (15,6,1,4)  ok    ETA 00:03:24
[2033/2048]  (15,7,3,0)  ok    ETA 00:03:11
[2034/2048]  (15,7,1,0)  ok    ETA 00:02:58
[2035/2048]  (15,7,0,0)  ok    ETA 00:02:45
[2036/2048]  (15,7,5,0)  ok    ETA 00:02:33
[2037/2048]  (15,7,4,0)  ok    ETA 00:02:20
[2038/2048]  (15,7,6,0)  ok    ETA 00:02:07
[2039/2048]  (15,6,0,4)  ok    ETA 00:01:54
[2040/2048]  (15,7,7,0)  ok    ETA 00:01:41
[2041/2048]  (15,7,5,4)  ok    ETA 00:01:29
[2042/2048]  (15,7,6,4)  ok    ETA 00:01:16
[2043/2048]  (15,7,7,4)  ok    ETA 00:01:03
[2044/2048]  (15,7,3,4)  ok    ETA 00:00:51
[2045/2048]  (15,7,4,4)  ok    ETA 00:00:38
[2046/2048]  (15,7,2,4)  ok    ETA 00:00:25
[2047/2048]  (15,7,1,4)  ok    ETA 00:00:12
[2048/2048]  (15,7,0,4)  ok    ETA 00:00:00

Done. 2048 points in 436.2 min; 0 failed.
Saved → simulated/gennorm/gennorm_scan_0.npz
  corr_params:      (16, 8, 8, 8, 66)
  transform_params: (16, 8, 8, 8, 12, 4)
  WARNING: 6144 grid points have NaN.

=== job 10889388 finished Thu May  7 06:59:44 EDT 2026 ===
