=== job 10889382 started Wed May  6 23:43:40 EDT 2026 ===
    node:  holy7c18212
    cpus:  48
    python: Python 3.12.11

Resuming: 0 points already done, loaded from simulated/gennorm/gennorm_scan_3.npz
SVJ gennorm scan  job 3/3  (48 outer × 1 C++ threads)
  Grid:    16×8×8×8 = 8192 total  (2048 this job)
  To do:   2048  (already done: 0)
  Events/point: 50000
  Output:  simulated/gennorm/gennorm_scan_3.npz

[   1/2048]  (0,1,7,3)  ok    ETA 334:09:20
[   2/2048]  (0,0,7,3)  ok    ETA 167:08:16
[   3/2048]  (0,2,7,7)  ok    ETA 111:24:53
[   4/2048]  (0,2,7,3)  ok    ETA 83:50:42
[   5/2048]  (0,1,7,7)  ok    ETA 67:22:02
[   6/2048]  (0,0,7,7)  ok    ETA 56:21:13
[   7/2048]  (0,1,6,3)  ok    ETA 48:20:51
[   8/2048]  (0,0,6,3)  ok    ETA 42:36:19
[   9/2048]  (0,0,6,7)  ok    ETA 37:58:31
[  10/2048]  (0,2,6,3)  ok    ETA 34:12:00
[  11/2048]  (0,0,5,3)  ok    ETA 31:13:23
[  12/2048]  (0,1,6,7)  ok    ETA 28:43:40
[  13/2048]  (0,2,6,7)  ok    ETA 26:37:13
[  14/2048]  (0,1,5,3)  ok    ETA 24:46:29
[  15/2048]  (0,0,5,7)  ok    ETA 23:08:38
[  16/2048]  (0,2,5,3)  ok    ETA 21:44:29
[  17/2048]  (0,1,5,7)  ok    ETA 20:27:46
[  18/2048]  (0,0,4,3)  ok    ETA 19:24:21
[  19/2048]  (0,2,5,7)  ok    ETA 18:27:24
[  20/2048]  (0,1,4,3)  ok    ETA 17:32:14
[  21/2048]  (0,0,3,3)  ok    ETA 16:43:22
[  22/2048]  (0,1,3,3)  ok    ETA 16:05:30
[  23/2048]  (0,2,4,3)  ok    ETA 15:24:06
[  24/2048]  (0,0,2,3)  ok    ETA 14:48:01
[  25/2048]  (0,0,4,7)  ok    ETA 14:16:33
[  26/2048]  (0,1,4,7)  ok    ETA 13:44:13
[  27/2048]  (0,2,3,3)  ok    ETA 13:15:56
[  28/2048]  (0,1,2,3)  ok    ETA 12:49:25
[  29/2048]  (0,0,3,7)  ok    ETA 12:23:46
[  30/2048]  (0,2,4,7)  ok    ETA 12:00:31
[  31/2048]  (0,0,1,3)  ok    ETA 11:39:17
[  32/2048]  (0,1,3,7)  ok    ETA 11:21:25
[  33/2048]  (0,0,0,3)  ok    ETA 11:01:26
[  34/2048]  (0,0,2,7)  ok    ETA 10:44:50
[  35/2048]  (0,1,1,3)  ok    ETA 10:26:08
[  36/2048]  (0,2,2,3)  ok    ETA 10:09:28
[  37/2048]  (0,2,3,7)  ok    ETA 09:53:25
[  38/2048]  (0,0,1,7)  ok    ETA 09:41:23
[  39/2048]  (0,1,2,7)  ok    ETA 09:27:30
[  40/2048]  (0,1,0,3)  ok    ETA 09:13:32
[  41/2048]  (0,2,1,3)  ok    ETA 09:04:04
[  42/2048]  (0,0,0,7)  ok    ETA 08:56:43
[  43/2048]  (0,1,1,7)  ok    ETA 08:44:13
[  44/2048]  (0,2,0,3)  ok    ETA 08:32:45
[  45/2048]  (0,2,2,7)  ok    ETA 08:21:41
[  46/2048]  (0,1,0,7)  ok    ETA 08:16:29
[  47/2048]  (0,2,1,7)  ok    ETA 08:07:10
[  48/2048]  (0,2,0,7)  ok    ETA 08:11:38
[  49/2048]  (0,3,7,3)  ok    ETA 13:41:00
[  50/2048]  (0,3,6,3)  ok    ETA 13:25:23
[  51/2048]  (0,3,7,7)  ok    ETA 13:09:13
[  52/2048]  (0,3,5,3)  ok    ETA 13:00:35
[  53/2048]  (0,3,6,7)  ok    ETA 12:46:32
[  54/2048]  (0,3,3,3)  ok    ETA 12:34:38
[  55/2048]  (0,3,4,3)  ok    ETA 12:21:00
[  56/2048]  (0,3,5,7)  ok    ETA 12:08:47
[  57/2048]  (0,3,4,7)  ok    ETA 11:59:48
[  58/2048]  (0,3,2,3)  ok    ETA 11:47:43
[  59/2048]  (0,4,7,3)  ok    ETA 11:36:20
[  60/2048]  (0,3,1,3)  ok    ETA 11:24:28
[  61/2048]  (0,3,3,7)  ok    ETA 11:14:28
[  62/2048]  (0,4,6,3)  ok    ETA 11:04:41
[  63/2048]  (0,3,0,3)  ok    ETA 10:53:59
[  64/2048]  (0,3,2,7)  ok    ETA 10:44:54
[  65/2048]  (0,4,7,7)  ok    ETA 10:35:00
[  66/2048]  (0,4,5,3)  ok    ETA 10:25:06
[  67/2048]  (0,4,6,7)  ok    ETA 10:16:08
[  68/2048]  (0,3,1,7)  ok    ETA 10:08:33
[  69/2048]  (0,4,5,7)  ok    ETA 09:59:52
[  70/2048]  (0,4,4,3)  ok    ETA 09:52:45
[  71/2048]  (0,4,2,3)  ok    ETA 09:45:26
[  72/2048]  (0,4,3,3)  ok    ETA 09:37:20
[  73/2048]  (0,4,4,7)  ok    ETA 09:30:27
[  74/2048]  (0,4,3,7)  ok    ETA 09:24:28
[  75/2048]  (0,3,0,7)  ok    ETA 09:17:27
[  76/2048]  (0,4,2,7)  ok    ETA 09:11:32
[  77/2048]  (0,5,7,3)  ok    ETA 09:04:32
[  78/2048]  (0,4,0,3)  ok    ETA 08:57:19
[  79/2048]  (0,5,6,3)  ok    ETA 08:50:24
[  80/2048]  (0,4,1,3)  ok    ETA 08:43:37
[  81/2048]  (0,5,4,3)  ok    ETA 08:39:29
[  82/2048]  (0,4,1,7)  ok    ETA 08:33:32
[  83/2048]  (0,4,0,7)  ok    ETA 08:29:01
[  84/2048]  (0,5,5,3)  ok    ETA 08:22:52
[  85/2048]  (0,5,2,3)  ok    ETA 08:16:42
[  86/2048]  (0,5,5,7)  ok    ETA 08:11:11
[  87/2048]  (0,5,3,3)  ok    ETA 08:05:40
[  88/2048]  (0,5,6,7)  ok    ETA 08:00:35
[  89/2048]  (0,5,3,7)  ok    ETA 07:56:34
[  90/2048]  (0,5,0,3)  ok    ETA 07:51:49
[  91/2048]  (0,5,1,3)  ok    ETA 07:47:01
[  92/2048]  (0,5,7,7)  ok    ETA 07:42:39
[  93/2048]  (0,5,4,7)  ok    ETA 07:37:40
[  94/2048]  (0,5,2,7)  ok    ETA 07:33:35
[  95/2048]  (0,5,1,7)  ok    ETA 07:28:49
[  96/2048]  (0,5,0,7)  ok    ETA 07:28:25
[  97/2048]  (0,6,7,3)  ok    ETA 10:14:39
[  98/2048]  (0,6,6,3)  ok    ETA 10:08:55
[  99/2048]  (0,6,7,7)  ok    ETA 10:04:00
[ 100/2048]  (0,6,3,3)  ok    ETA 09:59:51
[ 101/2048]  (0,6,5,3)  ok    ETA 09:53:47
[ 102/2048]  (0,6,5,7)  ok    ETA 09:47:56
[ 103/2048]  (0,6,6,7)  ok    ETA 09:42:40
[ 104/2048]  (0,6,4,3)  ok    ETA 09:36:51
[ 105/2048]  (0,6,1,3)  ok    ETA 09:31:10
[ 106/2048]  (0,6,2,3)  ok    ETA 09:25:53
[ 107/2048]  (0,6,3,7)  ok    ETA 09:21:35
[ 108/2048]  (0,6,0,3)  ok    ETA 09:16:14
[ 109/2048]  (0,6,4,7)  ok    ETA 09:11:22
[ 110/2048]  (0,6,2,7)  ok    ETA 09:08:33
[ 111/2048]  (0,7,7,3)  ok    ETA 09:03:44
[ 112/2048]  (0,7,7,7)  ok    ETA 08:59:00
[ 113/2048]  (0,6,1,7)  ok    ETA 08:54:29
[ 114/2048]  (0,6,0,7)  ok    ETA 08:49:45
[ 115/2048]  (0,7,6,3)  ok    ETA 08:45:44
[ 116/2048]  (0,7,5,3)  ok    ETA 08:41:31
[ 117/2048]  (0,7,6,7)  ok    ETA 08:37:14
[ 118/2048]  (0,7,4,3)  ok    ETA 08:33:40
[ 119/2048]  (0,7,2,3)  ok    ETA 08:29:28
[ 120/2048]  (0,7,3,3)  ok    ETA 08:25:38
[ 121/2048]  (0,7,5,7)  ok    ETA 08:21:52
[ 122/2048]  (1,0,7,3)  ok    ETA 08:18:08
[ 123/2048]  (0,7,1,3)  ok    ETA 08:13:58
[ 124/2048]  (0,7,3,7)  ok    ETA 08:09:49
[ 125/2048]  (0,7,4,7)  ok    ETA 08:06:17
[ 126/2048]  (0,7,0,3)  ok    ETA 08:02:22
[ 127/2048]  (1,0,6,3)  ok    ETA 07:58:56
[ 128/2048]  (0,7,2,7)  ok    ETA 07:56:00
[ 129/2048]  (0,7,1,7)  ok    ETA 07:52:11
[ 130/2048]  (1,0,5,3)  ok    ETA 07:49:35
[ 131/2048]  (0,7,0,7)  ok    ETA 07:46:44
[ 132/2048]  (1,0,7,7)  ok    ETA 07:43:24
[ 133/2048]  (1,0,4,3)  ok    ETA 07:40:14
[ 134/2048]  (1,0,6,7)  ok    ETA 07:36:49
[ 135/2048]  (1,0,3,3)  ok    ETA 07:34:27
[ 136/2048]  (1,0,5,7)  ok    ETA 07:32:10
[ 137/2048]  (1,0,2,3)  ok    ETA 07:30:09
[ 138/2048]  (1,0,4,7)  ok    ETA 07:28:15
[ 139/2048]  (1,0,1,3)  ok    ETA 07:25:01
[ 140/2048]  (1,0,0,3)  ok    ETA 07:22:09
[ 141/2048]  (1,0,3,7)  ok    ETA 07:19:35
[ 142/2048]  (1,0,2,7)  ok    ETA 07:19:42
[ 143/2048]  (1,0,1,7)  ok    ETA 07:19:04
[ 144/2048]  (1,0,0,7)  ok    ETA 07:16:50
[ 145/2048]  (1,1,7,3)  ok    ETA 08:57:36
[ 146/2048]  (1,1,6,3)  ok    ETA 08:54:23
[ 147/2048]  (1,1,7,7)  ok    ETA 08:51:21
[ 148/2048]  (1,1,5,3)  ok    ETA 08:48:53
[ 149/2048]  (1,1,4,3)  ok    ETA 08:45:49
[ 150/2048]  (1,1,6,7)  ok    ETA 08:42:16
[ 151/2048]  (1,1,5,7)  ok    ETA 08:40:36
[ 152/2048]  (1,2,7,3)  ok    ETA 08:37:26
[ 153/2048]  (1,1,3,3)  ok    ETA 08:33:52
[ 154/2048]  (1,2,6,3)  ok    ETA 08:32:05
[ 155/2048]  (1,1,4,7)  ok    ETA 08:28:55
[ 156/2048]  (1,1,2,3)  ok    ETA 08:25:29
[ 157/2048]  (1,2,7,7)  ok    ETA 08:22:16
[ 158/2048]  (1,1,1,3)  ok    ETA 08:19:44
[ 159/2048]  (1,2,5,3)  ok    ETA 08:17:23
[ 160/2048]  (1,1,3,7)  ok    ETA 08:14:35
[ 161/2048]  (1,2,6,7)  ok    ETA 08:11:21
[ 162/2048]  (1,1,0,3)  ok    ETA 08:09:07
[ 163/2048]  (1,2,4,3)  ok    ETA 08:06:21
[ 164/2048]  (1,1,2,7)  ok    ETA 08:04:01
[ 165/2048]  (1,2,5,7)  ok    ETA 08:02:00
[ 166/2048]  (1,2,3,3)  ok    ETA 07:59:16
[ 167/2048]  (1,2,4,7)  ok    ETA 07:57:46
[ 168/2048]  (1,1,1,7)  ok    ETA 07:55:34
[ 169/2048]  (1,2,2,3)  ok    ETA 07:52:53
[ 170/2048]  (1,3,6,3)  ok    ETA 07:49:54
[ 171/2048]  (1,3,5,3)  ok    ETA 07:47:20
[ 172/2048]  (1,1,0,7)  ok    ETA 07:44:25
[ 173/2048]  (1,3,3,3)  ok    ETA 07:42:17
[ 174/2048]  (1,3,4,3)  ok    ETA 07:39:54
[ 175/2048]  (1,3,2,3)  ok    ETA 07:37:34
[ 176/2048]  (1,2,1,3)  ok    ETA 07:34:55
[ 177/2048]  (1,3,7,3)  ok    ETA 07:32:11
[ 178/2048]  (1,2,3,7)  ok    ETA 07:30:04
[ 179/2048]  (1,3,1,3)  ok    ETA 07:27:26
[ 180/2048]  (1,3,5,7)  ok    ETA 07:24:56
[ 181/2048]  (1,2,0,3)  ok    ETA 07:22:28
[ 182/2048]  (1,3,6,7)  ok    ETA 07:20:14
[ 183/2048]  (1,3,4,7)  ok    ETA 07:17:50
[ 184/2048]  (1,3,0,3)  ok    ETA 07:15:17
[ 185/2048]  (1,3,7,7)  ok    ETA 07:13:02
[ 186/2048]  (1,2,2,7)  ok    ETA 07:10:59
[ 187/2048]  (1,3,3,7)  ok    ETA 07:08:31
[ 188/2048]  (1,3,2,7)  ok    ETA 07:07:08
[ 189/2048]  (1,2,1,7)  ok    ETA 07:05:59
[ 190/2048]  (1,3,1,7)  ok    ETA 07:03:40
[ 191/2048]  (1,3,0,7)  ok    ETA 07:03:32
[ 192/2048]  (1,2,0,7)  ok    ETA 07:01:35
[ 193/2048]  (1,4,7,3)  ok    ETA 08:17:25
[ 194/2048]  (1,4,6,3)  ok    ETA 08:14:44
[ 195/2048]  (1,4,5,3)  ok    ETA 08:12:04
[ 196/2048]  (1,4,7,7)  ok    ETA 08:09:40
[ 197/2048]  (1,4,4,3)  ok    ETA 08:07:41
[ 198/2048]  (1,4,6,7)  ok    ETA 08:05:00
[ 199/2048]  (1,4,3,3)  ok    ETA 08:03:06
[ 200/2048]  (1,4,2,3)  ok    ETA 08:00:56
  [checkpoint @ 200]
[ 201/2048]  (1,4,5,7)  ok    ETA 07:58:27
[ 202/2048]  (1,4,0,3)  ok    ETA 07:56:20
[ 203/2048]  (1,4,1,3)  ok    ETA 07:53:54
[ 204/2048]  (1,4,4,7)  ok    ETA 07:51:58
[ 205/2048]  (1,4,2,7)  ok    ETA 07:50:34
[ 206/2048]  (1,4,3,7)  ok    ETA 07:48:38
[ 207/2048]  (1,4,1,7)  ok    ETA 07:46:50
[ 208/2048]  (1,4,0,7)  ok    ETA 07:45:12
[ 209/2048]  (1,5,7,3)  ok    ETA 07:43:15
[ 210/2048]  (1,5,6,3)  ok    ETA 07:41:13
[ 211/2048]  (1,5,7,7)  ok    ETA 07:38:56
[ 212/2048]  (1,5,5,3)  ok    ETA 07:37:48
[ 213/2048]  (1,5,6,7)  ok    ETA 07:35:37
[ 214/2048]  (1,5,4,3)  ok    ETA 07:33:14
[ 215/2048]  (1,5,5,7)  ok    ETA 07:31:13
[ 216/2048]  (1,5,2,3)  ok    ETA 07:29:32
[ 217/2048]  (1,5,3,3)  ok    ETA 07:27:24
[ 218/2048]  (1,5,1,3)  ok    ETA 07:25:09
[ 219/2048]  (1,5,0,3)  ok    ETA 07:22:59
[ 220/2048]  (1,5,4,7)  ok    ETA 07:21:29
[ 221/2048]  (1,6,5,3)  ok    ETA 07:19:46
[ 222/2048]  (1,5,2,7)  ok    ETA 07:18:08
[ 223/2048]  (1,6,6,3)  ok    ETA 07:16:24
[ 224/2048]  (1,5,3,7)  ok    ETA 07:14:14
[ 225/2048]  (1,5,1,7)  ok    ETA 07:12:29
[ 226/2048]  (1,6,6,7)  ok    ETA 07:10:26
[ 227/2048]  (1,6,4,3)  ok    ETA 07:08:37
[ 228/2048]  (1,6,7,3)  ok    ETA 07:06:32
[ 229/2048]  (1,5,0,7)  ok    ETA 07:04:44
[ 230/2048]  (1,6,5,7)  ok    ETA 07:02:41
[ 231/2048]  (1,6,3,3)  ok    ETA 07:01:13
[ 232/2048]  (1,6,4,7)  ok    ETA 06:59:32
[ 233/2048]  (1,6,7,7)  ok    ETA 06:57:48
[ 234/2048]  (1,6,2,3)  ok    ETA 06:55:49
[ 235/2048]  (1,6,3,7)  ok    ETA 06:54:31
[ 236/2048]  (1,6,1,3)  ok    ETA 06:52:44
[ 237/2048]  (1,6,0,3)  ok    ETA 06:51:59
[ 238/2048]  (1,6,2,7)  ok    ETA 06:50:18
[ 239/2048]  (1,6,1,7)  ok    ETA 06:49:08
[ 240/2048]  (1,6,0,7)  ok    ETA 06:48:33
[ 241/2048]  (1,7,7,3)  ok    ETA 07:46:17
[ 242/2048]  (1,7,6,3)  ok    ETA 07:44:14
[ 243/2048]  (1,7,5,3)  ok    ETA 07:42:16
[ 244/2048]  (1,7,4,3)  ok    ETA 07:41:01
[ 245/2048]  (1,7,3,3)  ok    ETA 07:39:06
[ 246/2048]  (1,7,7,7)  ok    ETA 07:37:02
[ 247/2048]  (1,7,5,7)  ok    ETA 07:35:16
[ 248/2048]  (1,7,6,7)  ok    ETA 07:33:24
[ 249/2048]  (1,7,2,3)  ok    ETA 07:31:39
[ 250/2048]  (1,7,4,7)  ok    ETA 07:29:49
[ 251/2048]  (1,7,1,3)  ok    ETA 07:28:01
[ 252/2048]  (1,7,3,7)  ok    ETA 07:27:01
[ 253/2048]  (1,7,2,7)  ok    ETA 07:25:03
[ 254/2048]  (1,7,0,3)  ok    ETA 07:23:21
[ 255/2048]  (1,7,1,7)  ok    ETA 07:21:50
[ 256/2048]  (2,0,7,3)  ok    ETA 07:20:25
[ 257/2048]  (1,7,0,7)  ok    ETA 07:19:10
[ 258/2048]  (2,0,6,3)  ok    ETA 07:17:20
[ 259/2048]  (2,0,5,3)  ok    ETA 07:15:57
[ 260/2048]  (2,0,7,7)  ok    ETA 07:14:40
[ 261/2048]  (2,0,4,3)  ok    ETA 07:13:19
[ 262/2048]  (2,0,6,7)  ok    ETA 07:12:04
[ 263/2048]  (2,0,3,3)  ok    ETA 07:10:39
[ 264/2048]  (2,0,5,7)  ok    ETA 07:09:30
[ 265/2048]  (2,0,1,3)  ok    ETA 07:08:07
[ 266/2048]  (2,0,2,3)  ok    ETA 07:06:20
[ 267/2048]  (2,1,7,3)  ok    ETA 07:05:09
[ 268/2048]  (2,0,4,7)  ok    ETA 07:03:43
[ 269/2048]  (2,0,0,3)  ok    ETA 07:02:00
[ 270/2048]  (2,1,5,3)  ok    ETA 07:00:19
[ 271/2048]  (2,1,6,3)  ok    ETA 06:58:35
[ 272/2048]  (2,0,3,7)  ok    ETA 06:58:01
[ 273/2048]  (2,1,4,3)  ok    ETA 06:56:31
[ 274/2048]  (2,1,6,7)  ok    ETA 06:55:03
[ 275/2048]  (2,1,7,7)  ok    ETA 06:53:26
[ 276/2048]  (2,0,2,7)  ok    ETA 06:52:31
[ 277/2048]  (2,1,3,3)  ok    ETA 06:50:57
[ 278/2048]  (2,1,5,7)  ok    ETA 06:49:27
[ 279/2048]  (2,1,4,7)  ok    ETA 06:48:41
[ 280/2048]  (2,1,2,3)  ok    ETA 06:47:00
[ 281/2048]  (2,1,1,3)  ok    ETA 06:46:26
[ 282/2048]  (2,0,1,7)  ok    ETA 06:44:50
[ 283/2048]  (2,0,0,7)  ok    ETA 06:43:34
[ 284/2048]  (2,1,3,7)  ok    ETA 06:42:32
[ 285/2048]  (2,1,0,3)  ok    ETA 06:41:41
[ 286/2048]  (2,1,2,7)  ok    ETA 06:40:47
[ 287/2048]  (2,1,1,7)  ok    ETA 06:41:51
[ 288/2048]  (2,1,0,7)  ok    ETA 06:42:46
[ 289/2048]  (2,2,7,3)  ok    ETA 07:21:40
[ 290/2048]  (2,2,6,3)  ok    ETA 07:20:58
[ 291/2048]  (2,2,7,7)  ok    ETA 07:19:43
[ 292/2048]  (2,2,5,3)  ok    ETA 07:18:23
[ 293/2048]  (2,2,6,7)  ok    ETA 07:17:06
[ 294/2048]  (2,2,4,3)  ok    ETA 07:16:45
[ 295/2048]  (2,2,3,3)  ok    ETA 07:16:14
[ 296/2048]  (2,2,5,7)  ok    ETA 07:14:37
[ 297/2048]  (2,2,4,7)  ok    ETA 07:13:54
[ 298/2048]  (2,3,7,3)  ok    ETA 07:12:15
[ 299/2048]  (2,2,2,3)  ok    ETA 07:10:51
[ 300/2048]  (2,3,6,3)  ok    ETA 07:09:23
[ 301/2048]  (2,3,5,3)  ok    ETA 07:08:36
[ 302/2048]  (2,3,7,7)  ok    ETA 07:07:07
[ 303/2048]  (2,2,1,3)  ok    ETA 07:06:07
[ 304/2048]  (2,2,3,7)  ok    ETA 07:04:36
[ 305/2048]  (2,3,3,3)  ok    ETA 07:03:06
[ 306/2048]  (2,3,4,3)  ok    ETA 07:01:43
[ 307/2048]  (2,3,6,7)  ok    ETA 07:00:11
[ 308/2048]  (2,2,0,3)  ok    ETA 06:59:30
[ 309/2048]  (2,3,1,3)  ok    ETA 06:57:57
[ 310/2048]  (2,3,5,7)  ok    ETA 06:56:25
[ 311/2048]  (2,3,2,3)  ok    ETA 06:55:23
[ 312/2048]  (2,3,4,7)  ok    ETA 06:54:08
[ 313/2048]  (2,2,2,7)  ok    ETA 06:52:52
[ 314/2048]  (2,3,0,3)  ok    ETA 06:51:31
[ 315/2048]  (2,3,3,7)  ok    ETA 06:51:01
[ 316/2048]  (2,4,5,3)  ok    ETA 06:50:16
[ 317/2048]  (2,3,2,7)  ok    ETA 06:48:45
[ 318/2048]  (2,4,6,3)  ok    ETA 06:47:18
[ 319/2048]  (2,2,1,7)  ok    ETA 06:46:03
[ 320/2048]  (2,3,1,7)  ok    ETA 06:44:53
[ 321/2048]  (2,4,4,3)  ok    ETA 06:43:33
[ 322/2048]  (2,2,0,7)  ok    ETA 06:42:43
[ 323/2048]  (2,4,6,7)  ok    ETA 06:41:18
[ 324/2048]  (2,3,0,7)  ok    ETA 06:39:52
[ 325/2048]  (2,4,3,3)  ok    ETA 06:38:30
[ 326/2048]  (2,4,7,3)  ok    ETA 06:37:11
[ 327/2048]  (2,4,2,3)  ok    ETA 06:35:45
[ 328/2048]  (2,4,5,7)  ok    ETA 06:34:20
[ 329/2048]  (2,4,1,3)  ok    ETA 06:33:25
[ 330/2048]  (2,4,0,3)  ok    ETA 06:32:27
[ 331/2048]  (2,4,4,7)  ok    ETA 06:31:04
[ 332/2048]  (2,4,3,7)  ok    ETA 06:30:00
[ 333/2048]  (2,4,2,7)  ok    ETA 06:29:19
[ 334/2048]  (2,4,7,7)  ok    ETA 06:29:08
[ 335/2048]  (2,4,1,7)  ok    ETA 06:28:21
[ 336/2048]  (2,4,0,7)  ok    ETA 06:27:21
[ 337/2048]  (2,5,6,3)  ok    ETA 07:04:47
[ 338/2048]  (2,5,7,3)  ok    ETA 07:03:40
[ 339/2048]  (2,5,2,3)  ok    ETA 07:02:19
[ 340/2048]  (2,5,7,7)  ok    ETA 07:01:05
[ 341/2048]  (2,5,5,3)  ok    ETA 06:59:44
[ 342/2048]  (2,5,1,3)  ok    ETA 06:58:24
[ 343/2048]  (2,5,0,3)  ok    ETA 06:56:57
[ 344/2048]  (2,5,3,3)  ok    ETA 06:55:30
[ 345/2048]  (2,5,4,3)  ok    ETA 06:54:21
[ 346/2048]  (2,5,6,7)  ok    ETA 06:53:17
[ 347/2048]  (2,5,5,7)  ok    ETA 06:52:19
[ 348/2048]  (2,5,4,7)  ok    ETA 06:51:27
[ 349/2048]  (2,5,2,7)  ok    ETA 06:50:34
[ 350/2048]  (2,5,3,7)  ok    ETA 06:49:12
[ 351/2048]  (2,5,1,7)  ok    ETA 06:47:50
[ 352/2048]  (2,5,0,7)  ok    ETA 06:47:22
[ 353/2048]  (2,6,7,3)  ok    ETA 06:46:33
[ 354/2048]  (2,6,5,3)  ok    ETA 06:45:29
[ 355/2048]  (2,6,6,3)  ok    ETA 06:44:10
[ 356/2048]  (2,6,4,3)  ok    ETA 06:42:54
[ 357/2048]  (2,6,7,7)  ok    ETA 06:41:49
[ 358/2048]  (2,6,6,7)  ok    ETA 06:41:04
[ 359/2048]  (2,6,3,3)  ok    ETA 06:39:55
[ 360/2048]  (2,6,2,3)  ok    ETA 06:38:44
[ 361/2048]  (2,6,1,3)  ok    ETA 06:37:39
[ 362/2048]  (2,6,4,7)  ok    ETA 06:36:20
[ 363/2048]  (2,6,5,7)  ok    ETA 06:35:07
[ 364/2048]  (2,6,0,3)  ok    ETA 06:34:26
[ 365/2048]  (2,6,3,7)  ok    ETA 06:33:11
[ 366/2048]  (2,6,2,7)  ok    ETA 06:32:11
[ 367/2048]  (2,7,5,3)  ok    ETA 06:31:45
[ 368/2048]  (2,7,6,3)  ok    ETA 06:30:38
[ 369/2048]  (2,7,7,3)  ok    ETA 06:29:34
[ 370/2048]  (2,7,4,3)  ok    ETA 06:28:24
[ 371/2048]  (2,6,1,7)  ok    ETA 06:27:09
[ 372/2048]  (2,7,7,7)  ok    ETA 06:26:18
[ 373/2048]  (2,7,5,7)  ok    ETA 06:25:07
[ 374/2048]  (2,7,3,3)  ok    ETA 06:23:54
[ 375/2048]  (2,6,0,7)  ok    ETA 06:22:40
[ 376/2048]  (2,7,6,7)  ok    ETA 06:21:52
[ 377/2048]  (2,7,4,7)  ok    ETA 06:20:56
[ 378/2048]  (2,7,3,7)  ok    ETA 06:19:47
[ 379/2048]  (2,7,2,3)  ok    ETA 06:18:44
[ 380/2048]  (2,7,1,3)  ok    ETA 06:17:57
[ 381/2048]  (2,7,0,3)  ok    ETA 06:17:00
[ 382/2048]  (2,7,2,7)  ok    ETA 06:16:39
[ 383/2048]  (2,7,1,7)  ok    ETA 06:15:58
[ 384/2048]  (2,7,0,7)  ok    ETA 06:15:47
[ 385/2048]  (3,0,7,3)  ok    ETA 06:45:28
[ 386/2048]  (3,0,6,3)  ok    ETA 06:45:15
[ 387/2048]  (3,0,5,3)  ok    ETA 06:44:03
[ 388/2048]  (3,0,4,3)  ok    ETA 06:43:18
[ 389/2048]  (3,0,7,7)  ok    ETA 06:42:45
[ 390/2048]  (3,0,3,3)  ok    ETA 06:41:37
[ 391/2048]  (3,0,6,7)  ok    ETA 06:40:30
[ 392/2048]  (3,0,2,3)  ok    ETA 06:39:54
[ 393/2048]  (3,0,5,7)  ok    ETA 06:38:49
[ 394/2048]  (3,0,1,3)  ok    ETA 06:38:19
[ 395/2048]  (3,0,4,7)  ok    ETA 06:37:23
[ 396/2048]  (3,1,7,3)  ok    ETA 06:36:27
[ 397/2048]  (3,0,0,3)  ok    ETA 06:35:14
[ 398/2048]  (3,1,6,3)  ok    ETA 06:34:04
[ 399/2048]  (3,0,3,7)  ok    ETA 06:33:24
[ 400/2048]  (3,1,5,3)  ok    ETA 06:32:19
  [checkpoint @ 400]
[ 401/2048]  (3,1,7,7)  ok    ETA 06:31:39
[ 402/2048]  (3,1,4,3)  ok    ETA 06:31:01
[ 403/2048]  (3,0,2,7)  ok    ETA 06:29:55
[ 404/2048]  (3,1,6,7)  ok    ETA 06:28:45
[ 405/2048]  (3,1,3,3)  ok    ETA 06:28:41
[ 406/2048]  (3,1,5,7)  ok    ETA 06:27:35
[ 407/2048]  (3,0,1,7)  ok    ETA 06:26:40
[ 408/2048]  (3,1,2,3)  ok    ETA 06:25:33
[ 409/2048]  (3,2,7,3)  ok    ETA 06:24:53
[ 410/2048]  (3,2,6,3)  ok    ETA 06:23:56
[ 411/2048]  (3,1,4,7)  ok    ETA 06:22:48
[ 412/2048]  (3,1,1,3)  ok    ETA 06:21:59
[ 413/2048]  (3,0,0,7)  ok    ETA 06:21:06
[ 414/2048]  (3,2,5,3)  ok    ETA 06:20:03
[ 415/2048]  (3,1,3,7)  ok    ETA 06:19:34
[ 416/2048]  (3,1,0,3)  ok    ETA 06:18:41
[ 417/2048]  (3,2,6,7)  ok    ETA 06:17:35
[ 418/2048]  (3,2,7,7)  ok    ETA 06:16:28
[ 419/2048]  (3,2,4,3)  ok    ETA 06:15:56
[ 420/2048]  (3,2,3,3)  ok    ETA 06:14:49
[ 421/2048]  (3,2,5,7)  ok    ETA 06:14:09
[ 422/2048]  (3,1,2,7)  ok    ETA 06:13:31
[ 423/2048]  (3,1,1,7)  ok    ETA 06:13:16
[ 424/2048]  (3,2,4,7)  ok    ETA 06:12:12
[ 425/2048]  (3,2,2,3)  ok    ETA 06:11:10
[ 426/2048]  (3,2,1,3)  ok    ETA 06:11:12
[ 427/2048]  (3,2,3,7)  ok    ETA 06:10:33
[ 428/2048]  (3,1,0,7)  ok    ETA 06:09:51
[ 429/2048]  (3,2,0,3)  ok    ETA 06:09:14
[ 430/2048]  (3,2,2,7)  ok    ETA 06:08:38
[ 431/2048]  (3,2,1,7)  ok    ETA 06:09:58
[ 432/2048]  (3,2,0,7)  ok    ETA 06:10:26
[ 433/2048]  (3,3,7,3)  ok    ETA 06:30:24
[ 434/2048]  (3,3,6,3)  ok    ETA 06:30:13
[ 435/2048]  (3,3,7,7)  ok    ETA 06:29:28
[ 436/2048]  (3,3,4,3)  ok    ETA 06:28:31
[ 437/2048]  (3,3,5,3)  ok    ETA 06:27:24
[ 438/2048]  (3,3,6,7)  ok    ETA 06:26:23
[ 439/2048]  (3,3,3,3)  ok    ETA 06:26:02
[ 440/2048]  (3,3,2,3)  ok    ETA 06:24:56
[ 441/2048]  (3,3,1,3)  ok    ETA 06:24:24
[ 442/2048]  (3,3,0,3)  ok    ETA 06:23:17
[ 443/2048]  (3,3,5,7)  ok    ETA 06:22:16
[ 444/2048]  (3,3,4,7)  ok    ETA 06:21:54
[ 445/2048]  (3,3,3,7)  ok    ETA 06:21:40
[ 446/2048]  (3,4,7,3)  ok    ETA 06:20:56
[ 447/2048]  (3,3,2,7)  ok    ETA 06:20:14
[ 448/2048]  (3,4,6,3)  ok    ETA 06:19:12
[ 449/2048]  (3,3,1,7)  ok    ETA 06:18:27
[ 450/2048]  (3,4,5,3)  ok    ETA 06:17:25
[ 451/2048]  (3,4,7,7)  ok    ETA 06:16:21
[ 452/2048]  (3,4,4,3)  ok    ETA 06:15:34
[ 453/2048]  (3,4,6,7)  ok    ETA 06:14:57
[ 454/2048]  (3,4,3,3)  ok    ETA 06:14:16
[ 455/2048]  (3,4,5,7)  ok    ETA 06:13:23
[ 456/2048]  (3,3,0,7)  ok    ETA 06:12:41
[ 457/2048]  (3,4,2,3)  ok    ETA 06:11:46
[ 458/2048]  (3,4,1,3)  ok    ETA 06:10:48
[ 459/2048]  (3,4,4,7)  ok    ETA 06:10:02
[ 460/2048]  (3,4,0,3)  ok    ETA 06:09:01
[ 461/2048]  (3,4,3,7)  ok    ETA 06:08:48
[ 462/2048]  (3,4,2,7)  ok    ETA 06:08:26
[ 463/2048]  (3,4,1,7)  ok    ETA 06:07:37
[ 464/2048]  (3,5,4,3)  ok    ETA 06:07:05
[ 465/2048]  (3,5,5,3)  ok    ETA 06:06:34
[ 466/2048]  (3,5,6,3)  ok    ETA 06:05:39
[ 467/2048]  (3,5,3,3)  ok    ETA 06:04:38
[ 468/2048]  (3,5,2,3)  ok    ETA 06:03:42
[ 469/2048]  (3,4,0,7)  ok    ETA 06:03:09
[ 470/2048]  (3,5,1,3)  ok    ETA 06:02:10
[ 471/2048]  (3,5,0,3)  ok    ETA 06:01:36
[ 472/2048]  (3,5,6,7)  ok    ETA 06:00:54
[ 473/2048]  (3,5,5,7)  ok    ETA 05:59:58
[ 474/2048]  (3,5,7,3)  ok    ETA 05:59:13
[ 475/2048]  (3,5,4,7)  ok    ETA 05:58:20
[ 476/2048]  (3,5,3,7)  ok    ETA 05:57:28
[ 477/2048]  (3,5,2,7)  ok    ETA 05:56:54
[ 478/2048]  (3,5,1,7)  ok    ETA 05:56:13
[ 479/2048]  (3,5,0,7)  ok    ETA 05:55:57
[ 480/2048]  (3,5,7,7)  ok    ETA 05:55:16
[ 481/2048]  (3,6,5,3)  ok    ETA 06:16:16
[ 482/2048]  (3,6,6,3)  ok    ETA 06:16:00
[ 483/2048]  (3,6,7,3)  ok    ETA 06:15:03
[ 484/2048]  (3,6,4,3)  ok    ETA 06:14:08
[ 485/2048]  (3,6,3,3)  ok    ETA 06:13:21
[ 486/2048]  (3,6,7,7)  ok    ETA 06:12:30
[ 487/2048]  (3,6,2,3)  ok    ETA 06:11:38
[ 488/2048]  (3,6,5,7)  ok    ETA 06:10:48
[ 489/2048]  (3,6,0,3)  ok    ETA 06:09:54
[ 490/2048]  (3,6,6,7)  ok    ETA 06:08:57
[ 491/2048]  (3,6,1,3)  ok    ETA 06:08:07
[ 492/2048]  (3,6,4,7)  ok    ETA 06:07:12
[ 493/2048]  (3,6,3,7)  ok    ETA 06:06:38
[ 494/2048]  (3,6,2,7)  ok    ETA 06:06:02
[ 495/2048]  (3,6,1,7)  ok    ETA 06:06:03
[ 496/2048]  (3,6,0,7)  ok    ETA 06:05:41
[ 497/2048]  (3,7,7,3)  ok    ETA 06:04:55
[ 498/2048]  (3,7,5,3)  ok    ETA 06:04:08
[ 499/2048]  (3,7,6,3)  ok    ETA 06:03:12
[ 500/2048]  (3,7,4,3)  ok    ETA 06:02:22
[ 501/2048]  (3,7,3,3)  ok    ETA 06:01:41
[ 502/2048]  (3,7,5,7)  ok    ETA 06:00:49
[ 503/2048]  (3,7,7,7)  ok    ETA 06:00:08
[ 504/2048]  (3,7,2,3)  ok    ETA 05:59:21
[ 505/2048]  (3,7,1,3)  ok    ETA 05:58:25
[ 506/2048]  (3,7,4,7)  ok    ETA 05:57:33
[ 507/2048]  (3,7,6,7)  ok    ETA 05:56:48
[ 508/2048]  (3,7,0,3)  ok    ETA 05:56:18
[ 509/2048]  (3,7,3,7)  ok    ETA 05:55:49
[ 510/2048]  (3,7,2,7)  ok    ETA 05:55:18
[ 511/2048]  (3,7,1,7)  ok    ETA 05:54:40
[ 512/2048]  (4,0,7,3)  ok    ETA 05:54:14
[ 513/2048]  (4,0,6,3)  ok    ETA 05:53:25
[ 514/2048]  (3,7,0,7)  ok    ETA 05:52:30
[ 515/2048]  (4,0,5,3)  ok    ETA 05:51:49
[ 516/2048]  (4,0,4,3)  ok    ETA 05:51:28
[ 517/2048]  (4,0,7,7)  ok    ETA 05:51:01
[ 518/2048]  (4,0,3,3)  ok    ETA 05:50:19
[ 519/2048]  (4,0,6,7)  ok    ETA 05:49:32
[ 520/2048]  (4,0,5,7)  ok    ETA 05:49:02
[ 521/2048]  (4,0,2,3)  ok    ETA 05:48:17
[ 522/2048]  (4,0,1,3)  ok    ETA 05:47:30
[ 523/2048]  (4,0,4,7)  ok    ETA 05:47:18
[ 524/2048]  (4,0,0,3)  ok    ETA 05:46:35
[ 525/2048]  (4,0,3,7)  ok    ETA 05:46:38
[ 526/2048]  (4,0,2,7)  ok    ETA 05:46:44
[ 527/2048]  (4,0,1,7)  ok    ETA 05:46:41
[ 528/2048]  (4,0,0,7)  ok    ETA 05:47:28
[ 529/2048]  (4,1,6,3)  ok    ETA 06:01:39
[ 530/2048]  (4,1,5,3)  ok    ETA 06:01:09
[ 531/2048]  (4,1,7,3)  ok    ETA 06:00:21
[ 532/2048]  (4,1,4,3)  ok    ETA 06:00:11
[ 533/2048]  (4,1,6,7)  ok    ETA 05:59:29
[ 534/2048]  (4,1,7,7)  ok    ETA 05:58:54
[ 535/2048]  (4,1,3,3)  ok    ETA 05:58:17
[ 536/2048]  (4,1,5,7)  ok    ETA 05:57:31
[ 537/2048]  (4,1,2,3)  ok    ETA 05:57:23
[ 538/2048]  (4,1,4,7)  ok    ETA 05:56:46
[ 539/2048]  (4,1,1,3)  ok    ETA 05:56:25
[ 540/2048]  (4,2,7,3)  ok    ETA 05:55:35
[ 541/2048]  (4,2,6,3)  ok    ETA 05:55:03
[ 542/2048]  (4,1,0,3)  ok    ETA 05:54:12
[ 543/2048]  (4,2,5,3)  ok    ETA 05:53:33
[ 544/2048]  (4,1,3,7)  ok    ETA 05:52:46
[ 545/2048]  (4,2,7,7)  ok    ETA 05:52:25
[ 546/2048]  (4,2,4,3)  ok    ETA 05:51:48
[ 547/2048]  (4,2,6,7)  ok    ETA 05:51:12
[ 548/2048]  (4,1,2,7)  ok    ETA 05:50:32
[ 549/2048]  (4,2,3,3)  ok    ETA 05:50:05
[ 550/2048]  (4,2,5,7)  ok    ETA 05:49:21
[ 551/2048]  (4,1,1,7)  ok    ETA 05:49:17
[ 552/2048]  (4,2,2,3)  ok    ETA 05:48:29
[ 553/2048]  (4,2,4,7)  ok    ETA 05:47:39
[ 554/2048]  (4,2,1,3)  ok    ETA 05:47:56
[ 555/2048]  (4,3,5,3)  ok    ETA 05:47:11
[ 556/2048]  (4,3,4,3)  ok    ETA 05:46:24
[ 557/2048]  (4,1,0,7)  ok    ETA 05:45:38
[ 558/2048]  (4,2,3,7)  ok    ETA 05:44:54
[ 559/2048]  (4,3,6,3)  ok    ETA 05:44:07
[ 560/2048]  (4,3,3,3)  ok    ETA 05:43:30
[ 561/2048]  (4,2,0,3)  ok    ETA 05:43:12
[ 562/2048]  (4,3,2,3)  ok    ETA 05:42:27
[ 563/2048]  (4,3,1,3)  ok    ETA 05:41:38
[ 564/2048]  (4,3,7,3)  ok    ETA 05:40:50
[ 565/2048]  (4,3,5,7)  ok    ETA 05:40:12
[ 566/2048]  (4,2,2,7)  ok    ETA 05:39:30
[ 567/2048]  (4,3,4,7)  ok    ETA 05:38:48
[ 568/2048]  (4,3,6,7)  ok    ETA 05:38:19
[ 569/2048]  (4,3,0,3)  ok    ETA 05:37:32
[ 570/2048]  (4,3,3,7)  ok    ETA 05:37:08
[ 571/2048]  (4,2,1,7)  ok    ETA 05:36:46
[ 572/2048]  (4,3,2,7)  ok    ETA 05:36:20
[ 573/2048]  (4,3,7,7)  ok    ETA 05:35:39
[ 574/2048]  (4,3,1,7)  ok    ETA 05:35:27
[ 575/2048]  (4,2,0,7)  ok    ETA 05:35:14
[ 576/2048]  (4,3,0,7)  ok    ETA 05:34:27
[ 577/2048]  (4,4,7,3)  ok    ETA 05:49:16
[ 578/2048]  (4,4,6,3)  ok    ETA 05:48:56
[ 579/2048]  (4,4,7,7)  ok    ETA 05:48:12
[ 580/2048]  (4,4,5,3)  ok    ETA 05:47:39
[ 581/2048]  (4,4,4,3)  ok    ETA 05:46:57
[ 582/2048]  (4,4,3,3)  ok    ETA 05:46:07
[ 583/2048]  (4,4,2,3)  ok    ETA 05:45:19
[ 584/2048]  (4,4,1,3)  ok    ETA 05:44:37
[ 585/2048]  (4,4,0,3)  ok    ETA 05:43:54
[ 586/2048]  (4,4,6,7)  ok    ETA 05:43:11
[ 587/2048]  (4,4,5,7)  ok    ETA 05:42:47
[ 588/2048]  (4,4,4,7)  ok    ETA 05:42:28
[ 589/2048]  (4,4,3,7)  ok    ETA 05:41:42
[ 590/2048]  (4,4,2,7)  ok    ETA 05:41:29
[ 591/2048]  (4,4,1,7)  ok    ETA 05:41:36
[ 592/2048]  (4,4,0,7)  ok    ETA 05:40:58
[ 593/2048]  (4,5,7,3)  ok    ETA 05:40:24
[ 594/2048]  (4,5,6,3)  ok    ETA 05:39:56
[ 595/2048]  (4,5,4,3)  ok    ETA 05:39:10
[ 596/2048]  (4,5,7,7)  ok    ETA 05:38:26
[ 597/2048]  (4,5,5,3)  ok    ETA 05:38:05
[ 598/2048]  (4,5,3,3)  ok    ETA 05:37:30
[ 599/2048]  (4,5,6,7)  ok    ETA 05:36:49
[ 600/2048]  (4,5,2,3)  ok    ETA 05:36:04
  [checkpoint @ 600]
[ 601/2048]  (4,5,1,3)  ok    ETA 05:35:24
[ 602/2048]  (4,5,0,3)  ok    ETA 05:34:44
[ 603/2048]  (4,5,5,7)  ok    ETA 05:34:26
[ 604/2048]  (4,5,2,7)  ok    ETA 05:34:06
[ 605/2048]  (4,5,3,7)  ok    ETA 05:33:25
[ 606/2048]  (4,5,4,7)  ok    ETA 05:32:41
[ 607/2048]  (4,5,1,7)  ok    ETA 05:32:26
[ 608/2048]  (4,6,6,3)  ok    ETA 05:31:58
[ 609/2048]  (4,6,4,3)  ok    ETA 05:31:13
[ 610/2048]  (4,6,5,3)  ok    ETA 05:30:32
[ 611/2048]  (4,6,3,3)  ok    ETA 05:29:51
[ 612/2048]  (4,5,0,7)  ok    ETA 05:29:13
[ 613/2048]  (4,6,7,3)  ok    ETA 05:28:31
[ 614/2048]  (4,6,2,3)  ok    ETA 05:28:00
[ 615/2048]  (4,6,7,7)  ok    ETA 05:27:30
[ 616/2048]  (4,6,6,7)  ok    ETA 05:26:47
[ 617/2048]  (4,6,4,7)  ok    ETA 05:26:07
[ 618/2048]  (4,6,5,7)  ok    ETA 05:25:24
[ 619/2048]  (4,6,1,3)  ok    ETA 05:25:00
[ 620/2048]  (4,6,3,7)  ok    ETA 05:24:33
[ 621/2048]  (4,6,0,3)  ok    ETA 05:24:09
[ 622/2048]  (4,6,2,7)  ok    ETA 05:23:35
[ 623/2048]  (4,6,1,7)  ok    ETA 05:23:16
[ 624/2048]  (4,6,0,7)  ok    ETA 05:23:43
[ 625/2048]  (4,7,6,3)  ok    ETA 05:36:15
[ 626/2048]  (4,7,5,3)  ok    ETA 05:35:32
[ 627/2048]  (4,7,4,3)  ok    ETA 05:34:48
[ 628/2048]  (4,7,3,3)  ok    ETA 05:34:23
[ 629/2048]  (4,7,7,3)  ok    ETA 05:33:55
[ 630/2048]  (4,7,4,7)  ok    ETA 05:33:25
[ 631/2048]  (4,7,6,7)  ok    ETA 05:32:41
[ 632/2048]  (4,7,5,7)  ok    ETA 05:32:00
[ 633/2048]  (4,7,2,3)  ok    ETA 05:31:21
[ 634/2048]  (4,7,7,7)  ok    ETA 05:30:38
[ 635/2048]  (4,7,1,3)  ok    ETA 05:30:04
[ 636/2048]  (4,7,0,3)  ok    ETA 05:29:29
[ 637/2048]  (4,7,3,7)  ok    ETA 05:28:46
[ 638/2048]  (4,7,2,7)  ok    ETA 05:28:48
[ 639/2048]  (4,7,1,7)  ok    ETA 05:28:40
[ 640/2048]  (5,0,7,3)  ok    ETA 05:28:24
[ 641/2048]  (4,7,0,7)  ok    ETA 05:27:39
[ 642/2048]  (5,0,6,3)  ok    ETA 05:27:07
[ 643/2048]  (5,0,5,3)  ok    ETA 05:26:29
[ 644/2048]  (5,0,4,3)  ok    ETA 05:25:51
[ 645/2048]  (5,0,3,3)  ok    ETA 05:25:45
[ 646/2048]  (5,0,7,7)  ok    ETA 05:25:09
[ 647/2048]  (5,0,2,3)  ok    ETA 05:24:38
[ 648/2048]  (5,0,6,7)  ok    ETA 05:24:05
[ 649/2048]  (5,0,1,3)  ok    ETA 05:23:46
[ 650/2048]  (5,0,5,7)  ok    ETA 05:23:22
[ 651/2048]  (5,0,0,3)  ok    ETA 05:22:42
[ 652/2048]  (5,0,4,7)  ok    ETA 05:22:04
[ 653/2048]  (5,1,7,3)  ok    ETA 05:21:45
[ 654/2048]  (5,1,6,3)  ok    ETA 05:21:08
[ 655/2048]  (5,1,5,3)  ok    ETA 05:20:34
[ 656/2048]  (5,0,3,7)  ok    ETA 05:20:00
[ 657/2048]  (5,1,4,3)  ok    ETA 05:19:43
[ 658/2048]  (5,1,6,7)  ok    ETA 05:19:31
[ 659/2048]  (5,0,2,7)  ok    ETA 05:19:03
[ 660/2048]  (5,1,3,3)  ok    ETA 05:18:20
[ 661/2048]  (5,1,5,7)  ok    ETA 05:18:00
[ 662/2048]  (5,1,7,7)  ok    ETA 05:17:17
[ 663/2048]  (5,1,2,3)  ok    ETA 05:16:41
[ 664/2048]  (5,0,1,7)  ok    ETA 05:16:03
[ 665/2048]  (5,1,4,7)  ok    ETA 05:15:53
[ 666/2048]  (5,1,1,3)  ok    ETA 05:15:21
[ 667/2048]  (5,0,0,7)  ok    ETA 05:15:07
[ 668/2048]  (5,1,3,7)  ok    ETA 05:14:39
[ 669/2048]  (5,1,0,3)  ok    ETA 05:14:06
[ 670/2048]  (5,1,2,7)  ok    ETA 05:14:35
[ 671/2048]  (5,1,1,7)  ok    ETA 05:15:07
[ 672/2048]  (5,1,0,7)  ok    ETA 05:15:43
[ 673/2048]  (5,2,6,3)  ok    ETA 05:23:18
[ 674/2048]  (5,2,7,3)  ok    ETA 05:22:46
[ 675/2048]  (5,2,5,3)  ok    ETA 05:22:21
[ 676/2048]  (5,2,4,3)  ok    ETA 05:22:22
[ 677/2048]  (5,2,7,7)  ok    ETA 05:21:44
[ 678/2048]  (5,2,6,7)  ok    ETA 05:21:15
[ 679/2048]  (5,2,5,7)  ok    ETA 05:20:48
[ 680/2048]  (5,2,3,3)  ok    ETA 05:20:15
[ 681/2048]  (5,2,2,3)  ok    ETA 05:20:29
[ 682/2048]  (5,2,4,7)  ok    ETA 05:19:47
[ 683/2048]  (5,2,1,3)  ok    ETA 05:19:36
[ 684/2048]  (5,3,7,3)  ok    ETA 05:19:11
[ 685/2048]  (5,2,3,7)  ok    ETA 05:18:53
[ 686/2048]  (5,3,6,3)  ok    ETA 05:18:15
[ 687/2048]  (5,3,5,3)  ok    ETA 05:17:35
[ 688/2048]  (5,3,7,7)  ok    ETA 05:17:06
[ 689/2048]  (5,2,0,3)  ok    ETA 05:16:32
[ 690/2048]  (5,3,4,3)  ok    ETA 05:15:58
[ 691/2048]  (5,3,6,7)  ok    ETA 05:15:26
[ 692/2048]  (5,3,3,3)  ok    ETA 05:14:50
[ 693/2048]  (5,3,2,3)  ok    ETA 05:14:30
[ 694/2048]  (5,3,1,3)  ok    ETA 05:13:53
[ 695/2048]  (5,3,5,7)  ok    ETA 05:13:12
[ 696/2048]  (5,2,2,7)  ok    ETA 05:12:45
[ 697/2048]  (5,3,0,3)  ok    ETA 05:12:29
[ 698/2048]  (5,3,4,7)  ok    ETA 05:11:55
[ 699/2048]  (5,3,3,7)  ok    ETA 05:11:35
[ 700/2048]  (5,2,1,7)  ok    ETA 05:11:00
[ 701/2048]  (5,3,2,7)  ok    ETA 05:10:52
[ 702/2048]  (5,4,6,3)  ok    ETA 05:10:40
[ 703/2048]  (5,4,5,3)  ok    ETA 05:10:10
[ 704/2048]  (5,3,1,7)  ok    ETA 05:09:31
[ 705/2048]  (5,4,4,3)  ok    ETA 05:08:52
[ 706/2048]  (5,4,3,3)  ok    ETA 05:08:22
[ 707/2048]  (5,2,0,7)  ok    ETA 05:07:43
[ 708/2048]  (5,4,2,3)  ok    ETA 05:07:38
[ 709/2048]  (5,3,0,7)  ok    ETA 05:07:05
[ 710/2048]  (5,4,5,7)  ok    ETA 05:06:31
[ 711/2048]  (5,4,0,3)  ok    ETA 05:06:06
[ 712/2048]  (5,4,1,3)  ok    ETA 05:05:30
[ 713/2048]  (5,4,4,7)  ok    ETA 05:04:53
[ 714/2048]  (5,4,7,3)  ok    ETA 05:04:17
[ 715/2048]  (5,4,6,7)  ok    ETA 05:03:39
[ 716/2048]  (5,4,3,7)  ok    ETA 05:03:12
[ 717/2048]  (5,4,2,7)  ok    ETA 05:03:16
[ 718/2048]  (5,4,7,7)  ok    ETA 05:03:18
[ 719/2048]  (5,4,1,7)  ok    ETA 05:02:48
[ 720/2048]  (5,4,0,7)  ok    ETA 05:02:59
[ 721/2048]  (5,5,7,3)  ok    ETA 05:12:07
[ 722/2048]  (5,5,3,3)  ok    ETA 05:11:39
[ 723/2048]  (5,5,2,3)  ok    ETA 05:11:06
[ 724/2048]  (5,5,1,3)  ok    ETA 05:10:31
[ 725/2048]  (5,5,5,3)  ok    ETA 05:09:57
[ 726/2048]  (5,5,6,3)  ok    ETA 05:09:24
[ 727/2048]  (5,5,4,3)  ok    ETA 05:08:47
[ 728/2048]  (5,5,0,3)  ok    ETA 05:08:17
[ 729/2048]  (5,5,7,7)  ok    ETA 05:07:40
[ 730/2048]  (5,5,6,7)  ok    ETA 05:07:23
[ 731/2048]  (5,5,3,7)  ok    ETA 05:06:56
[ 732/2048]  (5,5,4,7)  ok    ETA 05:06:23
[ 733/2048]  (5,5,5,7)  ok    ETA 05:05:46
[ 734/2048]  (5,5,2,7)  ok    ETA 05:05:32
[ 735/2048]  (5,5,1,7)  ok    ETA 05:05:32
[ 736/2048]  (5,5,0,7)  ok    ETA 05:04:56
[ 737/2048]  (5,6,7,3)  ok    ETA 05:04:57
[ 738/2048]  (5,6,5,3)  ok    ETA 05:04:20
[ 739/2048]  (5,6,6,3)  ok    ETA 05:03:42
[ 740/2048]  (5,6,3,3)  ok    ETA 05:03:08
[ 741/2048]  (5,6,4,3)  ok    ETA 05:02:29
[ 742/2048]  (5,6,7,7)  ok    ETA 05:02:13
[ 743/2048]  (5,6,5,7)  ok    ETA 05:01:48
[ 744/2048]  (5,6,1,3)  ok    ETA 05:01:10
[ 745/2048]  (5,6,2,3)  ok    ETA 05:00:41
[ 746/2048]  (5,6,6,7)  ok    ETA 05:00:08
[ 747/2048]  (5,6,4,7)  ok    ETA 04:59:31
[ 748/2048]  (5,6,0,3)  ok    ETA 04:59:09
[ 749/2048]  (5,6,3,7)  ok    ETA 04:58:35
[ 750/2048]  (5,6,2,7)  ok    ETA 04:58:25
[ 751/2048]  (5,7,5,3)  ok    ETA 04:58:17
[ 752/2048]  (5,6,1,7)  ok    ETA 04:57:46
[ 753/2048]  (5,7,6,3)  ok    ETA 04:57:27
[ 754/2048]  (5,7,4,3)  ok    ETA 04:56:53
[ 755/2048]  (5,7,7,3)  ok    ETA 04:56:25
[ 756/2048]  (5,6,0,7)  ok    ETA 04:55:50
[ 757/2048]  (5,7,5,7)  ok    ETA 04:55:32
[ 758/2048]  (5,7,3,3)  ok    ETA 04:55:02
[ 759/2048]  (5,7,1,3)  ok    ETA 04:54:35
[ 760/2048]  (5,7,2,3)  ok    ETA 04:54:00
[ 761/2048]  (5,7,4,7)  ok    ETA 04:53:24
[ 762/2048]  (5,7,6,7)  ok    ETA 04:52:58
[ 763/2048]  (5,7,0,3)  ok    ETA 04:52:25
[ 764/2048]  (5,7,7,7)  ok    ETA 04:51:57
[ 765/2048]  (5,7,3,7)  ok    ETA 04:51:39
[ 766/2048]  (5,7,2,7)  ok    ETA 04:51:20
[ 767/2048]  (5,7,1,7)  ok    ETA 04:51:22
[ 768/2048]  (5,7,0,7)  ok    ETA 04:51:12
[ 769/2048]  (6,0,6,3)  ok    ETA 04:59:09
[ 770/2048]  (6,0,5,3)  ok    ETA 04:59:00
[ 771/2048]  (6,0,7,3)  ok    ETA 04:58:25
[ 772/2048]  (6,0,4,3)  ok    ETA 04:57:51
[ 773/2048]  (6,0,3,3)  ok    ETA 04:57:42
[ 774/2048]  (6,0,7,7)  ok    ETA 04:57:21
[ 775/2048]  (6,0,6,7)  ok    ETA 04:56:57
[ 776/2048]  (6,0,2,3)  ok    ETA 04:56:24
[ 777/2048]  (6,0,5,7)  ok    ETA 04:56:09
[ 778/2048]  (6,0,1,3)  ok    ETA 04:55:55
[ 779/2048]  (6,0,0,3)  ok    ETA 04:55:22
[ 780/2048]  (6,0,4,7)  ok    ETA 04:54:54
[ 781/2048]  (6,1,6,3)  ok    ETA 04:54:41
[ 782/2048]  (6,0,3,7)  ok    ETA 04:54:11
[ 783/2048]  (6,1,7,3)  ok    ETA 04:53:49
[ 784/2048]  (6,1,5,3)  ok    ETA 04:53:18
[ 785/2048]  (6,1,7,7)  ok    ETA 04:53:14
[ 786/2048]  (6,1,4,3)  ok    ETA 04:52:40
[ 787/2048]  (6,0,2,7)  ok    ETA 04:52:04
[ 788/2048]  (6,1,6,7)  ok    ETA 04:51:49
[ 789/2048]  (6,1,3,3)  ok    ETA 04:51:24
[ 790/2048]  (6,1,2,3)  ok    ETA 04:51:03
[ 791/2048]  (6,0,1,7)  ok    ETA 04:50:33
[ 792/2048]  (6,1,5,7)  ok    ETA 04:49:59
[ 793/2048]  (6,1,4,7)  ok    ETA 04:49:59
[ 794/2048]  (6,1,1,3)  ok    ETA 04:49:29
[ 795/2048]  (6,2,6,3)  ok    ETA 04:49:06
[ 796/2048]  (6,0,0,7)  ok    ETA 04:48:31
[ 797/2048]  (6,2,7,3)  ok    ETA 04:48:10
[ 798/2048]  (6,1,0,3)  ok    ETA 04:47:50
[ 799/2048]  (6,2,5,3)  ok    ETA 04:47:17
[ 800/2048]  (6,1,3,7)  ok    ETA 04:46:44
  [checkpoint @ 800]
[ 801/2048]  (6,2,4,3)  ok    ETA 04:46:35
[ 802/2048]  (6,2,7,7)  ok    ETA 04:46:12
[ 803/2048]  (6,2,6,7)  ok    ETA 04:45:42
[ 804/2048]  (6,1,2,7)  ok    ETA 04:45:23
[ 805/2048]  (6,2,3,3)  ok    ETA 04:44:53
[ 806/2048]  (6,2,5,7)  ok    ETA 04:44:20
[ 807/2048]  (6,2,2,3)  ok    ETA 04:44:25
[ 808/2048]  (6,1,1,7)  ok    ETA 04:44:00
[ 809/2048]  (6,2,4,7)  ok    ETA 04:43:30
[ 810/2048]  (6,2,1,3)  ok    ETA 04:43:20
[ 811/2048]  (6,2,3,7)  ok    ETA 04:43:22
[ 812/2048]  (6,2,0,3)  ok    ETA 04:42:49
[ 813/2048]  (6,1,0,7)  ok    ETA 04:42:23
[ 814/2048]  (6,2,2,7)  ok    ETA 04:42:35
[ 815/2048]  (6,2,1,7)  ok    ETA 04:42:59
[ 816/2048]  (6,2,0,7)  ok    ETA 04:43:45
[ 817/2048]  (6,3,7,3)  ok    ETA 04:47:47
[ 818/2048]  (6,3,6,3)  ok    ETA 04:47:27
[ 819/2048]  (6,3,5,3)  ok    ETA 04:46:54
[ 820/2048]  (6,3,4,3)  ok    ETA 04:46:23
[ 821/2048]  (6,3,3,3)  ok    ETA 04:46:00
[ 822/2048]  (6,3,7,7)  ok    ETA 04:45:27
[ 823/2048]  (6,3,2,3)  ok    ETA 04:45:06
[ 824/2048]  (6,3,6,7)  ok    ETA 04:44:42
[ 825/2048]  (6,3,1,3)  ok    ETA 04:44:12
[ 826/2048]  (6,3,0,3)  ok    ETA 04:43:48
[ 827/2048]  (6,3,5,7)  ok    ETA 04:43:16
[ 828/2048]  (6,3,4,7)  ok    ETA 04:43:13
[ 829/2048]  (6,3,3,7)  ok    ETA 04:42:48
[ 830/2048]  (6,3,2,7)  ok    ETA 04:42:59
[ 831/2048]  (6,4,7,3)  ok    ETA 04:42:32
[ 832/2048]  (6,4,6,3)  ok    ETA 04:42:06
[ 833/2048]  (6,3,1,7)  ok    ETA 04:41:35
[ 834/2048]  (6,4,5,3)  ok    ETA 04:41:21
[ 835/2048]  (6,4,7,7)  ok    ETA 04:40:47
[ 836/2048]  (6,4,4,3)  ok    ETA 04:40:20
[ 837/2048]  (6,4,3,3)  ok    ETA 04:39:54
[ 838/2048]  (6,4,2,3)  ok    ETA 04:39:35
[ 839/2048]  (6,4,6,7)  ok    ETA 04:39:01
[ 840/2048]  (6,3,0,7)  ok    ETA 04:38:33
[ 841/2048]  (6,4,1,3)  ok    ETA 04:38:03
[ 842/2048]  (6,4,5,7)  ok    ETA 04:37:35
[ 843/2048]  (6,4,3,7)  ok    ETA 04:37:33
[ 844/2048]  (6,4,0,3)  ok    ETA 04:37:00
[ 845/2048]  (6,4,4,7)  ok    ETA 04:36:28
[ 846/2048]  (6,4,2,7)  ok    ETA 04:36:46
[ 847/2048]  (6,4,1,7)  ok    ETA 04:36:39
[ 848/2048]  (6,5,4,3)  ok    ETA 04:36:19
[ 849/2048]  (6,5,2,3)  ok    ETA 04:35:59
[ 850/2048]  (6,5,6,3)  ok    ETA 04:35:27
[ 851/2048]  (6,4,0,7)  ok    ETA 04:35:01
[ 852/2048]  (6,5,3,3)  ok    ETA 04:34:30
[ 853/2048]  (6,5,1,3)  ok    ETA 04:33:58
[ 854/2048]  (6,5,5,3)  ok    ETA 04:33:28
[ 855/2048]  (6,5,0,3)  ok    ETA 04:33:16
[ 856/2048]  (6,5,5,7)  ok    ETA 04:33:08
[ 857/2048]  (6,5,4,7)  ok    ETA 04:32:39
[ 858/2048]  (6,5,7,3)  ok    ETA 04:32:07
[ 859/2048]  (6,5,6,7)  ok    ETA 04:31:40
[ 860/2048]  (6,5,2,7)  ok    ETA 04:31:14
[ 861/2048]  (6,5,3,7)  ok    ETA 04:30:42
[ 862/2048]  (6,5,1,7)  ok    ETA 04:30:58
[ 863/2048]  (6,5,0,7)  ok    ETA 04:30:53
[ 864/2048]  (6,5,7,7)  ok    ETA 04:30:26
[ 865/2048]  (6,6,5,3)  ok    ETA 04:35:46
[ 866/2048]  (6,6,6,3)  ok    ETA 04:35:27
[ 867/2048]  (6,6,4,3)  ok    ETA 04:34:58
[ 868/2048]  (6,6,3,3)  ok    ETA 04:34:34
[ 869/2048]  (6,6,7,3)  ok    ETA 04:34:16
[ 870/2048]  (6,6,2,3)  ok    ETA 04:33:55
[ 871/2048]  (6,6,7,7)  ok    ETA 04:33:34
[ 872/2048]  (6,6,1,3)  ok    ETA 04:33:02
[ 873/2048]  (6,6,5,7)  ok    ETA 04:32:32
[ 874/2048]  (6,6,4,7)  ok    ETA 04:32:04
[ 875/2048]  (6,6,6,7)  ok    ETA 04:31:38
[ 876/2048]  (6,6,0,3)  ok    ETA 04:31:09
[ 877/2048]  (6,6,3,7)  ok    ETA 04:30:46
[ 878/2048]  (6,6,2,7)  ok    ETA 04:30:32
[ 879/2048]  (6,6,1,7)  ok    ETA 04:30:33
[ 880/2048]  (6,7,6,3)  ok    ETA 04:30:23
[ 881/2048]  (6,7,4,3)  ok    ETA 04:30:04
[ 882/2048]  (6,6,0,7)  ok    ETA 04:29:35
[ 883/2048]  (6,7,5,3)  ok    ETA 04:29:09
[ 884/2048]  (6,7,3,3)  ok    ETA 04:28:43
[ 885/2048]  (6,7,7,3)  ok    ETA 04:28:26
[ 886/2048]  (6,7,2,3)  ok    ETA 04:27:57
[ 887/2048]  (6,7,5,7)  ok    ETA 04:27:33
[ 888/2048]  (6,7,4,7)  ok    ETA 04:27:05
[ 889/2048]  (6,7,6,7)  ok    ETA 04:26:39
[ 890/2048]  (6,7,1,3)  ok    ETA 04:26:10
[ 891/2048]  (6,7,0,3)  ok    ETA 04:25:50
[ 892/2048]  (6,7,7,7)  ok    ETA 04:25:19
[ 893/2048]  (6,7,3,7)  ok    ETA 04:24:52
[ 894/2048]  (6,7,2,7)  ok    ETA 04:24:55
[ 895/2048]  (6,7,1,7)  ok    ETA 04:24:49
[ 896/2048]  (7,0,6,3)  ok    ETA 04:24:30
[ 897/2048]  (6,7,0,7)  ok    ETA 04:24:07
[ 898/2048]  (7,0,5,3)  ok    ETA 04:23:48
[ 899/2048]  (7,0,7,3)  ok    ETA 04:23:36
[ 900/2048]  (7,0,4,3)  ok    ETA 04:23:08
[ 901/2048]  (7,0,3,3)  ok    ETA 04:22:44
[ 902/2048]  (7,0,2,3)  ok    ETA 04:22:25
[ 903/2048]  (7,0,7,7)  ok    ETA 04:22:17
[ 904/2048]  (7,0,1,3)  ok    ETA 04:21:54
[ 905/2048]  (7,0,6,7)  ok    ETA 04:21:26
[ 906/2048]  (7,0,5,7)  ok    ETA 04:21:00
[ 907/2048]  (7,0,0,3)  ok    ETA 04:20:45
[ 908/2048]  (7,0,4,7)  ok    ETA 04:20:23
[ 909/2048]  (7,0,3,7)  ok    ETA 04:20:37
[ 910/2048]  (7,0,2,7)  ok    ETA 04:20:21
[ 911/2048]  (7,0,1,7)  ok    ETA 04:20:50
[ 912/2048]  (7,0,0,7)  ok    ETA 04:21:10
[ 913/2048]  (7,1,6,3)  ok    ETA 04:23:40
[ 914/2048]  (7,1,7,3)  ok    ETA 04:23:32
[ 915/2048]  (7,1,5,3)  ok    ETA 04:23:03
[ 916/2048]  (7,1,4,3)  ok    ETA 04:22:51
[ 917/2048]  (7,1,6,7)  ok    ETA 04:22:44
[ 918/2048]  (7,1,7,7)  ok    ETA 04:22:22
[ 919/2048]  (7,1,3,3)  ok    ETA 04:21:54
[ 920/2048]  (7,1,5,7)  ok    ETA 04:21:30
[ 921/2048]  (7,1,2,3)  ok    ETA 04:21:18
[ 922/2048]  (7,1,1,3)  ok    ETA 04:21:12
[ 923/2048]  (7,1,4,7)  ok    ETA 04:20:46
[ 924/2048]  (7,1,0,3)  ok    ETA 04:20:29
[ 925/2048]  (7,2,6,3)  ok    ETA 04:20:12
[ 926/2048]  (7,2,7,3)  ok    ETA 04:19:59
[ 927/2048]  (7,1,3,7)  ok    ETA 04:19:31
[ 928/2048]  (7,2,5,3)  ok    ETA 04:19:08
[ 929/2048]  (7,2,4,3)  ok    ETA 04:19:01
[ 930/2048]  (7,2,7,7)  ok    ETA 04:18:34
[ 931/2048]  (7,1,2,7)  ok    ETA 04:18:23
[ 932/2048]  (7,2,6,7)  ok    ETA 04:17:53
[ 933/2048]  (7,2,3,3)  ok    ETA 04:17:32
[ 934/2048]  (7,2,5,7)  ok    ETA 04:17:11
[ 935/2048]  (7,2,2,3)  ok    ETA 04:17:07
[ 936/2048]  (7,1,1,7)  ok    ETA 04:16:37
[ 937/2048]  (7,2,4,7)  ok    ETA 04:16:19
[ 938/2048]  (7,2,1,3)  ok    ETA 04:16:00
[ 939/2048]  (7,1,0,7)  ok    ETA 04:16:07
[ 940/2048]  (7,2,3,7)  ok    ETA 04:15:44
[ 941/2048]  (7,2,0,3)  ok    ETA 04:15:18
[ 942/2048]  (7,3,5,3)  ok    ETA 04:14:50
[ 943/2048]  (7,3,4,3)  ok    ETA 04:14:34
[ 944/2048]  (7,3,6,3)  ok    ETA 04:14:14
[ 945/2048]  (7,3,3,3)  ok    ETA 04:13:50
[ 946/2048]  (7,3,2,3)  ok    ETA 04:13:23
[ 947/2048]  (7,3,5,7)  ok    ETA 04:13:11
[ 948/2048]  (7,2,2,7)  ok    ETA 04:12:43
[ 949/2048]  (7,3,1,3)  ok    ETA 04:12:16
[ 950/2048]  (7,3,0,3)  ok    ETA 04:11:58
[ 951/2048]  (7,3,7,3)  ok    ETA 04:11:30
[ 952/2048]  (7,3,6,7)  ok    ETA 04:11:04
[ 953/2048]  (7,3,4,7)  ok    ETA 04:10:35
[ 954/2048]  (7,2,1,7)  ok    ETA 04:10:34
[ 955/2048]  (7,3,3,7)  ok    ETA 04:10:18
[ 956/2048]  (7,3,2,7)  ok    ETA 04:10:05
[ 957/2048]  (7,3,7,7)  ok    ETA 04:09:50
[ 958/2048]  (7,2,0,7)  ok    ETA 04:09:40
[ 959/2048]  (7,3,1,7)  ok    ETA 04:09:11
[ 960/2048]  (7,3,0,7)  ok    ETA 04:09:19
[ 961/2048]  (7,4,4,3)  ok    ETA 04:12:58
[ 962/2048]  (7,4,7,3)  ok    ETA 04:12:29
[ 963/2048]  (7,4,6,3)  ok    ETA 04:12:04
[ 964/2048]  (7,4,5,3)  ok    ETA 04:11:34
[ 965/2048]  (7,4,3,3)  ok    ETA 04:11:07
[ 966/2048]  (7,4,1,3)  ok    ETA 04:10:51
[ 967/2048]  (7,4,7,7)  ok    ETA 04:10:29
[ 968/2048]  (7,4,2,3)  ok    ETA 04:10:01
[ 969/2048]  (7,4,0,3)  ok    ETA 04:09:35
[ 970/2048]  (7,4,6,7)  ok    ETA 04:09:27
[ 971/2048]  (7,4,5,7)  ok    ETA 04:09:00
[ 972/2048]  (7,4,4,7)  ok    ETA 04:08:51
[ 973/2048]  (7,4,3,7)  ok    ETA 04:08:29
[ 974/2048]  (7,4,2,7)  ok    ETA 04:08:27
[ 975/2048]  (7,4,1,7)  ok    ETA 04:08:22
[ 976/2048]  (7,4,0,7)  ok    ETA 04:08:18
[ 977/2048]  (7,5,4,3)  ok    ETA 04:08:05
[ 978/2048]  (7,5,7,3)  ok    ETA 04:07:39
[ 979/2048]  (7,5,6,3)  ok    ETA 04:07:18
[ 980/2048]  (7,5,2,3)  ok    ETA 04:06:52
[ 981/2048]  (7,5,3,3)  ok    ETA 04:06:25
[ 982/2048]  (7,5,5,3)  ok    ETA 04:05:58
[ 983/2048]  (7,5,7,7)  ok    ETA 04:05:36
[ 984/2048]  (7,5,6,7)  ok    ETA 04:05:17
[ 985/2048]  (7,5,1,3)  ok    ETA 04:04:49
[ 986/2048]  (7,5,0,3)  ok    ETA 04:04:36
[ 987/2048]  (7,5,4,7)  ok    ETA 04:04:09
[ 988/2048]  (7,5,5,7)  ok    ETA 04:03:47
[ 989/2048]  (7,5,3,7)  ok    ETA 04:03:25
[ 990/2048]  (7,5,2,7)  ok    ETA 04:03:14
[ 991/2048]  (7,5,1,7)  ok    ETA 04:03:17
[ 992/2048]  (7,6,4,3)  ok    ETA 04:02:51
[ 993/2048]  (7,6,5,3)  ok    ETA 04:02:39
[ 994/2048]  (7,6,7,3)  ok    ETA 04:02:18
[ 995/2048]  (7,5,0,7)  ok    ETA 04:01:50
[ 996/2048]  (7,6,6,3)  ok    ETA 04:01:27
[ 997/2048]  (7,6,3,3)  ok    ETA 04:00:59
[ 998/2048]  (7,6,2,3)  ok    ETA 04:00:42
[ 999/2048]  (7,6,1,3)  ok    ETA 04:00:39
[1000/2048]  (7,6,5,7)  ok    ETA 04:00:13
  [checkpoint @ 1000]
[1001/2048]  (7,6,4,7)  ok    ETA 03:59:45
[1002/2048]  (7,6,6,7)  ok    ETA 03:59:19
[1003/2048]  (7,6,0,3)  ok    ETA 03:58:52
[1004/2048]  (7,6,7,7)  ok    ETA 03:58:26
[1005/2048]  (7,6,3,7)  ok    ETA 03:58:04
[1006/2048]  (7,6,2,7)  ok    ETA 03:58:09
[1007/2048]  (7,6,1,7)  ok    ETA 03:58:00
[1008/2048]  (7,6,0,7)  ok    ETA 03:57:57
[1009/2048]  (7,7,4,3)  ok    ETA 04:01:12
[1010/2048]  (7,7,5,3)  ok    ETA 04:00:44
[1011/2048]  (7,7,6,3)  ok    ETA 04:00:16
[1012/2048]  (7,7,3,3)  ok    ETA 04:00:06
[1013/2048]  (7,7,2,3)  ok    ETA 03:59:43
[1014/2048]  (7,7,7,3)  ok    ETA 03:59:19
[1015/2048]  (7,7,1,3)  ok    ETA 03:59:05
[1016/2048]  (7,7,5,7)  ok    ETA 03:58:41
[1017/2048]  (7,7,6,7)  ok    ETA 03:58:18
[1018/2048]  (7,7,4,7)  ok    ETA 03:57:53
[1019/2048]  (7,7,7,7)  ok    ETA 03:57:35
[1020/2048]  (7,7,3,7)  ok    ETA 03:57:08
[1021/2048]  (7,7,0,3)  ok    ETA 03:56:45
[1022/2048]  (7,7,2,7)  ok    ETA 03:56:40
[1023/2048]  (7,7,1,7)  ok    ETA 03:56:30
[1024/2048]  (8,0,6,3)  ok    ETA 03:56:32
[1025/2048]  (7,7,0,7)  ok    ETA 03:56:12
[1026/2048]  (8,0,5,3)  ok    ETA 03:55:48
[1027/2048]  (8,0,4,3)  ok    ETA 03:55:32
[1028/2048]  (8,0,7,3)  ok    ETA 03:55:06
[1029/2048]  (8,0,3,3)  ok    ETA 03:54:52
[1030/2048]  (8,0,2,3)  ok    ETA 03:54:43
[1031/2048]  (8,0,7,7)  ok    ETA 03:54:26
[1032/2048]  (8,0,6,7)  ok    ETA 03:54:02
[1033/2048]  (8,0,1,3)  ok    ETA 03:53:42
[1034/2048]  (8,0,5,7)  ok    ETA 03:53:17
[1035/2048]  (8,0,0,3)  ok    ETA 03:53:14
[1036/2048]  (8,0,4,7)  ok    ETA 03:52:54
[1037/2048]  (8,1,6,3)  ok    ETA 03:52:43
[1038/2048]  (8,0,3,7)  ok    ETA 03:52:25
[1039/2048]  (8,1,5,3)  ok    ETA 03:52:09
[1040/2048]  (8,1,7,3)  ok    ETA 03:51:46
[1041/2048]  (8,0,2,7)  ok    ETA 03:51:37
[1042/2048]  (8,1,4,3)  ok    ETA 03:51:13
[1043/2048]  (8,1,6,7)  ok    ETA 03:51:10
[1044/2048]  (8,1,3,3)  ok    ETA 03:50:45
[1045/2048]  (8,1,7,7)  ok    ETA 03:50:21
[1046/2048]  (8,1,5,7)  ok    ETA 03:49:55
[1047/2048]  (8,1,2,3)  ok    ETA 03:49:31
[1048/2048]  (8,0,1,7)  ok    ETA 03:49:18
[1049/2048]  (8,1,1,3)  ok    ETA 03:49:10
[1050/2048]  (8,1,4,7)  ok    ETA 03:48:45
[1051/2048]  (8,0,0,7)  ok    ETA 03:48:39
[1052/2048]  (8,1,0,3)  ok    ETA 03:48:21
[1053/2048]  (8,1,3,7)  ok    ETA 03:48:18
[1054/2048]  (8,1,2,7)  ok    ETA 03:48:23
[1055/2048]  (8,1,1,7)  ok    ETA 03:48:48
[1056/2048]  (8,1,0,7)  ok    ETA 03:49:22
[1057/2048]  (8,2,6,3)  ok    ETA 03:49:27
[1058/2048]  (8,2,7,3)  ok    ETA 03:49:10
[1059/2048]  (8,2,5,3)  ok    ETA 03:49:01
[1060/2048]  (8,2,4,3)  ok    ETA 03:48:56
[1061/2048]  (8,2,6,7)  ok    ETA 03:48:39
[1062/2048]  (8,2,7,7)  ok    ETA 03:48:18
[1063/2048]  (8,2,3,3)  ok    ETA 03:48:00
[1064/2048]  (8,2,5,7)  ok    ETA 03:47:38
[1065/2048]  (8,2,2,3)  ok    ETA 03:47:25
[1066/2048]  (8,2,1,3)  ok    ETA 03:47:18
[1067/2048]  (8,2,4,7)  ok    ETA 03:46:56
[1068/2048]  (8,2,0,3)  ok    ETA 03:47:09
[1069/2048]  (8,2,3,7)  ok    ETA 03:46:48
[1070/2048]  (8,3,7,3)  ok    ETA 03:46:36
[1071/2048]  (8,3,4,3)  ok    ETA 03:46:11
[1072/2048]  (8,3,5,3)  ok    ETA 03:45:45
[1073/2048]  (8,3,6,3)  ok    ETA 03:45:20
[1074/2048]  (8,3,3,3)  ok    ETA 03:45:10
[1075/2048]  (8,2,2,7)  ok    ETA 03:44:43
[1076/2048]  (8,3,2,3)  ok    ETA 03:44:19
[1077/2048]  (8,3,7,7)  ok    ETA 03:43:59
[1078/2048]  (8,3,6,7)  ok    ETA 03:43:45
[1079/2048]  (8,3,1,3)  ok    ETA 03:43:20
[1080/2048]  (8,3,5,7)  ok    ETA 03:43:05
[1081/2048]  (8,3,4,7)  ok    ETA 03:42:39
[1082/2048]  (8,3,0,3)  ok    ETA 03:42:16
[1083/2048]  (8,2,1,7)  ok    ETA 03:42:14
[1084/2048]  (8,3,3,7)  ok    ETA 03:41:52
[1085/2048]  (8,3,2,7)  ok    ETA 03:42:00
[1086/2048]  (8,2,0,7)  ok    ETA 03:41:45
[1087/2048]  (8,3,1,7)  ok    ETA 03:41:22
[1088/2048]  (8,4,3,3)  ok    ETA 03:41:06
[1089/2048]  (8,4,4,3)  ok    ETA 03:40:48
[1090/2048]  (8,4,5,3)  ok    ETA 03:40:24
[1091/2048]  (8,4,6,3)  ok    ETA 03:40:02
[1092/2048]  (8,4,2,3)  ok    ETA 03:39:42
[1093/2048]  (8,3,0,7)  ok    ETA 03:39:25
[1094/2048]  (8,4,1,3)  ok    ETA 03:39:16
[1095/2048]  (8,4,5,7)  ok    ETA 03:38:55
[1096/2048]  (8,4,0,3)  ok    ETA 03:38:30
[1097/2048]  (8,4,4,7)  ok    ETA 03:38:08
[1098/2048]  (8,4,3,7)  ok    ETA 03:37:56
[1099/2048]  (8,4,6,7)  ok    ETA 03:37:36
[1100/2048]  (8,4,7,3)  ok    ETA 03:37:11
[1101/2048]  (8,4,2,7)  ok    ETA 03:37:04
[1102/2048]  (8,4,1,7)  ok    ETA 03:37:14
[1103/2048]  (8,4,0,7)  ok    ETA 03:37:08
[1104/2048]  (8,4,7,7)  ok    ETA 03:36:44
[1105/2048]  (8,5,5,3)  ok    ETA 03:38:50
[1106/2048]  (8,5,4,3)  ok    ETA 03:38:25
[1107/2048]  (8,5,3,3)  ok    ETA 03:38:05
[1108/2048]  (8,5,0,3)  ok    ETA 03:37:49
[1109/2048]  (8,5,1,3)  ok    ETA 03:37:24
[1110/2048]  (8,5,2,3)  ok    ETA 03:36:59
[1111/2048]  (8,5,7,3)  ok    ETA 03:36:38
[1112/2048]  (8,5,6,3)  ok    ETA 03:36:18
[1113/2048]  (8,5,7,7)  ok    ETA 03:36:04
[1114/2048]  (8,5,4,7)  ok    ETA 03:35:54
[1115/2048]  (8,5,3,7)  ok    ETA 03:35:34
[1116/2048]  (8,5,6,7)  ok    ETA 03:35:10
[1117/2048]  (8,5,5,7)  ok    ETA 03:34:52
[1118/2048]  (8,5,2,7)  ok    ETA 03:34:39
[1119/2048]  (8,5,1,7)  ok    ETA 03:34:34
[1120/2048]  (8,5,0,7)  ok    ETA 03:34:14
[1121/2048]  (8,6,4,3)  ok    ETA 03:34:07
[1122/2048]  (8,6,5,3)  ok    ETA 03:33:50
[1123/2048]  (8,6,3,3)  ok    ETA 03:33:26
[1124/2048]  (8,6,2,3)  ok    ETA 03:33:07
[1125/2048]  (8,6,7,3)  ok    ETA 03:32:44
[1126/2048]  (8,6,6,3)  ok    ETA 03:32:24
[1127/2048]  (8,6,5,7)  ok    ETA 03:32:15
[1128/2048]  (8,6,4,7)  ok    ETA 03:31:50
[1129/2048]  (8,6,1,3)  ok    ETA 03:31:26
[1130/2048]  (8,6,7,7)  ok    ETA 03:31:02
[1131/2048]  (8,6,0,3)  ok    ETA 03:30:40
[1132/2048]  (8,6,6,7)  ok    ETA 03:30:29
[1133/2048]  (8,6,3,7)  ok    ETA 03:30:10
[1134/2048]  (8,6,2,7)  ok    ETA 03:30:03
[1135/2048]  (8,6,1,7)  ok    ETA 03:29:53
[1136/2048]  (8,6,0,7)  ok    ETA 03:30:00
[1137/2048]  (8,7,5,3)  ok    ETA 03:29:36
[1138/2048]  (8,7,4,3)  ok    ETA 03:29:12
[1139/2048]  (8,7,6,3)  ok    ETA 03:28:49
[1140/2048]  (8,7,2,3)  ok    ETA 03:28:35
[1141/2048]  (8,7,3,3)  ok    ETA 03:28:14
[1142/2048]  (8,7,5,7)  ok    ETA 03:27:57
[1143/2048]  (8,7,1,3)  ok    ETA 03:27:36
[1144/2048]  (8,7,7,3)  ok    ETA 03:27:20
[1145/2048]  (8,7,4,7)  ok    ETA 03:27:00
[1146/2048]  (8,7,0,3)  ok    ETA 03:26:37
[1147/2048]  (8,7,7,7)  ok    ETA 03:26:20
[1148/2048]  (8,7,6,7)  ok    ETA 03:25:56
[1149/2048]  (8,7,3,7)  ok    ETA 03:25:33
[1150/2048]  (8,7,2,7)  ok    ETA 03:25:32
[1151/2048]  (8,7,1,7)  ok    ETA 03:25:17
[1152/2048]  (8,7,0,7)  ok    ETA 03:25:18
[1153/2048]  (9,0,6,3)  ok    ETA 03:27:07
[1154/2048]  (9,0,4,3)  ok    ETA 03:26:54
[1155/2048]  (9,0,7,3)  ok    ETA 03:26:31
[1156/2048]  (9,0,5,3)  ok    ETA 03:26:10
[1157/2048]  (9,0,3,3)  ok    ETA 03:25:49
[1158/2048]  (9,0,2,3)  ok    ETA 03:25:41
[1159/2048]  (9,0,7,7)  ok    ETA 03:25:28
[1160/2048]  (9,0,6,7)  ok    ETA 03:25:07
[1161/2048]  (9,0,1,3)  ok    ETA 03:24:45
[1162/2048]  (9,0,5,7)  ok    ETA 03:24:32
[1163/2048]  (9,0,0,3)  ok    ETA 03:24:16
[1164/2048]  (9,0,4,7)  ok    ETA 03:24:12
[1165/2048]  (9,0,3,7)  ok    ETA 03:23:55
[1166/2048]  (9,1,6,3)  ok    ETA 03:23:45
[1167/2048]  (9,1,5,3)  ok    ETA 03:23:21
[1168/2048]  (9,1,7,3)  ok    ETA 03:23:08
[1169/2048]  (9,0,2,7)  ok    ETA 03:22:49
[1170/2048]  (9,1,4,3)  ok    ETA 03:22:33
[1171/2048]  (9,1,3,3)  ok    ETA 03:22:34
[1172/2048]  (9,1,6,7)  ok    ETA 03:22:11
[1173/2048]  (9,0,1,7)  ok    ETA 03:21:56
[1174/2048]  (9,1,2,3)  ok    ETA 03:21:32
[1175/2048]  (9,1,5,7)  ok    ETA 03:21:09
[1176/2048]  (9,1,7,7)  ok    ETA 03:20:46
[1177/2048]  (9,1,1,3)  ok    ETA 03:20:41
[1178/2048]  (9,1,4,7)  ok    ETA 03:20:19
[1179/2048]  (9,0,0,7)  ok    ETA 03:20:08
[1180/2048]  (9,1,0,3)  ok    ETA 03:19:55
[1181/2048]  (9,2,6,3)  ok    ETA 03:19:36
[1182/2048]  (9,2,7,3)  ok    ETA 03:19:20
[1183/2048]  (9,1,3,7)  ok    ETA 03:19:06
[1184/2048]  (9,2,5,3)  ok    ETA 03:18:48
[1185/2048]  (9,2,4,3)  ok    ETA 03:18:44
[1186/2048]  (9,1,2,7)  ok    ETA 03:18:23
[1187/2048]  (9,2,7,7)  ok    ETA 03:18:05
[1188/2048]  (9,2,6,7)  ok    ETA 03:17:46
[1189/2048]  (9,2,3,3)  ok    ETA 03:17:24
[1190/2048]  (9,2,5,7)  ok    ETA 03:17:08
[1191/2048]  (9,2,2,3)  ok    ETA 03:16:58
[1192/2048]  (9,1,1,7)  ok    ETA 03:16:48
[1193/2048]  (9,2,1,3)  ok    ETA 03:16:30
[1194/2048]  (9,2,4,7)  ok    ETA 03:16:09
[1195/2048]  (9,2,0,3)  ok    ETA 03:16:15
[1196/2048]  (9,2,3,7)  ok    ETA 03:16:01
[1197/2048]  (9,1,0,7)  ok    ETA 03:15:41
[1198/2048]  (9,2,2,7)  ok    ETA 03:15:52
[1199/2048]  (9,2,1,7)  ok    ETA 03:16:12
[1200/2048]  (9,3,4,3)  ok    ETA 03:16:28
  [checkpoint @ 1200]
[1201/2048]  (9,3,5,3)  ok    ETA 03:16:04
[1202/2048]  (9,3,7,3)  ok    ETA 03:15:43
[1203/2048]  (9,2,0,7)  ok    ETA 03:15:22
[1204/2048]  (9,3,6,3)  ok    ETA 03:15:00
[1205/2048]  (9,3,2,3)  ok    ETA 03:14:45
[1206/2048]  (9,3,3,3)  ok    ETA 03:14:24
[1207/2048]  (9,3,7,7)  ok    ETA 03:14:14
[1208/2048]  (9,3,1,3)  ok    ETA 03:13:55
[1209/2048]  (9,3,6,7)  ok    ETA 03:13:42
[1210/2048]  (9,3,0,3)  ok    ETA 03:13:25
[1211/2048]  (9,3,5,7)  ok    ETA 03:13:02
[1212/2048]  (9,3,4,7)  ok    ETA 03:12:42
[1213/2048]  (9,3,3,7)  ok    ETA 03:12:39
[1214/2048]  (9,3,2,7)  ok    ETA 03:12:38
[1215/2048]  (9,4,7,3)  ok    ETA 03:12:38
[1216/2048]  (9,3,1,7)  ok    ETA 03:12:16
[1217/2048]  (9,4,6,3)  ok    ETA 03:11:53
[1218/2048]  (9,4,5,3)  ok    ETA 03:11:33
[1219/2048]  (9,4,3,3)  ok    ETA 03:11:16
[1220/2048]  (9,4,4,3)  ok    ETA 03:10:55
[1221/2048]  (9,4,7,7)  ok    ETA 03:10:40
[1222/2048]  (9,4,6,7)  ok    ETA 03:10:25
[1223/2048]  (9,4,2,3)  ok    ETA 03:10:03
[1224/2048]  (9,4,0,3)  ok    ETA 03:09:47
[1225/2048]  (9,3,0,7)  ok    ETA 03:09:24
[1226/2048]  (9,4,1,3)  ok    ETA 03:09:08
[1227/2048]  (9,4,5,7)  ok    ETA 03:08:46
[1228/2048]  (9,4,4,7)  ok    ETA 03:08:27
[1229/2048]  (9,4,3,7)  ok    ETA 03:08:15
[1230/2048]  (9,4,2,7)  ok    ETA 03:08:19
[1231/2048]  (9,4,1,7)  ok    ETA 03:08:29
[1232/2048]  (9,5,4,3)  ok    ETA 03:08:11
[1233/2048]  (9,5,3,3)  ok    ETA 03:07:51
[1234/2048]  (9,5,2,3)  ok    ETA 03:07:29
[1235/2048]  (9,4,0,7)  ok    ETA 03:07:08
[1236/2048]  (9,5,6,3)  ok    ETA 03:06:51
[1237/2048]  (9,5,5,3)  ok    ETA 03:06:33
[1238/2048]  (9,5,1,3)  ok    ETA 03:06:12
[1239/2048]  (9,5,0,3)  ok    ETA 03:06:04
[1240/2048]  (9,5,4,7)  ok    ETA 03:05:47
[1241/2048]  (9,5,5,7)  ok    ETA 03:05:36
[1242/2048]  (9,5,3,7)  ok    ETA 03:05:18
[1243/2048]  (9,5,2,7)  ok    ETA 03:05:03
[1244/2048]  (9,5,6,7)  ok    ETA 03:04:42
[1245/2048]  (9,5,7,3)  ok    ETA 03:04:25
[1246/2048]  (9,5,1,7)  ok    ETA 03:04:18
[1247/2048]  (9,5,0,7)  ok    ETA 03:04:21
[1248/2048]  (9,5,7,7)  ok    ETA 03:04:04
[1249/2048]  (9,6,5,3)  ok    ETA 03:04:44
[1250/2048]  (9,6,6,3)  ok    ETA 03:04:29
[1251/2048]  (9,6,4,3)  ok    ETA 03:04:12
[1252/2048]  (9,6,3,3)  ok    ETA 03:03:51
[1253/2048]  (9,6,2,3)  ok    ETA 03:03:35
[1254/2048]  (9,6,5,7)  ok    ETA 03:03:16
[1255/2048]  (9,6,1,3)  ok    ETA 03:02:58
[1256/2048]  (9,6,7,3)  ok    ETA 03:02:43
[1257/2048]  (9,6,0,3)  ok    ETA 03:02:29
[1258/2048]  (9,6,6,7)  ok    ETA 03:02:09
[1259/2048]  (9,6,7,7)  ok    ETA 03:01:48
[1260/2048]  (9,6,4,7)  ok    ETA 03:01:26
[1261/2048]  (9,6,3,7)  ok    ETA 03:01:12
[1262/2048]  (9,6,2,7)  ok    ETA 03:01:00
[1263/2048]  (9,6,1,7)  ok    ETA 03:00:55
[1264/2048]  (9,7,6,3)  ok    ETA 03:00:51
[1265/2048]  (9,7,5,3)  ok    ETA 03:00:31
[1266/2048]  (9,7,4,3)  ok    ETA 03:00:15
[1267/2048]  (9,6,0,7)  ok    ETA 02:59:56
[1268/2048]  (9,7,3,3)  ok    ETA 02:59:42
[1269/2048]  (9,7,5,7)  ok    ETA 02:59:27
[1270/2048]  (9,7,2,3)  ok    ETA 02:59:08
[1271/2048]  (9,7,1,3)  ok    ETA 02:58:53
[1272/2048]  (9,7,7,3)  ok    ETA 02:58:34
[1273/2048]  (9,7,6,7)  ok    ETA 02:58:12
[1274/2048]  (9,7,4,7)  ok    ETA 02:57:52
[1275/2048]  (9,7,0,3)  ok    ETA 02:57:35
[1276/2048]  (9,7,3,7)  ok    ETA 02:57:22
[1277/2048]  (9,7,7,7)  ok    ETA 02:57:01
[1278/2048]  (9,7,2,7)  ok    ETA 02:56:57
[1279/2048]  (9,7,1,7)  ok    ETA 02:56:47
[1280/2048]  (9,7,0,7)  ok    ETA 02:56:46
[1281/2048]  (10,0,6,3)  ok    ETA 02:56:36
[1282/2048]  (10,0,5,3)  ok    ETA 02:56:22
[1283/2048]  (10,0,4,3)  ok    ETA 02:56:03
[1284/2048]  (10,0,3,3)  ok    ETA 02:55:44
[1285/2048]  (10,0,7,3)  ok    ETA 02:55:29
[1286/2048]  (10,0,2,3)  ok    ETA 02:55:07
[1287/2048]  (10,0,1,3)  ok    ETA 02:54:55
[1288/2048]  (10,0,6,7)  ok    ETA 02:54:49
[1289/2048]  (10,0,0,3)  ok    ETA 02:54:30
[1290/2048]  (10,0,7,7)  ok    ETA 02:54:12
[1291/2048]  (10,0,5,7)  ok    ETA 02:53:51
[1292/2048]  (10,0,4,7)  ok    ETA 02:53:46
[1293/2048]  (10,0,3,7)  ok    ETA 02:53:45
[1294/2048]  (10,0,2,7)  ok    ETA 02:53:35
[1295/2048]  (10,0,1,7)  ok    ETA 02:53:50
[1296/2048]  (10,1,6,3)  ok    ETA 02:53:44
[1297/2048]  (10,1,7,3)  ok    ETA 02:53:31
[1298/2048]  (10,1,5,3)  ok    ETA 02:53:11
[1299/2048]  (10,0,0,7)  ok    ETA 02:52:54
[1300/2048]  (10,1,4,3)  ok    ETA 02:52:43
[1301/2048]  (10,1,3,3)  ok    ETA 02:52:28
[1302/2048]  (10,1,6,7)  ok    ETA 02:52:13
[1303/2048]  (10,1,7,7)  ok    ETA 02:51:58
[1304/2048]  (10,1,5,7)  ok    ETA 02:51:38
[1305/2048]  (10,1,2,3)  ok    ETA 02:51:18
[1306/2048]  (10,1,1,3)  ok    ETA 02:51:16
[1307/2048]  (10,1,4,7)  ok    ETA 02:51:05
[1308/2048]  (10,1,0,3)  ok    ETA 02:50:47
[1309/2048]  (10,2,6,3)  ok    ETA 02:50:41
[1310/2048]  (10,1,3,7)  ok    ETA 02:50:24
[1311/2048]  (10,2,7,3)  ok    ETA 02:50:09
[1312/2048]  (10,2,5,3)  ok    ETA 02:49:47
[1313/2048]  (10,2,4,3)  ok    ETA 02:49:42
[1314/2048]  (10,1,2,7)  ok    ETA 02:49:29
[1315/2048]  (10,2,6,7)  ok    ETA 02:49:15
[1316/2048]  (10,2,3,3)  ok    ETA 02:48:55
[1317/2048]  (10,2,7,7)  ok    ETA 02:48:34
[1318/2048]  (10,2,5,7)  ok    ETA 02:48:23
[1319/2048]  (10,2,2,3)  ok    ETA 02:48:07
[1320/2048]  (10,1,1,7)  ok    ETA 02:47:58
[1321/2048]  (10,2,1,3)  ok    ETA 02:47:39
[1322/2048]  (10,2,4,7)  ok    ETA 02:47:18
[1323/2048]  (10,2,0,3)  ok    ETA 02:47:21
[1324/2048]  (10,2,3,7)  ok    ETA 02:47:11
[1325/2048]  (10,1,0,7)  ok    ETA 02:46:52
[1326/2048]  (10,3,5,3)  ok    ETA 02:46:36
[1327/2048]  (10,3,3,3)  ok    ETA 02:46:27
[1328/2048]  (10,3,4,3)  ok    ETA 02:46:06
[1329/2048]  (10,3,6,3)  ok    ETA 02:45:52
[1330/2048]  (10,3,2,3)  ok    ETA 02:45:32
[1331/2048]  (10,2,2,7)  ok    ETA 02:45:13
[1332/2048]  (10,3,1,3)  ok    ETA 02:45:04
[1333/2048]  (10,3,5,7)  ok    ETA 02:44:48
[1334/2048]  (10,3,7,3)  ok    ETA 02:44:36
[1335/2048]  (10,3,0,3)  ok    ETA 02:44:15
[1336/2048]  (10,3,6,7)  ok    ETA 02:43:56
[1337/2048]  (10,3,4,7)  ok    ETA 02:43:35
[1338/2048]  (10,2,1,7)  ok    ETA 02:43:22
[1339/2048]  (10,3,3,7)  ok    ETA 02:43:14
[1340/2048]  (10,3,2,7)  ok    ETA 02:43:00
[1341/2048]  (10,3,7,7)  ok    ETA 02:42:39
[1342/2048]  (10,2,0,7)  ok    ETA 02:42:34
[1343/2048]  (10,3,1,7)  ok    ETA 02:42:27
[1344/2048]  (10,3,0,7)  ok    ETA 02:42:36
[1345/2048]  (10,4,4,3)  ok    ETA 02:42:28
[1346/2048]  (10,4,5,3)  ok    ETA 02:42:20
[1347/2048]  (10,4,7,3)  ok    ETA 02:42:01
[1348/2048]  (10,4,3,3)  ok    ETA 02:41:40
[1349/2048]  (10,4,6,3)  ok    ETA 02:41:20
[1350/2048]  (10,4,2,3)  ok    ETA 02:41:02
[1351/2048]  (10,4,1,3)  ok    ETA 02:40:44
[1352/2048]  (10,4,7,7)  ok    ETA 02:40:26
[1353/2048]  (10,4,0,3)  ok    ETA 02:40:16
[1354/2048]  (10,4,6,7)  ok    ETA 02:39:58
[1355/2048]  (10,4,5,7)  ok    ETA 02:39:38
[1356/2048]  (10,4,4,7)  ok    ETA 02:39:27
[1357/2048]  (10,4,3,7)  ok    ETA 02:39:11
[1358/2048]  (10,4,2,7)  ok    ETA 02:39:10
[1359/2048]  (10,4,1,7)  ok    ETA 02:39:08
[1360/2048]  (10,4,0,7)  ok    ETA 02:39:05
[1361/2048]  (10,5,4,3)  ok    ETA 02:38:48
[1362/2048]  (10,5,3,3)  ok    ETA 02:38:29
[1363/2048]  (10,5,2,3)  ok    ETA 02:38:09
[1364/2048]  (10,5,5,3)  ok    ETA 02:37:53
[1365/2048]  (10,5,6,3)  ok    ETA 02:37:33
[1366/2048]  (10,5,7,3)  ok    ETA 02:37:17
[1367/2048]  (10,5,1,3)  ok    ETA 02:37:03
[1368/2048]  (10,5,7,7)  ok    ETA 02:36:45
[1369/2048]  (10,5,0,3)  ok    ETA 02:36:25
[1370/2048]  (10,5,4,7)  ok    ETA 02:36:09
[1371/2048]  (10,5,6,7)  ok    ETA 02:35:51
[1372/2048]  (10,5,5,7)  ok    ETA 02:35:39
[1373/2048]  (10,5,3,7)  ok    ETA 02:35:27
[1374/2048]  (10,5,2,7)  ok    ETA 02:35:16
[1375/2048]  (10,5,1,7)  ok    ETA 02:35:12
[1376/2048]  (10,6,4,3)  ok    ETA 02:35:02
[1377/2048]  (10,6,6,3)  ok    ETA 02:34:43
[1378/2048]  (10,6,5,3)  ok    ETA 02:34:27
[1379/2048]  (10,5,0,7)  ok    ETA 02:34:10
[1380/2048]  (10,6,3,3)  ok    ETA 02:33:53
[1381/2048]  (10,6,7,3)  ok    ETA 02:33:39
[1382/2048]  (10,6,2,3)  ok    ETA 02:33:19
[1383/2048]  (10,6,1,3)  ok    ETA 02:32:59
[1384/2048]  (10,6,6,7)  ok    ETA 02:32:49
[1385/2048]  (10,6,5,7)  ok    ETA 02:32:32
[1386/2048]  (10,6,4,7)  ok    ETA 02:32:12
[1387/2048]  (10,6,0,3)  ok    ETA 02:31:53
[1388/2048]  (10,6,3,7)  ok    ETA 02:31:44
[1389/2048]  (10,6,7,7)  ok    ETA 02:31:32
[1390/2048]  (10,6,2,7)  ok    ETA 02:31:24
[1391/2048]  (10,6,1,7)  ok    ETA 02:31:13
[1392/2048]  (10,6,0,7)  ok    ETA 02:31:06
[1393/2048]  (10,7,5,3)  ok    ETA 02:31:10
[1394/2048]  (10,7,6,3)  ok    ETA 02:30:53
[1395/2048]  (10,7,4,3)  ok    ETA 02:30:38
[1396/2048]  (10,7,3,3)  ok    ETA 02:30:19
[1397/2048]  (10,7,2,3)  ok    ETA 02:30:09
[1398/2048]  (10,7,7,3)  ok    ETA 02:29:55
[1399/2048]  (10,7,5,7)  ok    ETA 02:29:35
[1400/2048]  (10,7,1,3)  ok    ETA 02:29:20
  [checkpoint @ 1400]
[1401/2048]  (10,7,4,7)  ok    ETA 02:29:01
[1402/2048]  (10,7,6,7)  ok    ETA 02:28:42
[1403/2048]  (10,7,0,3)  ok    ETA 02:28:23
[1404/2048]  (10,7,3,7)  ok    ETA 02:28:07
[1405/2048]  (10,7,7,7)  ok    ETA 02:28:00
[1406/2048]  (10,7,2,7)  ok    ETA 02:27:44
[1407/2048]  (10,7,1,7)  ok    ETA 02:27:42
[1408/2048]  (10,7,0,7)  ok    ETA 02:27:40
[1409/2048]  (11,0,5,3)  ok    ETA 02:27:21
[1410/2048]  (11,0,6,3)  ok    ETA 02:27:05
[1411/2048]  (11,0,4,3)  ok    ETA 02:26:47
[1412/2048]  (11,0,7,3)  ok    ETA 02:26:35
[1413/2048]  (11,0,3,3)  ok    ETA 02:26:18
[1414/2048]  (11,0,2,3)  ok    ETA 02:26:05
[1415/2048]  (11,0,1,3)  ok    ETA 02:25:58
[1416/2048]  (11,0,6,7)  ok    ETA 02:25:42
[1417/2048]  (11,0,5,7)  ok    ETA 02:25:24
[1418/2048]  (11,0,7,7)  ok    ETA 02:25:09
[1419/2048]  (11,0,0,3)  ok    ETA 02:24:53
[1420/2048]  (11,0,4,7)  ok    ETA 02:24:37
[1421/2048]  (11,0,3,7)  ok    ETA 02:24:38
[1422/2048]  (11,1,5,3)  ok    ETA 02:24:28
[1423/2048]  (11,1,6,3)  ok    ETA 02:24:12
[1424/2048]  (11,1,7,3)  ok    ETA 02:23:57
[1425/2048]  (11,0,2,7)  ok    ETA 02:23:39
[1426/2048]  (11,1,4,3)  ok    ETA 02:23:23
[1427/2048]  (11,1,3,3)  ok    ETA 02:23:08
[1428/2048]  (11,0,1,7)  ok    ETA 02:23:06
[1429/2048]  (11,1,2,3)  ok    ETA 02:22:47
[1430/2048]  (11,1,6,7)  ok    ETA 02:22:28
[1431/2048]  (11,1,7,7)  ok    ETA 02:22:10
[1432/2048]  (11,1,5,7)  ok    ETA 02:21:53
[1433/2048]  (11,1,1,3)  ok    ETA 02:21:41
[1434/2048]  (11,1,4,7)  ok    ETA 02:21:28
[1435/2048]  (11,0,0,7)  ok    ETA 02:21:17
[1436/2048]  (11,1,0,3)  ok    ETA 02:20:57
[1437/2048]  (11,1,3,7)  ok    ETA 02:20:54
[1438/2048]  (11,1,2,7)  ok    ETA 02:20:58
[1439/2048]  (11,2,6,3)  ok    ETA 02:20:39
[1440/2048]  (11,2,5,3)  ok    ETA 02:20:22
[1441/2048]  (11,2,7,3)  ok    ETA 02:20:06
[1442/2048]  (11,2,4,3)  ok    ETA 02:19:57
[1443/2048]  (11,2,6,7)  ok    ETA 02:19:47
[1444/2048]  (11,2,3,3)  ok    ETA 02:19:30
[1445/2048]  (11,1,1,7)  ok    ETA 02:19:13
[1446/2048]  (11,2,5,7)  ok    ETA 02:18:56
[1447/2048]  (11,2,7,7)  ok    ETA 02:18:40
[1448/2048]  (11,2,2,3)  ok    ETA 02:18:26
[1449/2048]  (11,2,1,3)  ok    ETA 02:18:17
[1450/2048]  (11,2,4,7)  ok    ETA 02:18:03
[1451/2048]  (11,1,0,7)  ok    ETA 02:17:51
[1452/2048]  (11,2,0,3)  ok    ETA 02:17:34
[1453/2048]  (11,2,3,7)  ok    ETA 02:17:30
[1454/2048]  (11,3,5,3)  ok    ETA 02:17:22
[1455/2048]  (11,3,4,3)  ok    ETA 02:17:07
[1456/2048]  (11,3,6,3)  ok    ETA 02:16:53
[1457/2048]  (11,3,2,3)  ok    ETA 02:16:35
[1458/2048]  (11,3,7,3)  ok    ETA 02:16:16
[1459/2048]  (11,3,3,3)  ok    ETA 02:15:57
[1460/2048]  (11,2,2,7)  ok    ETA 02:15:43
[1461/2048]  (11,3,1,3)  ok    ETA 02:15:24
[1462/2048]  (11,3,5,7)  ok    ETA 02:15:12
[1463/2048]  (11,3,7,7)  ok    ETA 02:14:57
[1464/2048]  (11,3,0,3)  ok    ETA 02:14:40
[1465/2048]  (11,3,6,7)  ok    ETA 02:14:25
[1466/2048]  (11,3,4,7)  ok    ETA 02:14:08
[1467/2048]  (11,2,1,7)  ok    ETA 02:13:51
[1468/2048]  (11,3,3,7)  ok    ETA 02:13:45
[1469/2048]  (11,3,2,7)  ok    ETA 02:13:36
[1470/2048]  (11,2,0,7)  ok    ETA 02:13:26
[1471/2048]  (11,3,1,7)  ok    ETA 02:13:16
[1472/2048]  (11,4,4,3)  ok    ETA 02:13:01
[1473/2048]  (11,4,5,3)  ok    ETA 02:12:44
[1474/2048]  (11,4,3,3)  ok    ETA 02:12:27
[1475/2048]  (11,4,6,3)  ok    ETA 02:12:11
[1476/2048]  (11,4,1,3)  ok    ETA 02:11:59
[1477/2048]  (11,4,2,3)  ok    ETA 02:11:41
[1478/2048]  (11,3,0,7)  ok    ETA 02:11:25
[1479/2048]  (11,4,7,3)  ok    ETA 02:11:06
[1480/2048]  (11,4,5,7)  ok    ETA 02:10:48
[1481/2048]  (11,4,0,3)  ok    ETA 02:10:32
[1482/2048]  (11,4,7,7)  ok    ETA 02:10:20
[1483/2048]  (11,4,4,7)  ok    ETA 02:10:02
[1484/2048]  (11,4,3,7)  ok    ETA 02:09:52
[1485/2048]  (11,4,6,7)  ok    ETA 02:09:34
[1486/2048]  (11,4,2,7)  ok    ETA 02:09:32
[1487/2048]  (11,4,1,7)  ok    ETA 02:09:32
[1488/2048]  (11,4,0,7)  ok    ETA 02:09:23
[1489/2048]  (11,5,3,3)  ok    ETA 02:09:13
[1490/2048]  (11,5,4,3)  ok    ETA 02:08:56
[1491/2048]  (11,5,5,3)  ok    ETA 02:08:38
[1492/2048]  (11,5,2,3)  ok    ETA 02:08:23
[1493/2048]  (11,5,6,3)  ok    ETA 02:08:05
[1494/2048]  (11,5,0,3)  ok    ETA 02:07:52
[1495/2048]  (11,5,7,3)  ok    ETA 02:07:34
[1496/2048]  (11,5,1,3)  ok    ETA 02:07:17
[1497/2048]  (11,5,5,7)  ok    ETA 02:07:02
[1498/2048]  (11,5,7,7)  ok    ETA 02:06:51
[1499/2048]  (11,5,4,7)  ok    ETA 02:06:33
[1500/2048]  (11,5,6,7)  ok    ETA 02:06:18
[1501/2048]  (11,5,3,7)  ok    ETA 02:06:00
[1502/2048]  (11,5,2,7)  ok    ETA 02:05:53
[1503/2048]  (11,5,1,7)  ok    ETA 02:05:52
[1504/2048]  (11,6,5,3)  ok    ETA 02:05:36
[1505/2048]  (11,6,4,3)  ok    ETA 02:05:22
[1506/2048]  (11,5,0,7)  ok    ETA 02:05:08
[1507/2048]  (11,6,3,3)  ok    ETA 02:04:50
[1508/2048]  (11,6,6,3)  ok    ETA 02:04:31
[1509/2048]  (11,6,2,3)  ok    ETA 02:04:14
[1510/2048]  (11,6,7,3)  ok    ETA 02:04:02
[1511/2048]  (11,6,1,3)  ok    ETA 02:03:45
[1512/2048]  (11,6,5,7)  ok    ETA 02:03:31
[1513/2048]  (11,6,4,7)  ok    ETA 02:03:14
[1514/2048]  (11,6,7,7)  ok    ETA 02:02:59
[1515/2048]  (11,6,6,7)  ok    ETA 02:02:41
[1516/2048]  (11,6,0,3)  ok    ETA 02:02:25
[1517/2048]  (11,6,3,7)  ok    ETA 02:02:11
[1518/2048]  (11,6,2,7)  ok    ETA 02:02:04
[1519/2048]  (11,6,1,7)  ok    ETA 02:01:57
[1520/2048]  (11,7,5,3)  ok    ETA 02:01:46
[1521/2048]  (11,7,6,3)  ok    ETA 02:01:27
[1522/2048]  (11,7,4,3)  ok    ETA 02:01:10
[1523/2048]  (11,6,0,7)  ok    ETA 02:01:00
[1524/2048]  (11,7,3,3)  ok    ETA 02:00:41
[1525/2048]  (11,7,2,3)  ok    ETA 02:00:30
[1526/2048]  (11,7,1,3)  ok    ETA 02:00:16
[1527/2048]  (11,7,5,7)  ok    ETA 01:59:58
[1528/2048]  (11,7,7,3)  ok    ETA 01:59:42
[1529/2048]  (11,7,4,7)  ok    ETA 01:59:25
[1530/2048]  (11,7,6,7)  ok    ETA 01:59:07
[1531/2048]  (11,7,0,3)  ok    ETA 01:58:49
[1532/2048]  (11,7,3,7)  ok    ETA 01:58:36
[1533/2048]  (11,7,7,7)  ok    ETA 01:58:27
[1534/2048]  (11,7,2,7)  ok    ETA 01:58:13
[1535/2048]  (11,7,1,7)  ok    ETA 01:58:10
[1536/2048]  (11,7,0,7)  ok    ETA 01:58:01
[1537/2048]  (12,0,6,3)  ok    ETA 01:57:51
[1538/2048]  (12,0,5,3)  ok    ETA 01:57:38
[1539/2048]  (12,0,4,3)  ok    ETA 01:57:23
[1540/2048]  (12,0,3,3)  ok    ETA 01:57:10
[1541/2048]  (12,0,7,3)  ok    ETA 01:56:55
[1542/2048]  (12,0,2,3)  ok    ETA 01:56:39
[1543/2048]  (12,0,1,3)  ok    ETA 01:56:30
[1544/2048]  (12,0,6,7)  ok    ETA 01:56:15
[1545/2048]  (12,0,5,7)  ok    ETA 01:56:01
[1546/2048]  (12,0,7,7)  ok    ETA 01:55:44
[1547/2048]  (12,0,0,3)  ok    ETA 01:55:28
[1548/2048]  (12,0,4,7)  ok    ETA 01:55:20
[1549/2048]  (12,0,3,7)  ok    ETA 01:55:13
[1550/2048]  (12,1,6,3)  ok    ETA 01:54:58
[1551/2048]  (12,1,5,3)  ok    ETA 01:54:44
[1552/2048]  (12,1,7,3)  ok    ETA 01:54:32
[1553/2048]  (12,1,4,3)  ok    ETA 01:54:18
[1554/2048]  (12,0,2,7)  ok    ETA 01:54:02
[1555/2048]  (12,1,3,3)  ok    ETA 01:53:49
[1556/2048]  (12,1,2,3)  ok    ETA 01:53:39
[1557/2048]  (12,1,6,7)  ok    ETA 01:53:21
[1558/2048]  (12,1,7,7)  ok    ETA 01:53:04
[1559/2048]  (12,1,5,7)  ok    ETA 01:52:47
[1560/2048]  (12,0,1,7)  ok    ETA 01:52:32
[1561/2048]  (12,1,1,3)  ok    ETA 01:52:22
[1562/2048]  (12,1,4,7)  ok    ETA 01:52:10
[1563/2048]  (12,1,0,3)  ok    ETA 01:51:59
[1564/2048]  (12,0,0,7)  ok    ETA 01:51:44
[1565/2048]  (12,2,5,3)  ok    ETA 01:51:33
[1566/2048]  (12,2,6,3)  ok    ETA 01:51:16
[1567/2048]  (12,1,3,7)  ok    ETA 01:50:59
[1568/2048]  (12,2,7,3)  ok    ETA 01:50:47
[1569/2048]  (12,2,4,3)  ok    ETA 01:50:33
[1570/2048]  (12,2,6,7)  ok    ETA 01:50:25
[1571/2048]  (12,2,3,3)  ok    ETA 01:50:07
[1572/2048]  (12,1,2,7)  ok    ETA 01:49:51
[1573/2048]  (12,2,7,7)  ok    ETA 01:49:36
[1574/2048]  (12,2,5,7)  ok    ETA 01:49:19
[1575/2048]  (12,2,2,3)  ok    ETA 01:49:07
[1576/2048]  (12,2,4,7)  ok    ETA 01:48:58
[1577/2048]  (12,2,1,3)  ok    ETA 01:48:42
[1578/2048]  (12,1,1,7)  ok    ETA 01:48:25
[1579/2048]  (12,2,0,3)  ok    ETA 01:48:16
[1580/2048]  (12,2,3,7)  ok    ETA 01:48:09
[1581/2048]  (12,1,0,7)  ok    ETA 01:48:03
[1582/2048]  (12,3,5,3)  ok    ETA 01:47:46
[1583/2048]  (12,3,4,3)  ok    ETA 01:47:35
[1584/2048]  (12,3,7,3)  ok    ETA 01:47:19
[1585/2048]  (12,3,6,3)  ok    ETA 01:47:02
[1586/2048]  (12,3,3,3)  ok    ETA 01:46:44
[1587/2048]  (12,2,2,7)  ok    ETA 01:46:26
[1588/2048]  (12,3,2,3)  ok    ETA 01:46:12
[1589/2048]  (12,3,1,3)  ok    ETA 01:45:59
[1590/2048]  (12,3,0,3)  ok    ETA 01:45:46
[1591/2048]  (12,3,7,7)  ok    ETA 01:45:29
[1592/2048]  (12,3,6,7)  ok    ETA 01:45:14
[1593/2048]  (12,3,5,7)  ok    ETA 01:44:56
[1594/2048]  (12,2,1,7)  ok    ETA 01:44:41
[1595/2048]  (12,3,4,7)  ok    ETA 01:44:25
[1596/2048]  (12,3,3,7)  ok    ETA 01:44:20
[1597/2048]  (12,3,2,7)  ok    ETA 01:44:12
[1598/2048]  (12,2,0,7)  ok    ETA 01:43:55
[1599/2048]  (12,4,7,3)  ok    ETA 01:43:51
[1600/2048]  (12,4,4,3)  ok    ETA 01:43:35
  [checkpoint @ 1600]
[1601/2048]  (12,4,3,3)  ok    ETA 01:43:18
[1602/2048]  (12,3,1,7)  ok    ETA 01:43:01
[1603/2048]  (12,4,6,3)  ok    ETA 01:42:45
[1604/2048]  (12,4,5,3)  ok    ETA 01:42:27
[1605/2048]  (12,4,2,3)  ok    ETA 01:42:15
[1606/2048]  (12,4,7,7)  ok    ETA 01:42:01
[1607/2048]  (12,4,1,3)  ok    ETA 01:41:44
[1608/2048]  (12,4,6,7)  ok    ETA 01:41:30
[1609/2048]  (12,3,0,7)  ok    ETA 01:41:14
[1610/2048]  (12,4,0,3)  ok    ETA 01:40:57
[1611/2048]  (12,4,5,7)  ok    ETA 01:40:42
[1612/2048]  (12,4,4,7)  ok    ETA 01:40:30
[1613/2048]  (12,4,3,7)  ok    ETA 01:40:15
[1614/2048]  (12,4,2,7)  ok    ETA 01:40:12
[1615/2048]  (12,4,1,7)  ok    ETA 01:40:12
[1616/2048]  (12,5,3,3)  ok    ETA 01:39:54
[1617/2048]  (12,5,4,3)  ok    ETA 01:39:37
[1618/2048]  (12,5,5,3)  ok    ETA 01:39:19
[1619/2048]  (12,5,2,3)  ok    ETA 01:39:05
[1620/2048]  (12,4,0,7)  ok    ETA 01:38:53
[1621/2048]  (12,5,1,3)  ok    ETA 01:38:38
[1622/2048]  (12,5,0,3)  ok    ETA 01:38:21
[1623/2048]  (12,5,6,3)  ok    ETA 01:38:05
[1624/2048]  (12,5,7,3)  ok    ETA 01:37:49
[1625/2048]  (12,5,4,7)  ok    ETA 01:37:36
[1626/2048]  (12,5,7,7)  ok    ETA 01:37:21
[1627/2048]  (12,5,5,7)  ok    ETA 01:37:04
[1628/2048]  (12,5,6,7)  ok    ETA 01:36:48
[1629/2048]  (12,5,3,7)  ok    ETA 01:36:36
[1630/2048]  (12,5,2,7)  ok    ETA 01:36:22
[1631/2048]  (12,5,1,7)  ok    ETA 01:36:18
[1632/2048]  (12,6,5,3)  ok    ETA 01:36:03
[1633/2048]  (12,6,4,3)  ok    ETA 01:35:50
[1634/2048]  (12,6,3,3)  ok    ETA 01:35:38
[1635/2048]  (12,6,6,3)  ok    ETA 01:35:24
[1636/2048]  (12,5,0,7)  ok    ETA 01:35:08
[1637/2048]  (12,6,2,3)  ok    ETA 01:34:51
[1638/2048]  (12,6,1,3)  ok    ETA 01:34:36
[1639/2048]  (12,6,7,3)  ok    ETA 01:34:21
[1640/2048]  (12,6,6,7)  ok    ETA 01:34:08
[1641/2048]  (12,6,4,7)  ok    ETA 01:33:51
[1642/2048]  (12,6,5,7)  ok    ETA 01:33:34
[1643/2048]  (12,6,0,3)  ok    ETA 01:33:20
[1644/2048]  (12,6,7,7)  ok    ETA 01:33:04
[1645/2048]  (12,6,3,7)  ok    ETA 01:32:50
[1646/2048]  (12,6,2,7)  ok    ETA 01:32:45
[1647/2048]  (12,6,1,7)  ok    ETA 01:32:35
[1648/2048]  (12,7,5,3)  ok    ETA 01:32:20
[1649/2048]  (12,7,6,3)  ok    ETA 01:32:03
[1650/2048]  (12,7,4,3)  ok    ETA 01:31:50
[1651/2048]  (12,7,3,3)  ok    ETA 01:31:37
[1652/2048]  (12,6,0,7)  ok    ETA 01:31:21
[1653/2048]  (12,7,2,3)  ok    ETA 01:31:07
[1654/2048]  (12,7,5,7)  ok    ETA 01:30:52
[1655/2048]  (12,7,1,3)  ok    ETA 01:30:36
[1656/2048]  (12,7,4,7)  ok    ETA 01:30:21
[1657/2048]  (12,7,6,7)  ok    ETA 01:30:07
[1658/2048]  (12,7,7,3)  ok    ETA 01:29:50
[1659/2048]  (12,7,0,3)  ok    ETA 01:29:36
[1660/2048]  (12,7,3,7)  ok    ETA 01:29:22
[1661/2048]  (12,7,7,7)  ok    ETA 01:29:06
[1662/2048]  (12,7,2,7)  ok    ETA 01:28:58
[1663/2048]  (12,7,1,7)  ok    ETA 01:28:46
[1664/2048]  (13,0,6,3)  ok    ETA 01:28:39
[1665/2048]  (13,0,5,3)  ok    ETA 01:28:24
[1666/2048]  (12,7,0,7)  ok    ETA 01:28:08
[1667/2048]  (13,0,4,3)  ok    ETA 01:27:55
[1668/2048]  (13,0,7,3)  ok    ETA 01:27:39
[1669/2048]  (13,0,3,3)  ok    ETA 01:27:24
[1670/2048]  (13,0,2,3)  ok    ETA 01:27:14
[1671/2048]  (13,0,1,3)  ok    ETA 01:27:00
[1672/2048]  (13,0,6,7)  ok    ETA 01:26:43
[1673/2048]  (13,0,7,7)  ok    ETA 01:26:30
[1674/2048]  (13,0,5,7)  ok    ETA 01:26:14
[1675/2048]  (13,0,0,3)  ok    ETA 01:26:01
[1676/2048]  (13,0,4,7)  ok    ETA 01:25:52
[1677/2048]  (13,0,3,7)  ok    ETA 01:25:44
[1678/2048]  (13,1,6,3)  ok    ETA 01:25:28
[1679/2048]  (13,1,5,3)  ok    ETA 01:25:15
[1680/2048]  (13,1,7,3)  ok    ETA 01:25:03
[1681/2048]  (13,1,4,3)  ok    ETA 01:24:47
[1682/2048]  (13,0,2,7)  ok    ETA 01:24:35
[1683/2048]  (13,1,3,3)  ok    ETA 01:24:20
[1684/2048]  (13,1,7,7)  ok    ETA 01:24:08
[1685/2048]  (13,1,5,7)  ok    ETA 01:23:53
[1686/2048]  (13,1,2,3)  ok    ETA 01:23:37
[1687/2048]  (13,1,6,7)  ok    ETA 01:23:21
[1688/2048]  (13,0,1,7)  ok    ETA 01:23:10
[1689/2048]  (13,1,1,3)  ok    ETA 01:22:57
[1690/2048]  (13,1,4,7)  ok    ETA 01:22:41
[1691/2048]  (13,1,0,3)  ok    ETA 01:22:29
[1692/2048]  (13,0,0,7)  ok    ETA 01:22:15
[1693/2048]  (13,2,6,3)  ok    ETA 01:22:01
[1694/2048]  (13,2,7,3)  ok    ETA 01:21:49
[1695/2048]  (13,2,5,3)  ok    ETA 01:21:32
[1696/2048]  (13,1,3,7)  ok    ETA 01:21:18
[1697/2048]  (13,2,4,3)  ok    ETA 01:21:07
[1698/2048]  (13,2,3,3)  ok    ETA 01:20:56
[1699/2048]  (13,2,6,7)  ok    ETA 01:20:42
[1700/2048]  (13,2,7,7)  ok    ETA 01:20:26
[1701/2048]  (13,1,2,7)  ok    ETA 01:20:09
[1702/2048]  (13,2,5,7)  ok    ETA 01:19:57
[1703/2048]  (13,2,2,3)  ok    ETA 01:19:40
[1704/2048]  (13,2,4,7)  ok    ETA 01:19:33
[1705/2048]  (13,2,1,3)  ok    ETA 01:19:17
[1706/2048]  (13,2,0,3)  ok    ETA 01:19:04
[1707/2048]  (13,1,1,7)  ok    ETA 01:18:49
[1708/2048]  (13,2,3,7)  ok    ETA 01:18:41
[1709/2048]  (13,3,5,3)  ok    ETA 01:18:26
[1710/2048]  (13,3,4,3)  ok    ETA 01:18:12
[1711/2048]  (13,3,7,3)  ok    ETA 01:18:00
[1712/2048]  (13,3,2,3)  ok    ETA 01:17:44
[1713/2048]  (13,3,3,3)  ok    ETA 01:17:27
[1714/2048]  (13,3,6,3)  ok    ETA 01:17:12
[1715/2048]  (13,1,0,7)  ok    ETA 01:16:57
[1716/2048]  (13,2,2,7)  ok    ETA 01:16:45
[1717/2048]  (13,3,1,3)  ok    ETA 01:16:29
[1718/2048]  (13,3,7,7)  ok    ETA 01:16:16
[1719/2048]  (13,3,5,7)  ok    ETA 01:16:00
[1720/2048]  (13,3,6,7)  ok    ETA 01:15:44
[1721/2048]  (13,3,0,3)  ok    ETA 01:15:28
[1722/2048]  (13,3,4,7)  ok    ETA 01:15:12
[1723/2048]  (13,3,3,7)  ok    ETA 01:15:04
[1724/2048]  (13,2,1,7)  ok    ETA 01:14:50
[1725/2048]  (13,3,2,7)  ok    ETA 01:14:43
[1726/2048]  (13,4,7,3)  ok    ETA 01:14:34
[1727/2048]  (13,2,0,7)  ok    ETA 01:14:17
[1728/2048]  (13,4,6,3)  ok    ETA 01:14:01
[1729/2048]  (13,3,1,7)  ok    ETA 01:13:46
[1730/2048]  (13,4,5,3)  ok    ETA 01:13:30
[1731/2048]  (13,4,3,3)  ok    ETA 01:13:14
[1732/2048]  (13,4,4,3)  ok    ETA 01:12:58
[1733/2048]  (13,4,7,7)  ok    ETA 01:12:47
[1734/2048]  (13,4,2,3)  ok    ETA 01:12:32
[1735/2048]  (13,4,1,3)  ok    ETA 01:12:16
[1736/2048]  (13,4,6,7)  ok    ETA 01:12:03
[1737/2048]  (13,3,0,7)  ok    ETA 01:11:47
[1738/2048]  (13,4,0,3)  ok    ETA 01:11:31
[1739/2048]  (13,4,5,7)  ok    ETA 01:11:15
[1740/2048]  (13,4,4,7)  ok    ETA 01:11:02
[1741/2048]  (13,4,3,7)  ok    ETA 01:10:53
[1742/2048]  (13,4,2,7)  ok    ETA 01:10:43
[1743/2048]  (13,5,3,3)  ok    ETA 01:10:38
[1744/2048]  (13,5,5,3)  ok    ETA 01:10:22
[1745/2048]  (13,5,4,3)  ok    ETA 01:10:06
[1746/2048]  (13,4,1,7)  ok    ETA 01:09:50
[1747/2048]  (13,5,2,3)  ok    ETA 01:09:35
[1748/2048]  (13,5,6,3)  ok    ETA 01:09:20
[1749/2048]  (13,5,7,3)  ok    ETA 01:09:05
[1750/2048]  (13,5,1,3)  ok    ETA 01:08:53
[1751/2048]  (13,5,0,3)  ok    ETA 01:08:37
[1752/2048]  (13,4,0,7)  ok    ETA 01:08:21
[1753/2048]  (13,5,7,7)  ok    ETA 01:08:06
[1754/2048]  (13,5,6,7)  ok    ETA 01:07:53
[1755/2048]  (13,5,5,7)  ok    ETA 01:07:40
[1756/2048]  (13,5,4,7)  ok    ETA 01:07:24
[1757/2048]  (13,5,3,7)  ok    ETA 01:07:13
[1758/2048]  (13,5,2,7)  ok    ETA 01:07:00
[1759/2048]  (13,6,4,3)  ok    ETA 01:06:50
[1760/2048]  (13,5,1,7)  ok    ETA 01:06:36
[1761/2048]  (13,6,5,3)  ok    ETA 01:06:21
[1762/2048]  (13,6,3,3)  ok    ETA 01:06:07
[1763/2048]  (13,6,2,3)  ok    ETA 01:05:53
[1764/2048]  (13,6,6,3)  ok    ETA 01:05:37
[1765/2048]  (13,6,1,3)  ok    ETA 01:05:24
[1766/2048]  (13,6,7,3)  ok    ETA 01:05:08
[1767/2048]  (13,6,4,7)  ok    ETA 01:04:52
[1768/2048]  (13,5,0,7)  ok    ETA 01:04:37
[1769/2048]  (13,6,5,7)  ok    ETA 01:04:22
[1770/2048]  (13,6,7,7)  ok    ETA 01:04:08
[1771/2048]  (13,6,0,3)  ok    ETA 01:03:52
[1772/2048]  (13,6,6,7)  ok    ETA 01:03:41
[1773/2048]  (13,6,3,7)  ok    ETA 01:03:25
[1774/2048]  (13,6,2,7)  ok    ETA 01:03:17
[1775/2048]  (13,7,5,3)  ok    ETA 01:03:04
[1776/2048]  (13,6,1,7)  ok    ETA 01:02:51
[1777/2048]  (13,7,4,3)  ok    ETA 01:02:36
[1778/2048]  (13,7,6,3)  ok    ETA 01:02:21
[1779/2048]  (13,7,3,3)  ok    ETA 01:02:06
[1780/2048]  (13,6,0,7)  ok    ETA 01:01:53
[1781/2048]  (13,7,5,7)  ok    ETA 01:01:38
[1782/2048]  (13,7,2,3)  ok    ETA 01:01:23
[1783/2048]  (13,7,1,3)  ok    ETA 01:01:08
[1784/2048]  (13,7,4,7)  ok    ETA 01:00:55
[1785/2048]  (13,7,7,3)  ok    ETA 01:00:39
[1786/2048]  (13,7,6,7)  ok    ETA 01:00:24
[1787/2048]  (13,7,0,3)  ok    ETA 01:00:10
[1788/2048]  (13,7,7,7)  ok    ETA 00:59:55
[1789/2048]  (13,7,3,7)  ok    ETA 00:59:41
[1790/2048]  (13,7,2,7)  ok    ETA 00:59:30
[1791/2048]  (13,7,1,7)  ok    ETA 00:59:19
[1792/2048]  (14,0,4,3)  ok    ETA 00:59:10
[1793/2048]  (14,0,6,3)  ok    ETA 00:58:54
[1794/2048]  (14,0,5,3)  ok    ETA 00:58:39
[1795/2048]  (13,7,0,7)  ok    ETA 00:58:25
[1796/2048]  (14,0,7,3)  ok    ETA 00:58:11
[1797/2048]  (14,0,3,3)  ok    ETA 00:57:56
[1798/2048]  (14,0,2,3)  ok    ETA 00:57:42
[1799/2048]  (14,0,1,3)  ok    ETA 00:57:31
[1800/2048]  (14,0,6,7)  ok    ETA 00:57:18
  [checkpoint @ 1800]
[1801/2048]  (14,0,7,7)  ok    ETA 00:57:03
[1802/2048]  (14,0,5,7)  ok    ETA 00:56:48
[1803/2048]  (14,0,0,3)  ok    ETA 00:56:34
[1804/2048]  (14,0,4,7)  ok    ETA 00:56:22
[1805/2048]  (14,1,6,3)  ok    ETA 00:56:11
[1806/2048]  (14,1,5,3)  ok    ETA 00:55:57
[1807/2048]  (14,0,3,7)  ok    ETA 00:55:41
[1808/2048]  (14,1,4,3)  ok    ETA 00:55:28
[1809/2048]  (14,1,7,3)  ok    ETA 00:55:13
[1810/2048]  (14,1,3,3)  ok    ETA 00:55:02
[1811/2048]  (14,0,2,7)  ok    ETA 00:54:49
[1812/2048]  (14,1,7,7)  ok    ETA 00:54:36
[1813/2048]  (14,1,6,7)  ok    ETA 00:54:21
[1814/2048]  (14,1,2,3)  ok    ETA 00:54:06
[1815/2048]  (14,1,5,7)  ok    ETA 00:53:52
[1816/2048]  (14,0,1,7)  ok    ETA 00:53:39
[1817/2048]  (14,1,1,3)  ok    ETA 00:53:24
[1818/2048]  (14,1,4,7)  ok    ETA 00:53:10
[1819/2048]  (14,1,0,3)  ok    ETA 00:52:58
[1820/2048]  (14,2,6,3)  ok    ETA 00:52:43
[1821/2048]  (14,2,5,3)  ok    ETA 00:52:31
[1822/2048]  (14,2,7,3)  ok    ETA 00:52:15
[1823/2048]  (14,0,0,7)  ok    ETA 00:52:00
[1824/2048]  (14,1,3,7)  ok    ETA 00:51:46
[1825/2048]  (14,2,4,3)  ok    ETA 00:51:32
[1826/2048]  (14,2,3,3)  ok    ETA 00:51:21
[1827/2048]  (14,2,6,7)  ok    ETA 00:51:06
[1828/2048]  (14,2,7,7)  ok    ETA 00:50:53
[1829/2048]  (14,2,5,7)  ok    ETA 00:50:38
[1830/2048]  (14,1,2,7)  ok    ETA 00:50:24
[1831/2048]  (14,2,2,3)  ok    ETA 00:50:09
[1832/2048]  (14,2,1,3)  ok    ETA 00:49:58
[1833/2048]  (14,2,4,7)  ok    ETA 00:49:44
[1834/2048]  (14,2,0,3)  ok    ETA 00:49:33
[1835/2048]  (14,1,1,7)  ok    ETA 00:49:18
[1836/2048]  (14,3,5,3)  ok    ETA 00:49:06
[1837/2048]  (14,2,3,7)  ok    ETA 00:48:51
[1838/2048]  (14,3,7,3)  ok    ETA 00:48:37
[1839/2048]  (14,3,4,3)  ok    ETA 00:48:22
[1840/2048]  (14,3,6,3)  ok    ETA 00:48:08
[1841/2048]  (14,3,2,3)  ok    ETA 00:47:53
[1842/2048]  (14,3,3,3)  ok    ETA 00:47:38
[1843/2048]  (14,3,1,3)  ok    ETA 00:47:26
[1844/2048]  (14,3,7,7)  ok    ETA 00:47:11
[1845/2048]  (14,2,2,7)  ok    ETA 00:46:56
[1846/2048]  (14,1,0,7)  ok    ETA 00:46:41
[1847/2048]  (14,3,6,7)  ok    ETA 00:46:27
[1848/2048]  (14,3,5,7)  ok    ETA 00:46:13
[1849/2048]  (14,3,0,3)  ok    ETA 00:45:58
[1850/2048]  (14,3,4,7)  ok    ETA 00:45:44
[1851/2048]  (14,3,3,7)  ok    ETA 00:45:35
[1852/2048]  (14,2,1,7)  ok    ETA 00:45:21
[1853/2048]  (14,3,2,7)  ok    ETA 00:45:08
[1854/2048]  (14,4,7,3)  ok    ETA 00:44:55
[1855/2048]  (14,4,6,3)  ok    ETA 00:44:42
[1856/2048]  (14,4,4,3)  ok    ETA 00:44:26
[1857/2048]  (14,4,5,3)  ok    ETA 00:44:11
[1858/2048]  (14,4,3,3)  ok    ETA 00:43:57
[1859/2048]  (14,4,7,7)  ok    ETA 00:43:43
[1860/2048]  (14,3,1,7)  ok    ETA 00:43:28
[1861/2048]  (14,2,0,7)  ok    ETA 00:43:13
[1862/2048]  (14,4,2,3)  ok    ETA 00:42:59
[1863/2048]  (14,4,6,7)  ok    ETA 00:42:45
[1864/2048]  (14,4,0,3)  ok    ETA 00:42:30
[1865/2048]  (14,4,1,3)  ok    ETA 00:42:15
[1866/2048]  (14,4,5,7)  ok    ETA 00:42:01
[1867/2048]  (14,4,4,7)  ok    ETA 00:41:49
[1868/2048]  (14,3,0,7)  ok    ETA 00:41:34
[1869/2048]  (14,4,3,7)  ok    ETA 00:41:22
[1870/2048]  (14,4,2,7)  ok    ETA 00:41:11
[1871/2048]  (14,5,3,3)  ok    ETA 00:40:59
[1872/2048]  (14,5,4,3)  ok    ETA 00:40:46
[1873/2048]  (14,5,7,3)  ok    ETA 00:40:31
[1874/2048]  (14,5,6,3)  ok    ETA 00:40:17
[1875/2048]  (14,5,2,3)  ok    ETA 00:40:02
[1876/2048]  (14,5,5,3)  ok    ETA 00:39:46
[1877/2048]  (14,4,1,7)  ok    ETA 00:39:32
[1878/2048]  (14,5,1,3)  ok    ETA 00:39:18
[1879/2048]  (14,5,0,3)  ok    ETA 00:39:03
[1880/2048]  (14,5,7,7)  ok    ETA 00:38:48
[1881/2048]  (14,5,6,7)  ok    ETA 00:38:36
[1882/2048]  (14,4,0,7)  ok    ETA 00:38:21
[1883/2048]  (14,5,5,7)  ok    ETA 00:38:08
[1884/2048]  (14,5,4,7)  ok    ETA 00:37:55
[1885/2048]  (14,5,3,7)  ok    ETA 00:37:40
[1886/2048]  (14,5,2,7)  ok    ETA 00:37:28
[1887/2048]  (14,6,4,3)  ok    ETA 00:37:15
[1888/2048]  (14,6,3,3)  ok    ETA 00:37:02
[1889/2048]  (14,6,6,3)  ok    ETA 00:36:48
[1890/2048]  (14,5,1,7)  ok    ETA 00:36:33
[1891/2048]  (14,6,5,3)  ok    ETA 00:36:19
[1892/2048]  (14,6,2,3)  ok    ETA 00:36:04
[1893/2048]  (14,6,7,3)  ok    ETA 00:35:50
[1894/2048]  (14,5,0,7)  ok    ETA 00:35:37
[1895/2048]  (14,6,1,3)  ok    ETA 00:35:22
[1896/2048]  (14,6,7,7)  ok    ETA 00:35:07
[1897/2048]  (14,6,4,7)  ok    ETA 00:34:52
[1898/2048]  (14,6,0,3)  ok    ETA 00:34:38
[1899/2048]  (14,6,5,7)  ok    ETA 00:34:24
[1900/2048]  (14,6,6,7)  ok    ETA 00:34:09
[1901/2048]  (14,6,3,7)  ok    ETA 00:33:55
[1902/2048]  (14,6,2,7)  ok    ETA 00:33:44
[1903/2048]  (14,7,4,3)  ok    ETA 00:33:32
[1904/2048]  (14,7,5,3)  ok    ETA 00:33:18
[1905/2048]  (14,7,6,3)  ok    ETA 00:33:04
[1906/2048]  (14,6,1,7)  ok    ETA 00:32:49
[1907/2048]  (14,7,3,3)  ok    ETA 00:32:34
[1908/2048]  (14,7,2,3)  ok    ETA 00:32:21
[1909/2048]  (14,7,5,7)  ok    ETA 00:32:07
[1910/2048]  (14,7,7,3)  ok    ETA 00:31:53
[1911/2048]  (14,6,0,7)  ok    ETA 00:31:38
[1912/2048]  (14,7,1,3)  ok    ETA 00:31:24
[1913/2048]  (14,7,4,7)  ok    ETA 00:31:09
[1914/2048]  (14,7,6,7)  ok    ETA 00:30:56
[1915/2048]  (14,7,0,3)  ok    ETA 00:30:41
[1916/2048]  (14,7,7,7)  ok    ETA 00:30:27
[1917/2048]  (14,7,3,7)  ok    ETA 00:30:12
[1918/2048]  (14,7,2,7)  ok    ETA 00:30:01
[1919/2048]  (14,7,1,7)  ok    ETA 00:29:50
[1920/2048]  (15,0,6,3)  ok    ETA 00:29:36
[1921/2048]  (15,0,5,3)  ok    ETA 00:29:22
[1922/2048]  (15,0,4,3)  ok    ETA 00:29:07
[1923/2048]  (15,0,7,3)  ok    ETA 00:28:53
[1924/2048]  (15,0,3,3)  ok    ETA 00:28:38
[1925/2048]  (14,7,0,7)  ok    ETA 00:28:25
[1926/2048]  (15,0,2,3)  ok    ETA 00:28:10
[1927/2048]  (15,0,1,3)  ok    ETA 00:27:59
[1928/2048]  (15,0,6,7)  ok    ETA 00:27:45
[1929/2048]  (15,0,7,7)  ok    ETA 00:27:31
[1930/2048]  (15,0,0,3)  ok    ETA 00:27:17
[1931/2048]  (15,0,5,7)  ok    ETA 00:27:02
[1932/2048]  (15,0,4,7)  ok    ETA 00:26:49
[1933/2048]  (15,1,6,3)  ok    ETA 00:26:36
[1934/2048]  (15,1,5,3)  ok    ETA 00:26:22
[1935/2048]  (15,0,3,7)  ok    ETA 00:26:08
[1936/2048]  (15,1,7,3)  ok    ETA 00:25:54
[1937/2048]  (15,1,4,3)  ok    ETA 00:25:40
[1938/2048]  (15,1,3,3)  ok    ETA 00:25:28
[1939/2048]  (15,0,2,7)  ok    ETA 00:25:14
[1940/2048]  (15,1,7,7)  ok    ETA 00:24:59
[1941/2048]  (15,1,6,7)  ok    ETA 00:24:45
[1942/2048]  (15,1,2,3)  ok    ETA 00:24:31
[1943/2048]  (15,1,5,7)  ok    ETA 00:24:16
[1944/2048]  (15,1,1,3)  ok    ETA 00:24:05
[1945/2048]  (15,0,1,7)  ok    ETA 00:23:51
[1946/2048]  (15,1,4,7)  ok    ETA 00:23:36
[1947/2048]  (15,2,6,3)  ok    ETA 00:23:22
[1948/2048]  (15,2,5,3)  ok    ETA 00:23:09
[1949/2048]  (15,1,0,3)  ok    ETA 00:22:55
[1950/2048]  (15,2,4,3)  ok    ETA 00:22:41
[1951/2048]  (15,2,7,3)  ok    ETA 00:22:27
[1952/2048]  (15,1,3,7)  ok    ETA 00:22:13
[1953/2048]  (15,0,0,7)  ok    ETA 00:22:00
[1954/2048]  (15,2,3,3)  ok    ETA 00:21:45
[1955/2048]  (15,2,7,7)  ok    ETA 00:21:31
[1956/2048]  (15,2,6,7)  ok    ETA 00:21:17
[1957/2048]  (15,2,5,7)  ok    ETA 00:21:03
[1958/2048]  (15,2,2,3)  ok    ETA 00:20:50
[1959/2048]  (15,1,2,7)  ok    ETA 00:20:37
[1960/2048]  (15,2,1,3)  ok    ETA 00:20:22
[1961/2048]  (15,2,4,7)  ok    ETA 00:20:09
[1962/2048]  (15,2,0,3)  ok    ETA 00:19:56
[1963/2048]  (15,3,7,3)  ok    ETA 00:19:42
[1964/2048]  (15,1,1,7)  ok    ETA 00:19:28
[1965/2048]  (15,2,3,7)  ok    ETA 00:19:14
[1966/2048]  (15,3,5,3)  ok    ETA 00:18:59
[1967/2048]  (15,3,6,3)  ok    ETA 00:18:45
[1968/2048]  (15,3,4,3)  ok    ETA 00:18:31
[1969/2048]  (15,3,2,3)  ok    ETA 00:18:17
[1970/2048]  (15,3,3,3)  ok    ETA 00:18:03
[1971/2048]  (15,3,7,7)  ok    ETA 00:17:49
[1972/2048]  (15,3,1,3)  ok    ETA 00:17:35
[1973/2048]  (15,3,6,7)  ok    ETA 00:17:21
[1974/2048]  (15,3,5,7)  ok    ETA 00:17:07
[1975/2048]  (15,2,2,7)  ok    ETA 00:16:53
[1976/2048]  (15,3,0,3)  ok    ETA 00:16:40
[1977/2048]  (15,1,0,7)  ok    ETA 00:16:25
[1978/2048]  (15,3,4,7)  ok    ETA 00:16:12
[1979/2048]  (15,3,3,7)  ok    ETA 00:15:59
[1980/2048]  (15,2,1,7)  ok    ETA 00:15:45
[1981/2048]  (15,3,2,7)  ok    ETA 00:15:31
[1982/2048]  (15,4,7,3)  ok    ETA 00:15:17
[1983/2048]  (15,4,5,3)  ok    ETA 00:15:03
[1984/2048]  (15,4,3,3)  ok    ETA 00:14:49
[1985/2048]  (15,4,6,3)  ok    ETA 00:14:35
[1986/2048]  (15,4,4,3)  ok    ETA 00:14:21
[1987/2048]  (15,4,2,3)  ok    ETA 00:14:07
[1988/2048]  (15,4,7,7)  ok    ETA 00:13:53
[1989/2048]  (15,3,1,7)  ok    ETA 00:13:39
[1990/2048]  (15,4,6,7)  ok    ETA 00:13:25
[1991/2048]  (15,2,0,7)  ok    ETA 00:13:11
[1992/2048]  (15,4,0,3)  ok    ETA 00:12:57
[1993/2048]  (15,4,1,3)  ok    ETA 00:12:43
[1994/2048]  (15,4,5,7)  ok    ETA 00:12:29
[1995/2048]  (15,4,4,7)  ok    ETA 00:12:15
[1996/2048]  (15,3,0,7)  ok    ETA 00:12:02
[1997/2048]  (15,4,3,7)  ok    ETA 00:11:48
[1998/2048]  (15,4,2,7)  ok    ETA 00:11:35
[1999/2048]  (15,5,7,3)  ok    ETA 00:11:21
[2000/2048]  (15,5,4,3)  ok    ETA 00:11:07
  [checkpoint @ 2000]
[2001/2048]  (15,5,2,3)  ok    ETA 00:10:53
[2002/2048]  (15,5,6,3)  ok    ETA 00:10:39
[2003/2048]  (15,5,3,3)  ok    ETA 00:10:25
[2004/2048]  (15,5,7,7)  ok    ETA 00:10:11
[2005/2048]  (15,4,1,7)  ok    ETA 00:09:57
[2006/2048]  (15,5,5,3)  ok    ETA 00:09:43
[2007/2048]  (15,5,1,3)  ok    ETA 00:09:29
[2008/2048]  (15,5,6,7)  ok    ETA 00:09:15
[2009/2048]  (15,5,0,3)  ok    ETA 00:09:01
[2010/2048]  (15,5,5,7)  ok    ETA 00:08:47
[2011/2048]  (15,4,0,7)  ok    ETA 00:08:34
[2012/2048]  (15,5,4,7)  ok    ETA 00:08:20
[2013/2048]  (15,5,3,7)  ok    ETA 00:08:06
[2014/2048]  (15,5,2,7)  ok    ETA 00:07:52
[2015/2048]  (15,6,4,3)  ok    ETA 00:07:38
[2016/2048]  (15,6,3,3)  ok    ETA 00:07:24
[2017/2048]  (15,5,1,7)  ok    ETA 00:07:10
[2018/2048]  (15,6,7,3)  ok    ETA 00:06:56
[2019/2048]  (15,6,5,3)  ok    ETA 00:06:42
[2020/2048]  (15,6,6,3)  ok    ETA 00:06:28
[2021/2048]  (15,6,2,3)  ok    ETA 00:06:14
[2022/2048]  (15,6,7,7)  ok    ETA 00:06:00
[2023/2048]  (15,6,1,3)  ok    ETA 00:05:47
[2024/2048]  (15,6,6,7)  ok    ETA 00:05:33
[2025/2048]  (15,6,0,3)  ok    ETA 00:05:19
[2026/2048]  (15,6,4,7)  ok    ETA 00:05:05
[2027/2048]  (15,5,0,7)  ok    ETA 00:04:51
[2028/2048]  (15,6,5,7)  ok    ETA 00:04:37
[2029/2048]  (15,6,3,7)  ok    ETA 00:04:23
[2030/2048]  (15,6,2,7)  ok    ETA 00:04:09
[2031/2048]  (15,7,5,3)  ok    ETA 00:03:56
[2032/2048]  (15,7,4,3)  ok    ETA 00:03:42
[2033/2048]  (15,7,6,3)  ok    ETA 00:03:28
[2034/2048]  (15,7,3,3)  ok    ETA 00:03:14
[2035/2048]  (15,6,1,7)  ok    ETA 00:03:00
[2036/2048]  (15,7,7,3)  ok    ETA 00:02:46
[2037/2048]  (15,7,2,3)  ok    ETA 00:02:32
[2038/2048]  (15,7,5,7)  ok    ETA 00:02:18
[2039/2048]  (15,7,1,3)  ok    ETA 00:02:04
[2040/2048]  (15,6,0,7)  ok    ETA 00:01:50
[2041/2048]  (15,7,6,7)  ok    ETA 00:01:37
[2042/2048]  (15,7,4,7)  ok    ETA 00:01:23
[2043/2048]  (15,7,7,7)  ok    ETA 00:01:09
[2044/2048]  (15,7,0,3)  ok    ETA 00:00:55
[2045/2048]  (15,7,3,7)  ok    ETA 00:00:41
[2046/2048]  (15,7,2,7)  ok    ETA 00:00:27
[2047/2048]  (15,7,1,7)  ok    ETA 00:00:13
[2048/2048]  (15,7,0,7)  ok    ETA 00:00:00

Done. 2048 points in 475.1 min; 0 failed.
Saved → simulated/gennorm/gennorm_scan_3.npz
  corr_params:      (16, 8, 8, 8, 66)
  transform_params: (16, 8, 8, 8, 12, 4)
  WARNING: 6144 grid points have NaN.

=== job 10889382 finished Thu May  7 07:38:51 EDT 2026 ===
