=== job 10889413 started Wed May  6 23:43:33 EDT 2026 ===
    node:  holy7c18205
    cpus:  48
    python: Python 3.12.11

Resuming: 0 points already done, loaded from simulated/gennorm/gennorm_scan_1.npz
SVJ gennorm scan  job 1/3  (48 outer × 1 C++ threads)
  Grid:    16×8×8×8 = 8192 total  (2048 this job)
  To do:   2048  (already done: 0)
  Events/point: 50000
  Output:  simulated/gennorm/gennorm_scan_1.npz

[   1/2048]  (0,0,7,1)  ok    ETA 331:33:04
[   2/2048]  (0,1,7,1)  ok    ETA 166:38:41
[   3/2048]  (0,0,6,1)  ok    ETA 111:43:51
[   4/2048]  (0,2,7,1)  ok    ETA 83:55:34
[   5/2048]  (0,0,7,5)  ok    ETA 67:24:16
[   6/2048]  (0,1,7,5)  ok    ETA 56:15:56
[   7/2048]  (0,1,6,1)  ok    ETA 48:13:51
[   8/2048]  (0,2,6,1)  ok    ETA 42:11:37
[   9/2048]  (0,2,7,5)  ok    ETA 37:31:07
[  10/2048]  (0,0,5,1)  ok    ETA 34:03:00
[  11/2048]  (0,1,5,1)  ok    ETA 30:58:23
[  12/2048]  (0,1,6,5)  ok    ETA 28:26:55
[  13/2048]  (0,0,6,5)  ok    ETA 26:19:36
[  14/2048]  (0,2,5,1)  ok    ETA 24:34:17
[  15/2048]  (0,0,4,1)  ok    ETA 22:57:41
[  16/2048]  (0,2,6,5)  ok    ETA 21:32:01
[  17/2048]  (0,1,4,1)  ok    ETA 20:22:17
[  18/2048]  (0,0,5,5)  ok    ETA 19:16:04
[  19/2048]  (0,0,3,1)  ok    ETA 18:19:04
[  20/2048]  (0,1,5,5)  ok    ETA 17:24:28
[  21/2048]  (0,2,5,5)  ok    ETA 16:40:20
[  22/2048]  (0,2,4,1)  ok    ETA 15:55:35
[  23/2048]  (0,1,3,1)  ok    ETA 15:14:46
[  24/2048]  (0,0,4,5)  ok    ETA 14:37:06
[  25/2048]  (0,0,2,1)  ok    ETA 14:04:26
[  26/2048]  (0,1,4,5)  ok    ETA 13:35:43
[  27/2048]  (0,2,3,1)  ok    ETA 13:07:58
[  28/2048]  (0,2,4,5)  ok    ETA 12:41:29
[  29/2048]  (0,1,2,1)  ok    ETA 12:15:05
[  30/2048]  (0,0,1,1)  ok    ETA 11:52:24
[  31/2048]  (0,0,0,1)  ok    ETA 11:30:19
[  32/2048]  (0,1,3,5)  ok    ETA 11:11:44
[  33/2048]  (0,0,2,5)  ok    ETA 10:52:18
[  34/2048]  (0,0,3,5)  ok    ETA 10:33:27
[  35/2048]  (0,1,1,1)  ok    ETA 10:15:24
[  36/2048]  (0,2,2,1)  ok    ETA 09:59:23
[  37/2048]  (0,1,2,5)  ok    ETA 09:49:40
[  38/2048]  (0,2,3,5)  ok    ETA 09:33:56
[  39/2048]  (0,2,1,1)  ok    ETA 09:19:05
[  40/2048]  (0,1,0,1)  ok    ETA 09:06:48
[  41/2048]  (0,0,1,5)  ok    ETA 08:56:12
[  42/2048]  (0,1,1,5)  ok    ETA 08:48:18
[  43/2048]  (0,0,0,5)  ok    ETA 08:36:58
[  44/2048]  (0,2,0,1)  ok    ETA 08:26:40
[  45/2048]  (0,2,2,5)  ok    ETA 08:15:28
[  46/2048]  (0,2,1,5)  ok    ETA 08:10:28
[  47/2048]  (0,1,0,5)  ok    ETA 08:01:07
[  48/2048]  (0,2,0,5)  ok    ETA 08:04:17
[  49/2048]  (0,3,7,1)  ok    ETA 13:32:27
[  50/2048]  (0,3,6,1)  ok    ETA 13:16:58
[  51/2048]  (0,3,7,5)  ok    ETA 13:06:17
[  52/2048]  (0,3,5,1)  ok    ETA 12:54:13
[  53/2048]  (0,3,4,1)  ok    ETA 12:40:42
[  54/2048]  (0,3,6,5)  ok    ETA 12:26:22
[  55/2048]  (0,3,5,5)  ok    ETA 12:15:49
[  56/2048]  (0,3,2,1)  ok    ETA 12:03:32
[  57/2048]  (0,4,7,1)  ok    ETA 11:52:00
[  58/2048]  (0,3,3,1)  ok    ETA 11:39:36
[  59/2048]  (0,3,4,5)  ok    ETA 11:28:54
[  60/2048]  (0,3,1,1)  ok    ETA 11:17:50
[  61/2048]  (0,3,3,5)  ok    ETA 11:06:29
[  62/2048]  (0,4,6,1)  ok    ETA 10:55:39
[  63/2048]  (0,4,5,1)  ok    ETA 10:47:52
[  64/2048]  (0,3,0,1)  ok    ETA 10:37:32
[  65/2048]  (0,4,7,5)  ok    ETA 10:27:31
[  66/2048]  (0,4,4,1)  ok    ETA 10:18:20
[  67/2048]  (0,4,6,5)  ok    ETA 10:10:52
[  68/2048]  (0,3,2,5)  ok    ETA 10:02:39
[  69/2048]  (0,4,3,1)  ok    ETA 09:54:43
[  70/2048]  (0,4,5,5)  ok    ETA 09:46:14
[  71/2048]  (0,4,2,1)  ok    ETA 09:38:01
[  72/2048]  (0,3,1,5)  ok    ETA 09:31:36
[  73/2048]  (0,4,4,5)  ok    ETA 09:24:40
[  74/2048]  (0,3,0,5)  ok    ETA 09:16:51
[  75/2048]  (0,4,1,1)  ok    ETA 09:09:27
[  76/2048]  (0,4,3,5)  ok    ETA 09:03:51
[  77/2048]  (0,4,0,1)  ok    ETA 08:57:48
[  78/2048]  (0,5,6,1)  ok    ETA 08:51:53
[  79/2048]  (0,4,2,5)  ok    ETA 08:45:47
[  80/2048]  (0,5,4,1)  ok    ETA 08:40:28
[  81/2048]  (0,5,7,1)  ok    ETA 08:33:54
[  82/2048]  (0,5,5,1)  ok    ETA 08:27:35
[  83/2048]  (0,5,3,1)  ok    ETA 08:22:01
[  84/2048]  (0,4,1,5)  ok    ETA 08:16:21
[  85/2048]  (0,5,6,5)  ok    ETA 08:10:20
[  86/2048]  (0,5,1,1)  ok    ETA 08:05:33
[  87/2048]  (0,5,2,1)  ok    ETA 08:00:20
[  88/2048]  (0,4,0,5)  ok    ETA 07:55:34
[  89/2048]  (0,5,5,5)  ok    ETA 07:50:02
[  90/2048]  (0,5,3,5)  ok    ETA 07:45:34
[  91/2048]  (0,5,0,1)  ok    ETA 07:41:00
[  92/2048]  (0,5,7,5)  ok    ETA 07:35:49
[  93/2048]  (0,5,4,5)  ok    ETA 07:31:01
[  94/2048]  (0,5,2,5)  ok    ETA 07:28:19
[  95/2048]  (0,5,1,5)  ok    ETA 07:24:05
[  96/2048]  (0,5,0,5)  ok    ETA 07:22:23
[  97/2048]  (0,6,7,1)  ok    ETA 10:11:09
[  98/2048]  (0,6,7,5)  ok    ETA 10:05:30
[  99/2048]  (0,6,6,1)  ok    ETA 09:59:36
[ 100/2048]  (0,6,6,5)  ok    ETA 09:53:58
[ 101/2048]  (0,6,5,1)  ok    ETA 09:48:27
[ 102/2048]  (0,6,4,1)  ok    ETA 09:43:12
[ 103/2048]  (0,6,1,1)  ok    ETA 09:38:10
[ 104/2048]  (0,6,0,1)  ok    ETA 09:32:38
[ 105/2048]  (0,6,2,1)  ok    ETA 09:27:20
[ 106/2048]  (0,6,5,5)  ok    ETA 09:22:03
[ 107/2048]  (0,6,3,1)  ok    ETA 09:16:51
[ 108/2048]  (0,6,4,5)  ok    ETA 09:11:37
[ 109/2048]  (0,6,2,5)  ok    ETA 09:09:15
[ 110/2048]  (0,6,3,5)  ok    ETA 09:04:18
[ 111/2048]  (0,7,6,1)  ok    ETA 08:59:31
[ 112/2048]  (0,7,7,1)  ok    ETA 08:54:48
[ 113/2048]  (0,6,0,5)  ok    ETA 08:49:54
[ 114/2048]  (0,6,1,5)  ok    ETA 08:45:05
[ 115/2048]  (0,7,5,1)  ok    ETA 08:41:46
[ 116/2048]  (0,7,4,1)  ok    ETA 08:37:10
[ 117/2048]  (0,7,3,1)  ok    ETA 08:32:49
[ 118/2048]  (0,7,7,5)  ok    ETA 08:28:19
[ 119/2048]  (0,7,5,5)  ok    ETA 08:25:01
[ 120/2048]  (0,7,2,1)  ok    ETA 08:20:34
[ 121/2048]  (0,7,6,5)  ok    ETA 08:16:52
[ 122/2048]  (0,7,4,5)  ok    ETA 08:12:52
[ 123/2048]  (1,0,7,1)  ok    ETA 08:08:47
[ 124/2048]  (0,7,0,1)  ok    ETA 08:05:05
[ 125/2048]  (0,7,1,1)  ok    ETA 08:01:37
[ 126/2048]  (0,7,3,5)  ok    ETA 07:57:45
[ 127/2048]  (1,0,6,1)  ok    ETA 07:54:09
[ 128/2048]  (0,7,2,5)  ok    ETA 07:50:12
[ 129/2048]  (1,0,5,1)  ok    ETA 07:47:06
[ 130/2048]  (0,7,0,5)  ok    ETA 07:44:41
[ 131/2048]  (0,7,1,5)  ok    ETA 07:41:05
[ 132/2048]  (1,0,4,1)  ok    ETA 07:37:34
[ 133/2048]  (1,0,7,5)  ok    ETA 07:34:18
[ 134/2048]  (1,0,3,1)  ok    ETA 07:32:23
[ 135/2048]  (1,0,2,1)  ok    ETA 07:29:13
[ 136/2048]  (1,0,6,5)  ok    ETA 07:26:05
[ 137/2048]  (1,0,5,5)  ok    ETA 07:22:51
[ 138/2048]  (1,0,1,1)  ok    ETA 07:20:17
[ 139/2048]  (1,0,0,1)  ok    ETA 07:18:23
[ 140/2048]  (1,0,4,5)  ok    ETA 07:15:24
[ 141/2048]  (1,0,3,5)  ok    ETA 07:14:41
[ 142/2048]  (1,0,2,5)  ok    ETA 07:12:59
[ 143/2048]  (1,0,1,5)  ok    ETA 07:12:21
[ 144/2048]  (1,0,0,5)  ok    ETA 07:11:46
[ 145/2048]  (1,1,7,1)  ok    ETA 08:52:32
[ 146/2048]  (1,1,5,1)  ok    ETA 08:49:37
[ 147/2048]  (1,1,6,1)  ok    ETA 08:45:46
[ 148/2048]  (1,1,7,5)  ok    ETA 08:42:30
[ 149/2048]  (1,1,4,1)  ok    ETA 08:39:49
[ 150/2048]  (1,2,7,1)  ok    ETA 08:36:57
[ 151/2048]  (1,1,3,1)  ok    ETA 08:34:40
[ 152/2048]  (1,1,6,5)  ok    ETA 08:31:40
[ 153/2048]  (1,1,5,5)  ok    ETA 08:28:15
[ 154/2048]  (1,1,2,1)  ok    ETA 08:25:06
[ 155/2048]  (1,2,7,5)  ok    ETA 08:22:23
[ 156/2048]  (1,1,1,1)  ok    ETA 08:19:38
[ 157/2048]  (1,2,6,1)  ok    ETA 08:16:20
[ 158/2048]  (1,1,4,5)  ok    ETA 08:13:04
[ 159/2048]  (1,2,5,1)  ok    ETA 08:10:52
[ 160/2048]  (1,1,0,1)  ok    ETA 08:07:58
[ 161/2048]  (1,2,6,5)  ok    ETA 08:05:23
[ 162/2048]  (1,1,3,5)  ok    ETA 08:02:30
[ 163/2048]  (1,2,4,1)  ok    ETA 07:59:27
[ 164/2048]  (1,1,2,5)  ok    ETA 07:58:08
[ 165/2048]  (1,2,3,1)  ok    ETA 07:55:56
[ 166/2048]  (1,2,5,5)  ok    ETA 07:53:17
[ 167/2048]  (1,1,1,5)  ok    ETA 07:51:07
[ 168/2048]  (1,2,2,1)  ok    ETA 07:48:29
[ 169/2048]  (1,3,4,1)  ok    ETA 07:46:15
[ 170/2048]  (1,3,5,1)  ok    ETA 07:43:17
[ 171/2048]  (1,2,4,5)  ok    ETA 07:40:26
[ 172/2048]  (1,3,6,1)  ok    ETA 07:37:52
[ 173/2048]  (1,2,1,1)  ok    ETA 07:35:10
[ 174/2048]  (1,3,3,1)  ok    ETA 07:32:21
[ 175/2048]  (1,3,2,1)  ok    ETA 07:30:06
[ 176/2048]  (1,3,7,1)  ok    ETA 07:28:03
[ 177/2048]  (1,1,0,5)  ok    ETA 07:25:20
[ 178/2048]  (1,2,3,5)  ok    ETA 07:22:40
[ 179/2048]  (1,3,5,5)  ok    ETA 07:20:16
[ 180/2048]  (1,3,1,1)  ok    ETA 07:18:14
[ 181/2048]  (1,3,4,5)  ok    ETA 07:15:37
[ 182/2048]  (1,3,6,5)  ok    ETA 07:13:25
[ 183/2048]  (1,2,0,1)  ok    ETA 07:11:12
[ 184/2048]  (1,3,0,1)  ok    ETA 07:08:41
[ 185/2048]  (1,2,2,5)  ok    ETA 07:07:06
[ 186/2048]  (1,3,7,5)  ok    ETA 07:05:07
[ 187/2048]  (1,3,3,5)  ok    ETA 07:02:52
[ 188/2048]  (1,3,2,5)  ok    ETA 07:00:54
[ 189/2048]  (1,2,1,5)  ok    ETA 07:00:13
[ 190/2048]  (1,3,1,5)  ok    ETA 06:58:00
[ 191/2048]  (1,2,0,5)  ok    ETA 06:57:49
[ 192/2048]  (1,3,0,5)  ok    ETA 06:55:40
[ 193/2048]  (1,4,7,1)  ok    ETA 08:09:58
[ 194/2048]  (1,4,6,1)  ok    ETA 08:08:27
[ 195/2048]  (1,4,5,1)  ok    ETA 08:06:05
[ 196/2048]  (1,4,7,5)  ok    ETA 08:03:47
[ 197/2048]  (1,4,4,1)  ok    ETA 08:01:48
[ 198/2048]  (1,4,1,1)  ok    ETA 07:59:32
[ 199/2048]  (1,4,3,1)  ok    ETA 07:57:08
[ 200/2048]  (1,4,2,1)  ok    ETA 07:54:41
  [checkpoint @ 200]
[ 201/2048]  (1,4,6,5)  ok    ETA 07:52:14
[ 202/2048]  (1,4,5,5)  ok    ETA 07:49:57
[ 203/2048]  (1,4,0,1)  ok    ETA 07:48:26
[ 204/2048]  (1,4,4,5)  ok    ETA 07:46:21
[ 205/2048]  (1,4,3,5)  ok    ETA 07:44:45
[ 206/2048]  (1,4,2,5)  ok    ETA 07:43:14
[ 207/2048]  (1,5,7,1)  ok    ETA 07:40:50
[ 208/2048]  (1,4,1,5)  ok    ETA 07:38:50
[ 209/2048]  (1,5,7,5)  ok    ETA 07:36:51
[ 210/2048]  (1,5,6,1)  ok    ETA 07:34:30
[ 211/2048]  (1,5,5,1)  ok    ETA 07:32:10
[ 212/2048]  (1,5,6,5)  ok    ETA 07:30:38
[ 213/2048]  (1,4,0,5)  ok    ETA 07:28:18
[ 214/2048]  (1,5,4,1)  ok    ETA 07:26:23
[ 215/2048]  (1,5,3,1)  ok    ETA 07:24:59
[ 216/2048]  (1,5,2,1)  ok    ETA 07:22:41
[ 217/2048]  (1,5,1,1)  ok    ETA 07:20:35
[ 218/2048]  (1,5,5,5)  ok    ETA 07:18:39
[ 219/2048]  (1,5,0,1)  ok    ETA 07:16:38
[ 220/2048]  (1,5,4,5)  ok    ETA 07:15:03
[ 221/2048]  (1,5,3,5)  ok    ETA 07:13:26
[ 222/2048]  (1,6,5,1)  ok    ETA 07:12:23
[ 223/2048]  (1,6,4,1)  ok    ETA 07:10:22
[ 224/2048]  (1,6,6,1)  ok    ETA 07:08:52
[ 225/2048]  (1,6,3,1)  ok    ETA 07:06:48
[ 226/2048]  (1,5,2,5)  ok    ETA 07:04:42
[ 227/2048]  (1,6,2,1)  ok    ETA 07:03:10
[ 228/2048]  (1,6,5,5)  ok    ETA 07:01:16
[ 229/2048]  (1,5,1,5)  ok    ETA 06:59:21
[ 230/2048]  (1,5,0,5)  ok    ETA 06:57:27
[ 231/2048]  (1,6,7,1)  ok    ETA 06:55:25
[ 232/2048]  (1,6,6,5)  ok    ETA 06:53:29
[ 233/2048]  (1,6,7,5)  ok    ETA 06:52:04
[ 234/2048]  (1,6,1,1)  ok    ETA 06:50:06
[ 235/2048]  (1,6,3,5)  ok    ETA 06:48:30
[ 236/2048]  (1,6,4,5)  ok    ETA 06:46:36
[ 237/2048]  (1,6,0,1)  ok    ETA 06:45:41
[ 238/2048]  (1,6,2,5)  ok    ETA 06:43:56
[ 239/2048]  (1,6,1,5)  ok    ETA 06:43:26
[ 240/2048]  (1,6,0,5)  ok    ETA 06:42:12
[ 241/2048]  (1,7,5,1)  ok    ETA 07:41:27
[ 242/2048]  (1,7,7,1)  ok    ETA 07:39:21
[ 243/2048]  (1,7,4,1)  ok    ETA 07:37:16
[ 244/2048]  (1,7,6,1)  ok    ETA 07:35:41
[ 245/2048]  (1,7,7,5)  ok    ETA 07:33:36
[ 246/2048]  (1,7,0,1)  ok    ETA 07:32:12
[ 247/2048]  (1,7,3,1)  ok    ETA 07:30:19
[ 248/2048]  (1,7,2,1)  ok    ETA 07:28:37
[ 249/2048]  (1,7,1,1)  ok    ETA 07:26:36
[ 250/2048]  (1,7,5,5)  ok    ETA 07:24:46
[ 251/2048]  (1,7,4,5)  ok    ETA 07:22:54
[ 252/2048]  (1,7,6,5)  ok    ETA 07:21:36
[ 253/2048]  (1,7,3,5)  ok    ETA 07:19:40
[ 254/2048]  (1,7,2,5)  ok    ETA 07:17:52
[ 255/2048]  (1,7,1,5)  ok    ETA 07:16:50
[ 256/2048]  (2,0,5,1)  ok    ETA 07:15:00
[ 257/2048]  (2,0,7,1)  ok    ETA 07:13:05
[ 258/2048]  (2,0,6,1)  ok    ETA 07:11:29
[ 259/2048]  (1,7,0,5)  ok    ETA 07:10:33
[ 260/2048]  (2,0,4,1)  ok    ETA 07:08:51
[ 261/2048]  (2,0,7,5)  ok    ETA 07:07:19
[ 262/2048]  (2,0,3,1)  ok    ETA 07:05:28
[ 263/2048]  (2,0,2,1)  ok    ETA 07:04:15
[ 264/2048]  (2,0,1,1)  ok    ETA 07:02:28
[ 265/2048]  (2,0,5,5)  ok    ETA 07:01:28
[ 266/2048]  (2,0,0,1)  ok    ETA 07:00:19
[ 267/2048]  (2,0,6,5)  ok    ETA 06:58:33
[ 268/2048]  (2,0,4,5)  ok    ETA 06:57:05
[ 269/2048]  (2,1,7,1)  ok    ETA 06:56:14
[ 270/2048]  (2,1,6,1)  ok    ETA 06:54:33
[ 271/2048]  (2,1,5,1)  ok    ETA 06:53:09
[ 272/2048]  (2,0,3,5)  ok    ETA 06:51:40
[ 273/2048]  (2,1,4,1)  ok    ETA 06:50:11
[ 274/2048]  (2,1,7,5)  ok    ETA 06:48:57
[ 275/2048]  (2,1,6,5)  ok    ETA 06:47:22
[ 276/2048]  (2,1,3,1)  ok    ETA 06:45:41
[ 277/2048]  (2,0,2,5)  ok    ETA 06:44:29
[ 278/2048]  (2,1,5,5)  ok    ETA 06:42:57
[ 279/2048]  (2,1,2,1)  ok    ETA 06:42:14
[ 280/2048]  (2,0,1,5)  ok    ETA 06:41:14
[ 281/2048]  (2,1,4,5)  ok    ETA 06:39:50
[ 282/2048]  (2,1,1,1)  ok    ETA 06:38:19
[ 283/2048]  (2,0,0,5)  ok    ETA 06:36:47
[ 284/2048]  (2,1,3,5)  ok    ETA 06:36:24
[ 285/2048]  (2,1,0,1)  ok    ETA 06:34:57
[ 286/2048]  (2,1,2,5)  ok    ETA 06:35:31
[ 287/2048]  (2,1,1,5)  ok    ETA 06:35:59
[ 288/2048]  (2,1,0,5)  ok    ETA 06:35:45
[ 289/2048]  (2,2,6,1)  ok    ETA 07:16:39
[ 290/2048]  (2,2,7,1)  ok    ETA 07:15:09
[ 291/2048]  (2,2,7,5)  ok    ETA 07:13:52
[ 292/2048]  (2,2,5,1)  ok    ETA 07:12:34
[ 293/2048]  (2,2,6,5)  ok    ETA 07:11:50
[ 294/2048]  (2,2,4,1)  ok    ETA 07:10:30
[ 295/2048]  (2,2,3,1)  ok    ETA 07:10:12
[ 296/2048]  (2,2,5,5)  ok    ETA 07:08:52
[ 297/2048]  (2,2,2,1)  ok    ETA 07:07:44
[ 298/2048]  (2,3,7,1)  ok    ETA 07:06:34
[ 299/2048]  (2,3,6,1)  ok    ETA 07:05:16
[ 300/2048]  (2,2,1,1)  ok    ETA 07:03:46
[ 301/2048]  (2,3,5,1)  ok    ETA 07:02:07
[ 302/2048]  (2,2,4,5)  ok    ETA 07:00:36
[ 303/2048]  (2,3,7,5)  ok    ETA 06:59:32
[ 304/2048]  (2,3,4,1)  ok    ETA 06:58:02
[ 305/2048]  (2,3,3,1)  ok    ETA 06:56:49
[ 306/2048]  (2,3,2,1)  ok    ETA 06:55:35
[ 307/2048]  (2,3,6,5)  ok    ETA 06:54:08
[ 308/2048]  (2,2,0,1)  ok    ETA 06:52:55
[ 309/2048]  (2,2,3,5)  ok    ETA 06:51:22
[ 310/2048]  (2,3,5,5)  ok    ETA 06:49:51
[ 311/2048]  (2,3,1,1)  ok    ETA 06:48:29
[ 312/2048]  (2,3,0,1)  ok    ETA 06:47:27
[ 313/2048]  (2,3,3,5)  ok    ETA 06:46:12
[ 314/2048]  (2,3,4,5)  ok    ETA 06:44:50
[ 315/2048]  (2,2,2,5)  ok    ETA 06:43:44
[ 316/2048]  (2,3,2,5)  ok    ETA 06:43:10
[ 317/2048]  (2,4,5,1)  ok    ETA 06:41:43
[ 318/2048]  (2,4,6,1)  ok    ETA 06:40:52
[ 319/2048]  (2,2,1,5)  ok    ETA 06:39:42
[ 320/2048]  (2,4,3,1)  ok    ETA 06:38:31
[ 321/2048]  (2,4,4,1)  ok    ETA 06:37:12
[ 322/2048]  (2,3,1,5)  ok    ETA 06:35:51
[ 323/2048]  (2,4,2,1)  ok    ETA 06:34:31
[ 324/2048]  (2,4,1,1)  ok    ETA 06:33:23
[ 325/2048]  (2,3,0,5)  ok    ETA 06:32:24
[ 326/2048]  (2,2,0,5)  ok    ETA 06:31:28
[ 327/2048]  (2,4,7,1)  ok    ETA 06:30:15
[ 328/2048]  (2,4,0,1)  ok    ETA 06:28:55
[ 329/2048]  (2,4,5,5)  ok    ETA 06:27:36
[ 330/2048]  (2,4,4,5)  ok    ETA 06:26:14
[ 331/2048]  (2,4,6,5)  ok    ETA 06:25:20
[ 332/2048]  (2,4,3,5)  ok    ETA 06:24:11
[ 333/2048]  (2,4,2,5)  ok    ETA 06:23:00
[ 334/2048]  (2,4,1,5)  ok    ETA 06:22:25
[ 335/2048]  (2,4,7,5)  ok    ETA 06:21:10
[ 336/2048]  (2,4,0,5)  ok    ETA 06:21:11
[ 337/2048]  (2,5,7,1)  ok    ETA 06:58:42
[ 338/2048]  (2,5,6,1)  ok    ETA 06:57:29
[ 339/2048]  (2,5,1,1)  ok    ETA 06:56:05
[ 340/2048]  (2,5,7,5)  ok    ETA 06:55:15
[ 341/2048]  (2,5,2,1)  ok    ETA 06:53:48
[ 342/2048]  (2,5,6,5)  ok    ETA 06:52:41
[ 343/2048]  (2,5,0,1)  ok    ETA 06:51:18
[ 344/2048]  (2,5,3,1)  ok    ETA 06:49:57
[ 345/2048]  (2,5,4,1)  ok    ETA 06:48:34
[ 346/2048]  (2,5,5,1)  ok    ETA 06:47:12
[ 347/2048]  (2,5,5,5)  ok    ETA 06:46:37
[ 348/2048]  (2,5,4,5)  ok    ETA 06:46:07
[ 349/2048]  (2,5,1,5)  ok    ETA 06:44:44
[ 350/2048]  (2,5,2,5)  ok    ETA 06:43:24
[ 351/2048]  (2,5,3,5)  ok    ETA 06:42:07
[ 352/2048]  (2,5,0,5)  ok    ETA 06:41:24
[ 353/2048]  (2,6,6,1)  ok    ETA 06:40:19
[ 354/2048]  (2,6,5,1)  ok    ETA 06:39:01
[ 355/2048]  (2,6,7,1)  ok    ETA 06:37:44
[ 356/2048]  (2,6,4,1)  ok    ETA 06:36:28
[ 357/2048]  (2,6,2,1)  ok    ETA 06:35:49
[ 358/2048]  (2,6,3,1)  ok    ETA 06:34:35
[ 359/2048]  (2,6,6,5)  ok    ETA 06:33:15
[ 360/2048]  (2,6,7,5)  ok    ETA 06:32:00
[ 361/2048]  (2,6,4,5)  ok    ETA 06:31:04
[ 362/2048]  (2,6,5,5)  ok    ETA 06:30:08
[ 363/2048]  (2,6,1,1)  ok    ETA 06:28:50
[ 364/2048]  (2,6,0,1)  ok    ETA 06:27:58
[ 365/2048]  (2,6,3,5)  ok    ETA 06:26:55
[ 366/2048]  (2,6,2,5)  ok    ETA 06:26:21
[ 367/2048]  (2,7,6,1)  ok    ETA 06:25:26
[ 368/2048]  (2,7,7,1)  ok    ETA 06:24:11
[ 369/2048]  (2,6,1,5)  ok    ETA 06:23:26
[ 370/2048]  (2,7,4,1)  ok    ETA 06:22:11
[ 371/2048]  (2,7,5,1)  ok    ETA 06:21:07
[ 372/2048]  (2,7,3,1)  ok    ETA 06:20:14
[ 373/2048]  (2,7,5,5)  ok    ETA 06:19:16
[ 374/2048]  (2,6,0,5)  ok    ETA 06:18:10
[ 375/2048]  (2,7,6,5)  ok    ETA 06:16:58
[ 376/2048]  (2,7,7,5)  ok    ETA 06:15:52
[ 377/2048]  (2,7,2,1)  ok    ETA 06:14:43
[ 378/2048]  (2,7,1,1)  ok    ETA 06:13:37
[ 379/2048]  (2,7,4,5)  ok    ETA 06:12:52
[ 380/2048]  (2,7,0,1)  ok    ETA 06:12:01
[ 381/2048]  (2,7,3,5)  ok    ETA 06:11:19
[ 382/2048]  (2,7,2,5)  ok    ETA 06:11:03
[ 383/2048]  (2,7,1,5)  ok    ETA 06:09:55
[ 384/2048]  (2,7,0,5)  ok    ETA 06:09:31
[ 385/2048]  (3,0,7,1)  ok    ETA 06:39:46
[ 386/2048]  (3,0,5,1)  ok    ETA 06:39:18
[ 387/2048]  (3,0,4,1)  ok    ETA 06:38:08
[ 388/2048]  (3,0,6,1)  ok    ETA 06:37:04
[ 389/2048]  (3,0,3,1)  ok    ETA 06:36:14
[ 390/2048]  (3,0,7,5)  ok    ETA 06:35:26
[ 391/2048]  (3,0,2,1)  ok    ETA 06:34:19
[ 392/2048]  (3,0,6,5)  ok    ETA 06:33:30
[ 393/2048]  (3,0,1,1)  ok    ETA 06:32:22
[ 394/2048]  (3,0,0,1)  ok    ETA 06:31:35
[ 395/2048]  (3,0,4,5)  ok    ETA 06:30:41
[ 396/2048]  (3,0,5,5)  ok    ETA 06:30:02
[ 397/2048]  (3,1,7,1)  ok    ETA 06:29:27
[ 398/2048]  (3,1,5,1)  ok    ETA 06:28:15
[ 399/2048]  (3,1,6,1)  ok    ETA 06:27:03
[ 400/2048]  (3,0,3,5)  ok    ETA 06:26:00
  [checkpoint @ 400]
[ 401/2048]  (3,1,4,1)  ok    ETA 06:24:54
[ 402/2048]  (3,1,7,5)  ok    ETA 06:24:12
[ 403/2048]  (3,1,3,1)  ok    ETA 06:23:41
[ 404/2048]  (3,0,2,5)  ok    ETA 06:22:47
[ 405/2048]  (3,1,6,5)  ok    ETA 06:21:44
[ 406/2048]  (3,1,2,1)  ok    ETA 06:21:14
[ 407/2048]  (3,1,5,5)  ok    ETA 06:20:07
[ 408/2048]  (3,1,1,1)  ok    ETA 06:19:08
[ 409/2048]  (3,0,1,5)  ok    ETA 06:18:06
[ 410/2048]  (3,1,4,5)  ok    ETA 06:17:35
[ 411/2048]  (3,2,7,1)  ok    ETA 06:16:31
[ 412/2048]  (3,0,0,5)  ok    ETA 06:15:28
[ 413/2048]  (3,1,0,1)  ok    ETA 06:14:25
[ 414/2048]  (3,2,6,1)  ok    ETA 06:13:42
[ 415/2048]  (3,2,5,1)  ok    ETA 06:12:36
[ 416/2048]  (3,1,3,5)  ok    ETA 06:11:30
[ 417/2048]  (3,2,4,1)  ok    ETA 06:10:58
[ 418/2048]  (3,2,7,5)  ok    ETA 06:10:12
[ 419/2048]  (3,2,3,1)  ok    ETA 06:09:50
[ 420/2048]  (3,2,6,5)  ok    ETA 06:08:55
[ 421/2048]  (3,1,2,5)  ok    ETA 06:08:07
[ 422/2048]  (3,2,5,5)  ok    ETA 06:07:18
[ 423/2048]  (3,1,1,5)  ok    ETA 06:06:27
[ 424/2048]  (3,2,2,1)  ok    ETA 06:05:43
[ 425/2048]  (3,2,4,5)  ok    ETA 06:04:39
[ 426/2048]  (3,2,1,1)  ok    ETA 06:04:01
[ 427/2048]  (3,1,0,5)  ok    ETA 06:03:51
[ 428/2048]  (3,2,0,1)  ok    ETA 06:02:47
[ 429/2048]  (3,2,3,5)  ok    ETA 06:02:02
[ 430/2048]  (3,2,2,5)  ok    ETA 06:02:34
[ 431/2048]  (3,2,1,5)  ok    ETA 06:02:52
[ 432/2048]  (3,2,0,5)  ok    ETA 06:03:43
[ 433/2048]  (3,3,7,1)  ok    ETA 06:24:28
[ 434/2048]  (3,3,4,1)  ok    ETA 06:23:48
[ 435/2048]  (3,3,5,1)  ok    ETA 06:22:50
[ 436/2048]  (3,3,6,1)  ok    ETA 06:21:47
[ 437/2048]  (3,3,7,5)  ok    ETA 06:21:02
[ 438/2048]  (3,3,3,1)  ok    ETA 06:20:07
[ 439/2048]  (3,3,2,1)  ok    ETA 06:19:11
[ 440/2048]  (3,3,0,1)  ok    ETA 06:18:11
[ 441/2048]  (3,3,1,1)  ok    ETA 06:17:13
[ 442/2048]  (3,3,6,5)  ok    ETA 06:16:38
[ 443/2048]  (3,3,5,5)  ok    ETA 06:16:13
[ 444/2048]  (3,3,4,5)  ok    ETA 06:15:17
[ 445/2048]  (3,3,3,5)  ok    ETA 06:14:37
[ 446/2048]  (3,4,7,1)  ok    ETA 06:13:57
[ 447/2048]  (3,3,2,5)  ok    ETA 06:13:18
[ 448/2048]  (3,4,6,1)  ok    ETA 06:12:21
[ 449/2048]  (3,4,7,5)  ok    ETA 06:11:27
[ 450/2048]  (3,3,1,5)  ok    ETA 06:10:27
[ 451/2048]  (3,4,5,1)  ok    ETA 06:09:36
[ 452/2048]  (3,4,4,1)  ok    ETA 06:08:42
[ 453/2048]  (3,4,2,1)  ok    ETA 06:08:18
[ 454/2048]  (3,4,3,1)  ok    ETA 06:07:21
[ 455/2048]  (3,4,6,5)  ok    ETA 06:06:22
[ 456/2048]  (3,4,0,1)  ok    ETA 06:05:32
[ 457/2048]  (3,3,0,5)  ok    ETA 06:04:40
[ 458/2048]  (3,4,1,1)  ok    ETA 06:03:41
[ 459/2048]  (3,4,5,5)  ok    ETA 06:02:42
[ 460/2048]  (3,4,4,5)  ok    ETA 06:02:20
[ 461/2048]  (3,4,3,5)  ok    ETA 06:02:03
[ 462/2048]  (3,4,2,5)  ok    ETA 06:02:01
[ 463/2048]  (3,4,1,5)  ok    ETA 06:01:18
[ 464/2048]  (3,5,4,1)  ok    ETA 06:00:28
[ 465/2048]  (3,4,0,5)  ok    ETA 05:59:29
[ 466/2048]  (3,5,6,1)  ok    ETA 05:58:32
[ 467/2048]  (3,5,3,1)  ok    ETA 05:57:49
[ 468/2048]  (3,5,5,1)  ok    ETA 05:57:04
[ 469/2048]  (3,5,1,1)  ok    ETA 05:56:06
[ 470/2048]  (3,5,0,1)  ok    ETA 05:55:17
[ 471/2048]  (3,5,2,1)  ok    ETA 05:54:22
[ 472/2048]  (3,5,5,5)  ok    ETA 05:54:05
[ 473/2048]  (3,5,4,5)  ok    ETA 05:53:20
[ 474/2048]  (3,5,7,1)  ok    ETA 05:52:35
[ 475/2048]  (3,5,6,5)  ok    ETA 05:51:58
[ 476/2048]  (3,5,3,5)  ok    ETA 05:51:06
[ 477/2048]  (3,5,2,5)  ok    ETA 05:50:23
[ 478/2048]  (3,5,1,5)  ok    ETA 05:50:07
[ 479/2048]  (3,5,0,5)  ok    ETA 05:49:26
[ 480/2048]  (3,5,7,5)  ok    ETA 05:49:07
[ 481/2048]  (3,6,4,1)  ok    ETA 06:10:07
[ 482/2048]  (3,6,6,1)  ok    ETA 06:09:17
[ 483/2048]  (3,6,5,1)  ok    ETA 06:08:22
[ 484/2048]  (3,6,3,1)  ok    ETA 06:07:33
[ 485/2048]  (3,6,7,1)  ok    ETA 06:06:35
[ 486/2048]  (3,6,2,1)  ok    ETA 06:06:09
[ 487/2048]  (3,6,7,5)  ok    ETA 06:05:12
[ 488/2048]  (3,6,1,1)  ok    ETA 06:04:32
[ 489/2048]  (3,6,0,1)  ok    ETA 06:03:36
[ 490/2048]  (3,6,6,5)  ok    ETA 06:02:38
[ 491/2048]  (3,6,5,5)  ok    ETA 06:01:40
[ 492/2048]  (3,6,4,5)  ok    ETA 06:01:02
[ 493/2048]  (3,6,3,5)  ok    ETA 06:00:31
[ 494/2048]  (3,6,2,5)  ok    ETA 06:00:01
[ 495/2048]  (3,6,1,5)  ok    ETA 05:59:35
[ 496/2048]  (3,7,5,1)  ok    ETA 05:58:50
[ 497/2048]  (3,7,6,1)  ok    ETA 05:58:22
[ 498/2048]  (3,7,4,1)  ok    ETA 05:57:28
[ 499/2048]  (3,6,0,5)  ok    ETA 05:56:36
[ 500/2048]  (3,7,2,1)  ok    ETA 05:55:53
[ 501/2048]  (3,7,3,1)  ok    ETA 05:55:04
[ 502/2048]  (3,7,7,1)  ok    ETA 05:54:14
[ 503/2048]  (3,7,1,1)  ok    ETA 05:53:37
[ 504/2048]  (3,7,4,5)  ok    ETA 05:52:42
[ 505/2048]  (3,7,5,5)  ok    ETA 05:51:47
[ 506/2048]  (3,7,0,1)  ok    ETA 05:51:09
[ 507/2048]  (3,7,7,5)  ok    ETA 05:50:15
[ 508/2048]  (3,7,6,5)  ok    ETA 05:49:40
[ 509/2048]  (3,7,3,5)  ok    ETA 05:49:09
[ 510/2048]  (3,7,2,5)  ok    ETA 05:48:57
[ 511/2048]  (3,7,1,5)  ok    ETA 05:48:08
[ 512/2048]  (4,0,6,1)  ok    ETA 05:47:29
[ 513/2048]  (4,0,7,1)  ok    ETA 05:46:46
[ 514/2048]  (4,0,3,1)  ok    ETA 05:46:00
[ 515/2048]  (3,7,0,5)  ok    ETA 05:45:09
[ 516/2048]  (4,0,4,1)  ok    ETA 05:44:15
[ 517/2048]  (4,0,5,1)  ok    ETA 05:43:35
[ 518/2048]  (4,0,2,1)  ok    ETA 05:43:08
[ 519/2048]  (4,0,1,1)  ok    ETA 05:42:30
[ 520/2048]  (4,0,0,1)  ok    ETA 05:41:54
[ 521/2048]  (4,0,7,5)  ok    ETA 05:41:25
[ 522/2048]  (4,0,6,5)  ok    ETA 05:40:34
[ 523/2048]  (4,0,5,5)  ok    ETA 05:39:48
[ 524/2048]  (4,0,4,5)  ok    ETA 05:39:42
[ 525/2048]  (4,0,3,5)  ok    ETA 05:39:34
[ 526/2048]  (4,0,2,5)  ok    ETA 05:39:06
[ 527/2048]  (4,0,1,5)  ok    ETA 05:39:32
[ 528/2048]  (4,0,0,5)  ok    ETA 05:39:12
[ 529/2048]  (4,1,6,1)  ok    ETA 05:55:30
[ 530/2048]  (4,1,5,1)  ok    ETA 05:54:46
[ 531/2048]  (4,1,7,1)  ok    ETA 05:54:04
[ 532/2048]  (4,1,4,1)  ok    ETA 05:53:44
[ 533/2048]  (4,1,7,5)  ok    ETA 05:53:09
[ 534/2048]  (4,1,3,1)  ok    ETA 05:52:21
[ 535/2048]  (4,1,2,1)  ok    ETA 05:51:38
[ 536/2048]  (4,1,6,5)  ok    ETA 05:50:59
[ 537/2048]  (4,1,5,5)  ok    ETA 05:50:22
[ 538/2048]  (4,1,1,1)  ok    ETA 05:49:38
[ 539/2048]  (4,1,4,5)  ok    ETA 05:49:29
[ 540/2048]  (4,1,0,1)  ok    ETA 05:48:42
[ 541/2048]  (4,2,6,1)  ok    ETA 05:48:29
[ 542/2048]  (4,2,7,1)  ok    ETA 05:47:36
[ 543/2048]  (4,2,5,1)  ok    ETA 05:46:58
[ 544/2048]  (4,2,4,1)  ok    ETA 05:46:29
[ 545/2048]  (4,1,3,5)  ok    ETA 05:45:45
[ 546/2048]  (4,2,7,5)  ok    ETA 05:44:58
[ 547/2048]  (4,1,2,5)  ok    ETA 05:44:43
[ 548/2048]  (4,2,3,1)  ok    ETA 05:44:00
[ 549/2048]  (4,2,6,5)  ok    ETA 05:43:28
[ 550/2048]  (4,2,2,1)  ok    ETA 05:42:53
[ 551/2048]  (4,2,5,5)  ok    ETA 05:42:13
[ 552/2048]  (4,1,1,5)  ok    ETA 05:41:35
[ 553/2048]  (4,2,1,1)  ok    ETA 05:40:55
[ 554/2048]  (4,2,4,5)  ok    ETA 05:40:20
[ 555/2048]  (4,3,5,1)  ok    ETA 05:40:01
[ 556/2048]  (4,1,0,5)  ok    ETA 05:39:17
[ 557/2048]  (4,2,0,1)  ok    ETA 05:38:39
[ 558/2048]  (4,3,3,1)  ok    ETA 05:37:53
[ 559/2048]  (4,3,4,1)  ok    ETA 05:37:14
[ 560/2048]  (4,3,6,1)  ok    ETA 05:36:25
[ 561/2048]  (4,3,2,1)  ok    ETA 05:35:46
[ 562/2048]  (4,2,3,5)  ok    ETA 05:35:02
[ 563/2048]  (4,3,1,1)  ok    ETA 05:34:34
[ 564/2048]  (4,3,7,1)  ok    ETA 05:34:09
[ 565/2048]  (4,3,0,1)  ok    ETA 05:33:28
[ 566/2048]  (4,3,5,5)  ok    ETA 05:32:41
[ 567/2048]  (4,3,4,5)  ok    ETA 05:32:00
[ 568/2048]  (4,3,6,5)  ok    ETA 05:31:13
[ 569/2048]  (4,2,2,5)  ok    ETA 05:30:27
[ 570/2048]  (4,3,7,5)  ok    ETA 05:30:18
[ 571/2048]  (4,3,3,5)  ok    ETA 05:29:40
[ 572/2048]  (4,2,1,5)  ok    ETA 05:29:14
[ 573/2048]  (4,3,2,5)  ok    ETA 05:28:28
[ 574/2048]  (4,3,1,5)  ok    ETA 05:28:23
[ 575/2048]  (4,2,0,5)  ok    ETA 05:28:11
[ 576/2048]  (4,3,0,5)  ok    ETA 05:27:53
[ 577/2048]  (4,4,7,1)  ok    ETA 05:42:50
[ 578/2048]  (4,4,4,1)  ok    ETA 05:42:07
[ 579/2048]  (4,4,5,1)  ok    ETA 05:41:32
[ 580/2048]  (4,4,3,1)  ok    ETA 05:40:45
[ 581/2048]  (4,4,6,1)  ok    ETA 05:40:02
[ 582/2048]  (4,4,1,1)  ok    ETA 05:39:16
[ 583/2048]  (4,4,2,1)  ok    ETA 05:38:40
[ 584/2048]  (4,4,0,1)  ok    ETA 05:38:05
[ 585/2048]  (4,4,7,5)  ok    ETA 05:37:29
[ 586/2048]  (4,4,6,5)  ok    ETA 05:36:48
[ 587/2048]  (4,4,5,5)  ok    ETA 05:36:11
[ 588/2048]  (4,4,4,5)  ok    ETA 05:35:35
[ 589/2048]  (4,4,3,5)  ok    ETA 05:35:11
[ 590/2048]  (4,4,2,5)  ok    ETA 05:35:04
[ 591/2048]  (4,4,1,5)  ok    ETA 05:34:53
[ 592/2048]  (4,5,7,1)  ok    ETA 05:34:27
[ 593/2048]  (4,4,0,5)  ok    ETA 05:33:51
[ 594/2048]  (4,5,6,1)  ok    ETA 05:33:08
[ 595/2048]  (4,5,4,1)  ok    ETA 05:32:27
[ 596/2048]  (4,5,7,5)  ok    ETA 05:31:46
[ 597/2048]  (4,5,5,1)  ok    ETA 05:31:03
[ 598/2048]  (4,5,3,1)  ok    ETA 05:30:20
[ 599/2048]  (4,5,2,1)  ok    ETA 05:29:46
[ 600/2048]  (4,5,1,1)  ok    ETA 05:29:07
  [checkpoint @ 600]
[ 601/2048]  (4,5,6,5)  ok    ETA 05:28:23
[ 602/2048]  (4,5,0,1)  ok    ETA 05:27:43
[ 603/2048]  (4,5,5,5)  ok    ETA 05:27:23
[ 604/2048]  (4,5,4,5)  ok    ETA 05:26:49
[ 605/2048]  (4,5,3,5)  ok    ETA 05:26:25
[ 606/2048]  (4,6,6,1)  ok    ETA 05:26:22
[ 607/2048]  (4,5,2,5)  ok    ETA 05:25:41
[ 608/2048]  (4,6,4,1)  ok    ETA 05:24:57
[ 609/2048]  (4,6,5,1)  ok    ETA 05:24:17
[ 610/2048]  (4,5,1,5)  ok    ETA 05:23:32
[ 611/2048]  (4,6,3,1)  ok    ETA 05:23:04
[ 612/2048]  (4,5,0,5)  ok    ETA 05:22:26
[ 613/2048]  (4,6,7,1)  ok    ETA 05:21:51
[ 614/2048]  (4,6,2,1)  ok    ETA 05:21:11
[ 615/2048]  (4,6,1,1)  ok    ETA 05:20:34
[ 616/2048]  (4,6,0,1)  ok    ETA 05:20:03
[ 617/2048]  (4,6,6,5)  ok    ETA 05:19:25
[ 618/2048]  (4,6,5,5)  ok    ETA 05:18:41
[ 619/2048]  (4,6,7,5)  ok    ETA 05:18:08
[ 620/2048]  (4,6,4,5)  ok    ETA 05:17:27
[ 621/2048]  (4,6,3,5)  ok    ETA 05:16:57
[ 622/2048]  (4,6,2,5)  ok    ETA 05:16:58
[ 623/2048]  (4,6,1,5)  ok    ETA 05:16:51
[ 624/2048]  (4,6,0,5)  ok    ETA 05:16:17
[ 625/2048]  (4,7,6,1)  ok    ETA 05:29:44
[ 626/2048]  (4,7,5,1)  ok    ETA 05:29:01
[ 627/2048]  (4,7,4,1)  ok    ETA 05:28:40
[ 628/2048]  (4,7,3,1)  ok    ETA 05:27:57
[ 629/2048]  (4,7,2,1)  ok    ETA 05:27:27
[ 630/2048]  (4,7,7,1)  ok    ETA 05:26:47
[ 631/2048]  (4,7,5,5)  ok    ETA 05:26:12
[ 632/2048]  (4,7,1,1)  ok    ETA 05:25:37
[ 633/2048]  (4,7,4,5)  ok    ETA 05:25:06
[ 634/2048]  (4,7,6,5)  ok    ETA 05:24:22
[ 635/2048]  (4,7,0,1)  ok    ETA 05:23:39
[ 636/2048]  (4,7,7,5)  ok    ETA 05:23:12
[ 637/2048]  (4,7,3,5)  ok    ETA 05:22:41
[ 638/2048]  (4,7,2,5)  ok    ETA 05:22:11
[ 639/2048]  (4,7,1,5)  ok    ETA 05:22:01
[ 640/2048]  (5,0,6,1)  ok    ETA 05:21:27
[ 641/2048]  (5,0,5,1)  ok    ETA 05:20:47
[ 642/2048]  (5,0,4,1)  ok    ETA 05:20:12
[ 643/2048]  (4,7,0,5)  ok    ETA 05:19:36
[ 644/2048]  (5,0,7,1)  ok    ETA 05:18:54
[ 645/2048]  (5,0,3,1)  ok    ETA 05:18:18
[ 646/2048]  (5,0,2,1)  ok    ETA 05:17:44
[ 647/2048]  (5,0,7,5)  ok    ETA 05:17:35
[ 648/2048]  (5,0,1,1)  ok    ETA 05:16:54
[ 649/2048]  (5,0,0,1)  ok    ETA 05:16:26
[ 650/2048]  (5,0,5,5)  ok    ETA 05:15:57
[ 651/2048]  (5,0,6,5)  ok    ETA 05:15:28
[ 652/2048]  (5,0,4,5)  ok    ETA 05:14:58
[ 653/2048]  (5,1,6,1)  ok    ETA 05:14:50
[ 654/2048]  (5,0,3,5)  ok    ETA 05:14:17
[ 655/2048]  (5,1,5,1)  ok    ETA 05:13:40
[ 656/2048]  (5,1,4,1)  ok    ETA 05:13:19
[ 657/2048]  (5,1,7,1)  ok    ETA 05:12:41
[ 658/2048]  (5,0,2,5)  ok    ETA 05:12:10
[ 659/2048]  (5,1,3,1)  ok    ETA 05:11:38
[ 660/2048]  (5,1,2,1)  ok    ETA 05:11:11
[ 661/2048]  (5,1,7,5)  ok    ETA 05:10:36
[ 662/2048]  (5,1,6,5)  ok    ETA 05:10:09
[ 663/2048]  (5,1,5,5)  ok    ETA 05:09:33
[ 664/2048]  (5,0,1,5)  ok    ETA 05:09:05
[ 665/2048]  (5,1,1,1)  ok    ETA 05:08:24
[ 666/2048]  (5,1,0,1)  ok    ETA 05:08:08
[ 667/2048]  (5,1,4,5)  ok    ETA 05:07:37
[ 668/2048]  (5,0,0,5)  ok    ETA 05:07:05
[ 669/2048]  (5,1,3,5)  ok    ETA 05:07:18
[ 670/2048]  (5,1,2,5)  ok    ETA 05:07:20
[ 671/2048]  (5,1,1,5)  ok    ETA 05:07:41
[ 672/2048]  (5,1,0,5)  ok    ETA 05:08:06
[ 673/2048]  (5,2,6,1)  ok    ETA 05:17:00
[ 674/2048]  (5,2,7,1)  ok    ETA 05:16:26
[ 675/2048]  (5,2,5,1)  ok    ETA 05:15:46
[ 676/2048]  (5,2,7,5)  ok    ETA 05:15:43
[ 677/2048]  (5,2,4,1)  ok    ETA 05:15:09
[ 678/2048]  (5,2,6,5)  ok    ETA 05:14:43
[ 679/2048]  (5,2,3,1)  ok    ETA 05:14:13
[ 680/2048]  (5,2,2,1)  ok    ETA 05:13:57
[ 681/2048]  (5,2,5,5)  ok    ETA 05:13:19
[ 682/2048]  (5,2,1,1)  ok    ETA 05:12:57
[ 683/2048]  (5,2,0,1)  ok    ETA 05:12:35
[ 684/2048]  (5,2,4,5)  ok    ETA 05:11:54
[ 685/2048]  (5,3,4,1)  ok    ETA 05:11:47
[ 686/2048]  (5,3,5,1)  ok    ETA 05:11:07
[ 687/2048]  (5,3,7,1)  ok    ETA 05:10:29
[ 688/2048]  (5,3,6,1)  ok    ETA 05:09:49
[ 689/2048]  (5,3,2,1)  ok    ETA 05:09:26
[ 690/2048]  (5,3,3,1)  ok    ETA 05:08:54
[ 691/2048]  (5,2,3,5)  ok    ETA 05:08:17
[ 692/2048]  (5,3,1,1)  ok    ETA 05:07:46
[ 693/2048]  (5,3,7,5)  ok    ETA 05:07:13
[ 694/2048]  (5,3,6,5)  ok    ETA 05:06:46
[ 695/2048]  (5,3,0,1)  ok    ETA 05:06:18
[ 696/2048]  (5,3,5,5)  ok    ETA 05:05:44
[ 697/2048]  (5,2,2,5)  ok    ETA 05:05:16
[ 698/2048]  (5,3,4,5)  ok    ETA 05:04:44
[ 699/2048]  (5,3,3,5)  ok    ETA 05:04:32
[ 700/2048]  (5,2,1,5)  ok    ETA 05:04:11
[ 701/2048]  (5,3,2,5)  ok    ETA 05:03:34
[ 702/2048]  (5,4,5,1)  ok    ETA 05:03:21
[ 703/2048]  (5,4,4,1)  ok    ETA 05:02:42
[ 704/2048]  (5,3,1,5)  ok    ETA 05:02:24
[ 705/2048]  (5,4,3,1)  ok    ETA 05:01:46
[ 706/2048]  (5,2,0,5)  ok    ETA 05:01:12
[ 707/2048]  (5,4,6,1)  ok    ETA 05:00:42
[ 708/2048]  (5,4,2,1)  ok    ETA 05:00:05
[ 709/2048]  (5,4,1,1)  ok    ETA 04:59:30
[ 710/2048]  (5,3,0,5)  ok    ETA 04:59:16
[ 711/2048]  (5,4,0,1)  ok    ETA 04:58:42
[ 712/2048]  (5,4,5,5)  ok    ETA 04:58:05
[ 713/2048]  (5,4,7,1)  ok    ETA 04:57:51
[ 714/2048]  (5,4,4,5)  ok    ETA 04:57:14
[ 715/2048]  (5,4,3,5)  ok    ETA 04:56:51
[ 716/2048]  (5,4,6,5)  ok    ETA 04:56:17
[ 717/2048]  (5,4,2,5)  ok    ETA 04:56:17
[ 718/2048]  (5,4,7,5)  ok    ETA 04:56:17
[ 719/2048]  (5,4,1,5)  ok    ETA 04:55:40
[ 720/2048]  (5,4,0,5)  ok    ETA 04:55:27
[ 721/2048]  (5,5,7,1)  ok    ETA 05:05:25
[ 722/2048]  (5,5,1,1)  ok    ETA 05:04:46
[ 723/2048]  (5,5,4,1)  ok    ETA 05:04:13
[ 724/2048]  (5,5,3,1)  ok    ETA 05:03:39
[ 725/2048]  (5,5,2,1)  ok    ETA 05:03:03
[ 726/2048]  (5,5,6,1)  ok    ETA 05:02:27
[ 727/2048]  (5,5,5,1)  ok    ETA 05:01:51
[ 728/2048]  (5,5,0,1)  ok    ETA 05:01:17
[ 729/2048]  (5,5,7,5)  ok    ETA 05:00:40
[ 730/2048]  (5,5,6,5)  ok    ETA 05:00:28
[ 731/2048]  (5,5,5,5)  ok    ETA 05:00:01
[ 732/2048]  (5,5,4,5)  ok    ETA 04:59:47
[ 733/2048]  (5,5,3,5)  ok    ETA 04:59:28
[ 734/2048]  (5,5,2,5)  ok    ETA 04:59:05
[ 735/2048]  (5,5,1,5)  ok    ETA 04:58:51
[ 736/2048]  (5,6,7,1)  ok    ETA 04:58:19
[ 737/2048]  (5,6,6,1)  ok    ETA 04:57:45
[ 738/2048]  (5,5,0,5)  ok    ETA 04:57:11
[ 739/2048]  (5,6,4,1)  ok    ETA 04:56:34
[ 740/2048]  (5,6,5,1)  ok    ETA 04:56:03
[ 741/2048]  (5,6,3,1)  ok    ETA 04:55:30
[ 742/2048]  (5,6,2,1)  ok    ETA 04:54:53
[ 743/2048]  (5,6,1,1)  ok    ETA 04:54:32
[ 744/2048]  (5,6,7,5)  ok    ETA 04:54:09
[ 745/2048]  (5,6,0,1)  ok    ETA 04:53:37
[ 746/2048]  (5,6,6,5)  ok    ETA 04:53:03
[ 747/2048]  (5,6,4,5)  ok    ETA 04:52:29
[ 748/2048]  (5,6,5,5)  ok    ETA 04:51:57
[ 749/2048]  (5,6,3,5)  ok    ETA 04:51:36
[ 750/2048]  (5,6,2,5)  ok    ETA 04:51:24
[ 751/2048]  (5,6,1,5)  ok    ETA 04:51:26
[ 752/2048]  (5,7,5,1)  ok    ETA 04:51:04
[ 753/2048]  (5,7,4,1)  ok    ETA 04:50:37
[ 754/2048]  (5,7,2,1)  ok    ETA 04:50:01
[ 755/2048]  (5,7,3,1)  ok    ETA 04:49:27
[ 756/2048]  (5,7,6,1)  ok    ETA 04:48:53
[ 757/2048]  (5,6,0,5)  ok    ETA 04:48:17
[ 758/2048]  (5,7,7,1)  ok    ETA 04:47:47
[ 759/2048]  (5,7,1,1)  ok    ETA 04:47:17
[ 760/2048]  (5,7,5,5)  ok    ETA 04:46:45
[ 761/2048]  (5,7,0,1)  ok    ETA 04:46:19
[ 762/2048]  (5,7,4,5)  ok    ETA 04:45:58
[ 763/2048]  (5,7,7,5)  ok    ETA 04:45:30
[ 764/2048]  (5,7,3,5)  ok    ETA 04:45:03
[ 765/2048]  (5,7,6,5)  ok    ETA 04:44:30
[ 766/2048]  (5,7,2,5)  ok    ETA 04:44:19
[ 767/2048]  (5,7,1,5)  ok    ETA 04:44:02
[ 768/2048]  (5,7,0,5)  ok    ETA 04:43:59
[ 769/2048]  (6,0,4,1)  ok    ETA 04:52:26
[ 770/2048]  (6,0,5,1)  ok    ETA 04:52:02
[ 771/2048]  (6,0,3,1)  ok    ETA 04:51:28
[ 772/2048]  (6,0,6,1)  ok    ETA 04:50:56
[ 773/2048]  (6,0,2,1)  ok    ETA 04:50:36
[ 774/2048]  (6,0,7,1)  ok    ETA 04:50:01
[ 775/2048]  (6,0,1,1)  ok    ETA 04:49:46
[ 776/2048]  (6,0,0,1)  ok    ETA 04:49:28
[ 777/2048]  (6,0,7,5)  ok    ETA 04:49:04
[ 778/2048]  (6,0,6,5)  ok    ETA 04:48:36
[ 779/2048]  (6,0,5,5)  ok    ETA 04:48:06
[ 780/2048]  (6,0,4,5)  ok    ETA 04:47:46
[ 781/2048]  (6,0,3,5)  ok    ETA 04:47:34
[ 782/2048]  (6,1,6,1)  ok    ETA 04:47:07
[ 783/2048]  (6,1,5,1)  ok    ETA 04:46:40
[ 784/2048]  (6,1,4,1)  ok    ETA 04:46:20
[ 785/2048]  (6,1,7,1)  ok    ETA 04:45:48
[ 786/2048]  (6,0,2,5)  ok    ETA 04:45:24
[ 787/2048]  (6,1,3,1)  ok    ETA 04:44:53
[ 788/2048]  (6,1,2,1)  ok    ETA 04:44:36
[ 789/2048]  (6,1,6,5)  ok    ETA 04:44:12
[ 790/2048]  (6,1,7,5)  ok    ETA 04:43:37
[ 791/2048]  (6,0,1,5)  ok    ETA 04:43:08
[ 792/2048]  (6,1,1,1)  ok    ETA 04:42:41
[ 793/2048]  (6,1,5,5)  ok    ETA 04:42:11
[ 794/2048]  (6,1,0,1)  ok    ETA 04:41:59
[ 795/2048]  (6,1,4,5)  ok    ETA 04:41:37
[ 796/2048]  (6,0,0,5)  ok    ETA 04:41:03
[ 797/2048]  (6,2,6,1)  ok    ETA 04:40:51
[ 798/2048]  (6,2,7,1)  ok    ETA 04:40:25
[ 799/2048]  (6,2,5,1)  ok    ETA 04:40:08
[ 800/2048]  (6,1,3,5)  ok    ETA 04:39:36
  [checkpoint @ 800]
[ 801/2048]  (6,2,4,1)  ok    ETA 04:39:11
[ 802/2048]  (6,1,2,5)  ok    ETA 04:39:00
[ 803/2048]  (6,2,3,1)  ok    ETA 04:38:27
[ 804/2048]  (6,2,7,5)  ok    ETA 04:37:55
[ 805/2048]  (6,2,6,5)  ok    ETA 04:37:35
[ 806/2048]  (6,2,2,1)  ok    ETA 04:37:15
[ 807/2048]  (6,2,5,5)  ok    ETA 04:36:46
[ 808/2048]  (6,2,1,1)  ok    ETA 04:36:27
[ 809/2048]  (6,1,1,5)  ok    ETA 04:35:57
[ 810/2048]  (6,2,4,5)  ok    ETA 04:35:49
[ 811/2048]  (6,2,0,1)  ok    ETA 04:35:32
[ 812/2048]  (6,1,0,5)  ok    ETA 04:35:15
[ 813/2048]  (6,2,3,5)  ok    ETA 04:34:49
[ 814/2048]  (6,2,2,5)  ok    ETA 04:35:02
[ 815/2048]  (6,2,1,5)  ok    ETA 04:35:37
[ 816/2048]  (6,2,0,5)  ok    ETA 04:36:14
[ 817/2048]  (6,3,5,1)  ok    ETA 04:40:51
[ 818/2048]  (6,3,7,1)  ok    ETA 04:40:24
[ 819/2048]  (6,3,6,1)  ok    ETA 04:39:56
[ 820/2048]  (6,3,4,1)  ok    ETA 04:39:28
[ 821/2048]  (6,3,3,1)  ok    ETA 04:38:56
[ 822/2048]  (6,3,2,1)  ok    ETA 04:38:24
[ 823/2048]  (6,3,1,1)  ok    ETA 04:38:05
[ 824/2048]  (6,3,7,5)  ok    ETA 04:37:47
[ 825/2048]  (6,3,0,1)  ok    ETA 04:37:15
[ 826/2048]  (6,3,6,5)  ok    ETA 04:36:48
[ 827/2048]  (6,3,5,5)  ok    ETA 04:36:24
[ 828/2048]  (6,3,4,5)  ok    ETA 04:36:14
[ 829/2048]  (6,3,3,5)  ok    ETA 04:36:08
[ 830/2048]  (6,3,2,5)  ok    ETA 04:35:46
[ 831/2048]  (6,4,4,1)  ok    ETA 04:35:31
[ 832/2048]  (6,4,6,1)  ok    ETA 04:35:05
[ 833/2048]  (6,4,5,1)  ok    ETA 04:34:33
[ 834/2048]  (6,4,7,1)  ok    ETA 04:34:02
[ 835/2048]  (6,3,1,5)  ok    ETA 04:33:33
[ 836/2048]  (6,4,3,1)  ok    ETA 04:33:04
[ 837/2048]  (6,4,7,5)  ok    ETA 04:32:47
[ 838/2048]  (6,4,1,1)  ok    ETA 04:32:17
[ 839/2048]  (6,4,2,1)  ok    ETA 04:31:46
[ 840/2048]  (6,4,0,1)  ok    ETA 04:31:28
[ 841/2048]  (6,4,6,5)  ok    ETA 04:30:57
[ 842/2048]  (6,4,5,5)  ok    ETA 04:30:30
[ 843/2048]  (6,3,0,5)  ok    ETA 04:30:00
[ 844/2048]  (6,4,4,5)  ok    ETA 04:29:46
[ 845/2048]  (6,4,3,5)  ok    ETA 04:29:38
[ 846/2048]  (6,4,2,5)  ok    ETA 04:29:26
[ 847/2048]  (6,5,4,1)  ok    ETA 04:29:22
[ 848/2048]  (6,4,1,5)  ok    ETA 04:28:57
[ 849/2048]  (6,5,3,1)  ok    ETA 04:28:27
[ 850/2048]  (6,5,6,1)  ok    ETA 04:28:01
[ 851/2048]  (6,5,5,1)  ok    ETA 04:27:31
[ 852/2048]  (6,5,2,1)  ok    ETA 04:27:04
[ 853/2048]  (6,5,1,1)  ok    ETA 04:26:35
[ 854/2048]  (6,4,0,5)  ok    ETA 04:26:14
[ 855/2048]  (6,5,0,1)  ok    ETA 04:25:43
[ 856/2048]  (6,5,5,5)  ok    ETA 04:25:43
[ 857/2048]  (6,5,4,5)  ok    ETA 04:25:24
[ 858/2048]  (6,5,3,5)  ok    ETA 04:25:01
[ 859/2048]  (6,5,7,1)  ok    ETA 04:24:40
[ 860/2048]  (6,5,6,5)  ok    ETA 04:24:08
[ 861/2048]  (6,5,2,5)  ok    ETA 04:23:44
[ 862/2048]  (6,5,1,5)  ok    ETA 04:23:32
[ 863/2048]  (6,5,0,5)  ok    ETA 04:23:39
[ 864/2048]  (6,5,7,5)  ok    ETA 04:23:30
[ 865/2048]  (6,6,5,1)  ok    ETA 04:29:02
[ 866/2048]  (6,6,4,1)  ok    ETA 04:28:44
[ 867/2048]  (6,6,3,1)  ok    ETA 04:28:17
[ 868/2048]  (6,6,2,1)  ok    ETA 04:27:51
[ 869/2048]  (6,6,6,1)  ok    ETA 04:27:22
[ 870/2048]  (6,6,7,1)  ok    ETA 04:26:59
[ 871/2048]  (6,6,1,1)  ok    ETA 04:26:34
[ 872/2048]  (6,6,0,1)  ok    ETA 04:26:14
[ 873/2048]  (6,6,5,5)  ok    ETA 04:25:44
[ 874/2048]  (6,6,7,5)  ok    ETA 04:25:15
[ 875/2048]  (6,6,4,5)  ok    ETA 04:24:49
[ 876/2048]  (6,6,6,5)  ok    ETA 04:24:21
[ 877/2048]  (6,6,3,5)  ok    ETA 04:24:13
[ 878/2048]  (6,6,2,5)  ok    ETA 04:23:51
[ 879/2048]  (6,7,5,1)  ok    ETA 04:23:53
[ 880/2048]  (6,6,1,5)  ok    ETA 04:23:24
[ 881/2048]  (6,7,4,1)  ok    ETA 04:23:00
[ 882/2048]  (6,7,3,1)  ok    ETA 04:22:39
[ 883/2048]  (6,7,6,1)  ok    ETA 04:22:10
[ 884/2048]  (6,6,0,5)  ok    ETA 04:21:48
[ 885/2048]  (6,7,2,1)  ok    ETA 04:21:23
[ 886/2048]  (6,7,1,1)  ok    ETA 04:20:53
[ 887/2048]  (6,7,7,1)  ok    ETA 04:20:30
[ 888/2048]  (6,7,5,5)  ok    ETA 04:20:05
[ 889/2048]  (6,7,4,5)  ok    ETA 04:19:40
[ 890/2048]  (6,7,0,1)  ok    ETA 04:19:13
[ 891/2048]  (6,7,7,5)  ok    ETA 04:18:46
[ 892/2048]  (6,7,6,5)  ok    ETA 04:18:15
[ 893/2048]  (6,7,3,5)  ok    ETA 04:18:07
[ 894/2048]  (6,7,2,5)  ok    ETA 04:17:56
[ 895/2048]  (6,7,1,5)  ok    ETA 04:17:47
[ 896/2048]  (7,0,3,1)  ok    ETA 04:17:26
[ 897/2048]  (7,0,6,1)  ok    ETA 04:17:07
[ 898/2048]  (7,0,5,1)  ok    ETA 04:16:39
[ 899/2048]  (7,0,2,1)  ok    ETA 04:16:09
[ 900/2048]  (6,7,0,5)  ok    ETA 04:15:41
[ 901/2048]  (7,0,4,1)  ok    ETA 04:15:13
[ 902/2048]  (7,0,1,1)  ok    ETA 04:14:53
[ 903/2048]  (7,0,7,1)  ok    ETA 04:14:34
[ 904/2048]  (7,0,0,1)  ok    ETA 04:14:04
[ 905/2048]  (7,0,6,5)  ok    ETA 04:14:09
[ 906/2048]  (7,0,5,5)  ok    ETA 04:13:52
[ 907/2048]  (7,0,7,5)  ok    ETA 04:13:33
[ 908/2048]  (7,0,4,5)  ok    ETA 04:13:15
[ 909/2048]  (7,0,3,5)  ok    ETA 04:13:08
[ 910/2048]  (7,0,2,5)  ok    ETA 04:12:51
[ 911/2048]  (7,0,1,5)  ok    ETA 04:12:48
[ 912/2048]  (7,0,0,5)  ok    ETA 04:13:05
[ 913/2048]  (7,1,5,1)  ok    ETA 04:17:15
[ 914/2048]  (7,1,6,1)  ok    ETA 04:16:48
[ 915/2048]  (7,1,4,1)  ok    ETA 04:16:30
[ 916/2048]  (7,1,7,1)  ok    ETA 04:16:05
[ 917/2048]  (7,1,3,1)  ok    ETA 04:15:45
[ 918/2048]  (7,1,2,1)  ok    ETA 04:15:31
[ 919/2048]  (7,1,7,5)  ok    ETA 04:15:05
[ 920/2048]  (7,1,6,5)  ok    ETA 04:14:39
[ 921/2048]  (7,1,1,1)  ok    ETA 04:14:17
[ 922/2048]  (7,1,5,5)  ok    ETA 04:13:52
[ 923/2048]  (7,1,0,1)  ok    ETA 04:13:24
[ 924/2048]  (7,1,4,5)  ok    ETA 04:13:25
[ 925/2048]  (7,2,6,1)  ok    ETA 04:13:30
[ 926/2048]  (7,1,3,5)  ok    ETA 04:13:05
[ 927/2048]  (7,2,5,1)  ok    ETA 04:12:38
[ 928/2048]  (7,2,7,1)  ok    ETA 04:12:09
[ 929/2048]  (7,2,4,1)  ok    ETA 04:11:56
[ 930/2048]  (7,2,3,1)  ok    ETA 04:11:38
[ 931/2048]  (7,2,7,5)  ok    ETA 04:11:16
[ 932/2048]  (7,1,2,5)  ok    ETA 04:10:47
[ 933/2048]  (7,2,6,5)  ok    ETA 04:10:30
[ 934/2048]  (7,2,2,1)  ok    ETA 04:10:07
[ 935/2048]  (7,2,5,5)  ok    ETA 04:09:41
[ 936/2048]  (7,2,1,1)  ok    ETA 04:09:28
[ 937/2048]  (7,1,1,5)  ok    ETA 04:09:10
[ 938/2048]  (7,2,0,1)  ok    ETA 04:08:50
[ 939/2048]  (7,2,4,5)  ok    ETA 04:08:24
[ 940/2048]  (7,1,0,5)  ok    ETA 04:08:25
[ 941/2048]  (7,3,3,1)  ok    ETA 04:08:06
[ 942/2048]  (7,2,3,5)  ok    ETA 04:07:38
[ 943/2048]  (7,3,2,1)  ok    ETA 04:07:11
[ 944/2048]  (7,3,4,1)  ok    ETA 04:06:43
[ 945/2048]  (7,3,5,1)  ok    ETA 04:06:19
[ 946/2048]  (7,3,1,1)  ok    ETA 04:06:00
[ 947/2048]  (7,3,6,1)  ok    ETA 04:05:31
[ 948/2048]  (7,3,7,1)  ok    ETA 04:05:18
[ 949/2048]  (7,2,2,5)  ok    ETA 04:05:00
[ 950/2048]  (7,3,0,1)  ok    ETA 04:04:34
[ 951/2048]  (7,3,6,5)  ok    ETA 04:04:24
[ 952/2048]  (7,3,5,5)  ok    ETA 04:03:57
[ 953/2048]  (7,3,3,5)  ok    ETA 04:03:33
[ 954/2048]  (7,3,4,5)  ok    ETA 04:03:09
[ 955/2048]  (7,2,1,5)  ok    ETA 04:03:01
[ 956/2048]  (7,3,2,5)  ok    ETA 04:02:36
[ 957/2048]  (7,3,7,5)  ok    ETA 04:02:10
[ 958/2048]  (7,3,1,5)  ok    ETA 04:02:11
[ 959/2048]  (7,2,0,5)  ok    ETA 04:01:55
[ 960/2048]  (7,3,0,5)  ok    ETA 04:01:57
[ 961/2048]  (7,4,5,1)  ok    ETA 04:05:48
[ 962/2048]  (7,4,4,1)  ok    ETA 04:05:34
[ 963/2048]  (7,4,3,1)  ok    ETA 04:05:13
[ 964/2048]  (7,4,2,1)  ok    ETA 04:04:52
[ 965/2048]  (7,4,7,1)  ok    ETA 04:04:28
[ 966/2048]  (7,4,1,1)  ok    ETA 04:04:05
[ 967/2048]  (7,4,6,1)  ok    ETA 04:03:39
[ 968/2048]  (7,4,0,1)  ok    ETA 04:03:16
[ 969/2048]  (7,4,7,5)  ok    ETA 04:02:56
[ 970/2048]  (7,4,4,5)  ok    ETA 04:02:44
[ 971/2048]  (7,4,5,5)  ok    ETA 04:02:17
[ 972/2048]  (7,4,6,5)  ok    ETA 04:01:51
[ 973/2048]  (7,4,3,5)  ok    ETA 04:01:41
[ 974/2048]  (7,4,2,5)  ok    ETA 04:01:42
[ 975/2048]  (7,4,1,5)  ok    ETA 04:01:25
[ 976/2048]  (7,5,5,1)  ok    ETA 04:01:24
[ 977/2048]  (7,5,3,1)  ok    ETA 04:00:57
[ 978/2048]  (7,5,4,1)  ok    ETA 04:00:30
[ 979/2048]  (7,5,7,1)  ok    ETA 04:00:02
[ 980/2048]  (7,4,0,5)  ok    ETA 03:59:36
[ 981/2048]  (7,5,2,1)  ok    ETA 03:59:15
[ 982/2048]  (7,5,6,1)  ok    ETA 03:58:52
[ 983/2048]  (7,5,1,1)  ok    ETA 03:58:26
[ 984/2048]  (7,5,0,1)  ok    ETA 03:58:05
[ 985/2048]  (7,5,7,5)  ok    ETA 03:57:37
[ 986/2048]  (7,5,6,5)  ok    ETA 03:57:31
[ 987/2048]  (7,5,5,5)  ok    ETA 03:57:17
[ 988/2048]  (7,5,4,5)  ok    ETA 03:56:55
[ 989/2048]  (7,5,3,5)  ok    ETA 03:56:38
[ 990/2048]  (7,5,2,5)  ok    ETA 03:56:20
[ 991/2048]  (7,5,1,5)  ok    ETA 03:56:14
[ 992/2048]  (7,6,6,1)  ok    ETA 03:55:52
[ 993/2048]  (7,6,5,1)  ok    ETA 03:55:30
[ 994/2048]  (7,6,4,1)  ok    ETA 03:55:02
[ 995/2048]  (7,6,1,1)  ok    ETA 03:54:44
[ 996/2048]  (7,6,2,1)  ok    ETA 03:54:20
[ 997/2048]  (7,6,3,1)  ok    ETA 03:53:53
[ 998/2048]  (7,6,7,1)  ok    ETA 03:53:30
[ 999/2048]  (7,5,0,5)  ok    ETA 03:53:04
[1000/2048]  (7,6,0,1)  ok    ETA 03:52:41
  [checkpoint @ 1000]
[1001/2048]  (7,6,5,5)  ok    ETA 03:52:34
[1002/2048]  (7,6,6,5)  ok    ETA 03:52:10
[1003/2048]  (7,6,4,5)  ok    ETA 03:51:46
[1004/2048]  (7,6,7,5)  ok    ETA 03:51:33
[1005/2048]  (7,6,3,5)  ok    ETA 03:51:11
[1006/2048]  (7,6,2,5)  ok    ETA 03:51:00
[1007/2048]  (7,6,1,5)  ok    ETA 03:50:53
[1008/2048]  (7,6,0,5)  ok    ETA 03:50:48
[1009/2048]  (7,7,4,1)  ok    ETA 03:54:31
[1010/2048]  (7,7,5,1)  ok    ETA 03:54:10
[1011/2048]  (7,7,6,1)  ok    ETA 03:53:45
[1012/2048]  (7,7,3,1)  ok    ETA 03:53:23
[1013/2048]  (7,7,2,1)  ok    ETA 03:53:05
[1014/2048]  (7,7,0,1)  ok    ETA 03:52:43
[1015/2048]  (7,7,7,1)  ok    ETA 03:52:19
[1016/2048]  (7,7,1,1)  ok    ETA 03:51:52
[1017/2048]  (7,7,5,5)  ok    ETA 03:51:31
[1018/2048]  (7,7,4,5)  ok    ETA 03:51:23
[1019/2048]  (7,7,6,5)  ok    ETA 03:50:57
[1020/2048]  (7,7,7,5)  ok    ETA 03:50:40
[1021/2048]  (7,7,3,5)  ok    ETA 03:50:14
[1022/2048]  (7,7,2,5)  ok    ETA 03:50:03
[1023/2048]  (8,0,4,1)  ok    ETA 03:49:57
[1024/2048]  (7,7,1,5)  ok    ETA 03:49:32
[1025/2048]  (7,7,0,5)  ok    ETA 03:49:18
[1026/2048]  (8,0,3,1)  ok    ETA 03:48:52
[1027/2048]  (8,0,6,1)  ok    ETA 03:48:31
[1028/2048]  (8,0,5,1)  ok    ETA 03:48:06
[1029/2048]  (8,0,2,1)  ok    ETA 03:47:47
[1030/2048]  (8,0,7,1)  ok    ETA 03:47:22
[1031/2048]  (8,0,1,1)  ok    ETA 03:46:59
[1032/2048]  (8,0,0,1)  ok    ETA 03:46:50
[1033/2048]  (8,0,7,5)  ok    ETA 03:46:40
[1034/2048]  (8,0,6,5)  ok    ETA 03:46:17
[1035/2048]  (8,0,5,5)  ok    ETA 03:46:00
[1036/2048]  (8,0,4,5)  ok    ETA 03:45:48
[1037/2048]  (8,0,3,5)  ok    ETA 03:45:32
[1038/2048]  (8,1,5,1)  ok    ETA 03:45:24
[1039/2048]  (8,1,6,1)  ok    ETA 03:45:00
[1040/2048]  (8,0,2,5)  ok    ETA 03:44:45
[1041/2048]  (8,1,7,1)  ok    ETA 03:44:20
[1042/2048]  (8,1,3,1)  ok    ETA 03:43:55
[1043/2048]  (8,1,4,1)  ok    ETA 03:43:31
[1044/2048]  (8,1,2,1)  ok    ETA 03:43:20
[1045/2048]  (8,0,1,5)  ok    ETA 03:43:02
[1046/2048]  (8,1,1,1)  ok    ETA 03:42:48
[1047/2048]  (8,1,6,5)  ok    ETA 03:42:24
[1048/2048]  (8,1,7,5)  ok    ETA 03:42:07
[1049/2048]  (8,1,0,1)  ok    ETA 03:41:44
[1050/2048]  (8,1,5,5)  ok    ETA 03:41:19
[1051/2048]  (8,0,0,5)  ok    ETA 03:41:05
[1052/2048]  (8,1,4,5)  ok    ETA 03:40:49
[1053/2048]  (8,1,3,5)  ok    ETA 03:40:45
[1054/2048]  (8,1,2,5)  ok    ETA 03:40:56
[1055/2048]  (8,1,1,5)  ok    ETA 03:41:16
[1056/2048]  (8,1,0,5)  ok    ETA 03:41:30
[1057/2048]  (8,2,6,1)  ok    ETA 03:43:03
[1058/2048]  (8,2,5,1)  ok    ETA 03:42:46
[1059/2048]  (8,2,7,1)  ok    ETA 03:42:21
[1060/2048]  (8,2,4,1)  ok    ETA 03:42:02
[1061/2048]  (8,2,3,1)  ok    ETA 03:41:53
[1062/2048]  (8,2,7,5)  ok    ETA 03:41:30
[1063/2048]  (8,2,6,5)  ok    ETA 03:41:14
[1064/2048]  (8,2,2,1)  ok    ETA 03:40:53
[1065/2048]  (8,2,1,1)  ok    ETA 03:40:40
[1066/2048]  (8,2,5,5)  ok    ETA 03:40:19
[1067/2048]  (8,2,0,1)  ok    ETA 03:40:10
[1068/2048]  (8,2,4,5)  ok    ETA 03:39:59
[1069/2048]  (8,3,3,1)  ok    ETA 03:39:54
[1070/2048]  (8,3,5,1)  ok    ETA 03:39:32
[1071/2048]  (8,2,3,5)  ok    ETA 03:39:08
[1072/2048]  (8,3,6,1)  ok    ETA 03:38:46
[1073/2048]  (8,3,4,1)  ok    ETA 03:38:21
[1074/2048]  (8,3,7,1)  ok    ETA 03:37:58
[1075/2048]  (8,3,2,1)  ok    ETA 03:37:33
[1076/2048]  (8,3,1,1)  ok    ETA 03:37:16
[1077/2048]  (8,3,0,1)  ok    ETA 03:37:09
[1078/2048]  (8,3,7,5)  ok    ETA 03:36:47
[1079/2048]  (8,2,2,5)  ok    ETA 03:36:22
[1080/2048]  (8,3,5,5)  ok    ETA 03:36:07
[1081/2048]  (8,3,6,5)  ok    ETA 03:35:42
[1082/2048]  (8,3,4,5)  ok    ETA 03:35:25
[1083/2048]  (8,3,3,5)  ok    ETA 03:35:17
[1084/2048]  (8,2,1,5)  ok    ETA 03:34:54
[1085/2048]  (8,3,2,5)  ok    ETA 03:34:48
[1086/2048]  (8,4,5,1)  ok    ETA 03:34:41
[1087/2048]  (8,4,4,1)  ok    ETA 03:34:18
[1088/2048]  (8,2,0,5)  ok    ETA 03:33:57
[1089/2048]  (8,3,1,5)  ok    ETA 03:33:32
[1090/2048]  (8,4,3,1)  ok    ETA 03:33:12
[1091/2048]  (8,4,6,1)  ok    ETA 03:32:47
[1092/2048]  (8,4,1,1)  ok    ETA 03:32:26
[1093/2048]  (8,4,2,1)  ok    ETA 03:32:02
[1094/2048]  (8,4,0,1)  ok    ETA 03:31:50
[1095/2048]  (8,3,0,5)  ok    ETA 03:31:39
[1096/2048]  (8,4,5,5)  ok    ETA 03:31:16
[1097/2048]  (8,4,4,5)  ok    ETA 03:30:59
[1098/2048]  (8,4,7,1)  ok    ETA 03:30:53
[1099/2048]  (8,4,6,5)  ok    ETA 03:30:31
[1100/2048]  (8,4,3,5)  ok    ETA 03:30:14
[1101/2048]  (8,4,2,5)  ok    ETA 03:30:01
[1102/2048]  (8,4,1,5)  ok    ETA 03:29:57
[1103/2048]  (8,4,7,5)  ok    ETA 03:29:48
[1104/2048]  (8,4,0,5)  ok    ETA 03:29:28
[1105/2048]  (8,5,1,1)  ok    ETA 03:32:12
[1106/2048]  (8,5,3,1)  ok    ETA 03:31:49
[1107/2048]  (8,5,5,1)  ok    ETA 03:31:27
[1108/2048]  (8,5,4,1)  ok    ETA 03:31:02
[1109/2048]  (8,5,2,1)  ok    ETA 03:30:40
[1110/2048]  (8,5,0,1)  ok    ETA 03:30:17
[1111/2048]  (8,5,7,1)  ok    ETA 03:29:56
[1112/2048]  (8,5,6,1)  ok    ETA 03:29:41
[1113/2048]  (8,5,7,5)  ok    ETA 03:29:32
[1114/2048]  (8,5,6,5)  ok    ETA 03:29:17
[1115/2048]  (8,5,4,5)  ok    ETA 03:28:54
[1116/2048]  (8,5,5,5)  ok    ETA 03:28:30
[1117/2048]  (8,5,3,5)  ok    ETA 03:28:13
[1118/2048]  (8,5,2,5)  ok    ETA 03:28:05
[1119/2048]  (8,5,1,5)  ok    ETA 03:27:53
[1120/2048]  (8,6,4,1)  ok    ETA 03:27:42
[1121/2048]  (8,5,0,5)  ok    ETA 03:27:27
[1122/2048]  (8,6,3,1)  ok    ETA 03:27:03
[1123/2048]  (8,6,5,1)  ok    ETA 03:26:39
[1124/2048]  (8,6,1,1)  ok    ETA 03:26:17
[1125/2048]  (8,6,6,1)  ok    ETA 03:25:59
[1126/2048]  (8,6,7,1)  ok    ETA 03:25:36
[1127/2048]  (8,6,2,1)  ok    ETA 03:25:13
[1128/2048]  (8,6,0,1)  ok    ETA 03:24:59
[1129/2048]  (8,6,7,5)  ok    ETA 03:24:43
[1130/2048]  (8,6,5,5)  ok    ETA 03:24:20
[1131/2048]  (8,6,4,5)  ok    ETA 03:24:04
[1132/2048]  (8,6,6,5)  ok    ETA 03:23:43
[1133/2048]  (8,6,3,5)  ok    ETA 03:23:31
[1134/2048]  (8,6,2,5)  ok    ETA 03:23:25
[1135/2048]  (8,6,1,5)  ok    ETA 03:23:10
[1136/2048]  (8,7,2,1)  ok    ETA 03:23:00
[1137/2048]  (8,7,4,1)  ok    ETA 03:22:41
[1138/2048]  (8,6,0,5)  ok    ETA 03:22:21
[1139/2048]  (8,7,5,1)  ok    ETA 03:21:57
[1140/2048]  (8,7,1,1)  ok    ETA 03:21:35
[1141/2048]  (8,7,3,1)  ok    ETA 03:21:12
[1142/2048]  (8,7,6,1)  ok    ETA 03:20:51
[1143/2048]  (8,7,0,1)  ok    ETA 03:20:39
[1144/2048]  (8,7,7,1)  ok    ETA 03:20:18
[1145/2048]  (8,7,5,5)  ok    ETA 03:20:10
[1146/2048]  (8,7,6,5)  ok    ETA 03:19:55
[1147/2048]  (8,7,4,5)  ok    ETA 03:19:32
[1148/2048]  (8,7,7,5)  ok    ETA 03:19:09
[1149/2048]  (8,7,3,5)  ok    ETA 03:18:48
[1150/2048]  (8,7,2,5)  ok    ETA 03:18:30
[1151/2048]  (8,7,1,5)  ok    ETA 03:18:22
[1152/2048]  (8,7,0,5)  ok    ETA 03:18:20
[1153/2048]  (9,0,6,1)  ok    ETA 03:20:40
[1154/2048]  (9,0,3,1)  ok    ETA 03:20:19
[1155/2048]  (9,0,5,1)  ok    ETA 03:19:56
[1156/2048]  (9,0,7,1)  ok    ETA 03:19:40
[1157/2048]  (9,0,4,1)  ok    ETA 03:19:17
[1158/2048]  (9,0,2,1)  ok    ETA 03:18:54
[1159/2048]  (9,0,1,1)  ok    ETA 03:18:40
[1160/2048]  (9,0,0,1)  ok    ETA 03:18:28
[1161/2048]  (9,0,6,5)  ok    ETA 03:18:23
[1162/2048]  (9,0,7,5)  ok    ETA 03:18:00
[1163/2048]  (9,0,5,5)  ok    ETA 03:17:39
[1164/2048]  (9,0,4,5)  ok    ETA 03:17:41
[1165/2048]  (9,0,3,5)  ok    ETA 03:17:26
[1166/2048]  (9,1,6,1)  ok    ETA 03:17:16
[1167/2048]  (9,0,2,5)  ok    ETA 03:16:54
[1168/2048]  (9,1,5,1)  ok    ETA 03:16:35
[1169/2048]  (9,1,4,1)  ok    ETA 03:16:16
[1170/2048]  (9,1,7,1)  ok    ETA 03:15:53
[1171/2048]  (9,1,3,1)  ok    ETA 03:15:31
[1172/2048]  (9,1,2,1)  ok    ETA 03:15:21
[1173/2048]  (9,0,1,5)  ok    ETA 03:15:08
[1174/2048]  (9,1,1,1)  ok    ETA 03:14:47
[1175/2048]  (9,1,7,5)  ok    ETA 03:14:32
[1176/2048]  (9,1,6,5)  ok    ETA 03:14:12
[1177/2048]  (9,1,5,5)  ok    ETA 03:13:50
[1178/2048]  (9,1,0,1)  ok    ETA 03:13:35
[1179/2048]  (9,0,0,5)  ok    ETA 03:13:19
[1180/2048]  (9,1,4,5)  ok    ETA 03:13:02
[1181/2048]  (9,2,6,1)  ok    ETA 03:13:01
[1182/2048]  (9,1,3,5)  ok    ETA 03:12:39
[1183/2048]  (9,2,7,1)  ok    ETA 03:12:19
[1184/2048]  (9,2,5,1)  ok    ETA 03:12:11
[1185/2048]  (9,2,4,1)  ok    ETA 03:11:57
[1186/2048]  (9,2,3,1)  ok    ETA 03:11:34
[1187/2048]  (9,1,2,5)  ok    ETA 03:11:12
[1188/2048]  (9,2,2,1)  ok    ETA 03:10:54
[1189/2048]  (9,2,6,5)  ok    ETA 03:10:35
[1190/2048]  (9,2,7,5)  ok    ETA 03:10:16
[1191/2048]  (9,2,1,1)  ok    ETA 03:10:11
[1192/2048]  (9,2,5,5)  ok    ETA 03:09:52
[1193/2048]  (9,1,1,5)  ok    ETA 03:09:31
[1194/2048]  (9,2,0,1)  ok    ETA 03:09:18
[1195/2048]  (9,2,4,5)  ok    ETA 03:09:15
[1196/2048]  (9,1,0,5)  ok    ETA 03:09:03
[1197/2048]  (9,2,3,5)  ok    ETA 03:08:46
[1198/2048]  (9,2,2,5)  ok    ETA 03:08:50
[1199/2048]  (9,2,1,5)  ok    ETA 03:09:04
[1200/2048]  (9,2,0,5)  ok    ETA 03:09:29
  [checkpoint @ 1200]
[1201/2048]  (9,3,5,1)  ok    ETA 03:09:39
[1202/2048]  (9,3,3,1)  ok    ETA 03:09:17
[1203/2048]  (9,3,2,1)  ok    ETA 03:09:00
[1204/2048]  (9,3,4,1)  ok    ETA 03:08:41
[1205/2048]  (9,3,1,1)  ok    ETA 03:08:23
[1206/2048]  (9,3,7,1)  ok    ETA 03:08:05
[1207/2048]  (9,3,6,1)  ok    ETA 03:07:42
[1208/2048]  (9,3,0,1)  ok    ETA 03:07:28
[1209/2048]  (9,3,7,5)  ok    ETA 03:07:17
[1210/2048]  (9,3,5,5)  ok    ETA 03:07:12
[1211/2048]  (9,3,6,5)  ok    ETA 03:06:49
[1212/2048]  (9,3,4,5)  ok    ETA 03:06:27
[1213/2048]  (9,3,3,5)  ok    ETA 03:06:13
[1214/2048]  (9,3,2,5)  ok    ETA 03:06:02
[1215/2048]  (9,4,4,1)  ok    ETA 03:06:04
[1216/2048]  (9,4,5,1)  ok    ETA 03:05:44
[1217/2048]  (9,4,7,1)  ok    ETA 03:05:28
[1218/2048]  (9,3,1,5)  ok    ETA 03:05:06
[1219/2048]  (9,4,3,1)  ok    ETA 03:04:45
[1220/2048]  (9,4,6,1)  ok    ETA 03:04:25
[1221/2048]  (9,4,1,1)  ok    ETA 03:04:04
[1222/2048]  (9,4,2,1)  ok    ETA 03:03:44
[1223/2048]  (9,4,0,1)  ok    ETA 03:03:33
[1224/2048]  (9,3,0,5)  ok    ETA 03:03:18
[1225/2048]  (9,4,7,5)  ok    ETA 03:02:59
[1226/2048]  (9,4,6,5)  ok    ETA 03:02:37
[1227/2048]  (9,4,5,5)  ok    ETA 03:02:17
[1228/2048]  (9,4,4,5)  ok    ETA 03:02:03
[1229/2048]  (9,4,3,5)  ok    ETA 03:01:59
[1230/2048]  (9,4,2,5)  ok    ETA 03:01:55
[1231/2048]  (9,4,1,5)  ok    ETA 03:01:47
[1232/2048]  (9,5,4,1)  ok    ETA 03:01:27
[1233/2048]  (9,5,2,1)  ok    ETA 03:01:06
[1234/2048]  (9,5,1,1)  ok    ETA 03:00:50
[1235/2048]  (9,5,3,1)  ok    ETA 03:00:30
[1236/2048]  (9,5,5,1)  ok    ETA 03:00:13
[1237/2048]  (9,5,6,1)  ok    ETA 02:59:55
[1238/2048]  (9,4,0,5)  ok    ETA 02:59:33
[1239/2048]  (9,5,0,1)  ok    ETA 02:59:14
[1240/2048]  (9,5,4,5)  ok    ETA 02:59:17
[1241/2048]  (9,5,5,5)  ok    ETA 02:59:00
[1242/2048]  (9,5,3,5)  ok    ETA 02:58:45
[1243/2048]  (9,5,6,5)  ok    ETA 02:58:25
[1244/2048]  (9,5,7,1)  ok    ETA 02:58:06
[1245/2048]  (9,5,2,5)  ok    ETA 02:57:44
[1246/2048]  (9,5,1,5)  ok    ETA 02:57:41
[1247/2048]  (9,5,0,5)  ok    ETA 02:57:43
[1248/2048]  (9,5,7,5)  ok    ETA 02:57:40
[1249/2048]  (9,6,3,1)  ok    ETA 02:58:38
[1250/2048]  (9,6,4,1)  ok    ETA 02:58:20
[1251/2048]  (9,6,6,1)  ok    ETA 02:57:59
[1252/2048]  (9,6,2,1)  ok    ETA 02:57:40
[1253/2048]  (9,6,5,1)  ok    ETA 02:57:20
[1254/2048]  (9,6,1,1)  ok    ETA 02:57:01
[1255/2048]  (9,6,0,1)  ok    ETA 02:56:53
[1256/2048]  (9,6,7,1)  ok    ETA 02:56:31
[1257/2048]  (9,6,5,5)  ok    ETA 02:56:19
[1258/2048]  (9,6,6,5)  ok    ETA 02:55:57
[1259/2048]  (9,6,7,5)  ok    ETA 02:55:41
[1260/2048]  (9,6,3,5)  ok    ETA 02:55:26
[1261/2048]  (9,6,4,5)  ok    ETA 02:55:08
[1262/2048]  (9,6,2,5)  ok    ETA 02:54:57
[1263/2048]  (9,6,1,5)  ok    ETA 02:54:51
[1264/2048]  (9,7,5,1)  ok    ETA 02:54:39
[1265/2048]  (9,6,0,5)  ok    ETA 02:54:25
[1266/2048]  (9,7,6,1)  ok    ETA 02:54:06
[1267/2048]  (9,7,4,1)  ok    ETA 02:53:45
[1268/2048]  (9,7,3,1)  ok    ETA 02:53:24
[1269/2048]  (9,7,2,1)  ok    ETA 02:53:03
[1270/2048]  (9,7,1,1)  ok    ETA 02:52:53
[1271/2048]  (9,7,7,1)  ok    ETA 02:52:38
[1272/2048]  (9,7,5,5)  ok    ETA 02:52:18
[1273/2048]  (9,7,0,1)  ok    ETA 02:51:59
[1274/2048]  (9,7,4,5)  ok    ETA 02:51:44
[1275/2048]  (9,7,7,5)  ok    ETA 02:51:27
[1276/2048]  (9,7,6,5)  ok    ETA 02:51:06
[1277/2048]  (9,7,3,5)  ok    ETA 02:50:59
[1278/2048]  (9,7,2,5)  ok    ETA 02:50:38
[1279/2048]  (9,7,1,5)  ok    ETA 02:50:35
[1280/2048]  (10,0,3,1)  ok    ETA 02:50:25
[1281/2048]  (10,0,6,1)  ok    ETA 02:50:08
[1282/2048]  (10,0,1,1)  ok    ETA 02:49:52
[1283/2048]  (10,0,2,1)  ok    ETA 02:49:31
[1284/2048]  (9,7,0,5)  ok    ETA 02:49:11
[1285/2048]  (10,0,5,1)  ok    ETA 02:48:50
[1286/2048]  (10,0,4,1)  ok    ETA 02:48:32
[1287/2048]  (10,0,0,1)  ok    ETA 02:48:12
[1288/2048]  (10,0,7,1)  ok    ETA 02:48:08
[1289/2048]  (10,0,6,5)  ok    ETA 02:48:06
[1290/2048]  (10,0,5,5)  ok    ETA 02:47:47
[1291/2048]  (10,0,7,5)  ok    ETA 02:47:44
[1292/2048]  (10,0,4,5)  ok    ETA 02:47:25
[1293/2048]  (10,0,3,5)  ok    ETA 02:47:19
[1294/2048]  (10,0,2,5)  ok    ETA 02:46:59
[1295/2048]  (10,0,1,5)  ok    ETA 02:47:04
[1296/2048]  (10,0,0,5)  ok    ETA 02:47:07
[1297/2048]  (10,1,6,1)  ok    ETA 02:47:27
[1298/2048]  (10,1,5,1)  ok    ETA 02:47:12
[1299/2048]  (10,1,4,1)  ok    ETA 02:46:55
[1300/2048]  (10,1,7,1)  ok    ETA 02:46:39
[1301/2048]  (10,1,3,1)  ok    ETA 02:46:20
[1302/2048]  (10,1,2,1)  ok    ETA 02:46:03
[1303/2048]  (10,1,1,1)  ok    ETA 02:45:49
[1304/2048]  (10,1,6,5)  ok    ETA 02:45:38
[1305/2048]  (10,1,7,5)  ok    ETA 02:45:20
[1306/2048]  (10,1,0,1)  ok    ETA 02:45:01
[1307/2048]  (10,1,5,5)  ok    ETA 02:44:46
[1308/2048]  (10,1,4,5)  ok    ETA 02:44:42
[1309/2048]  (10,1,3,5)  ok    ETA 02:44:41
[1310/2048]  (10,2,5,1)  ok    ETA 02:44:27
[1311/2048]  (10,2,6,1)  ok    ETA 02:44:08
[1312/2048]  (10,2,7,1)  ok    ETA 02:43:51
[1313/2048]  (10,2,4,1)  ok    ETA 02:43:31
[1314/2048]  (10,1,2,5)  ok    ETA 02:43:14
[1315/2048]  (10,2,3,1)  ok    ETA 02:43:01
[1316/2048]  (10,2,2,1)  ok    ETA 02:42:40
[1317/2048]  (10,2,6,5)  ok    ETA 02:42:29
[1318/2048]  (10,2,7,5)  ok    ETA 02:42:13
[1319/2048]  (10,2,1,1)  ok    ETA 02:41:58
[1320/2048]  (10,2,5,5)  ok    ETA 02:41:39
[1321/2048]  (10,1,1,5)  ok    ETA 02:41:22
[1322/2048]  (10,2,0,1)  ok    ETA 02:41:10
[1323/2048]  (10,2,4,5)  ok    ETA 02:41:01
[1324/2048]  (10,3,3,1)  ok    ETA 02:40:51
[1325/2048]  (10,1,0,5)  ok    ETA 02:40:33
[1326/2048]  (10,2,3,5)  ok    ETA 02:40:22
[1327/2048]  (10,3,2,1)  ok    ETA 02:40:02
[1328/2048]  (10,3,4,1)  ok    ETA 02:39:53
[1329/2048]  (10,3,1,1)  ok    ETA 02:39:34
[1330/2048]  (10,3,5,1)  ok    ETA 02:39:17
[1331/2048]  (10,3,6,1)  ok    ETA 02:39:01
[1332/2048]  (10,3,0,1)  ok    ETA 02:38:41
[1333/2048]  (10,2,2,5)  ok    ETA 02:38:23
[1334/2048]  (10,3,7,1)  ok    ETA 02:38:14
[1335/2048]  (10,3,6,5)  ok    ETA 02:38:03
[1336/2048]  (10,3,5,5)  ok    ETA 02:37:44
[1337/2048]  (10,2,1,5)  ok    ETA 02:37:27
[1338/2048]  (10,3,4,5)  ok    ETA 02:37:07
[1339/2048]  (10,3,3,5)  ok    ETA 02:36:50
[1340/2048]  (10,3,2,5)  ok    ETA 02:36:40
[1341/2048]  (10,3,7,5)  ok    ETA 02:36:28
[1342/2048]  (10,3,1,5)  ok    ETA 02:36:21
[1343/2048]  (10,2,0,5)  ok    ETA 02:36:02
[1344/2048]  (10,3,0,5)  ok    ETA 02:36:14
[1345/2048]  (10,4,5,1)  ok    ETA 02:36:36
[1346/2048]  (10,4,3,1)  ok    ETA 02:36:20
[1347/2048]  (10,4,2,1)  ok    ETA 02:36:01
[1348/2048]  (10,4,4,1)  ok    ETA 02:35:41
[1349/2048]  (10,4,1,1)  ok    ETA 02:35:25
[1350/2048]  (10,4,0,1)  ok    ETA 02:35:10
[1351/2048]  (10,4,6,1)  ok    ETA 02:34:59
[1352/2048]  (10,4,7,1)  ok    ETA 02:34:39
[1353/2048]  (10,4,7,5)  ok    ETA 02:34:33
[1354/2048]  (10,4,4,5)  ok    ETA 02:34:15
[1355/2048]  (10,4,5,5)  ok    ETA 02:33:56
[1356/2048]  (10,4,6,5)  ok    ETA 02:33:43
[1357/2048]  (10,4,3,5)  ok    ETA 02:33:30
[1358/2048]  (10,4,2,5)  ok    ETA 02:33:16
[1359/2048]  (10,4,1,5)  ok    ETA 02:33:17
[1360/2048]  (10,5,4,1)  ok    ETA 02:33:05
[1361/2048]  (10,5,3,1)  ok    ETA 02:32:52
[1362/2048]  (10,5,2,1)  ok    ETA 02:32:32
[1363/2048]  (10,5,5,1)  ok    ETA 02:32:13
[1364/2048]  (10,5,6,1)  ok    ETA 02:31:53
[1365/2048]  (10,4,0,5)  ok    ETA 02:31:34
[1366/2048]  (10,5,7,1)  ok    ETA 02:31:15
[1367/2048]  (10,5,1,1)  ok    ETA 02:30:57
[1368/2048]  (10,5,0,1)  ok    ETA 02:30:37
[1369/2048]  (10,5,7,5)  ok    ETA 02:30:37
[1370/2048]  (10,5,6,5)  ok    ETA 02:30:22
[1371/2048]  (10,5,4,5)  ok    ETA 02:30:03
[1372/2048]  (10,5,5,5)  ok    ETA 02:29:44
[1373/2048]  (10,5,3,5)  ok    ETA 02:29:30
[1374/2048]  (10,5,2,5)  ok    ETA 02:29:23
[1375/2048]  (10,5,1,5)  ok    ETA 02:29:16
[1376/2048]  (10,6,5,1)  ok    ETA 02:29:03
[1377/2048]  (10,6,2,1)  ok    ETA 02:28:46
[1378/2048]  (10,6,6,1)  ok    ETA 02:28:30
[1379/2048]  (10,5,0,5)  ok    ETA 02:28:11
[1380/2048]  (10,6,4,1)  ok    ETA 02:27:55
[1381/2048]  (10,6,7,1)  ok    ETA 02:27:37
[1382/2048]  (10,6,3,1)  ok    ETA 02:27:18
[1383/2048]  (10,6,1,1)  ok    ETA 02:26:59
[1384/2048]  (10,6,0,1)  ok    ETA 02:26:43
[1385/2048]  (10,6,5,5)  ok    ETA 02:26:37
[1386/2048]  (10,6,4,5)  ok    ETA 02:26:20
[1387/2048]  (10,6,6,5)  ok    ETA 02:26:03
[1388/2048]  (10,6,3,5)  ok    ETA 02:25:57
[1389/2048]  (10,6,7,5)  ok    ETA 02:25:41
[1390/2048]  (10,6,2,5)  ok    ETA 02:25:27
[1391/2048]  (10,6,1,5)  ok    ETA 02:25:14
[1392/2048]  (10,6,0,5)  ok    ETA 02:25:14
[1393/2048]  (10,7,2,1)  ok    ETA 02:25:44
[1394/2048]  (10,7,5,1)  ok    ETA 02:25:25
[1395/2048]  (10,7,3,1)  ok    ETA 02:25:08
[1396/2048]  (10,7,6,1)  ok    ETA 02:24:51
[1397/2048]  (10,7,1,1)  ok    ETA 02:24:33
[1398/2048]  (10,7,4,1)  ok    ETA 02:24:14
[1399/2048]  (10,7,0,1)  ok    ETA 02:24:00
[1400/2048]  (10,7,7,1)  ok    ETA 02:23:47
  [checkpoint @ 1400]
[1401/2048]  (10,7,6,5)  ok    ETA 02:23:31
[1402/2048]  (10,7,5,5)  ok    ETA 02:23:15
[1403/2048]  (10,7,4,5)  ok    ETA 02:23:01
[1404/2048]  (10,7,3,5)  ok    ETA 02:22:44
[1405/2048]  (10,7,7,5)  ok    ETA 02:22:27
[1406/2048]  (10,7,2,5)  ok    ETA 02:22:15
[1407/2048]  (10,7,1,5)  ok    ETA 02:22:07
[1408/2048]  (11,0,3,1)  ok    ETA 02:21:59
[1409/2048]  (11,0,6,1)  ok    ETA 02:21:43
[1410/2048]  (10,7,0,5)  ok    ETA 02:21:24
[1411/2048]  (11,0,5,1)  ok    ETA 02:21:06
[1412/2048]  (11,0,2,1)  ok    ETA 02:20:48
[1413/2048]  (11,0,4,1)  ok    ETA 02:20:31
[1414/2048]  (11,0,1,1)  ok    ETA 02:20:18
[1415/2048]  (11,0,7,1)  ok    ETA 02:20:02
[1416/2048]  (11,0,0,1)  ok    ETA 02:19:49
[1417/2048]  (11,0,5,5)  ok    ETA 02:19:45
[1418/2048]  (11,0,7,5)  ok    ETA 02:19:28
[1419/2048]  (11,0,6,5)  ok    ETA 02:19:09
[1420/2048]  (11,0,3,5)  ok    ETA 02:19:02
[1421/2048]  (11,0,4,5)  ok    ETA 02:18:45
[1422/2048]  (11,0,2,5)  ok    ETA 02:18:44
[1423/2048]  (11,1,5,1)  ok    ETA 02:18:28
[1424/2048]  (11,1,3,1)  ok    ETA 02:18:11
[1425/2048]  (11,1,6,1)  ok    ETA 02:17:55
[1426/2048]  (11,1,4,1)  ok    ETA 02:17:37
[1427/2048]  (11,1,7,1)  ok    ETA 02:17:20
[1428/2048]  (11,1,2,1)  ok    ETA 02:17:05
[1429/2048]  (11,1,1,1)  ok    ETA 02:16:53
[1430/2048]  (11,0,1,5)  ok    ETA 02:16:36
[1431/2048]  (11,1,0,1)  ok    ETA 02:16:27
[1432/2048]  (11,1,6,5)  ok    ETA 02:16:10
[1433/2048]  (11,1,7,5)  ok    ETA 02:15:59
[1434/2048]  (11,1,5,5)  ok    ETA 02:15:42
[1435/2048]  (11,0,0,5)  ok    ETA 02:15:25
[1436/2048]  (11,1,4,5)  ok    ETA 02:15:12
[1437/2048]  (11,1,3,5)  ok    ETA 02:15:04
[1438/2048]  (11,1,2,5)  ok    ETA 02:15:06
[1439/2048]  (11,1,1,5)  ok    ETA 02:15:18
[1440/2048]  (11,2,6,1)  ok    ETA 02:15:01
[1441/2048]  (11,2,7,1)  ok    ETA 02:14:48
[1442/2048]  (11,2,5,1)  ok    ETA 02:14:31
[1443/2048]  (11,2,4,1)  ok    ETA 02:14:15
[1444/2048]  (11,2,3,1)  ok    ETA 02:14:00
[1445/2048]  (11,2,2,1)  ok    ETA 02:13:50
[1446/2048]  (11,1,0,5)  ok    ETA 02:13:32
[1447/2048]  (11,2,6,5)  ok    ETA 02:13:16
[1448/2048]  (11,2,7,5)  ok    ETA 02:13:01
[1449/2048]  (11,2,1,1)  ok    ETA 02:12:44
[1450/2048]  (11,2,5,5)  ok    ETA 02:12:33
[1451/2048]  (11,2,0,1)  ok    ETA 02:12:17
[1452/2048]  (11,2,4,5)  ok    ETA 02:12:09
[1453/2048]  (11,3,3,1)  ok    ETA 02:12:06
[1454/2048]  (11,3,2,1)  ok    ETA 02:11:48
[1455/2048]  (11,2,3,5)  ok    ETA 02:11:31
[1456/2048]  (11,3,5,1)  ok    ETA 02:11:13
[1457/2048]  (11,3,6,1)  ok    ETA 02:10:58
[1458/2048]  (11,3,4,1)  ok    ETA 02:10:42
[1459/2048]  (11,3,1,1)  ok    ETA 02:10:25
[1460/2048]  (11,3,0,1)  ok    ETA 02:10:15
[1461/2048]  (11,3,7,1)  ok    ETA 02:09:56
[1462/2048]  (11,2,2,5)  ok    ETA 02:09:39
[1463/2048]  (11,3,7,5)  ok    ETA 02:09:34
[1464/2048]  (11,3,5,5)  ok    ETA 02:09:19
[1465/2048]  (11,3,6,5)  ok    ETA 02:09:04
[1466/2048]  (11,3,4,5)  ok    ETA 02:08:47
[1467/2048]  (11,2,1,5)  ok    ETA 02:08:30
[1468/2048]  (11,3,3,5)  ok    ETA 02:08:13
[1469/2048]  (11,3,2,5)  ok    ETA 02:08:07
[1470/2048]  (11,3,1,5)  ok    ETA 02:08:03
[1471/2048]  (11,2,0,5)  ok    ETA 02:07:45
[1472/2048]  (11,4,5,1)  ok    ETA 02:07:30
[1473/2048]  (11,4,1,1)  ok    ETA 02:07:17
[1474/2048]  (11,4,2,1)  ok    ETA 02:06:58
[1475/2048]  (11,4,4,1)  ok    ETA 02:06:40
[1476/2048]  (11,4,6,1)  ok    ETA 02:06:23
[1477/2048]  (11,4,3,1)  ok    ETA 02:06:05
[1478/2048]  (11,4,0,1)  ok    ETA 02:05:54
[1479/2048]  (11,3,0,5)  ok    ETA 02:05:39
[1480/2048]  (11,4,5,5)  ok    ETA 02:05:30
[1481/2048]  (11,4,4,5)  ok    ETA 02:05:20
[1482/2048]  (11,4,6,5)  ok    ETA 02:05:09
[1483/2048]  (11,4,3,5)  ok    ETA 02:04:52
[1484/2048]  (11,4,7,1)  ok    ETA 02:04:38
[1485/2048]  (11,4,2,5)  ok    ETA 02:04:23
[1486/2048]  (11,4,7,5)  ok    ETA 02:04:14
[1487/2048]  (11,4,1,5)  ok    ETA 02:03:57
[1488/2048]  (11,4,0,5)  ok    ETA 02:03:57
[1489/2048]  (11,5,4,1)  ok    ETA 02:04:00
[1490/2048]  (11,5,5,1)  ok    ETA 02:03:45
[1491/2048]  (11,5,3,1)  ok    ETA 02:03:28
[1492/2048]  (11,5,1,1)  ok    ETA 02:03:13
[1493/2048]  (11,5,2,1)  ok    ETA 02:02:56
[1494/2048]  (11,5,7,1)  ok    ETA 02:02:43
[1495/2048]  (11,5,0,1)  ok    ETA 02:02:25
[1496/2048]  (11,5,6,1)  ok    ETA 02:02:11
[1497/2048]  (11,5,7,5)  ok    ETA 02:01:59
[1498/2048]  (11,5,5,5)  ok    ETA 02:01:47
[1499/2048]  (11,5,4,5)  ok    ETA 02:01:30
[1500/2048]  (11,5,6,5)  ok    ETA 02:01:13
[1501/2048]  (11,5,3,5)  ok    ETA 02:01:00
[1502/2048]  (11,5,2,5)  ok    ETA 02:00:54
[1503/2048]  (11,5,1,5)  ok    ETA 02:00:46
[1504/2048]  (11,6,5,1)  ok    ETA 02:00:36
[1505/2048]  (11,6,2,1)  ok    ETA 02:00:19
[1506/2048]  (11,6,1,1)  ok    ETA 02:00:02
[1507/2048]  (11,6,4,1)  ok    ETA 01:59:44
[1508/2048]  (11,5,0,5)  ok    ETA 01:59:27
[1509/2048]  (11,6,3,1)  ok    ETA 01:59:11
[1510/2048]  (11,6,6,1)  ok    ETA 01:58:53
[1511/2048]  (11,6,0,1)  ok    ETA 01:58:39
[1512/2048]  (11,6,7,1)  ok    ETA 01:58:24
[1513/2048]  (11,6,5,5)  ok    ETA 01:58:11
[1514/2048]  (11,6,7,5)  ok    ETA 01:58:00
[1515/2048]  (11,6,4,5)  ok    ETA 01:57:44
[1516/2048]  (11,6,6,5)  ok    ETA 01:57:29
[1517/2048]  (11,6,3,5)  ok    ETA 01:57:18
[1518/2048]  (11,6,2,5)  ok    ETA 01:57:02
[1519/2048]  (11,6,1,5)  ok    ETA 01:56:57
[1520/2048]  (11,7,3,1)  ok    ETA 01:56:47
[1521/2048]  (11,7,2,1)  ok    ETA 01:56:30
[1522/2048]  (11,6,0,5)  ok    ETA 01:56:13
[1523/2048]  (11,7,1,1)  ok    ETA 01:56:00
[1524/2048]  (11,7,5,1)  ok    ETA 01:55:44
[1525/2048]  (11,7,4,1)  ok    ETA 01:55:26
[1526/2048]  (11,7,6,1)  ok    ETA 01:55:09
[1527/2048]  (11,7,7,1)  ok    ETA 01:54:55
[1528/2048]  (11,7,0,1)  ok    ETA 01:54:40
[1529/2048]  (11,7,5,5)  ok    ETA 01:54:35
[1530/2048]  (11,7,6,5)  ok    ETA 01:54:18
[1531/2048]  (11,7,3,5)  ok    ETA 01:54:06
[1532/2048]  (11,7,4,5)  ok    ETA 01:53:49
[1533/2048]  (11,7,7,5)  ok    ETA 01:53:33
[1534/2048]  (11,7,2,5)  ok    ETA 01:53:16
[1535/2048]  (11,7,1,5)  ok    ETA 01:53:05
[1536/2048]  (11,7,0,5)  ok    ETA 01:53:02
[1537/2048]  (12,0,3,1)  ok    ETA 01:53:07
[1538/2048]  (12,0,6,1)  ok    ETA 01:52:50
[1539/2048]  (12,0,4,1)  ok    ETA 01:52:32
[1540/2048]  (12,0,5,1)  ok    ETA 01:52:16
[1541/2048]  (12,0,2,1)  ok    ETA 01:51:59
[1542/2048]  (12,0,1,1)  ok    ETA 01:51:44
[1543/2048]  (12,0,0,1)  ok    ETA 01:51:31
[1544/2048]  (12,0,7,1)  ok    ETA 01:51:18
[1545/2048]  (12,0,5,5)  ok    ETA 01:51:15
[1546/2048]  (12,0,6,5)  ok    ETA 01:51:01
[1547/2048]  (12,0,7,5)  ok    ETA 01:50:48
[1548/2048]  (12,0,4,5)  ok    ETA 01:50:34
[1549/2048]  (12,0,3,5)  ok    ETA 01:50:22
[1550/2048]  (12,1,4,1)  ok    ETA 01:50:18
[1551/2048]  (12,1,5,1)  ok    ETA 01:50:01
[1552/2048]  (12,0,2,5)  ok    ETA 01:49:44
[1553/2048]  (12,1,6,1)  ok    ETA 01:49:28
[1554/2048]  (12,1,3,1)  ok    ETA 01:49:11
[1555/2048]  (12,1,2,1)  ok    ETA 01:48:59
[1556/2048]  (12,1,7,1)  ok    ETA 01:48:42
[1557/2048]  (12,0,1,5)  ok    ETA 01:48:29
[1558/2048]  (12,1,1,1)  ok    ETA 01:48:16
[1559/2048]  (12,1,6,5)  ok    ETA 01:48:03
[1560/2048]  (12,1,0,1)  ok    ETA 01:47:48
[1561/2048]  (12,1,7,5)  ok    ETA 01:47:33
[1562/2048]  (12,1,5,5)  ok    ETA 01:47:17
[1563/2048]  (12,0,0,5)  ok    ETA 01:47:02
[1564/2048]  (12,1,4,5)  ok    ETA 01:46:55
[1565/2048]  (12,1,3,5)  ok    ETA 01:46:46
[1566/2048]  (12,2,7,1)  ok    ETA 01:46:36
[1567/2048]  (12,2,6,1)  ok    ETA 01:46:21
[1568/2048]  (12,2,3,1)  ok    ETA 01:46:08
[1569/2048]  (12,2,5,1)  ok    ETA 01:45:52
[1570/2048]  (12,1,2,5)  ok    ETA 01:45:35
[1571/2048]  (12,2,4,1)  ok    ETA 01:45:21
[1572/2048]  (12,2,2,1)  ok    ETA 01:45:07
[1573/2048]  (12,2,6,5)  ok    ETA 01:44:53
[1574/2048]  (12,2,1,1)  ok    ETA 01:44:40
[1575/2048]  (12,2,7,5)  ok    ETA 01:44:24
[1576/2048]  (12,2,0,1)  ok    ETA 01:44:11
[1577/2048]  (12,1,1,5)  ok    ETA 01:43:54
[1578/2048]  (12,2,5,5)  ok    ETA 01:43:41
[1579/2048]  (12,2,4,5)  ok    ETA 01:43:36
[1580/2048]  (12,2,3,5)  ok    ETA 01:43:25
[1581/2048]  (12,1,0,5)  ok    ETA 01:43:12
[1582/2048]  (12,2,2,5)  ok    ETA 01:43:08
[1583/2048]  (12,3,3,1)  ok    ETA 01:42:53
[1584/2048]  (12,3,2,1)  ok    ETA 01:42:38
[1585/2048]  (12,3,1,1)  ok    ETA 01:42:27
[1586/2048]  (12,3,5,1)  ok    ETA 01:42:11
[1587/2048]  (12,3,4,1)  ok    ETA 01:41:54
[1588/2048]  (12,3,6,1)  ok    ETA 01:41:39
[1589/2048]  (12,3,0,1)  ok    ETA 01:41:27
[1590/2048]  (12,3,7,1)  ok    ETA 01:41:12
[1591/2048]  (12,2,1,5)  ok    ETA 01:40:57
[1592/2048]  (12,3,7,5)  ok    ETA 01:40:48
[1593/2048]  (12,3,5,5)  ok    ETA 01:40:35
[1594/2048]  (12,3,3,5)  ok    ETA 01:40:22
[1595/2048]  (12,3,6,5)  ok    ETA 01:40:05
[1596/2048]  (12,2,0,5)  ok    ETA 01:39:48
[1597/2048]  (12,3,4,5)  ok    ETA 01:39:33
[1598/2048]  (12,3,2,5)  ok    ETA 01:39:22
[1599/2048]  (12,4,5,1)  ok    ETA 01:39:18
[1600/2048]  (12,3,1,5)  ok    ETA 01:39:03
  [checkpoint @ 1600]
[1601/2048]  (12,4,4,1)  ok    ETA 01:38:48
[1602/2048]  (12,4,3,1)  ok    ETA 01:38:33
[1603/2048]  (12,4,2,1)  ok    ETA 01:38:16
[1604/2048]  (12,4,1,1)  ok    ETA 01:38:02
[1605/2048]  (12,4,6,1)  ok    ETA 01:37:47
[1606/2048]  (12,4,0,1)  ok    ETA 01:37:31
[1607/2048]  (12,4,7,1)  ok    ETA 01:37:17
[1608/2048]  (12,3,0,5)  ok    ETA 01:37:04
[1609/2048]  (12,4,4,5)  ok    ETA 01:36:55
[1610/2048]  (12,4,7,5)  ok    ETA 01:36:38
[1611/2048]  (12,4,5,5)  ok    ETA 01:36:22
[1612/2048]  (12,4,6,5)  ok    ETA 01:36:09
[1613/2048]  (12,4,3,5)  ok    ETA 01:35:58
[1614/2048]  (12,4,2,5)  ok    ETA 01:35:48
[1615/2048]  (12,4,1,5)  ok    ETA 01:35:41
[1616/2048]  (12,5,4,1)  ok    ETA 01:35:26
[1617/2048]  (12,5,3,1)  ok    ETA 01:35:12
[1618/2048]  (12,5,2,1)  ok    ETA 01:34:57
[1619/2048]  (12,5,1,1)  ok    ETA 01:34:42
[1620/2048]  (12,5,5,1)  ok    ETA 01:34:27
[1621/2048]  (12,4,0,5)  ok    ETA 01:34:11
[1622/2048]  (12,5,0,1)  ok    ETA 01:33:56
[1623/2048]  (12,5,6,1)  ok    ETA 01:33:40
[1624/2048]  (12,5,7,1)  ok    ETA 01:33:32
[1625/2048]  (12,5,4,5)  ok    ETA 01:33:16
[1626/2048]  (12,5,5,5)  ok    ETA 01:33:07
[1627/2048]  (12,5,7,5)  ok    ETA 01:32:51
[1628/2048]  (12,5,3,5)  ok    ETA 01:32:36
[1629/2048]  (12,5,6,5)  ok    ETA 01:32:24
[1630/2048]  (12,5,2,5)  ok    ETA 01:32:11
[1631/2048]  (12,5,1,5)  ok    ETA 01:32:01
[1632/2048]  (12,5,0,5)  ok    ETA 01:31:55
[1633/2048]  (12,6,6,1)  ok    ETA 01:31:43
[1634/2048]  (12,6,3,1)  ok    ETA 01:31:27
[1635/2048]  (12,6,1,1)  ok    ETA 01:31:13
[1636/2048]  (12,6,5,1)  ok    ETA 01:30:57
[1637/2048]  (12,6,2,1)  ok    ETA 01:30:41
[1638/2048]  (12,6,4,1)  ok    ETA 01:30:26
[1639/2048]  (12,6,0,1)  ok    ETA 01:30:12
[1640/2048]  (12,6,7,1)  ok    ETA 01:30:00
[1641/2048]  (12,6,6,5)  ok    ETA 01:29:46
[1642/2048]  (12,6,5,5)  ok    ETA 01:29:32
[1643/2048]  (12,6,7,5)  ok    ETA 01:29:18
[1644/2048]  (12,6,4,5)  ok    ETA 01:29:07
[1645/2048]  (12,6,3,5)  ok    ETA 01:28:54
[1646/2048]  (12,6,2,5)  ok    ETA 01:28:40
[1647/2048]  (12,6,1,5)  ok    ETA 01:28:31
[1648/2048]  (12,7,3,1)  ok    ETA 01:28:20
[1649/2048]  (12,7,5,1)  ok    ETA 01:28:05
[1650/2048]  (12,7,2,1)  ok    ETA 01:27:51
[1651/2048]  (12,7,6,1)  ok    ETA 01:27:36
[1652/2048]  (12,6,0,5)  ok    ETA 01:27:20
[1653/2048]  (12,7,1,1)  ok    ETA 01:27:03
[1654/2048]  (12,7,4,1)  ok    ETA 01:26:48
[1655/2048]  (12,7,0,1)  ok    ETA 01:26:36
[1656/2048]  (12,7,7,1)  ok    ETA 01:26:23
[1657/2048]  (12,7,5,5)  ok    ETA 01:26:08
[1658/2048]  (12,7,6,5)  ok    ETA 01:25:55
[1659/2048]  (12,7,4,5)  ok    ETA 01:25:40
[1660/2048]  (12,7,7,5)  ok    ETA 01:25:26
[1661/2048]  (12,7,3,5)  ok    ETA 01:25:11
[1662/2048]  (12,7,2,5)  ok    ETA 01:24:59
[1663/2048]  (12,7,1,5)  ok    ETA 01:24:52
[1664/2048]  (13,0,3,1)  ok    ETA 01:24:40
[1665/2048]  (13,0,4,1)  ok    ETA 01:24:26
[1666/2048]  (13,0,2,1)  ok    ETA 01:24:10
[1667/2048]  (12,7,0,5)  ok    ETA 01:23:56
[1668/2048]  (13,0,5,1)  ok    ETA 01:23:40
[1669/2048]  (13,0,1,1)  ok    ETA 01:23:25
[1670/2048]  (13,0,6,1)  ok    ETA 01:23:10
[1671/2048]  (13,0,0,1)  ok    ETA 01:22:55
[1672/2048]  (13,0,7,1)  ok    ETA 01:22:41
[1673/2048]  (13,0,6,5)  ok    ETA 01:22:39
[1674/2048]  (13,0,5,5)  ok    ETA 01:22:25
[1675/2048]  (13,0,7,5)  ok    ETA 01:22:11
[1676/2048]  (13,0,4,5)  ok    ETA 01:21:59
[1677/2048]  (13,0,3,5)  ok    ETA 01:21:49
[1678/2048]  (13,0,2,5)  ok    ETA 01:21:38
[1679/2048]  (13,1,5,1)  ok    ETA 01:21:30
[1680/2048]  (13,1,4,1)  ok    ETA 01:21:15
[1681/2048]  (13,1,3,1)  ok    ETA 01:20:59
[1682/2048]  (13,1,6,1)  ok    ETA 01:20:44
[1683/2048]  (13,0,1,5)  ok    ETA 01:20:29
[1684/2048]  (13,1,2,1)  ok    ETA 01:20:14
[1685/2048]  (13,1,7,1)  ok    ETA 01:20:00
[1686/2048]  (13,1,1,1)  ok    ETA 01:19:47
[1687/2048]  (13,1,0,1)  ok    ETA 01:19:36
[1688/2048]  (13,0,0,5)  ok    ETA 01:19:21
[1689/2048]  (13,1,6,5)  ok    ETA 01:19:06
[1690/2048]  (13,1,7,5)  ok    ETA 01:18:53
[1691/2048]  (13,1,5,5)  ok    ETA 01:18:39
[1692/2048]  (13,1,4,5)  ok    ETA 01:18:29
[1693/2048]  (13,1,3,5)  ok    ETA 01:18:22
[1694/2048]  (13,2,6,1)  ok    ETA 01:18:07
[1695/2048]  (13,2,5,1)  ok    ETA 01:17:54
[1696/2048]  (13,2,4,1)  ok    ETA 01:17:40
[1697/2048]  (13,2,7,1)  ok    ETA 01:17:26
[1698/2048]  (13,1,2,5)  ok    ETA 01:17:12
[1699/2048]  (13,2,3,1)  ok    ETA 01:16:56
[1700/2048]  (13,2,2,1)  ok    ETA 01:16:42
[1701/2048]  (13,2,6,5)  ok    ETA 01:16:32
[1702/2048]  (13,2,1,1)  ok    ETA 01:16:17
[1703/2048]  (13,2,7,5)  ok    ETA 01:16:01
[1704/2048]  (13,2,0,1)  ok    ETA 01:15:49
[1705/2048]  (13,2,5,5)  ok    ETA 01:15:35
[1706/2048]  (13,1,1,5)  ok    ETA 01:15:20
[1707/2048]  (13,2,4,5)  ok    ETA 01:15:12
[1708/2048]  (13,3,3,1)  ok    ETA 01:15:02
[1709/2048]  (13,1,0,5)  ok    ETA 01:14:47
[1710/2048]  (13,2,3,5)  ok    ETA 01:14:34
[1711/2048]  (13,3,2,1)  ok    ETA 01:14:18
[1712/2048]  (13,3,1,1)  ok    ETA 01:14:06
[1713/2048]  (13,3,5,1)  ok    ETA 01:13:51
[1714/2048]  (13,3,4,1)  ok    ETA 01:13:36
[1715/2048]  (13,2,2,5)  ok    ETA 01:13:23
[1716/2048]  (13,3,0,1)  ok    ETA 01:13:08
[1717/2048]  (13,3,6,1)  ok    ETA 01:12:52
[1718/2048]  (13,3,7,1)  ok    ETA 01:12:44
[1719/2048]  (13,3,3,5)  ok    ETA 01:12:33
[1720/2048]  (13,3,5,5)  ok    ETA 01:12:18
[1721/2048]  (13,3,6,5)  ok    ETA 01:12:03
[1722/2048]  (13,3,7,5)  ok    ETA 01:11:49
[1723/2048]  (13,3,4,5)  ok    ETA 01:11:34
[1724/2048]  (13,2,1,5)  ok    ETA 01:11:19
[1725/2048]  (13,3,2,5)  ok    ETA 01:11:08
[1726/2048]  (13,2,0,5)  ok    ETA 01:11:02
[1727/2048]  (13,3,1,5)  ok    ETA 01:10:47
[1728/2048]  (13,4,4,1)  ok    ETA 01:10:35
[1729/2048]  (13,4,5,1)  ok    ETA 01:10:19
[1730/2048]  (13,4,2,1)  ok    ETA 01:10:05
[1731/2048]  (13,4,3,1)  ok    ETA 01:09:50
[1732/2048]  (13,4,1,1)  ok    ETA 01:09:35
[1733/2048]  (13,4,0,1)  ok    ETA 01:09:23
[1734/2048]  (13,4,7,1)  ok    ETA 01:09:09
[1735/2048]  (13,3,0,5)  ok    ETA 01:08:54
[1736/2048]  (13,4,6,1)  ok    ETA 01:08:38
[1737/2048]  (13,4,7,5)  ok    ETA 01:08:30
[1738/2048]  (13,4,5,5)  ok    ETA 01:08:14
[1739/2048]  (13,4,4,5)  ok    ETA 01:08:01
[1740/2048]  (13,4,6,5)  ok    ETA 01:07:46
[1741/2048]  (13,4,3,5)  ok    ETA 01:07:36
[1742/2048]  (13,4,2,5)  ok    ETA 01:07:24
[1743/2048]  (13,4,1,5)  ok    ETA 01:07:15
[1744/2048]  (13,5,4,1)  ok    ETA 01:07:03
[1745/2048]  (13,5,3,1)  ok    ETA 01:06:47
[1746/2048]  (13,5,1,1)  ok    ETA 01:06:34
[1747/2048]  (13,5,2,1)  ok    ETA 01:06:19
[1748/2048]  (13,5,5,1)  ok    ETA 01:06:04
[1749/2048]  (13,5,7,1)  ok    ETA 01:05:50
[1750/2048]  (13,5,0,1)  ok    ETA 01:05:35
[1751/2048]  (13,5,6,1)  ok    ETA 01:05:20
[1752/2048]  (13,4,0,5)  ok    ETA 01:05:06
[1753/2048]  (13,5,7,5)  ok    ETA 01:04:57
[1754/2048]  (13,5,4,5)  ok    ETA 01:04:43
[1755/2048]  (13,5,6,5)  ok    ETA 01:04:28
[1756/2048]  (13,5,5,5)  ok    ETA 01:04:15
[1757/2048]  (13,5,3,5)  ok    ETA 01:04:02
[1758/2048]  (13,5,2,5)  ok    ETA 01:03:51
[1759/2048]  (13,5,1,5)  ok    ETA 01:03:40
[1760/2048]  (13,6,2,1)  ok    ETA 01:03:27
[1761/2048]  (13,6,5,1)  ok    ETA 01:03:13
[1762/2048]  (13,6,6,1)  ok    ETA 01:03:00
[1763/2048]  (13,6,4,1)  ok    ETA 01:02:45
[1764/2048]  (13,6,1,1)  ok    ETA 01:02:30
[1765/2048]  (13,6,0,1)  ok    ETA 01:02:17
[1766/2048]  (13,6,3,1)  ok    ETA 01:02:02
[1767/2048]  (13,5,0,5)  ok    ETA 01:01:47
[1768/2048]  (13,6,7,1)  ok    ETA 01:01:33
[1769/2048]  (13,6,5,5)  ok    ETA 01:01:21
[1770/2048]  (13,6,4,5)  ok    ETA 01:01:10
[1771/2048]  (13,6,7,5)  ok    ETA 01:00:55
[1772/2048]  (13,6,6,5)  ok    ETA 01:00:41
[1773/2048]  (13,6,3,5)  ok    ETA 01:00:30
[1774/2048]  (13,6,2,5)  ok    ETA 01:00:17
[1775/2048]  (13,6,1,5)  ok    ETA 01:00:05
[1776/2048]  (13,7,3,1)  ok    ETA 00:59:55
[1777/2048]  (13,7,5,1)  ok    ETA 00:59:40
[1778/2048]  (13,6,0,5)  ok    ETA 00:59:26
[1779/2048]  (13,7,4,1)  ok    ETA 00:59:12
[1780/2048]  (13,7,2,1)  ok    ETA 00:58:57
[1781/2048]  (13,7,1,1)  ok    ETA 00:58:42
[1782/2048]  (13,7,6,1)  ok    ETA 00:58:28
[1783/2048]  (13,7,0,1)  ok    ETA 00:58:14
[1784/2048]  (13,7,7,1)  ok    ETA 00:58:03
[1785/2048]  (13,7,5,5)  ok    ETA 00:57:48
[1786/2048]  (13,7,6,5)  ok    ETA 00:57:35
[1787/2048]  (13,7,4,5)  ok    ETA 00:57:21
[1788/2048]  (13,7,3,5)  ok    ETA 00:57:06
[1789/2048]  (13,7,7,5)  ok    ETA 00:56:53
[1790/2048]  (13,7,2,5)  ok    ETA 00:56:42
[1791/2048]  (13,7,1,5)  ok    ETA 00:56:31
[1792/2048]  (14,0,3,1)  ok    ETA 00:56:19
[1793/2048]  (14,0,5,1)  ok    ETA 00:56:05
[1794/2048]  (14,0,2,1)  ok    ETA 00:55:51
[1795/2048]  (14,0,4,1)  ok    ETA 00:55:37
[1796/2048]  (14,0,6,1)  ok    ETA 00:55:22
[1797/2048]  (13,7,0,5)  ok    ETA 00:55:08
[1798/2048]  (14,0,1,1)  ok    ETA 00:54:53
[1799/2048]  (14,0,0,1)  ok    ETA 00:54:40
[1800/2048]  (14,0,7,1)  ok    ETA 00:54:26
  [checkpoint @ 1800]
[1801/2048]  (14,0,7,5)  ok    ETA 00:54:20
[1802/2048]  (14,0,5,5)  ok    ETA 00:54:05
[1803/2048]  (14,0,6,5)  ok    ETA 00:53:51
[1804/2048]  (14,0,4,5)  ok    ETA 00:53:39
[1805/2048]  (14,0,3,5)  ok    ETA 00:53:25
[1806/2048]  (14,0,2,5)  ok    ETA 00:53:18
[1807/2048]  (14,1,5,1)  ok    ETA 00:53:03
[1808/2048]  (14,1,4,1)  ok    ETA 00:52:48
[1809/2048]  (14,1,3,1)  ok    ETA 00:52:34
[1810/2048]  (14,1,6,1)  ok    ETA 00:52:20
[1811/2048]  (14,1,7,1)  ok    ETA 00:52:07
[1812/2048]  (14,1,2,1)  ok    ETA 00:51:52
[1813/2048]  (14,1,1,1)  ok    ETA 00:51:40
[1814/2048]  (14,0,1,5)  ok    ETA 00:51:26
[1815/2048]  (14,1,0,1)  ok    ETA 00:51:14
[1816/2048]  (14,1,6,5)  ok    ETA 00:51:01
[1817/2048]  (14,1,5,5)  ok    ETA 00:50:47
[1818/2048]  (14,1,7,5)  ok    ETA 00:50:33
[1819/2048]  (14,0,0,5)  ok    ETA 00:50:20
[1820/2048]  (14,1,4,5)  ok    ETA 00:50:09
[1821/2048]  (14,1,3,5)  ok    ETA 00:49:58
[1822/2048]  (14,2,6,1)  ok    ETA 00:49:44
[1823/2048]  (14,2,5,1)  ok    ETA 00:49:32
[1824/2048]  (14,2,4,1)  ok    ETA 00:49:17
[1825/2048]  (14,2,7,1)  ok    ETA 00:49:03
[1826/2048]  (14,2,3,1)  ok    ETA 00:48:49
[1827/2048]  (14,2,2,1)  ok    ETA 00:48:36
[1828/2048]  (14,1,2,5)  ok    ETA 00:48:22
[1829/2048]  (14,2,1,1)  ok    ETA 00:48:11
[1830/2048]  (14,2,7,5)  ok    ETA 00:47:56
[1831/2048]  (14,2,6,5)  ok    ETA 00:47:42
[1832/2048]  (14,2,5,5)  ok    ETA 00:47:29
[1833/2048]  (14,2,0,1)  ok    ETA 00:47:15
[1834/2048]  (14,1,1,5)  ok    ETA 00:47:02
[1835/2048]  (14,2,4,5)  ok    ETA 00:46:51
[1836/2048]  (14,3,3,1)  ok    ETA 00:46:40
[1837/2048]  (14,3,2,1)  ok    ETA 00:46:27
[1838/2048]  (14,2,3,5)  ok    ETA 00:46:13
[1839/2048]  (14,1,0,5)  ok    ETA 00:45:59
[1840/2048]  (14,3,5,1)  ok    ETA 00:45:45
[1841/2048]  (14,3,1,1)  ok    ETA 00:45:31
[1842/2048]  (14,3,6,1)  ok    ETA 00:45:16
[1843/2048]  (14,3,4,1)  ok    ETA 00:45:02
[1844/2048]  (14,3,0,1)  ok    ETA 00:44:50
[1845/2048]  (14,2,2,5)  ok    ETA 00:44:35
[1846/2048]  (14,3,7,1)  ok    ETA 00:44:22
[1847/2048]  (14,3,7,5)  ok    ETA 00:44:11
[1848/2048]  (14,3,5,5)  ok    ETA 00:43:58
[1849/2048]  (14,3,3,5)  ok    ETA 00:43:45
[1850/2048]  (14,3,4,5)  ok    ETA 00:43:31
[1851/2048]  (14,3,6,5)  ok    ETA 00:43:17
[1852/2048]  (14,2,1,5)  ok    ETA 00:43:02
[1853/2048]  (14,3,2,5)  ok    ETA 00:42:51
[1854/2048]  (14,4,5,1)  ok    ETA 00:42:43
[1855/2048]  (14,4,3,1)  ok    ETA 00:42:28
[1856/2048]  (14,4,4,1)  ok    ETA 00:42:14
[1857/2048]  (14,2,0,5)  ok    ETA 00:42:00
[1858/2048]  (14,4,2,1)  ok    ETA 00:41:45
[1859/2048]  (14,3,1,5)  ok    ETA 00:41:31
[1860/2048]  (14,4,1,1)  ok    ETA 00:41:17
[1861/2048]  (14,4,0,1)  ok    ETA 00:41:04
[1862/2048]  (14,4,6,1)  ok    ETA 00:40:49
[1863/2048]  (14,4,7,1)  ok    ETA 00:40:37
[1864/2048]  (14,3,0,5)  ok    ETA 00:40:25
[1865/2048]  (14,4,7,5)  ok    ETA 00:40:12
[1866/2048]  (14,4,4,5)  ok    ETA 00:39:58
[1867/2048]  (14,4,5,5)  ok    ETA 00:39:44
[1868/2048]  (14,4,6,5)  ok    ETA 00:39:29
[1869/2048]  (14,4,3,5)  ok    ETA 00:39:19
[1870/2048]  (14,4,2,5)  ok    ETA 00:39:07
[1871/2048]  (14,4,1,5)  ok    ETA 00:38:56
[1872/2048]  (14,5,4,1)  ok    ETA 00:38:42
[1873/2048]  (14,5,3,1)  ok    ETA 00:38:28
[1874/2048]  (14,5,5,1)  ok    ETA 00:38:15
[1875/2048]  (14,5,1,1)  ok    ETA 00:38:01
[1876/2048]  (14,5,0,1)  ok    ETA 00:37:47
[1877/2048]  (14,5,2,1)  ok    ETA 00:37:33
[1878/2048]  (14,5,7,1)  ok    ETA 00:37:19
[1879/2048]  (14,5,6,1)  ok    ETA 00:37:05
[1880/2048]  (14,4,0,5)  ok    ETA 00:36:51
[1881/2048]  (14,5,7,5)  ok    ETA 00:36:39
[1882/2048]  (14,5,4,5)  ok    ETA 00:36:28
[1883/2048]  (14,5,6,5)  ok    ETA 00:36:13
[1884/2048]  (14,5,5,5)  ok    ETA 00:36:01
[1885/2048]  (14,5,3,5)  ok    ETA 00:35:47
[1886/2048]  (14,5,2,5)  ok    ETA 00:35:36
[1887/2048]  (14,5,1,5)  ok    ETA 00:35:24
[1888/2048]  (14,6,2,1)  ok    ETA 00:35:10
[1889/2048]  (14,6,5,1)  ok    ETA 00:34:56
[1890/2048]  (14,6,1,1)  ok    ETA 00:34:42
[1891/2048]  (14,6,3,1)  ok    ETA 00:34:28
[1892/2048]  (14,6,4,1)  ok    ETA 00:34:14
[1893/2048]  (14,6,6,1)  ok    ETA 00:34:00
[1894/2048]  (14,6,0,1)  ok    ETA 00:33:47
[1895/2048]  (14,5,0,5)  ok    ETA 00:33:33
[1896/2048]  (14,6,7,1)  ok    ETA 00:33:21
[1897/2048]  (14,6,5,5)  ok    ETA 00:33:07
[1898/2048]  (14,6,7,5)  ok    ETA 00:32:55
[1899/2048]  (14,6,4,5)  ok    ETA 00:32:42
[1900/2048]  (14,6,6,5)  ok    ETA 00:32:29
[1901/2048]  (14,6,3,5)  ok    ETA 00:32:15
[1902/2048]  (14,6,2,5)  ok    ETA 00:32:02
[1903/2048]  (14,6,1,5)  ok    ETA 00:31:51
[1904/2048]  (14,7,5,1)  ok    ETA 00:31:38
[1905/2048]  (14,7,3,1)  ok    ETA 00:31:24
[1906/2048]  (14,7,2,1)  ok    ETA 00:31:10
[1907/2048]  (14,7,4,1)  ok    ETA 00:30:56
[1908/2048]  (14,7,1,1)  ok    ETA 00:30:42
[1909/2048]  (14,7,6,1)  ok    ETA 00:30:28
[1910/2048]  (14,6,0,5)  ok    ETA 00:30:15
[1911/2048]  (14,7,0,1)  ok    ETA 00:30:02
[1912/2048]  (14,7,5,5)  ok    ETA 00:29:49
[1913/2048]  (14,7,7,1)  ok    ETA 00:29:35
[1914/2048]  (14,7,6,5)  ok    ETA 00:29:22
[1915/2048]  (14,7,7,5)  ok    ETA 00:29:09
[1916/2048]  (14,7,4,5)  ok    ETA 00:28:55
[1917/2048]  (14,7,2,5)  ok    ETA 00:28:43
[1918/2048]  (14,7,3,5)  ok    ETA 00:28:29
[1919/2048]  (14,7,1,5)  ok    ETA 00:28:18
[1920/2048]  (15,0,3,1)  ok    ETA 00:28:05
[1921/2048]  (15,0,4,1)  ok    ETA 00:27:51
[1922/2048]  (15,0,2,1)  ok    ETA 00:27:38
[1923/2048]  (15,0,5,1)  ok    ETA 00:27:24
[1924/2048]  (15,0,6,1)  ok    ETA 00:27:10
[1925/2048]  (15,0,1,1)  ok    ETA 00:26:57
[1926/2048]  (14,7,0,5)  ok    ETA 00:26:43
[1927/2048]  (15,0,0,1)  ok    ETA 00:26:30
[1928/2048]  (15,0,7,1)  ok    ETA 00:26:17
[1929/2048]  (15,0,7,5)  ok    ETA 00:26:06
[1930/2048]  (15,0,5,5)  ok    ETA 00:25:53
[1931/2048]  (15,0,6,5)  ok    ETA 00:25:40
[1932/2048]  (15,0,4,5)  ok    ETA 00:25:27
[1933/2048]  (15,0,3,5)  ok    ETA 00:25:14
[1934/2048]  (15,1,4,1)  ok    ETA 00:25:02
[1935/2048]  (15,1,3,1)  ok    ETA 00:24:48
[1936/2048]  (15,1,5,1)  ok    ETA 00:24:35
[1937/2048]  (15,1,6,1)  ok    ETA 00:24:21
[1938/2048]  (15,0,2,5)  ok    ETA 00:24:07
[1939/2048]  (15,1,2,1)  ok    ETA 00:23:54
[1940/2048]  (15,1,7,1)  ok    ETA 00:23:41
[1941/2048]  (15,1,1,1)  ok    ETA 00:23:28
[1942/2048]  (15,0,1,5)  ok    ETA 00:23:16
[1943/2048]  (15,1,0,1)  ok    ETA 00:23:02
[1944/2048]  (15,1,6,5)  ok    ETA 00:22:48
[1945/2048]  (15,1,7,5)  ok    ETA 00:22:35
[1946/2048]  (15,1,5,5)  ok    ETA 00:22:22
[1947/2048]  (15,0,0,5)  ok    ETA 00:22:10
[1948/2048]  (15,1,4,5)  ok    ETA 00:21:56
[1949/2048]  (15,2,5,1)  ok    ETA 00:21:45
[1950/2048]  (15,1,3,5)  ok    ETA 00:21:31
[1951/2048]  (15,2,4,1)  ok    ETA 00:21:17
[1952/2048]  (15,2,6,1)  ok    ETA 00:21:04
[1953/2048]  (15,2,7,1)  ok    ETA 00:20:50
[1954/2048]  (15,2,3,1)  ok    ETA 00:20:37
[1955/2048]  (15,2,2,1)  ok    ETA 00:20:24
[1956/2048]  (15,1,2,5)  ok    ETA 00:20:11
[1957/2048]  (15,2,6,5)  ok    ETA 00:19:58
[1958/2048]  (15,2,1,1)  ok    ETA 00:19:44
[1959/2048]  (15,2,7,5)  ok    ETA 00:19:31
[1960/2048]  (15,2,5,5)  ok    ETA 00:19:18
[1961/2048]  (15,2,0,1)  ok    ETA 00:19:04
[1962/2048]  (15,1,1,5)  ok    ETA 00:18:52
[1963/2048]  (15,2,4,5)  ok    ETA 00:18:39
[1964/2048]  (15,3,3,1)  ok    ETA 00:18:26
[1965/2048]  (15,3,2,1)  ok    ETA 00:18:13
[1966/2048]  (15,2,3,5)  ok    ETA 00:18:00
[1967/2048]  (15,3,1,1)  ok    ETA 00:17:47
[1968/2048]  (15,3,5,1)  ok    ETA 00:17:33
[1969/2048]  (15,3,4,1)  ok    ETA 00:17:20
[1970/2048]  (15,3,6,1)  ok    ETA 00:17:06
[1971/2048]  (15,1,0,5)  ok    ETA 00:16:53
[1972/2048]  (15,3,0,1)  ok    ETA 00:16:39
[1973/2048]  (15,3,7,1)  ok    ETA 00:16:26
[1974/2048]  (15,2,2,5)  ok    ETA 00:16:13
[1975/2048]  (15,3,7,5)  ok    ETA 00:16:00
[1976/2048]  (15,3,5,5)  ok    ETA 00:15:48
[1977/2048]  (15,3,6,5)  ok    ETA 00:15:34
[1978/2048]  (15,3,3,5)  ok    ETA 00:15:21
[1979/2048]  (15,3,4,5)  ok    ETA 00:15:08
[1980/2048]  (15,2,1,5)  ok    ETA 00:14:54
[1981/2048]  (15,3,2,5)  ok    ETA 00:14:42
[1982/2048]  (15,4,4,1)  ok    ETA 00:14:29
[1983/2048]  (15,4,3,1)  ok    ETA 00:14:16
[1984/2048]  (15,4,2,1)  ok    ETA 00:14:02
[1985/2048]  (15,4,1,1)  ok    ETA 00:13:49
[1986/2048]  (15,3,1,5)  ok    ETA 00:13:35
[1987/2048]  (15,2,0,5)  ok    ETA 00:13:22
[1988/2048]  (15,4,5,1)  ok    ETA 00:13:09
[1989/2048]  (15,4,7,1)  ok    ETA 00:12:55
[1990/2048]  (15,4,0,1)  ok    ETA 00:12:42
[1991/2048]  (15,4,6,1)  ok    ETA 00:12:29
[1992/2048]  (15,4,7,5)  ok    ETA 00:12:16
[1993/2048]  (15,3,0,5)  ok    ETA 00:12:03
[1994/2048]  (15,4,6,5)  ok    ETA 00:11:50
[1995/2048]  (15,4,5,5)  ok    ETA 00:11:36
[1996/2048]  (15,4,4,5)  ok    ETA 00:11:23
[1997/2048]  (15,4,3,5)  ok    ETA 00:11:10
[1998/2048]  (15,5,4,1)  ok    ETA 00:10:58
[1999/2048]  (15,4,2,5)  ok    ETA 00:10:45
[2000/2048]  (15,5,3,1)  ok    ETA 00:10:31
  [checkpoint @ 2000]
[2001/2048]  (15,5,1,1)  ok    ETA 00:10:18
[2002/2048]  (15,5,2,1)  ok    ETA 00:10:05
[2003/2048]  (15,4,1,5)  ok    ETA 00:09:51
[2004/2048]  (15,5,5,1)  ok    ETA 00:09:38
[2005/2048]  (15,5,0,1)  ok    ETA 00:09:25
[2006/2048]  (15,5,7,1)  ok    ETA 00:09:11
[2007/2048]  (15,5,6,1)  ok    ETA 00:08:58
[2008/2048]  (15,5,7,5)  ok    ETA 00:08:45
[2009/2048]  (15,4,0,5)  ok    ETA 00:08:32
[2010/2048]  (15,5,6,5)  ok    ETA 00:08:19
[2011/2048]  (15,5,5,5)  ok    ETA 00:08:06
[2012/2048]  (15,5,4,5)  ok    ETA 00:07:53
[2013/2048]  (15,5,3,5)  ok    ETA 00:07:40
[2014/2048]  (15,5,2,5)  ok    ETA 00:07:27
[2015/2048]  (15,6,2,1)  ok    ETA 00:07:14
[2016/2048]  (15,6,3,1)  ok    ETA 00:07:01
[2017/2048]  (15,6,5,1)  ok    ETA 00:06:47
[2018/2048]  (15,6,4,1)  ok    ETA 00:06:34
[2019/2048]  (15,6,1,1)  ok    ETA 00:06:21
[2020/2048]  (15,5,1,5)  ok    ETA 00:06:08
[2021/2048]  (15,6,6,1)  ok    ETA 00:05:54
[2022/2048]  (15,6,0,1)  ok    ETA 00:05:41
[2023/2048]  (15,6,7,1)  ok    ETA 00:05:28
[2024/2048]  (15,5,0,5)  ok    ETA 00:05:15
[2025/2048]  (15,6,7,5)  ok    ETA 00:05:02
[2026/2048]  (15,6,5,5)  ok    ETA 00:04:48
[2027/2048]  (15,6,6,5)  ok    ETA 00:04:35
[2028/2048]  (15,6,4,5)  ok    ETA 00:04:22
[2029/2048]  (15,6,2,5)  ok    ETA 00:04:09
[2030/2048]  (15,6,3,5)  ok    ETA 00:03:56
[2031/2048]  (15,7,3,1)  ok    ETA 00:03:43
[2032/2048]  (15,6,1,5)  ok    ETA 00:03:30
[2033/2048]  (15,7,5,1)  ok    ETA 00:03:17
[2034/2048]  (15,7,2,1)  ok    ETA 00:03:03
[2035/2048]  (15,7,6,1)  ok    ETA 00:02:50
[2036/2048]  (15,7,4,1)  ok    ETA 00:02:37
[2037/2048]  (15,7,1,1)  ok    ETA 00:02:24
[2038/2048]  (15,7,0,1)  ok    ETA 00:02:11
[2039/2048]  (15,7,7,1)  ok    ETA 00:01:58
[2040/2048]  (15,6,0,5)  ok    ETA 00:01:44
[2041/2048]  (15,7,5,5)  ok    ETA 00:01:31
[2042/2048]  (15,7,7,5)  ok    ETA 00:01:18
[2043/2048]  (15,7,4,5)  ok    ETA 00:01:05
[2044/2048]  (15,7,6,5)  ok    ETA 00:00:52
[2045/2048]  (15,7,3,5)  ok    ETA 00:00:39
[2046/2048]  (15,7,2,5)  ok    ETA 00:00:26
[2047/2048]  (15,7,1,5)  ok    ETA 00:00:13
[2048/2048]  (15,7,0,5)  ok    ETA 00:00:00

Done. 2048 points in 449.4 min; 0 failed.
Saved → simulated/gennorm/gennorm_scan_1.npz
  corr_params:      (16, 8, 8, 8, 66)
  transform_params: (16, 8, 8, 8, 12, 4)
  WARNING: 6144 grid points have NaN.

=== job 10889413 finished Thu May  7 07:13:00 EDT 2026 ===
