=== job 10656606 started Wed May  6 11:55:02 EDT 2026 ===
    node:  holy7c18212
    cpus:  48
    python: Python 3.12.11

SVJ gennorm scan  job 0/3  (48 outer × 1 C++ threads)
  Grid:    8×8×8×8 = 4096 total  (1024 this job)
  To do:   1024  (already done: 0)
  Events/point: 10000
  Output:  simulated/gennorm/gennorm_scan_0.npz

[   1/1024]  (0,2,7,0)  ok    ETA 33:46:47
[   2/1024]  (0,1,7,0)  ok    ETA 17:01:42
[   3/1024]  (0,1,7,4)  ok    ETA 11:21:31
[   4/1024]  (0,0,6,0)  ok    ETA 08:32:55
[   5/1024]  (0,0,7,4)  ok    ETA 06:51:21
[   6/1024]  (0,2,7,4)  ok    ETA 05:43:16
[   7/1024]  (0,0,7,0)  ok    ETA 04:54:50
[   8/1024]  (0,0,6,4)  ok    ETA 04:17:54
[   9/1024]  (0,2,6,0)  ok    ETA 03:49:03
[  10/1024]  (0,1,6,4)  ok    ETA 03:27:44
[  11/1024]  (0,0,5,0)  ok    ETA 03:10:36
[  12/1024]  (0,2,6,4)  ok    ETA 02:54:50
[  13/1024]  (0,0,5,4)  ok    ETA 02:41:46
[  14/1024]  (0,1,6,0)  ok    ETA 02:30:16
[  15/1024]  (0,0,4,0)  ok    ETA 02:20:22
[  16/1024]  (0,0,3,0)  ok    ETA 02:11:29
[  17/1024]  (0,1,5,0)  ok    ETA 02:03:47
[  18/1024]  (0,2,5,0)  ok    ETA 01:57:24
[  19/1024]  (0,1,4,0)  ok    ETA 01:51:24
[  20/1024]  (0,0,2,0)  ok    ETA 01:45:53
[  21/1024]  (0,1,5,4)  ok    ETA 01:40:50
[  22/1024]  (0,1,3,0)  ok    ETA 01:36:16
[  23/1024]  (0,2,4,0)  ok    ETA 01:32:13
[  24/1024]  (0,2,5,4)  ok    ETA 01:28:29
[  25/1024]  (0,1,4,4)  ok    ETA 01:25:18
[  26/1024]  (0,2,3,0)  ok    ETA 01:22:11
[  27/1024]  (0,0,4,4)  ok    ETA 01:19:11
[  28/1024]  (0,1,2,0)  ok    ETA 01:16:17
[  29/1024]  (0,0,3,4)  ok    ETA 01:13:46
[  30/1024]  (0,1,3,4)  ok    ETA 01:11:37
[  31/1024]  (0,1,1,0)  ok    ETA 01:09:16
[  32/1024]  (0,2,4,4)  ok    ETA 01:07:08
[  33/1024]  (0,0,0,0)  ok    ETA 01:05:03
[  34/1024]  (0,0,1,0)  ok    ETA 01:03:25
[  35/1024]  (0,0,1,4)  ok    ETA 01:02:19
[  36/1024]  (0,2,2,0)  ok    ETA 01:00:37
[  37/1024]  (0,1,0,0)  ok    ETA 00:58:56
[  38/1024]  (0,1,1,4)  ok    ETA 00:57:27
[  39/1024]  (0,2,3,4)  ok    ETA 00:56:04
[  40/1024]  (0,1,2,4)  ok    ETA 00:54:39
[  41/1024]  (0,2,1,0)  ok    ETA 00:53:31
[  42/1024]  (0,0,2,4)  ok    ETA 00:52:36
[  43/1024]  (0,2,0,0)  ok    ETA 00:51:27
[  44/1024]  (0,0,0,4)  ok    ETA 00:50:26
[  45/1024]  (0,2,2,4)  ok    ETA 00:49:39
[  46/1024]  (0,2,0,4)  ok    ETA 00:48:49
[  47/1024]  (0,1,0,4)  ok    ETA 00:48:04
[  48/1024]  (0,2,1,4)  ok    ETA 00:47:28
[  49/1024]  (0,3,4,0)  ok    ETA 01:20:57
[  50/1024]  (0,3,7,0)  ok    ETA 01:19:16
[  51/1024]  (0,3,7,4)  ok    ETA 01:17:44
[  52/1024]  (0,3,6,0)  ok    ETA 01:16:22
[  53/1024]  (0,3,5,0)  ok    ETA 01:15:03
[  54/1024]  (0,3,6,4)  ok    ETA 01:13:46
[  55/1024]  (0,3,5,4)  ok    ETA 01:12:33
[  56/1024]  (0,3,3,0)  ok    ETA 01:11:11
[  57/1024]  (0,3,1,0)  ok    ETA 01:09:54
[  58/1024]  (0,3,0,0)  ok    ETA 01:09:01
[  59/1024]  (0,3,2,0)  ok    ETA 01:07:54
[  60/1024]  (0,4,7,0)  ok    ETA 01:06:44
[  61/1024]  (0,4,6,0)  ok    ETA 01:05:41
[  62/1024]  (0,3,3,4)  ok    ETA 01:04:37
[  63/1024]  (0,4,5,0)  ok    ETA 01:03:47
[  64/1024]  (0,3,2,4)  ok    ETA 01:02:47
[  65/1024]  (0,4,7,4)  ok    ETA 01:01:46
[  66/1024]  (0,3,1,4)  ok    ETA 01:00:52
[  67/1024]  (0,3,4,4)  ok    ETA 00:59:58
[  68/1024]  (0,4,4,0)  ok    ETA 00:59:03
[  69/1024]  (0,4,6,4)  ok    ETA 00:58:09
[  70/1024]  (0,4,2,0)  ok    ETA 00:57:27
[  71/1024]  (0,4,3,0)  ok    ETA 00:56:40
[  72/1024]  (0,4,4,4)  ok    ETA 00:55:54
[  73/1024]  (0,4,5,4)  ok    ETA 00:55:06
[  74/1024]  (0,4,3,4)  ok    ETA 00:54:28
[  75/1024]  (0,3,0,4)  ok    ETA 00:53:48
[  76/1024]  (0,4,1,0)  ok    ETA 00:53:06
[  77/1024]  (0,5,6,0)  ok    ETA 00:52:33
[  78/1024]  (0,4,0,0)  ok    ETA 00:51:55
[  79/1024]  (0,5,6,4)  ok    ETA 00:51:21
[  80/1024]  (0,5,5,0)  ok    ETA 00:50:41
[  81/1024]  (0,5,7,0)  ok    ETA 00:50:01
[  82/1024]  (0,5,4,0)  ok    ETA 00:49:26
[  83/1024]  (0,5,3,0)  ok    ETA 00:48:52
[  84/1024]  (0,4,2,4)  ok    ETA 00:48:15
[  85/1024]  (0,5,2,0)  ok    ETA 00:47:44
[  86/1024]  (0,4,1,4)  ok    ETA 00:47:10
[  87/1024]  (0,5,1,0)  ok    ETA 00:46:41
[  88/1024]  (0,4,0,4)  ok    ETA 00:46:07
[  89/1024]  (0,5,0,0)  ok    ETA 00:45:34
[  90/1024]  (0,5,5,4)  ok    ETA 00:45:10
[  91/1024]  (0,5,4,4)  ok    ETA 00:44:39
[  92/1024]  (0,5,7,4)  ok    ETA 00:44:10
[  93/1024]  (0,5,2,4)  ok    ETA 00:43:50
[  94/1024]  (0,5,0,4)  ok    ETA 00:43:21
[  95/1024]  (0,5,3,4)  ok    ETA 00:42:52
[  96/1024]  (0,5,1,4)  ok    ETA 00:42:26
[  97/1024]  (0,6,4,0)  ok    ETA 00:58:44
[  98/1024]  (0,6,6,4)  ok    ETA 00:58:14
[  99/1024]  (0,6,5,0)  ok    ETA 00:57:39
[ 100/1024]  (0,6,7,0)  ok    ETA 00:57:03
[ 101/1024]  (0,6,7,4)  ok    ETA 00:56:28
[ 102/1024]  (0,6,6,0)  ok    ETA 00:55:55
[ 103/1024]  (0,6,2,0)  ok    ETA 00:55:22
[ 104/1024]  (0,6,0,0)  ok    ETA 00:54:49
[ 105/1024]  (0,6,3,0)  ok    ETA 00:54:17
[ 106/1024]  (0,6,5,4)  ok    ETA 00:53:52
[ 107/1024]  (0,6,1,0)  ok    ETA 00:53:19
[ 108/1024]  (0,6,4,4)  ok    ETA 00:52:49
[ 109/1024]  (0,6,2,4)  ok    ETA 00:52:23
[ 110/1024]  (0,7,5,0)  ok    ETA 00:51:59
[ 111/1024]  (0,6,3,4)  ok    ETA 00:51:28
[ 112/1024]  (0,7,6,0)  ok    ETA 00:50:59
[ 113/1024]  (0,6,0,4)  ok    ETA 00:50:30
[ 114/1024]  (0,6,1,4)  ok    ETA 00:50:01
[ 115/1024]  (0,7,7,4)  ok    ETA 00:49:33
[ 116/1024]  (0,7,4,0)  ok    ETA 00:49:07
[ 117/1024]  (0,7,7,0)  ok    ETA 00:48:41
[ 118/1024]  (0,7,1,0)  ok    ETA 00:48:17
[ 119/1024]  (0,7,6,4)  ok    ETA 00:47:50
[ 120/1024]  (0,7,5,4)  ok    ETA 00:47:30
[ 121/1024]  (1,0,7,0)  ok    ETA 00:47:03
[ 122/1024]  (0,7,3,4)  ok    ETA 00:46:40
[ 123/1024]  (0,7,3,0)  ok    ETA 00:46:15
[ 124/1024]  (0,7,2,0)  ok    ETA 00:45:50
[ 125/1024]  (1,0,6,0)  ok    ETA 00:45:28
[ 126/1024]  (1,0,7,4)  ok    ETA 00:45:05
[ 127/1024]  (1,0,4,0)  ok    ETA 00:44:44
[ 128/1024]  (1,0,5,0)  ok    ETA 00:44:21
[ 129/1024]  (0,7,2,4)  ok    ETA 00:43:58
[ 130/1024]  (0,7,4,4)  ok    ETA 00:43:35
[ 131/1024]  (0,7,0,0)  ok    ETA 00:43:18
[ 132/1024]  (0,7,1,4)  ok    ETA 00:43:00
[ 133/1024]  (1,0,3,0)  ok    ETA 00:42:40
[ 134/1024]  (1,0,1,0)  ok    ETA 00:42:20
[ 135/1024]  (0,7,0,4)  ok    ETA 00:42:01
[ 136/1024]  (1,0,2,0)  ok    ETA 00:41:46
[ 137/1024]  (1,0,6,4)  ok    ETA 00:41:26
[ 138/1024]  (1,0,0,0)  ok    ETA 00:41:14
[ 139/1024]  (1,0,5,4)  ok    ETA 00:40:55
[ 140/1024]  (1,0,4,4)  ok    ETA 00:40:53
[ 141/1024]  (1,0,3,4)  ok    ETA 00:40:42
[ 142/1024]  (1,0,2,4)  ok    ETA 00:40:31
[ 143/1024]  (1,0,1,4)  ok    ETA 00:40:21
[ 144/1024]  (1,0,0,4)  ok    ETA 00:40:32
[ 145/1024]  (1,1,7,0)  ok    ETA 00:49:38
[ 146/1024]  (1,1,6,0)  ok    ETA 00:49:15
[ 147/1024]  (1,1,5,0)  ok    ETA 00:48:52
[ 148/1024]  (1,1,4,0)  ok    ETA 00:48:40
[ 149/1024]  (1,1,7,4)  ok    ETA 00:48:18
[ 150/1024]  (1,1,5,4)  ok    ETA 00:48:06
[ 151/1024]  (1,1,2,0)  ok    ETA 00:47:44
[ 152/1024]  (1,1,3,0)  ok    ETA 00:47:23
[ 153/1024]  (1,2,7,0)  ok    ETA 00:47:04
[ 154/1024]  (1,1,6,4)  ok    ETA 00:46:43
[ 155/1024]  (1,2,7,4)  ok    ETA 00:46:24
[ 156/1024]  (1,1,1,0)  ok    ETA 00:46:12
[ 157/1024]  (1,2,5,0)  ok    ETA 00:45:53
[ 158/1024]  (1,2,6,0)  ok    ETA 00:45:36
[ 159/1024]  (1,1,0,0)  ok    ETA 00:45:25
[ 160/1024]  (1,2,4,0)  ok    ETA 00:45:05
[ 161/1024]  (1,2,6,4)  ok    ETA 00:44:47
[ 162/1024]  (1,1,4,4)  ok    ETA 00:44:27
[ 163/1024]  (1,2,5,4)  ok    ETA 00:44:21
[ 164/1024]  (1,2,3,0)  ok    ETA 00:44:04
[ 165/1024]  (1,1,3,4)  ok    ETA 00:43:47
[ 166/1024]  (1,3,4,0)  ok    ETA 00:43:30
[ 167/1024]  (1,3,5,0)  ok    ETA 00:43:12
[ 168/1024]  (1,2,2,0)  ok    ETA 00:42:55
[ 169/1024]  (1,1,2,4)  ok    ETA 00:42:37
[ 170/1024]  (1,3,2,0)  ok    ETA 00:42:25
[ 171/1024]  (1,3,3,0)  ok    ETA 00:42:08
[ 172/1024]  (1,3,7,0)  ok    ETA 00:41:52
[ 173/1024]  (1,3,6,0)  ok    ETA 00:41:37
[ 174/1024]  (1,2,4,4)  ok    ETA 00:41:20
[ 175/1024]  (1,2,1,0)  ok    ETA 00:41:08
[ 176/1024]  (1,1,1,4)  ok    ETA 00:40:52
[ 177/1024]  (1,3,1,0)  ok    ETA 00:40:41
[ 178/1024]  (1,3,0,0)  ok    ETA 00:40:28
[ 179/1024]  (1,3,5,4)  ok    ETA 00:40:13
[ 180/1024]  (1,3,6,4)  ok    ETA 00:39:57
[ 181/1024]  (1,2,0,0)  ok    ETA 00:39:43
[ 182/1024]  (1,3,4,4)  ok    ETA 00:39:28
[ 183/1024]  (1,1,0,4)  ok    ETA 00:39:15
[ 184/1024]  (1,2,3,4)  ok    ETA 00:39:07
[ 185/1024]  (1,2,2,4)  ok    ETA 00:38:52
[ 186/1024]  (1,3,2,4)  ok    ETA 00:38:37
[ 187/1024]  (1,3,7,4)  ok    ETA 00:38:27
[ 188/1024]  (1,3,3,4)  ok    ETA 00:38:13
[ 189/1024]  (1,2,1,4)  ok    ETA 00:38:15
[ 190/1024]  (1,3,1,4)  ok    ETA 00:38:05
[ 191/1024]  (1,3,0,4)  ok    ETA 00:37:58
[ 192/1024]  (1,2,0,4)  ok    ETA 00:37:49
[ 193/1024]  (1,4,6,0)  ok    ETA 00:44:02
[ 194/1024]  (1,4,7,0)  ok    ETA 00:43:56
[ 195/1024]  (1,4,5,0)  ok    ETA 00:43:43
[ 196/1024]  (1,4,2,0)  ok    ETA 00:43:30
[ 197/1024]  (1,4,4,0)  ok    ETA 00:43:14
[ 198/1024]  (1,4,1,0)  ok    ETA 00:42:59
[ 199/1024]  (1,4,3,0)  ok    ETA 00:42:44
[ 200/1024]  (1,4,6,4)  ok    ETA 00:42:36
  [checkpoint @ 200]
[ 201/1024]  (1,4,7,4)  ok    ETA 00:42:23
[ 202/1024]  (1,4,5,4)  ok    ETA 00:42:09
[ 203/1024]  (1,4,0,0)  ok    ETA 00:41:54
[ 204/1024]  (1,4,4,4)  ok    ETA 00:41:42
[ 205/1024]  (1,5,7,0)  ok    ETA 00:41:38
[ 206/1024]  (1,4,3,4)  ok    ETA 00:41:26
[ 207/1024]  (1,5,6,0)  ok    ETA 00:41:11
[ 208/1024]  (1,5,7,4)  ok    ETA 00:40:58
[ 209/1024]  (1,5,5,0)  ok    ETA 00:40:43
[ 210/1024]  (1,4,2,4)  ok    ETA 00:40:33
[ 211/1024]  (1,5,4,0)  ok    ETA 00:40:19
[ 212/1024]  (1,5,3,0)  ok    ETA 00:40:06
[ 213/1024]  (1,5,6,4)  ok    ETA 00:39:54
[ 214/1024]  (1,4,0,4)  ok    ETA 00:39:42
[ 215/1024]  (1,5,5,4)  ok    ETA 00:39:29
[ 216/1024]  (1,5,2,0)  ok    ETA 00:39:17
[ 217/1024]  (1,4,1,4)  ok    ETA 00:39:07
[ 218/1024]  (1,5,0,0)  ok    ETA 00:38:56
[ 219/1024]  (1,5,1,0)  ok    ETA 00:38:45
[ 220/1024]  (1,6,5,0)  ok    ETA 00:38:33
[ 221/1024]  (1,5,4,4)  ok    ETA 00:38:20
[ 222/1024]  (1,5,3,4)  ok    ETA 00:38:14
[ 223/1024]  (1,6,4,0)  ok    ETA 00:38:03
[ 224/1024]  (1,6,3,0)  ok    ETA 00:37:50
[ 225/1024]  (1,5,2,4)  ok    ETA 00:37:39
[ 226/1024]  (1,6,2,0)  ok    ETA 00:37:28
[ 227/1024]  (1,6,6,0)  ok    ETA 00:37:16
[ 228/1024]  (1,6,7,0)  ok    ETA 00:37:06
[ 229/1024]  (1,6,5,4)  ok    ETA 00:36:54
[ 230/1024]  (1,5,1,4)  ok    ETA 00:36:47
[ 231/1024]  (1,6,4,4)  ok    ETA 00:36:35
[ 232/1024]  (1,6,6,4)  ok    ETA 00:36:25
[ 233/1024]  (1,6,0,0)  ok    ETA 00:36:15
[ 234/1024]  (1,6,1,0)  ok    ETA 00:36:03
[ 235/1024]  (1,5,0,4)  ok    ETA 00:35:53
[ 236/1024]  (1,6,7,4)  ok    ETA 00:35:43
[ 237/1024]  (1,6,3,4)  ok    ETA 00:35:33
[ 238/1024]  (1,6,2,4)  ok    ETA 00:35:26
[ 239/1024]  (1,6,1,4)  ok    ETA 00:35:22
[ 240/1024]  (1,6,0,4)  ok    ETA 00:35:11
[ 241/1024]  (1,7,7,0)  ok    ETA 00:40:10
[ 242/1024]  (1,7,3,0)  ok    ETA 00:39:58
[ 243/1024]  (1,7,0,0)  ok    ETA 00:39:45
[ 244/1024]  (1,7,2,0)  ok    ETA 00:39:34
[ 245/1024]  (1,7,5,0)  ok    ETA 00:39:22
[ 246/1024]  (1,7,4,0)  ok    ETA 00:39:09
[ 247/1024]  (1,7,1,0)  ok    ETA 00:38:58
[ 248/1024]  (1,7,6,0)  ok    ETA 00:38:48
[ 249/1024]  (1,7,7,4)  ok    ETA 00:38:38
[ 250/1024]  (2,0,6,0)  ok    ETA 00:38:27
[ 251/1024]  (2,0,7,0)  ok    ETA 00:38:16
[ 252/1024]  (1,7,6,4)  ok    ETA 00:38:05
[ 253/1024]  (1,7,5,4)  ok    ETA 00:37:53
[ 254/1024]  (2,0,4,0)  ok    ETA 00:37:45
[ 255/1024]  (2,0,5,0)  ok    ETA 00:37:33
[ 256/1024]  (1,7,4,4)  ok    ETA 00:37:23
[ 257/1024]  (1,7,3,4)  ok    ETA 00:37:12
[ 258/1024]  (2,0,2,0)  ok    ETA 00:37:04
[ 259/1024]  (2,0,3,0)  ok    ETA 00:36:55
[ 260/1024]  (2,0,1,0)  ok    ETA 00:36:45
[ 261/1024]  (2,0,7,4)  ok    ETA 00:36:34
[ 262/1024]  (1,7,2,4)  ok    ETA 00:36:25
[ 263/1024]  (2,0,0,0)  ok    ETA 00:36:17
[ 264/1024]  (2,0,6,4)  ok    ETA 00:36:06
[ 265/1024]  (1,7,1,4)  ok    ETA 00:35:57
[ 266/1024]  (1,7,0,4)  ok    ETA 00:35:47
[ 267/1024]  (2,0,5,4)  ok    ETA 00:35:38
[ 268/1024]  (2,1,5,0)  ok    ETA 00:35:34
[ 269/1024]  (2,1,6,0)  ok    ETA 00:35:24
[ 270/1024]  (2,1,7,0)  ok    ETA 00:35:16
[ 271/1024]  (2,0,4,4)  ok    ETA 00:35:06
[ 272/1024]  (2,1,4,0)  ok    ETA 00:35:00
[ 273/1024]  (2,1,7,4)  ok    ETA 00:34:55
[ 274/1024]  (2,0,3,4)  ok    ETA 00:34:46
[ 275/1024]  (2,1,3,0)  ok    ETA 00:34:36
[ 276/1024]  (2,1,2,0)  ok    ETA 00:34:28
[ 277/1024]  (2,1,6,4)  ok    ETA 00:34:19
[ 278/1024]  (2,1,1,0)  ok    ETA 00:34:09
[ 279/1024]  (2,1,0,0)  ok    ETA 00:34:01
[ 280/1024]  (2,0,2,4)  ok    ETA 00:33:53
[ 281/1024]  (2,1,5,4)  ok    ETA 00:33:44
[ 282/1024]  (2,0,1,4)  ok    ETA 00:33:43
[ 283/1024]  (2,1,4,4)  ok    ETA 00:33:34
[ 284/1024]  (2,0,0,4)  ok    ETA 00:33:33
[ 285/1024]  (2,1,3,4)  ok    ETA 00:33:24
[ 286/1024]  (2,1,2,4)  ok    ETA 00:33:26
[ 287/1024]  (2,1,1,4)  ok    ETA 00:33:27
[ 288/1024]  (2,1,0,4)  ok    ETA 00:33:35
[ 289/1024]  (2,2,7,0)  ok    ETA 00:36:22
[ 290/1024]  (2,2,6,0)  ok    ETA 00:36:16
[ 291/1024]  (2,2,5,0)  ok    ETA 00:36:11
[ 292/1024]  (2,2,7,4)  ok    ETA 00:36:03
[ 293/1024]  (2,2,4,0)  ok    ETA 00:35:56
[ 294/1024]  (2,3,7,0)  ok    ETA 00:35:56
[ 295/1024]  (2,2,6,4)  ok    ETA 00:35:46
[ 296/1024]  (2,2,3,0)  ok    ETA 00:35:36
[ 297/1024]  (2,2,5,4)  ok    ETA 00:35:30
[ 298/1024]  (2,3,5,0)  ok    ETA 00:35:21
[ 299/1024]  (2,3,6,0)  ok    ETA 00:35:12
[ 300/1024]  (2,2,2,0)  ok    ETA 00:35:03
[ 301/1024]  (2,3,4,0)  ok    ETA 00:34:55
[ 302/1024]  (2,3,2,0)  ok    ETA 00:34:48
[ 303/1024]  (2,3,7,4)  ok    ETA 00:34:40
[ 304/1024]  (2,3,3,0)  ok    ETA 00:34:33
[ 305/1024]  (2,3,6,4)  ok    ETA 00:34:23
[ 306/1024]  (2,2,1,0)  ok    ETA 00:34:14
[ 307/1024]  (2,2,0,0)  ok    ETA 00:34:08
[ 308/1024]  (2,2,4,4)  ok    ETA 00:34:00
[ 309/1024]  (2,3,1,0)  ok    ETA 00:33:51
[ 310/1024]  (2,3,0,0)  ok    ETA 00:33:44
[ 311/1024]  (2,3,5,4)  ok    ETA 00:33:36
[ 312/1024]  (2,3,4,4)  ok    ETA 00:33:30
[ 313/1024]  (2,2,3,4)  ok    ETA 00:33:22
[ 314/1024]  (2,4,5,0)  ok    ETA 00:33:21
[ 315/1024]  (2,3,3,4)  ok    ETA 00:33:14
[ 316/1024]  (2,2,2,4)  ok    ETA 00:33:05
[ 317/1024]  (2,4,4,0)  ok    ETA 00:32:59
[ 318/1024]  (2,4,6,0)  ok    ETA 00:32:50
[ 319/1024]  (2,4,3,0)  ok    ETA 00:32:41
[ 320/1024]  (2,4,2,0)  ok    ETA 00:32:37
[ 321/1024]  (2,3,2,4)  ok    ETA 00:32:30
[ 322/1024]  (2,4,1,0)  ok    ETA 00:32:21
[ 323/1024]  (2,4,0,0)  ok    ETA 00:32:15
[ 324/1024]  (2,2,1,4)  ok    ETA 00:32:07
[ 325/1024]  (2,3,1,4)  ok    ETA 00:32:00
[ 326/1024]  (2,4,3,4)  ok    ETA 00:31:55
[ 327/1024]  (2,4,6,4)  ok    ETA 00:31:48
[ 328/1024]  (2,4,5,4)  ok    ETA 00:31:40
[ 329/1024]  (2,4,7,0)  ok    ETA 00:31:32
[ 330/1024]  (2,3,0,4)  ok    ETA 00:31:24
[ 331/1024]  (2,4,4,4)  ok    ETA 00:31:16
[ 332/1024]  (2,4,2,4)  ok    ETA 00:31:15
[ 333/1024]  (2,2,0,4)  ok    ETA 00:31:07
[ 334/1024]  (2,4,1,4)  ok    ETA 00:31:05
[ 335/1024]  (2,4,7,4)  ok    ETA 00:31:01
[ 336/1024]  (2,4,0,4)  ok    ETA 00:30:57
[ 337/1024]  (2,5,6,0)  ok    ETA 00:33:30
[ 338/1024]  (2,5,5,0)  ok    ETA 00:33:21
[ 339/1024]  (2,5,7,0)  ok    ETA 00:33:14
[ 340/1024]  (2,5,2,0)  ok    ETA 00:33:09
[ 341/1024]  (2,5,0,0)  ok    ETA 00:33:00
[ 342/1024]  (2,5,7,4)  ok    ETA 00:32:52
[ 343/1024]  (2,5,1,0)  ok    ETA 00:32:43
[ 344/1024]  (2,5,3,0)  ok    ETA 00:32:36
[ 345/1024]  (2,5,4,0)  ok    ETA 00:32:30
[ 346/1024]  (2,5,6,4)  ok    ETA 00:32:24
[ 347/1024]  (2,5,5,4)  ok    ETA 00:32:18
[ 348/1024]  (2,5,4,4)  ok    ETA 00:32:16
[ 349/1024]  (2,5,3,4)  ok    ETA 00:32:10
[ 350/1024]  (2,6,4,0)  ok    ETA 00:32:04
[ 351/1024]  (2,6,7,0)  ok    ETA 00:31:56
[ 352/1024]  (2,5,1,4)  ok    ETA 00:31:50
[ 353/1024]  (2,6,5,0)  ok    ETA 00:31:42
[ 354/1024]  (2,5,2,4)  ok    ETA 00:31:34
[ 355/1024]  (2,6,6,0)  ok    ETA 00:31:27
[ 356/1024]  (2,6,7,4)  ok    ETA 00:31:20
[ 357/1024]  (2,6,2,0)  ok    ETA 00:31:13
[ 358/1024]  (2,6,3,0)  ok    ETA 00:31:05
[ 359/1024]  (2,6,1,0)  ok    ETA 00:30:58
[ 360/1024]  (2,6,0,0)  ok    ETA 00:30:51
[ 361/1024]  (2,5,0,4)  ok    ETA 00:30:43
[ 362/1024]  (2,6,6,4)  ok    ETA 00:30:40
[ 363/1024]  (2,6,5,4)  ok    ETA 00:30:36
[ 364/1024]  (2,6,3,4)  ok    ETA 00:30:31
[ 365/1024]  (2,6,4,4)  ok    ETA 00:30:25
[ 366/1024]  (2,6,2,4)  ok    ETA 00:30:20
[ 367/1024]  (2,6,1,4)  ok    ETA 00:30:14
[ 368/1024]  (2,7,5,0)  ok    ETA 00:30:06
[ 369/1024]  (2,7,6,0)  ok    ETA 00:29:59
[ 370/1024]  (2,7,3,0)  ok    ETA 00:29:55
[ 371/1024]  (2,7,4,0)  ok    ETA 00:29:47
[ 372/1024]  (2,6,0,4)  ok    ETA 00:29:41
[ 373/1024]  (2,7,7,0)  ok    ETA 00:29:34
[ 374/1024]  (2,7,2,0)  ok    ETA 00:29:31
[ 375/1024]  (2,7,1,0)  ok    ETA 00:29:24
[ 376/1024]  (2,7,6,4)  ok    ETA 00:29:17
[ 377/1024]  (2,7,5,4)  ok    ETA 00:29:11
[ 378/1024]  (2,7,4,4)  ok    ETA 00:29:04
[ 379/1024]  (2,7,0,0)  ok    ETA 00:28:57
[ 380/1024]  (2,7,7,4)  ok    ETA 00:28:50
[ 381/1024]  (2,7,3,4)  ok    ETA 00:28:50
[ 382/1024]  (2,7,2,4)  ok    ETA 00:28:47
[ 383/1024]  (2,7,1,4)  ok    ETA 00:28:41
[ 384/1024]  (2,7,0,4)  ok    ETA 00:28:40
[ 385/1024]  (3,0,5,0)  ok    ETA 00:30:33
[ 386/1024]  (3,0,3,0)  ok    ETA 00:30:26
[ 387/1024]  (3,0,4,0)  ok    ETA 00:30:19
[ 388/1024]  (3,0,6,0)  ok    ETA 00:30:13
[ 389/1024]  (3,0,7,0)  ok    ETA 00:30:06
[ 390/1024]  (3,0,2,0)  ok    ETA 00:30:00
[ 391/1024]  (3,0,1,0)  ok    ETA 00:29:53
[ 392/1024]  (3,0,0,0)  ok    ETA 00:29:49
[ 393/1024]  (3,0,7,4)  ok    ETA 00:29:42
[ 394/1024]  (3,0,6,4)  ok    ETA 00:29:46
[ 395/1024]  (3,0,5,4)  ok    ETA 00:29:40
[ 396/1024]  (3,0,4,4)  ok    ETA 00:29:33
[ 397/1024]  (3,1,4,0)  ok    ETA 00:29:29
[ 398/1024]  (3,1,7,0)  ok    ETA 00:29:22
[ 399/1024]  (3,1,5,0)  ok    ETA 00:29:15
[ 400/1024]  (3,0,3,4)  ok    ETA 00:29:08
  [checkpoint @ 400]
[ 401/1024]  (3,1,6,0)  ok    ETA 00:29:02
[ 402/1024]  (3,1,2,0)  ok    ETA 00:28:55
[ 403/1024]  (3,1,3,0)  ok    ETA 00:28:49
[ 404/1024]  (3,1,7,4)  ok    ETA 00:28:47
[ 405/1024]  (3,1,1,0)  ok    ETA 00:28:41
[ 406/1024]  (3,0,2,4)  ok    ETA 00:28:34
[ 407/1024]  (3,1,6,4)  ok    ETA 00:28:30
[ 408/1024]  (3,1,0,0)  ok    ETA 00:28:25
[ 409/1024]  (3,0,1,4)  ok    ETA 00:28:20
[ 410/1024]  (3,1,5,4)  ok    ETA 00:28:14
[ 411/1024]  (3,1,4,4)  ok    ETA 00:28:11
[ 412/1024]  (3,2,5,0)  ok    ETA 00:28:05
[ 413/1024]  (3,0,0,4)  ok    ETA 00:27:59
[ 414/1024]  (3,2,6,0)  ok    ETA 00:27:53
[ 415/1024]  (3,2,7,0)  ok    ETA 00:27:47
[ 416/1024]  (3,2,4,0)  ok    ETA 00:27:41
[ 417/1024]  (3,1,3,4)  ok    ETA 00:27:38
[ 418/1024]  (3,2,3,0)  ok    ETA 00:27:32
[ 419/1024]  (3,2,7,4)  ok    ETA 00:27:27
[ 420/1024]  (3,2,2,0)  ok    ETA 00:27:22
[ 421/1024]  (3,1,2,4)  ok    ETA 00:27:16
[ 422/1024]  (3,2,5,4)  ok    ETA 00:27:12
[ 423/1024]  (3,2,1,0)  ok    ETA 00:27:06
[ 424/1024]  (3,2,6,4)  ok    ETA 00:27:00
[ 425/1024]  (3,2,0,0)  ok    ETA 00:26:56
[ 426/1024]  (3,2,4,4)  ok    ETA 00:26:57
[ 427/1024]  (3,1,1,4)  ok    ETA 00:26:52
[ 428/1024]  (3,2,3,4)  ok    ETA 00:26:51
[ 429/1024]  (3,1,0,4)  ok    ETA 00:26:47
[ 430/1024]  (3,2,2,4)  ok    ETA 00:26:50
[ 431/1024]  (3,2,1,4)  ok    ETA 00:26:51
[ 432/1024]  (3,2,0,4)  ok    ETA 00:26:57
[ 433/1024]  (3,3,3,0)  ok    ETA 00:27:52
[ 434/1024]  (3,3,4,0)  ok    ETA 00:27:46
[ 435/1024]  (3,3,7,0)  ok    ETA 00:27:42
[ 436/1024]  (3,3,2,0)  ok    ETA 00:27:36
[ 437/1024]  (3,3,5,0)  ok    ETA 00:27:31
[ 438/1024]  (3,3,1,0)  ok    ETA 00:27:25
[ 439/1024]  (3,3,6,0)  ok    ETA 00:27:19
[ 440/1024]  (3,3,7,4)  ok    ETA 00:27:15
[ 441/1024]  (3,3,0,0)  ok    ETA 00:27:09
[ 442/1024]  (3,3,6,4)  ok    ETA 00:27:08
[ 443/1024]  (3,3,5,4)  ok    ETA 00:27:03
[ 444/1024]  (3,3,3,4)  ok    ETA 00:27:01
[ 445/1024]  (3,3,4,4)  ok    ETA 00:26:56
[ 446/1024]  (3,4,7,0)  ok    ETA 00:26:50
[ 447/1024]  (3,3,2,4)  ok    ETA 00:26:46
[ 448/1024]  (3,4,4,0)  ok    ETA 00:26:40
[ 449/1024]  (3,4,6,0)  ok    ETA 00:26:35
[ 450/1024]  (3,4,7,4)  ok    ETA 00:26:29
[ 451/1024]  (3,4,5,0)  ok    ETA 00:26:24
[ 452/1024]  (3,4,1,0)  ok    ETA 00:26:17
[ 453/1024]  (3,4,3,0)  ok    ETA 00:26:12
[ 454/1024]  (3,4,2,0)  ok    ETA 00:26:07
[ 455/1024]  (3,4,0,0)  ok    ETA 00:26:03
[ 456/1024]  (3,3,1,4)  ok    ETA 00:25:57
[ 457/1024]  (3,4,6,4)  ok    ETA 00:25:54
[ 458/1024]  (3,4,5,4)  ok    ETA 00:25:51
[ 459/1024]  (3,4,4,4)  ok    ETA 00:25:45
[ 460/1024]  (3,3,0,4)  ok    ETA 00:25:39
[ 461/1024]  (3,4,3,4)  ok    ETA 00:25:38
[ 462/1024]  (3,5,4,0)  ok    ETA 00:25:35
[ 463/1024]  (3,4,2,4)  ok    ETA 00:25:31
[ 464/1024]  (3,5,3,0)  ok    ETA 00:25:26
[ 465/1024]  (3,5,5,0)  ok    ETA 00:25:21
[ 466/1024]  (3,5,1,0)  ok    ETA 00:25:16
[ 467/1024]  (3,5,2,0)  ok    ETA 00:25:10
[ 468/1024]  (3,5,0,0)  ok    ETA 00:25:06
[ 469/1024]  (3,4,1,4)  ok    ETA 00:25:01
[ 470/1024]  (3,5,6,0)  ok    ETA 00:24:56
[ 471/1024]  (3,4,0,4)  ok    ETA 00:24:51
[ 472/1024]  (3,5,3,4)  ok    ETA 00:24:50
[ 473/1024]  (3,5,5,4)  ok    ETA 00:24:46
[ 474/1024]  (3,5,4,4)  ok    ETA 00:24:42
[ 475/1024]  (3,5,7,0)  ok    ETA 00:24:37
[ 476/1024]  (3,5,6,4)  ok    ETA 00:24:34
[ 477/1024]  (3,5,2,4)  ok    ETA 00:24:29
[ 478/1024]  (3,5,1,4)  ok    ETA 00:24:26
[ 479/1024]  (3,5,0,4)  ok    ETA 00:24:24
[ 480/1024]  (3,5,7,4)  ok    ETA 00:24:23
[ 481/1024]  (3,6,4,0)  ok    ETA 00:25:23
[ 482/1024]  (3,6,3,0)  ok    ETA 00:25:17
[ 483/1024]  (3,6,2,0)  ok    ETA 00:25:12
[ 484/1024]  (3,6,7,0)  ok    ETA 00:25:08
[ 485/1024]  (3,6,6,0)  ok    ETA 00:25:02
[ 486/1024]  (3,6,5,0)  ok    ETA 00:24:57
[ 487/1024]  (3,6,0,0)  ok    ETA 00:24:51
[ 488/1024]  (3,6,1,0)  ok    ETA 00:24:47
[ 489/1024]  (3,6,7,4)  ok    ETA 00:24:42
[ 490/1024]  (3,6,6,4)  ok    ETA 00:24:41
[ 491/1024]  (3,6,5,4)  ok    ETA 00:24:36
[ 492/1024]  (3,6,4,4)  ok    ETA 00:24:31
[ 493/1024]  (3,6,3,4)  ok    ETA 00:24:26
[ 494/1024]  (3,6,2,4)  ok    ETA 00:24:24
[ 495/1024]  (3,7,5,0)  ok    ETA 00:24:21
[ 496/1024]  (3,7,4,0)  ok    ETA 00:24:16
[ 497/1024]  (3,7,3,0)  ok    ETA 00:24:10
[ 498/1024]  (3,6,1,4)  ok    ETA 00:24:05
[ 499/1024]  (3,7,6,0)  ok    ETA 00:23:59
[ 500/1024]  (3,7,2,0)  ok    ETA 00:23:55
[ 501/1024]  (3,6,0,4)  ok    ETA 00:23:51
[ 502/1024]  (3,7,1,0)  ok    ETA 00:23:45
[ 503/1024]  (3,7,7,0)  ok    ETA 00:23:40
[ 504/1024]  (3,7,0,0)  ok    ETA 00:23:39
[ 505/1024]  (3,7,7,4)  ok    ETA 00:23:33
[ 506/1024]  (3,7,5,4)  ok    ETA 00:23:28
[ 507/1024]  (3,7,6,4)  ok    ETA 00:23:24
[ 508/1024]  (3,7,4,4)  ok    ETA 00:23:19
[ 509/1024]  (3,7,3,4)  ok    ETA 00:23:15
[ 510/1024]  (4,0,3,0)  ok    ETA 00:23:13
[ 511/1024]  (4,0,6,0)  ok    ETA 00:23:08
[ 512/1024]  (3,7,2,4)  ok    ETA 00:23:04
[ 513/1024]  (4,0,5,0)  ok    ETA 00:22:58
[ 514/1024]  (4,0,1,0)  ok    ETA 00:22:54
[ 515/1024]  (4,0,2,0)  ok    ETA 00:22:49
[ 516/1024]  (4,0,0,0)  ok    ETA 00:22:45
[ 517/1024]  (3,7,1,4)  ok    ETA 00:22:40
[ 518/1024]  (4,0,7,0)  ok    ETA 00:22:34
[ 519/1024]  (4,0,4,0)  ok    ETA 00:22:30
[ 520/1024]  (3,7,0,4)  ok    ETA 00:22:28
[ 521/1024]  (4,0,6,4)  ok    ETA 00:22:28
[ 522/1024]  (4,0,7,4)  ok    ETA 00:22:25
[ 523/1024]  (4,0,4,4)  ok    ETA 00:22:21
[ 524/1024]  (4,0,5,4)  ok    ETA 00:22:16
[ 525/1024]  (4,0,3,4)  ok    ETA 00:22:15
[ 526/1024]  (4,0,2,4)  ok    ETA 00:22:12
[ 527/1024]  (4,0,1,4)  ok    ETA 00:22:13
[ 528/1024]  (4,0,0,4)  ok    ETA 00:22:14
[ 529/1024]  (4,1,6,0)  ok    ETA 00:22:51
[ 530/1024]  (4,1,4,0)  ok    ETA 00:22:46
[ 531/1024]  (4,1,5,0)  ok    ETA 00:22:42
[ 532/1024]  (4,1,3,0)  ok    ETA 00:22:38
[ 533/1024]  (4,1,7,0)  ok    ETA 00:22:34
[ 534/1024]  (4,1,2,0)  ok    ETA 00:22:29
[ 535/1024]  (4,1,1,0)  ok    ETA 00:22:26
[ 536/1024]  (4,1,7,4)  ok    ETA 00:22:21
[ 537/1024]  (4,1,0,0)  ok    ETA 00:22:18
[ 538/1024]  (4,1,6,4)  ok    ETA 00:22:16
[ 539/1024]  (4,1,5,4)  ok    ETA 00:22:12
[ 540/1024]  (4,2,7,0)  ok    ETA 00:22:11
[ 541/1024]  (4,2,6,0)  ok    ETA 00:22:06
[ 542/1024]  (4,2,5,0)  ok    ETA 00:22:03
[ 543/1024]  (4,1,4,4)  ok    ETA 00:21:58
[ 544/1024]  (4,1,3,4)  ok    ETA 00:21:54
[ 545/1024]  (4,2,3,0)  ok    ETA 00:21:49
[ 546/1024]  (4,2,4,0)  ok    ETA 00:21:44
[ 547/1024]  (4,2,7,4)  ok    ETA 00:21:39
[ 548/1024]  (4,2,2,0)  ok    ETA 00:21:38
[ 549/1024]  (4,2,1,0)  ok    ETA 00:21:34
[ 550/1024]  (4,2,6,4)  ok    ETA 00:21:29
[ 551/1024]  (4,1,2,4)  ok    ETA 00:21:25
[ 552/1024]  (4,2,5,4)  ok    ETA 00:21:21
[ 553/1024]  (4,2,0,0)  ok    ETA 00:21:18
[ 554/1024]  (4,3,3,0)  ok    ETA 00:21:16
[ 555/1024]  (4,1,1,4)  ok    ETA 00:21:12
[ 556/1024]  (4,3,2,0)  ok    ETA 00:21:08
[ 557/1024]  (4,3,1,0)  ok    ETA 00:21:03
[ 558/1024]  (4,2,4,4)  ok    ETA 00:20:59
[ 559/1024]  (4,3,5,0)  ok    ETA 00:20:55
[ 560/1024]  (4,3,0,0)  ok    ETA 00:20:50
[ 561/1024]  (4,3,4,0)  ok    ETA 00:20:46
[ 562/1024]  (4,3,6,0)  ok    ETA 00:20:42
[ 563/1024]  (4,1,0,4)  ok    ETA 00:20:38
[ 564/1024]  (4,2,3,4)  ok    ETA 00:20:37
[ 565/1024]  (4,3,7,0)  ok    ETA 00:20:32
[ 566/1024]  (4,3,5,4)  ok    ETA 00:20:29
[ 567/1024]  (4,2,2,4)  ok    ETA 00:20:24
[ 568/1024]  (4,3,6,4)  ok    ETA 00:20:20
[ 569/1024]  (4,3,3,4)  ok    ETA 00:20:18
[ 570/1024]  (4,3,4,4)  ok    ETA 00:20:14
[ 571/1024]  (4,3,2,4)  ok    ETA 00:20:11
[ 572/1024]  (4,3,7,4)  ok    ETA 00:20:08
[ 573/1024]  (4,2,1,4)  ok    ETA 00:20:05
[ 574/1024]  (4,3,1,4)  ok    ETA 00:20:02
[ 575/1024]  (4,2,0,4)  ok    ETA 00:20:01
[ 576/1024]  (4,3,0,4)  ok    ETA 00:19:58
[ 577/1024]  (4,4,4,0)  ok    ETA 00:20:30
[ 578/1024]  (4,4,2,0)  ok    ETA 00:20:25
[ 579/1024]  (4,4,3,0)  ok    ETA 00:20:21
[ 580/1024]  (4,4,5,0)  ok    ETA 00:20:16
[ 581/1024]  (4,4,1,0)  ok    ETA 00:20:12
[ 582/1024]  (4,4,7,0)  ok    ETA 00:20:08
[ 583/1024]  (4,4,0,0)  ok    ETA 00:20:04
[ 584/1024]  (4,4,6,0)  ok    ETA 00:19:59
[ 585/1024]  (4,4,7,4)  ok    ETA 00:19:58
[ 586/1024]  (4,4,6,4)  ok    ETA 00:19:55
[ 587/1024]  (4,4,5,4)  ok    ETA 00:19:53
[ 588/1024]  (4,4,4,4)  ok    ETA 00:19:49
[ 589/1024]  (4,4,3,4)  ok    ETA 00:19:45
[ 590/1024]  (4,4,2,4)  ok    ETA 00:19:43
[ 591/1024]  (4,5,7,0)  ok    ETA 00:19:40
[ 592/1024]  (4,5,3,0)  ok    ETA 00:19:36
[ 593/1024]  (4,5,6,0)  ok    ETA 00:19:32
[ 594/1024]  (4,5,1,0)  ok    ETA 00:19:27
[ 595/1024]  (4,5,4,0)  ok    ETA 00:19:23
[ 596/1024]  (4,5,5,0)  ok    ETA 00:19:19
[ 597/1024]  (4,5,2,0)  ok    ETA 00:19:14
[ 598/1024]  (4,5,0,0)  ok    ETA 00:19:10
[ 599/1024]  (4,4,1,4)  ok    ETA 00:19:06
[ 600/1024]  (4,5,7,4)  ok    ETA 00:19:03
  [checkpoint @ 600]
[ 601/1024]  (4,4,0,4)  ok    ETA 00:19:00
[ 602/1024]  (4,5,6,4)  ok    ETA 00:18:55
[ 603/1024]  (4,5,5,4)  ok    ETA 00:18:53
[ 604/1024]  (4,5,3,4)  ok    ETA 00:18:51
[ 605/1024]  (4,5,4,4)  ok    ETA 00:18:47
[ 606/1024]  (4,5,2,4)  ok    ETA 00:18:46
[ 607/1024]  (4,6,4,0)  ok    ETA 00:18:43
[ 608/1024]  (4,6,2,0)  ok    ETA 00:18:38
[ 609/1024]  (4,6,5,0)  ok    ETA 00:18:34
[ 610/1024]  (4,6,0,0)  ok    ETA 00:18:30
[ 611/1024]  (4,6,1,0)  ok    ETA 00:18:25
[ 612/1024]  (4,6,3,0)  ok    ETA 00:18:21
[ 613/1024]  (4,6,6,0)  ok    ETA 00:18:17
[ 614/1024]  (4,5,1,4)  ok    ETA 00:18:13
[ 615/1024]  (4,6,7,0)  ok    ETA 00:18:11
[ 616/1024]  (4,5,0,4)  ok    ETA 00:18:07
[ 617/1024]  (4,6,4,4)  ok    ETA 00:18:05
[ 618/1024]  (4,6,6,4)  ok    ETA 00:18:01
[ 619/1024]  (4,6,5,4)  ok    ETA 00:17:57
[ 620/1024]  (4,6,7,4)  ok    ETA 00:17:54
[ 621/1024]  (4,6,3,4)  ok    ETA 00:17:50
[ 622/1024]  (4,6,2,4)  ok    ETA 00:17:49
[ 623/1024]  (4,6,1,4)  ok    ETA 00:17:48
[ 624/1024]  (4,6,0,4)  ok    ETA 00:17:44
[ 625/1024]  (4,7,3,0)  ok    ETA 00:18:09
[ 626/1024]  (4,7,2,0)  ok    ETA 00:18:06
[ 627/1024]  (4,7,6,0)  ok    ETA 00:18:02
[ 628/1024]  (4,7,4,0)  ok    ETA 00:17:58
[ 629/1024]  (4,7,1,0)  ok    ETA 00:17:55
[ 630/1024]  (4,7,5,0)  ok    ETA 00:17:50
[ 631/1024]  (4,7,7,0)  ok    ETA 00:17:46
[ 632/1024]  (4,7,0,0)  ok    ETA 00:17:43
[ 633/1024]  (4,7,7,4)  ok    ETA 00:17:41
[ 634/1024]  (4,7,3,4)  ok    ETA 00:17:38
[ 635/1024]  (4,7,6,4)  ok    ETA 00:17:34
[ 636/1024]  (4,7,5,4)  ok    ETA 00:17:29
[ 637/1024]  (4,7,2,4)  ok    ETA 00:17:26
[ 638/1024]  (4,7,4,4)  ok    ETA 00:17:22
[ 639/1024]  (5,0,3,0)  ok    ETA 00:17:19
[ 640/1024]  (5,0,2,0)  ok    ETA 00:17:15
[ 641/1024]  (5,0,4,0)  ok    ETA 00:17:10
[ 642/1024]  (5,0,5,0)  ok    ETA 00:17:06
[ 643/1024]  (5,0,6,0)  ok    ETA 00:17:03
[ 644/1024]  (5,0,1,0)  ok    ETA 00:16:59
[ 645/1024]  (5,0,0,0)  ok    ETA 00:16:56
[ 646/1024]  (4,7,1,4)  ok    ETA 00:16:52
[ 647/1024]  (5,0,7,0)  ok    ETA 00:16:48
[ 648/1024]  (4,7,0,4)  ok    ETA 00:16:47
[ 649/1024]  (5,0,7,4)  ok    ETA 00:16:44
[ 650/1024]  (5,0,6,4)  ok    ETA 00:16:42
[ 651/1024]  (5,0,4,4)  ok    ETA 00:16:39
[ 652/1024]  (5,0,5,4)  ok    ETA 00:16:35
[ 653/1024]  (5,1,6,0)  ok    ETA 00:16:33
[ 654/1024]  (5,0,3,4)  ok    ETA 00:16:30
[ 655/1024]  (5,1,5,0)  ok    ETA 00:16:26
[ 656/1024]  (5,1,3,0)  ok    ETA 00:16:22
[ 657/1024]  (5,1,4,0)  ok    ETA 00:16:18
[ 658/1024]  (5,1,2,0)  ok    ETA 00:16:15
[ 659/1024]  (5,0,2,4)  ok    ETA 00:16:11
[ 660/1024]  (5,1,1,0)  ok    ETA 00:16:08
[ 661/1024]  (5,1,7,0)  ok    ETA 00:16:05
[ 662/1024]  (5,1,0,0)  ok    ETA 00:16:02
[ 663/1024]  (5,1,6,4)  ok    ETA 00:16:00
[ 664/1024]  (5,0,1,4)  ok    ETA 00:15:56
[ 665/1024]  (5,1,7,4)  ok    ETA 00:15:53
[ 666/1024]  (5,1,5,4)  ok    ETA 00:15:49
[ 667/1024]  (5,0,0,4)  ok    ETA 00:15:48
[ 668/1024]  (5,1,4,4)  ok    ETA 00:15:45
[ 669/1024]  (5,1,3,4)  ok    ETA 00:15:43
[ 670/1024]  (5,1,2,4)  ok    ETA 00:15:43
[ 671/1024]  (5,1,1,4)  ok    ETA 00:15:44
[ 672/1024]  (5,1,0,4)  ok    ETA 00:15:47
[ 673/1024]  (5,2,7,0)  ok    ETA 00:15:50
[ 674/1024]  (5,2,6,0)  ok    ETA 00:15:47
[ 675/1024]  (5,2,5,0)  ok    ETA 00:15:43
[ 676/1024]  (5,2,4,0)  ok    ETA 00:15:40
[ 677/1024]  (5,2,3,0)  ok    ETA 00:15:36
[ 678/1024]  (5,2,7,4)  ok    ETA 00:15:33
[ 679/1024]  (5,2,2,0)  ok    ETA 00:15:30
[ 680/1024]  (5,2,1,0)  ok    ETA 00:15:27
[ 681/1024]  (5,2,0,0)  ok    ETA 00:15:24
[ 682/1024]  (5,2,6,4)  ok    ETA 00:15:20
[ 683/1024]  (5,2,5,4)  ok    ETA 00:15:19
[ 684/1024]  (5,3,3,0)  ok    ETA 00:15:16
[ 685/1024]  (5,3,2,0)  ok    ETA 00:15:13
[ 686/1024]  (5,3,4,0)  ok    ETA 00:15:10
[ 687/1024]  (5,3,7,0)  ok    ETA 00:15:06
[ 688/1024]  (5,3,5,0)  ok    ETA 00:15:03
[ 689/1024]  (5,3,1,0)  ok    ETA 00:14:59
[ 690/1024]  (5,3,0,0)  ok    ETA 00:14:55
[ 691/1024]  (5,3,6,0)  ok    ETA 00:14:51
[ 692/1024]  (5,2,4,4)  ok    ETA 00:14:48
[ 693/1024]  (5,3,7,4)  ok    ETA 00:14:46
[ 694/1024]  (5,2,3,4)  ok    ETA 00:14:42
[ 695/1024]  (5,3,6,4)  ok    ETA 00:14:40
[ 696/1024]  (5,3,5,4)  ok    ETA 00:14:37
[ 697/1024]  (5,2,2,4)  ok    ETA 00:14:34
[ 698/1024]  (5,3,4,4)  ok    ETA 00:14:32
[ 699/1024]  (5,3,3,4)  ok    ETA 00:14:28
[ 700/1024]  (5,3,2,4)  ok    ETA 00:14:26
[ 701/1024]  (5,4,2,0)  ok    ETA 00:14:23
[ 702/1024]  (5,4,1,0)  ok    ETA 00:14:19
[ 703/1024]  (5,2,1,4)  ok    ETA 00:14:16
[ 704/1024]  (5,4,4,0)  ok    ETA 00:14:12
[ 705/1024]  (5,4,5,0)  ok    ETA 00:14:09
[ 706/1024]  (5,4,3,0)  ok    ETA 00:14:05
[ 707/1024]  (5,4,0,0)  ok    ETA 00:14:01
[ 708/1024]  (5,3,1,4)  ok    ETA 00:13:58
[ 709/1024]  (5,4,6,0)  ok    ETA 00:13:55
[ 710/1024]  (5,2,0,4)  ok    ETA 00:13:53
[ 711/1024]  (5,3,0,4)  ok    ETA 00:13:51
[ 712/1024]  (5,4,4,4)  ok    ETA 00:13:48
[ 713/1024]  (5,4,5,4)  ok    ETA 00:13:45
[ 714/1024]  (5,4,7,0)  ok    ETA 00:13:42
[ 715/1024]  (5,4,6,4)  ok    ETA 00:13:39
[ 716/1024]  (5,4,3,4)  ok    ETA 00:13:35
[ 717/1024]  (5,4,2,4)  ok    ETA 00:13:33
[ 718/1024]  (5,4,1,4)  ok    ETA 00:13:30
[ 719/1024]  (5,4,0,4)  ok    ETA 00:13:30
[ 720/1024]  (5,4,7,4)  ok    ETA 00:13:27
[ 721/1024]  (5,5,2,0)  ok    ETA 00:13:36
[ 722/1024]  (5,5,4,0)  ok    ETA 00:13:33
[ 723/1024]  (5,5,3,0)  ok    ETA 00:13:29
[ 724/1024]  (5,5,7,0)  ok    ETA 00:13:26
[ 725/1024]  (5,5,0,0)  ok    ETA 00:13:22
[ 726/1024]  (5,5,1,0)  ok    ETA 00:13:19
[ 727/1024]  (5,5,5,0)  ok    ETA 00:13:15
[ 728/1024]  (5,5,6,0)  ok    ETA 00:13:12
[ 729/1024]  (5,5,7,4)  ok    ETA 00:13:10
[ 730/1024]  (5,5,4,4)  ok    ETA 00:13:09
[ 731/1024]  (5,5,6,4)  ok    ETA 00:13:06
[ 732/1024]  (5,5,5,4)  ok    ETA 00:13:02
[ 733/1024]  (5,5,3,4)  ok    ETA 00:13:00
[ 734/1024]  (5,5,2,4)  ok    ETA 00:12:56
[ 735/1024]  (5,6,1,0)  ok    ETA 00:12:55
[ 736/1024]  (5,6,5,0)  ok    ETA 00:12:51
[ 737/1024]  (5,6,2,0)  ok    ETA 00:12:48
[ 738/1024]  (5,6,7,0)  ok    ETA 00:12:44
[ 739/1024]  (5,5,1,4)  ok    ETA 00:12:41
[ 740/1024]  (5,6,3,0)  ok    ETA 00:12:37
[ 741/1024]  (5,6,4,0)  ok    ETA 00:12:34
[ 742/1024]  (5,6,0,0)  ok    ETA 00:12:31
[ 743/1024]  (5,6,6,0)  ok    ETA 00:12:27
[ 744/1024]  (5,6,7,4)  ok    ETA 00:12:24
[ 745/1024]  (5,5,0,4)  ok    ETA 00:12:21
[ 746/1024]  (5,6,6,4)  ok    ETA 00:12:19
[ 747/1024]  (5,6,5,4)  ok    ETA 00:12:17
[ 748/1024]  (5,6,4,4)  ok    ETA 00:12:13
[ 749/1024]  (5,6,2,4)  ok    ETA 00:12:11
[ 750/1024]  (5,6,3,4)  ok    ETA 00:12:07
[ 751/1024]  (5,6,1,4)  ok    ETA 00:12:05
[ 752/1024]  (5,7,1,0)  ok    ETA 00:12:02
[ 753/1024]  (5,7,2,0)  ok    ETA 00:11:58
[ 754/1024]  (5,7,0,0)  ok    ETA 00:11:56
[ 755/1024]  (5,7,6,0)  ok    ETA 00:11:53
[ 756/1024]  (5,7,4,0)  ok    ETA 00:11:49
[ 757/1024]  (5,7,3,0)  ok    ETA 00:11:46
[ 758/1024]  (5,7,5,0)  ok    ETA 00:11:42
[ 759/1024]  (5,6,0,4)  ok    ETA 00:11:40
[ 760/1024]  (5,7,7,0)  ok    ETA 00:11:38
[ 761/1024]  (5,7,6,4)  ok    ETA 00:11:34
[ 762/1024]  (5,7,5,4)  ok    ETA 00:11:31
[ 763/1024]  (5,7,7,4)  ok    ETA 00:11:29
[ 764/1024]  (5,7,3,4)  ok    ETA 00:11:27
[ 765/1024]  (5,7,4,4)  ok    ETA 00:11:23
[ 766/1024]  (5,7,2,4)  ok    ETA 00:11:20
[ 767/1024]  (5,7,1,4)  ok    ETA 00:11:18
[ 768/1024]  (5,7,0,4)  ok    ETA 00:11:16
[ 769/1024]  (6,0,3,0)  ok    ETA 00:11:20
[ 770/1024]  (6,0,2,0)  ok    ETA 00:11:17
[ 771/1024]  (6,0,4,0)  ok    ETA 00:11:14
[ 772/1024]  (6,0,1,0)  ok    ETA 00:11:11
[ 773/1024]  (6,0,0,0)  ok    ETA 00:11:08
[ 774/1024]  (6,0,5,0)  ok    ETA 00:11:05
[ 775/1024]  (6,0,6,0)  ok    ETA 00:11:02
[ 776/1024]  (6,0,7,0)  ok    ETA 00:10:59
[ 777/1024]  (6,0,7,4)  ok    ETA 00:10:59
[ 778/1024]  (6,0,6,4)  ok    ETA 00:10:55
[ 779/1024]  (6,0,5,4)  ok    ETA 00:10:53
[ 780/1024]  (6,0,3,4)  ok    ETA 00:10:50
[ 781/1024]  (6,0,4,4)  ok    ETA 00:10:48
[ 782/1024]  (6,1,3,0)  ok    ETA 00:10:45
[ 783/1024]  (6,1,4,0)  ok    ETA 00:10:41
[ 784/1024]  (6,1,2,0)  ok    ETA 00:10:39
[ 785/1024]  (6,1,6,0)  ok    ETA 00:10:35
[ 786/1024]  (6,1,5,0)  ok    ETA 00:10:32
[ 787/1024]  (6,1,7,0)  ok    ETA 00:10:29
[ 788/1024]  (6,1,1,0)  ok    ETA 00:10:26
[ 789/1024]  (6,0,2,4)  ok    ETA 00:10:22
[ 790/1024]  (6,1,0,0)  ok    ETA 00:10:20
[ 791/1024]  (6,1,7,4)  ok    ETA 00:10:17
[ 792/1024]  (6,0,1,4)  ok    ETA 00:10:14
[ 793/1024]  (6,1,6,4)  ok    ETA 00:10:11
[ 794/1024]  (6,1,5,4)  ok    ETA 00:10:10
[ 795/1024]  (6,1,4,4)  ok    ETA 00:10:07
[ 796/1024]  (6,0,0,4)  ok    ETA 00:10:04
[ 797/1024]  (6,2,7,0)  ok    ETA 00:10:02
[ 798/1024]  (6,2,5,0)  ok    ETA 00:09:59
[ 799/1024]  (6,2,4,0)  ok    ETA 00:09:56
[ 800/1024]  (6,2,3,0)  ok    ETA 00:09:53
  [checkpoint @ 800]
[ 801/1024]  (6,1,3,4)  ok    ETA 00:09:49
[ 802/1024]  (6,2,6,0)  ok    ETA 00:09:46
[ 803/1024]  (6,2,2,0)  ok    ETA 00:09:43
[ 804/1024]  (6,2,1,0)  ok    ETA 00:09:40
[ 805/1024]  (6,2,0,0)  ok    ETA 00:09:38
[ 806/1024]  (6,1,2,4)  ok    ETA 00:09:35
[ 807/1024]  (6,2,6,4)  ok    ETA 00:09:32
[ 808/1024]  (6,2,7,4)  ok    ETA 00:09:29
[ 809/1024]  (6,2,5,4)  ok    ETA 00:09:27
[ 810/1024]  (6,1,1,4)  ok    ETA 00:09:25
[ 811/1024]  (6,2,4,4)  ok    ETA 00:09:22
[ 812/1024]  (6,2,3,4)  ok    ETA 00:09:21
[ 813/1024]  (6,1,0,4)  ok    ETA 00:09:19
[ 814/1024]  (6,2,2,4)  ok    ETA 00:09:16
[ 815/1024]  (6,3,3,0)  ok    ETA 00:09:16
[ 816/1024]  (6,3,2,0)  ok    ETA 00:09:13
[ 817/1024]  (6,2,1,4)  ok    ETA 00:09:10
[ 818/1024]  (6,3,1,0)  ok    ETA 00:09:07
[ 819/1024]  (6,3,0,0)  ok    ETA 00:09:04
[ 820/1024]  (6,3,5,0)  ok    ETA 00:09:01
[ 821/1024]  (6,3,4,0)  ok    ETA 00:08:58
[ 822/1024]  (6,3,7,0)  ok    ETA 00:08:55
[ 823/1024]  (6,3,6,0)  ok    ETA 00:08:52
[ 824/1024]  (6,2,0,4)  ok    ETA 00:08:50
[ 825/1024]  (6,3,7,4)  ok    ETA 00:08:47
[ 826/1024]  (6,3,6,4)  ok    ETA 00:08:44
[ 827/1024]  (6,3,5,4)  ok    ETA 00:08:42
[ 828/1024]  (6,3,3,4)  ok    ETA 00:08:39
[ 829/1024]  (6,3,4,4)  ok    ETA 00:08:36
[ 830/1024]  (6,4,2,0)  ok    ETA 00:08:34
[ 831/1024]  (6,3,2,4)  ok    ETA 00:08:31
[ 832/1024]  (6,4,4,0)  ok    ETA 00:08:28
[ 833/1024]  (6,4,3,0)  ok    ETA 00:08:25
[ 834/1024]  (6,4,1,0)  ok    ETA 00:08:22
[ 835/1024]  (6,4,0,0)  ok    ETA 00:08:19
[ 836/1024]  (6,4,5,0)  ok    ETA 00:08:17
[ 837/1024]  (6,4,6,0)  ok    ETA 00:08:14
[ 838/1024]  (6,4,7,0)  ok    ETA 00:08:11
[ 839/1024]  (6,3,1,4)  ok    ETA 00:08:07
[ 840/1024]  (6,4,7,4)  ok    ETA 00:08:06
[ 841/1024]  (6,3,0,4)  ok    ETA 00:08:03
[ 842/1024]  (6,4,6,4)  ok    ETA 00:08:00
[ 843/1024]  (6,4,5,4)  ok    ETA 00:07:57
[ 844/1024]  (6,4,4,4)  ok    ETA 00:07:55
[ 845/1024]  (6,4,3,4)  ok    ETA 00:07:52
[ 846/1024]  (6,5,1,0)  ok    ETA 00:07:50
[ 847/1024]  (6,5,2,0)  ok    ETA 00:07:47
[ 848/1024]  (6,4,2,4)  ok    ETA 00:07:44
[ 849/1024]  (6,5,3,0)  ok    ETA 00:07:41
[ 850/1024]  (6,5,0,0)  ok    ETA 00:07:38
[ 851/1024]  (6,5,4,0)  ok    ETA 00:07:35
[ 852/1024]  (6,5,5,0)  ok    ETA 00:07:32
[ 853/1024]  (6,4,1,4)  ok    ETA 00:07:29
[ 854/1024]  (6,4,0,4)  ok    ETA 00:07:28
[ 855/1024]  (6,5,6,0)  ok    ETA 00:07:25
[ 856/1024]  (6,5,3,4)  ok    ETA 00:07:23
[ 857/1024]  (6,5,4,4)  ok    ETA 00:07:20
[ 858/1024]  (6,5,7,0)  ok    ETA 00:07:17
[ 859/1024]  (6,5,2,4)  ok    ETA 00:07:14
[ 860/1024]  (6,5,6,4)  ok    ETA 00:07:11
[ 861/1024]  (6,5,5,4)  ok    ETA 00:07:08
[ 862/1024]  (6,5,7,4)  ok    ETA 00:07:06
[ 863/1024]  (6,5,1,4)  ok    ETA 00:07:03
[ 864/1024]  (6,5,0,4)  ok    ETA 00:07:01
[ 865/1024]  (6,6,3,0)  ok    ETA 00:07:00
[ 866/1024]  (6,6,2,0)  ok    ETA 00:06:57
[ 867/1024]  (6,6,1,0)  ok    ETA 00:06:54
[ 868/1024]  (6,6,0,0)  ok    ETA 00:06:51
[ 869/1024]  (6,6,4,0)  ok    ETA 00:06:49
[ 870/1024]  (6,6,6,0)  ok    ETA 00:06:46
[ 871/1024]  (6,6,5,0)  ok    ETA 00:06:43
[ 872/1024]  (6,6,7,0)  ok    ETA 00:06:40
[ 873/1024]  (6,6,7,4)  ok    ETA 00:06:38
[ 874/1024]  (6,6,5,4)  ok    ETA 00:06:35
[ 875/1024]  (6,6,6,4)  ok    ETA 00:06:33
[ 876/1024]  (6,6,4,4)  ok    ETA 00:06:30
[ 877/1024]  (6,6,2,4)  ok    ETA 00:06:28
[ 878/1024]  (6,6,3,4)  ok    ETA 00:06:25
[ 879/1024]  (6,7,3,0)  ok    ETA 00:06:23
[ 880/1024]  (6,6,1,4)  ok    ETA 00:06:20
[ 881/1024]  (6,7,5,0)  ok    ETA 00:06:17
[ 882/1024]  (6,7,1,0)  ok    ETA 00:06:14
[ 883/1024]  (6,7,2,0)  ok    ETA 00:06:11
[ 884/1024]  (6,7,6,0)  ok    ETA 00:06:08
[ 885/1024]  (6,7,4,0)  ok    ETA 00:06:05
[ 886/1024]  (6,7,0,0)  ok    ETA 00:06:02
[ 887/1024]  (6,6,0,4)  ok    ETA 00:05:59
[ 888/1024]  (6,7,7,0)  ok    ETA 00:05:57
[ 889/1024]  (6,7,7,4)  ok    ETA 00:05:54
[ 890/1024]  (6,7,5,4)  ok    ETA 00:05:52
[ 891/1024]  (6,7,6,4)  ok    ETA 00:05:49
[ 892/1024]  (6,7,4,4)  ok    ETA 00:05:46
[ 893/1024]  (6,7,3,4)  ok    ETA 00:05:44
[ 894/1024]  (7,0,2,0)  ok    ETA 00:05:41
[ 895/1024]  (6,7,2,4)  ok    ETA 00:05:38
[ 896/1024]  (7,0,1,0)  ok    ETA 00:05:35
[ 897/1024]  (7,0,0,0)  ok    ETA 00:05:32
[ 898/1024]  (7,0,3,0)  ok    ETA 00:05:30
[ 899/1024]  (6,7,1,4)  ok    ETA 00:05:27
[ 900/1024]  (7,0,4,0)  ok    ETA 00:05:24
[ 901/1024]  (7,0,6,0)  ok    ETA 00:05:21
[ 902/1024]  (7,0,5,0)  ok    ETA 00:05:18
[ 903/1024]  (7,0,7,0)  ok    ETA 00:05:16
[ 904/1024]  (6,7,0,4)  ok    ETA 00:05:13
[ 905/1024]  (7,0,6,4)  ok    ETA 00:05:12
[ 906/1024]  (7,0,7,4)  ok    ETA 00:05:09
[ 907/1024]  (7,0,5,4)  ok    ETA 00:05:06
[ 908/1024]  (7,0,4,4)  ok    ETA 00:05:04
[ 909/1024]  (7,0,3,4)  ok    ETA 00:05:02
[ 910/1024]  (7,0,2,4)  ok    ETA 00:05:00
[ 911/1024]  (7,0,1,4)  ok    ETA 00:04:57
[ 912/1024]  (7,1,3,0)  ok    ETA 00:04:54
[ 913/1024]  (7,1,2,0)  ok    ETA 00:04:51
[ 914/1024]  (7,1,4,0)  ok    ETA 00:04:49
[ 915/1024]  (7,1,5,0)  ok    ETA 00:04:46
[ 916/1024]  (7,1,1,0)  ok    ETA 00:04:43
[ 917/1024]  (7,1,0,0)  ok    ETA 00:04:40
[ 918/1024]  (7,1,6,0)  ok    ETA 00:04:37
[ 919/1024]  (7,0,0,4)  ok    ETA 00:04:35
[ 920/1024]  (7,1,7,0)  ok    ETA 00:04:32
[ 921/1024]  (7,1,7,4)  ok    ETA 00:04:30
[ 922/1024]  (7,1,6,4)  ok    ETA 00:04:27
[ 923/1024]  (7,1,5,4)  ok    ETA 00:04:25
[ 924/1024]  (7,1,4,4)  ok    ETA 00:04:23
[ 925/1024]  (7,2,7,0)  ok    ETA 00:04:20
[ 926/1024]  (7,1,3,4)  ok    ETA 00:04:17
[ 927/1024]  (7,2,3,0)  ok    ETA 00:04:15
[ 928/1024]  (7,2,5,0)  ok    ETA 00:04:12
[ 929/1024]  (7,2,6,0)  ok    ETA 00:04:09
[ 930/1024]  (7,2,2,0)  ok    ETA 00:04:06
[ 931/1024]  (7,2,4,0)  ok    ETA 00:04:03
[ 932/1024]  (7,2,1,0)  ok    ETA 00:04:01
[ 933/1024]  (7,2,7,4)  ok    ETA 00:03:58
[ 934/1024]  (7,2,0,0)  ok    ETA 00:03:55
[ 935/1024]  (7,1,2,4)  ok    ETA 00:03:53
[ 936/1024]  (7,2,6,4)  ok    ETA 00:03:50
[ 937/1024]  (7,2,5,4)  ok    ETA 00:03:48
[ 938/1024]  (7,1,1,4)  ok    ETA 00:03:45
[ 939/1024]  (7,3,3,0)  ok    ETA 00:03:42
[ 940/1024]  (7,3,2,0)  ok    ETA 00:03:40
[ 941/1024]  (7,2,4,4)  ok    ETA 00:03:37
[ 942/1024]  (7,3,0,0)  ok    ETA 00:03:34
[ 943/1024]  (7,3,1,0)  ok    ETA 00:03:32
[ 944/1024]  (7,3,5,0)  ok    ETA 00:03:29
[ 945/1024]  (7,3,4,0)  ok    ETA 00:03:26
[ 946/1024]  (7,2,3,4)  ok    ETA 00:03:24
[ 947/1024]  (7,1,0,4)  ok    ETA 00:03:21
[ 948/1024]  (7,3,6,0)  ok    ETA 00:03:19
[ 949/1024]  (7,2,2,4)  ok    ETA 00:03:16
[ 950/1024]  (7,3,7,0)  ok    ETA 00:03:13
[ 951/1024]  (7,3,3,4)  ok    ETA 00:03:11
[ 952/1024]  (7,3,4,4)  ok    ETA 00:03:08
[ 953/1024]  (7,3,5,4)  ok    ETA 00:03:05
[ 954/1024]  (7,3,7,4)  ok    ETA 00:03:03
[ 955/1024]  (7,3,6,4)  ok    ETA 00:03:00
[ 956/1024]  (7,2,1,4)  ok    ETA 00:02:57
[ 957/1024]  (7,3,2,4)  ok    ETA 00:02:55
[ 958/1024]  (7,4,3,0)  ok    ETA 00:02:53
[ 959/1024]  (7,3,1,4)  ok    ETA 00:02:50
[ 960/1024]  (7,4,2,0)  ok    ETA 00:02:47
[ 961/1024]  (7,4,1,0)  ok    ETA 00:02:45
[ 962/1024]  (7,2,0,4)  ok    ETA 00:02:42
[ 963/1024]  (7,4,0,0)  ok    ETA 00:02:39
[ 964/1024]  (7,4,4,0)  ok    ETA 00:02:36
[ 965/1024]  (7,4,5,0)  ok    ETA 00:02:34
[ 966/1024]  (7,3,0,4)  ok    ETA 00:02:31
[ 967/1024]  (7,4,7,0)  ok    ETA 00:02:28
[ 968/1024]  (7,4,6,0)  ok    ETA 00:02:26
[ 969/1024]  (7,4,7,4)  ok    ETA 00:02:23
[ 970/1024]  (7,4,4,4)  ok    ETA 00:02:21
[ 971/1024]  (7,4,6,4)  ok    ETA 00:02:18
[ 972/1024]  (7,4,3,4)  ok    ETA 00:02:16
[ 973/1024]  (7,4,5,4)  ok    ETA 00:02:13
[ 974/1024]  (7,4,2,4)  ok    ETA 00:02:10
[ 975/1024]  (7,5,3,0)  ok    ETA 00:02:08
[ 976/1024]  (7,5,1,0)  ok    ETA 00:02:05
[ 977/1024]  (7,5,2,0)  ok    ETA 00:02:02
[ 978/1024]  (7,5,0,0)  ok    ETA 00:02:00
[ 979/1024]  (7,5,4,0)  ok    ETA 00:01:57
[ 980/1024]  (7,5,7,0)  ok    ETA 00:01:54
[ 981/1024]  (7,5,5,0)  ok    ETA 00:01:52
[ 982/1024]  (7,5,6,0)  ok    ETA 00:01:49
[ 983/1024]  (7,4,1,4)  ok    ETA 00:01:46
[ 984/1024]  (7,5,7,4)  ok    ETA 00:01:44
[ 985/1024]  (7,4,0,4)  ok    ETA 00:01:41
[ 986/1024]  (7,5,6,4)  ok    ETA 00:01:39
[ 987/1024]  (7,5,5,4)  ok    ETA 00:01:36
[ 988/1024]  (7,5,4,4)  ok    ETA 00:01:33
[ 989/1024]  (7,5,3,4)  ok    ETA 00:01:31
[ 990/1024]  (7,5,2,4)  ok    ETA 00:01:28
[ 991/1024]  (7,6,1,0)  ok    ETA 00:01:26
[ 992/1024]  (7,5,1,4)  ok    ETA 00:01:23
[ 993/1024]  (7,6,0,0)  ok    ETA 00:01:20
[ 994/1024]  (7,6,2,0)  ok    ETA 00:01:18
[ 995/1024]  (7,6,4,0)  ok    ETA 00:01:15
[ 996/1024]  (7,6,5,0)  ok    ETA 00:01:12
[ 997/1024]  (7,6,6,0)  ok    ETA 00:01:10
[ 998/1024]  (7,6,3,0)  ok    ETA 00:01:07
[ 999/1024]  (7,5,0,4)  ok    ETA 00:01:05
[1000/1024]  (7,6,7,0)  ok    ETA 00:01:02
  [checkpoint @ 1000]
[1001/1024]  (7,6,5,4)  ok    ETA 00:00:59
[1002/1024]  (7,6,7,4)  ok    ETA 00:00:57
[1003/1024]  (7,6,4,4)  ok    ETA 00:00:54
[1004/1024]  (7,6,6,4)  ok    ETA 00:00:52
[1005/1024]  (7,6,3,4)  ok    ETA 00:00:49
[1006/1024]  (7,6,2,4)  ok    ETA 00:00:46
[1007/1024]  (7,7,2,0)  ok    ETA 00:00:44
[1008/1024]  (7,7,3,0)  ok    ETA 00:00:41
[1009/1024]  (7,6,1,4)  ok    ETA 00:00:39
[1010/1024]  (7,7,1,0)  ok    ETA 00:00:36
[1011/1024]  (7,7,0,0)  ok    ETA 00:00:33
[1012/1024]  (7,6,0,4)  ok    ETA 00:00:31
[1013/1024]  (7,7,4,0)  ok    ETA 00:00:28
[1014/1024]  (7,7,6,0)  ok    ETA 00:00:25
[1015/1024]  (7,7,5,0)  ok    ETA 00:00:23
[1016/1024]  (7,7,7,0)  ok    ETA 00:00:20
[1017/1024]  (7,7,6,4)  ok    ETA 00:00:18
[1018/1024]  (7,7,7,4)  ok    ETA 00:00:15
[1019/1024]  (7,7,5,4)  ok    ETA 00:00:13
[1020/1024]  (7,7,3,4)  ok    ETA 00:00:10
[1021/1024]  (7,7,4,4)  ok    ETA 00:00:07
[1022/1024]  (7,7,2,4)  ok    ETA 00:00:05
[1023/1024]  (7,7,1,4)  ok    ETA 00:00:02
[1024/1024]  (7,7,0,4)  ok    ETA 00:00:00

Done. 1024 points in 44.5 min; 0 failed.
Saved → simulated/gennorm/gennorm_scan_0.npz
  corr_params:      (8, 8, 8, 8, 55)
  transform_params: (8, 8, 8, 8, 11, 4)
  WARNING: 3072 grid points have NaN.

=== job 10656606 finished Wed May  6 12:39:39 EDT 2026 ===
