=== job 10656628 started Wed May  6 11:55:06 EDT 2026 ===
    node:  holy7c18208
    cpus:  48
    python: Python 3.12.11

SVJ gennorm scan  job 1/3  (48 outer × 1 C++ threads)
  Grid:    8×8×8×8 = 4096 total  (1024 this job)
  To do:   1024  (already done: 0)
  Events/point: 10000
  Output:  simulated/gennorm/gennorm_scan_1.npz

[   1/1024]  (0,0,7,1)  ok    ETA 34:10:43
[   2/1024]  (0,1,7,1)  ok    ETA 17:08:57
[   3/1024]  (0,0,6,1)  ok    ETA 11:27:22
[   4/1024]  (0,0,7,5)  ok    ETA 08:35:55
[   5/1024]  (0,1,6,1)  ok    ETA 06:53:18
[   6/1024]  (0,1,5,1)  ok    ETA 05:44:59
[   7/1024]  (0,2,7,1)  ok    ETA 04:55:53
[   8/1024]  (0,0,5,1)  ok    ETA 04:18:59
[   9/1024]  (0,2,6,1)  ok    ETA 03:50:17
[  10/1024]  (0,1,7,5)  ok    ETA 03:27:05
[  11/1024]  (0,2,7,5)  ok    ETA 03:08:11
[  12/1024]  (0,2,6,5)  ok    ETA 02:53:54
[  13/1024]  (0,2,5,1)  ok    ETA 02:40:22
[  14/1024]  (0,0,4,1)  ok    ETA 02:29:25
[  15/1024]  (0,1,6,5)  ok    ETA 02:19:36
[  16/1024]  (0,1,4,1)  ok    ETA 02:10:52
[  17/1024]  (0,0,6,5)  ok    ETA 02:03:12
[  18/1024]  (0,1,5,5)  ok    ETA 01:56:55
[  19/1024]  (0,0,5,5)  ok    ETA 01:50:41
[  20/1024]  (0,0,3,1)  ok    ETA 01:45:53
[  21/1024]  (0,0,4,5)  ok    ETA 01:40:45
[  22/1024]  (0,2,4,1)  ok    ETA 01:36:23
[  23/1024]  (0,2,5,5)  ok    ETA 01:32:13
[  24/1024]  (0,0,2,1)  ok    ETA 01:28:43
[  25/1024]  (0,1,2,1)  ok    ETA 01:25:20
[  26/1024]  (0,2,4,5)  ok    ETA 01:22:13
[  27/1024]  (0,1,3,1)  ok    ETA 01:19:07
[  28/1024]  (0,1,4,5)  ok    ETA 01:16:20
[  29/1024]  (0,2,3,1)  ok    ETA 01:13:39
[  30/1024]  (0,1,3,5)  ok    ETA 01:11:34
[  31/1024]  (0,0,1,1)  ok    ETA 01:09:32
[  32/1024]  (0,2,2,1)  ok    ETA 01:07:41
[  33/1024]  (0,0,0,1)  ok    ETA 01:05:38
[  34/1024]  (0,0,3,5)  ok    ETA 01:03:45
[  35/1024]  (0,0,2,5)  ok    ETA 01:02:06
[  36/1024]  (0,1,2,5)  ok    ETA 01:00:27
[  37/1024]  (0,1,1,1)  ok    ETA 00:58:49
[  38/1024]  (0,2,1,1)  ok    ETA 00:57:20
[  39/1024]  (0,2,3,5)  ok    ETA 00:56:01
[  40/1024]  (0,0,1,5)  ok    ETA 00:54:36
[  41/1024]  (0,1,0,1)  ok    ETA 00:53:55
[  42/1024]  (0,1,1,5)  ok    ETA 00:52:41
[  43/1024]  (0,2,0,1)  ok    ETA 00:51:35
[  44/1024]  (0,0,0,5)  ok    ETA 00:50:29
[  45/1024]  (0,2,2,5)  ok    ETA 00:49:50
[  46/1024]  (0,2,1,5)  ok    ETA 00:48:45
[  47/1024]  (0,1,0,5)  ok    ETA 00:48:11
[  48/1024]  (0,2,0,5)  ok    ETA 00:48:24
[  49/1024]  (0,3,6,1)  ok    ETA 01:20:48
[  50/1024]  (0,3,7,5)  ok    ETA 01:19:14
[  51/1024]  (0,3,7,1)  ok    ETA 01:17:41
[  52/1024]  (0,3,5,1)  ok    ETA 01:16:46
[  53/1024]  (0,3,6,5)  ok    ETA 01:15:15
[  54/1024]  (0,4,6,1)  ok    ETA 01:13:56
[  55/1024]  (0,3,4,1)  ok    ETA 01:12:38
[  56/1024]  (0,3,2,1)  ok    ETA 01:11:18
[  57/1024]  (0,3,3,1)  ok    ETA 01:10:09
[  58/1024]  (0,3,4,5)  ok    ETA 01:08:53
[  59/1024]  (0,4,7,1)  ok    ETA 01:07:40
[  60/1024]  (0,3,5,5)  ok    ETA 01:06:41
[  61/1024]  (0,4,5,1)  ok    ETA 01:05:54
[  62/1024]  (0,3,1,1)  ok    ETA 01:04:47
[  63/1024]  (0,4,5,5)  ok    ETA 01:03:49
[  64/1024]  (0,3,0,1)  ok    ETA 01:02:48
[  65/1024]  (0,4,2,1)  ok    ETA 01:01:47
[  66/1024]  (0,3,3,5)  ok    ETA 01:00:50
[  67/1024]  (0,3,2,5)  ok    ETA 00:59:56
[  68/1024]  (0,4,7,5)  ok    ETA 00:59:01
[  69/1024]  (0,4,4,1)  ok    ETA 00:58:12
[  70/1024]  (0,4,6,5)  ok    ETA 00:57:23
[  71/1024]  (0,4,3,1)  ok    ETA 00:56:32
[  72/1024]  (0,3,1,5)  ok    ETA 00:55:52
[  73/1024]  (0,4,4,5)  ok    ETA 00:55:05
[  74/1024]  (0,4,1,1)  ok    ETA 00:54:24
[  75/1024]  (0,3,0,5)  ok    ETA 00:53:40
[  76/1024]  (0,4,0,1)  ok    ETA 00:52:56
[  77/1024]  (0,4,3,5)  ok    ETA 00:52:23
[  78/1024]  (0,4,2,5)  ok    ETA 00:51:45
[  79/1024]  (0,5,6,1)  ok    ETA 00:51:09
[  80/1024]  (0,4,1,5)  ok    ETA 00:50:31
[  81/1024]  (0,5,5,1)  ok    ETA 00:49:51
[  82/1024]  (0,5,4,1)  ok    ETA 00:49:13
[  83/1024]  (0,5,6,5)  ok    ETA 00:48:42
[  84/1024]  (0,5,2,1)  ok    ETA 00:48:10
[  85/1024]  (0,4,0,5)  ok    ETA 00:47:34
[  86/1024]  (0,5,3,1)  ok    ETA 00:47:04
[  87/1024]  (0,5,3,5)  ok    ETA 00:46:35
[  88/1024]  (0,5,7,1)  ok    ETA 00:46:07
[  89/1024]  (0,5,5,5)  ok    ETA 00:45:35
[  90/1024]  (0,5,2,5)  ok    ETA 00:45:02
[  91/1024]  (0,5,1,1)  ok    ETA 00:44:31
[  92/1024]  (0,5,4,5)  ok    ETA 00:44:05
[  93/1024]  (0,5,0,1)  ok    ETA 00:43:34
[  94/1024]  (0,5,7,5)  ok    ETA 00:43:05
[  95/1024]  (0,5,1,5)  ok    ETA 00:42:55
[  96/1024]  (0,5,0,5)  ok    ETA 00:42:35
[  97/1024]  (0,6,7,1)  ok    ETA 00:58:46
[  98/1024]  (0,6,5,1)  ok    ETA 00:58:21
[  99/1024]  (0,6,7,5)  ok    ETA 00:57:43
[ 100/1024]  (0,6,1,1)  ok    ETA 00:57:08
[ 101/1024]  (0,6,6,5)  ok    ETA 00:56:32
[ 102/1024]  (0,6,0,1)  ok    ETA 00:55:58
[ 103/1024]  (0,6,6,1)  ok    ETA 00:55:23
[ 104/1024]  (0,6,3,1)  ok    ETA 00:54:51
[ 105/1024]  (0,6,4,1)  ok    ETA 00:54:17
[ 106/1024]  (0,6,2,1)  ok    ETA 00:53:45
[ 107/1024]  (0,6,4,5)  ok    ETA 00:53:17
[ 108/1024]  (0,6,5,5)  ok    ETA 00:52:45
[ 109/1024]  (0,6,3,5)  ok    ETA 00:52:26
[ 110/1024]  (0,6,2,5)  ok    ETA 00:51:55
[ 111/1024]  (0,7,6,1)  ok    ETA 00:51:30
[ 112/1024]  (0,7,7,1)  ok    ETA 00:51:04
[ 113/1024]  (0,7,5,5)  ok    ETA 00:50:36
[ 114/1024]  (0,7,4,1)  ok    ETA 00:50:09
[ 115/1024]  (0,6,1,5)  ok    ETA 00:49:41
[ 116/1024]  (0,7,7,5)  ok    ETA 00:49:14
[ 117/1024]  (1,0,6,1)  ok    ETA 00:48:49
[ 118/1024]  (0,6,0,5)  ok    ETA 00:48:22
[ 119/1024]  (0,7,2,1)  ok    ETA 00:47:55
[ 120/1024]  (0,7,3,1)  ok    ETA 00:47:29
[ 121/1024]  (0,7,6,5)  ok    ETA 00:47:04
[ 122/1024]  (1,0,7,1)  ok    ETA 00:46:38
[ 123/1024]  (0,7,5,1)  ok    ETA 00:46:12
[ 124/1024]  (0,7,2,5)  ok    ETA 00:45:55
[ 125/1024]  (0,7,1,1)  ok    ETA 00:45:33
[ 126/1024]  (0,7,4,5)  ok    ETA 00:45:09
[ 127/1024]  (0,7,3,5)  ok    ETA 00:44:46
[ 128/1024]  (1,0,5,1)  ok    ETA 00:44:23
[ 129/1024]  (0,7,0,1)  ok    ETA 00:44:02
[ 130/1024]  (1,0,4,1)  ok    ETA 00:43:43
[ 131/1024]  (1,0,6,5)  ok    ETA 00:43:24
[ 132/1024]  (0,7,1,5)  ok    ETA 00:43:04
[ 133/1024]  (1,0,7,5)  ok    ETA 00:42:44
[ 134/1024]  (0,7,0,5)  ok    ETA 00:42:25
[ 135/1024]  (1,0,3,1)  ok    ETA 00:42:10
[ 136/1024]  (1,0,2,1)  ok    ETA 00:41:54
[ 137/1024]  (1,0,1,1)  ok    ETA 00:41:39
[ 138/1024]  (1,0,0,1)  ok    ETA 00:41:21
[ 139/1024]  (1,0,4,5)  ok    ETA 00:41:13
[ 140/1024]  (1,0,5,5)  ok    ETA 00:40:56
[ 141/1024]  (1,0,3,5)  ok    ETA 00:40:52
[ 142/1024]  (1,0,2,5)  ok    ETA 00:40:36
[ 143/1024]  (1,0,1,5)  ok    ETA 00:40:41
[ 144/1024]  (1,0,0,5)  ok    ETA 00:40:44
[ 145/1024]  (1,1,7,1)  ok    ETA 00:49:47
[ 146/1024]  (1,1,6,1)  ok    ETA 00:49:23
[ 147/1024]  (1,1,5,1)  ok    ETA 00:49:02
[ 148/1024]  (1,1,4,1)  ok    ETA 00:48:39
[ 149/1024]  (1,1,7,5)  ok    ETA 00:48:20
[ 150/1024]  (1,2,7,1)  ok    ETA 00:48:09
[ 151/1024]  (1,1,6,5)  ok    ETA 00:47:47
[ 152/1024]  (1,2,7,5)  ok    ETA 00:47:37
[ 153/1024]  (1,1,3,1)  ok    ETA 00:47:16
[ 154/1024]  (1,2,6,1)  ok    ETA 00:46:57
[ 155/1024]  (1,1,5,5)  ok    ETA 00:46:38
[ 156/1024]  (1,2,5,1)  ok    ETA 00:46:24
[ 157/1024]  (1,1,4,5)  ok    ETA 00:46:05
[ 158/1024]  (1,1,2,1)  ok    ETA 00:45:44
[ 159/1024]  (1,2,6,5)  ok    ETA 00:45:30
[ 160/1024]  (1,1,0,1)  ok    ETA 00:45:18
[ 161/1024]  (1,1,1,1)  ok    ETA 00:45:00
[ 162/1024]  (1,2,4,1)  ok    ETA 00:44:45
[ 163/1024]  (1,1,3,5)  ok    ETA 00:44:26
[ 164/1024]  (1,2,5,5)  ok    ETA 00:44:14
[ 165/1024]  (1,2,3,1)  ok    ETA 00:43:57
[ 166/1024]  (1,3,5,1)  ok    ETA 00:43:49
[ 167/1024]  (1,3,3,1)  ok    ETA 00:43:32
[ 168/1024]  (1,3,4,1)  ok    ETA 00:43:18
[ 169/1024]  (1,3,6,1)  ok    ETA 00:43:00
[ 170/1024]  (1,1,2,5)  ok    ETA 00:42:43
[ 171/1024]  (1,3,2,1)  ok    ETA 00:42:27
[ 172/1024]  (1,2,2,1)  ok    ETA 00:42:13
[ 173/1024]  (1,2,4,5)  ok    ETA 00:41:57
[ 174/1024]  (1,2,1,1)  ok    ETA 00:41:42
[ 175/1024]  (1,1,1,5)  ok    ETA 00:41:27
[ 176/1024]  (1,3,1,1)  ok    ETA 00:41:10
[ 177/1024]  (1,3,7,1)  ok    ETA 00:40:54
[ 178/1024]  (1,3,6,5)  ok    ETA 00:40:40
[ 179/1024]  (1,3,4,5)  ok    ETA 00:40:25
[ 180/1024]  (1,2,3,5)  ok    ETA 00:40:10
[ 181/1024]  (1,3,0,1)  ok    ETA 00:39:54
[ 182/1024]  (1,3,5,5)  ok    ETA 00:39:39
[ 183/1024]  (1,3,3,5)  ok    ETA 00:39:30
[ 184/1024]  (1,2,0,1)  ok    ETA 00:39:19
[ 185/1024]  (1,3,2,5)  ok    ETA 00:39:06
[ 186/1024]  (1,3,7,5)  ok    ETA 00:38:51
[ 187/1024]  (1,2,2,5)  ok    ETA 00:38:41
[ 188/1024]  (1,1,0,5)  ok    ETA 00:38:30
[ 189/1024]  (1,3,1,5)  ok    ETA 00:38:19
[ 190/1024]  (1,3,0,5)  ok    ETA 00:38:17
[ 191/1024]  (1,2,1,5)  ok    ETA 00:38:02
[ 192/1024]  (1,2,0,5)  ok    ETA 00:38:08
[ 193/1024]  (1,4,6,1)  ok    ETA 00:44:21
[ 194/1024]  (1,4,5,1)  ok    ETA 00:44:06
[ 195/1024]  (1,4,7,1)  ok    ETA 00:43:52
[ 196/1024]  (1,4,6,5)  ok    ETA 00:43:43
[ 197/1024]  (1,4,1,1)  ok    ETA 00:43:28
[ 198/1024]  (1,4,7,5)  ok    ETA 00:43:12
[ 199/1024]  (1,4,3,1)  ok    ETA 00:42:57
[ 200/1024]  (1,4,4,1)  ok    ETA 00:42:45
  [checkpoint @ 200]
[ 201/1024]  (1,4,2,1)  ok    ETA 00:42:34
[ 202/1024]  (1,4,4,5)  ok    ETA 00:42:22
[ 203/1024]  (1,4,0,1)  ok    ETA 00:42:08
[ 204/1024]  (1,4,5,5)  ok    ETA 00:41:55
[ 205/1024]  (1,4,3,5)  ok    ETA 00:41:46
[ 206/1024]  (1,4,2,5)  ok    ETA 00:41:35
[ 207/1024]  (1,5,7,1)  ok    ETA 00:41:20
[ 208/1024]  (1,5,6,1)  ok    ETA 00:41:08
[ 209/1024]  (1,5,7,5)  ok    ETA 00:40:55
[ 210/1024]  (1,5,5,1)  ok    ETA 00:40:45
[ 211/1024]  (1,4,1,5)  ok    ETA 00:40:31
[ 212/1024]  (1,5,6,5)  ok    ETA 00:40:20
[ 213/1024]  (1,5,2,1)  ok    ETA 00:40:10
[ 214/1024]  (1,5,4,1)  ok    ETA 00:39:57
[ 215/1024]  (1,5,3,1)  ok    ETA 00:39:43
[ 216/1024]  (1,5,1,1)  ok    ETA 00:39:31
[ 217/1024]  (1,4,0,5)  ok    ETA 00:39:19
[ 218/1024]  (1,5,0,1)  ok    ETA 00:39:10
[ 219/1024]  (1,5,5,5)  ok    ETA 00:38:56
[ 220/1024]  (1,5,4,5)  ok    ETA 00:38:45
[ 221/1024]  (1,6,5,1)  ok    ETA 00:38:40
[ 222/1024]  (1,6,6,1)  ok    ETA 00:38:28
[ 223/1024]  (1,6,7,1)  ok    ETA 00:38:15
[ 224/1024]  (1,5,3,5)  ok    ETA 00:38:05
[ 225/1024]  (1,6,2,1)  ok    ETA 00:37:52
[ 226/1024]  (1,6,4,1)  ok    ETA 00:37:43
[ 227/1024]  (1,6,3,1)  ok    ETA 00:37:35
[ 228/1024]  (1,6,5,5)  ok    ETA 00:37:22
[ 229/1024]  (1,6,6,5)  ok    ETA 00:37:13
[ 230/1024]  (1,5,2,5)  ok    ETA 00:37:00
[ 231/1024]  (1,5,1,5)  ok    ETA 00:36:50
[ 232/1024]  (1,6,1,1)  ok    ETA 00:36:40
[ 233/1024]  (1,6,4,5)  ok    ETA 00:36:30
[ 234/1024]  (1,5,0,5)  ok    ETA 00:36:18
[ 235/1024]  (1,6,0,1)  ok    ETA 00:36:07
[ 236/1024]  (1,6,2,5)  ok    ETA 00:36:02
[ 237/1024]  (1,6,3,5)  ok    ETA 00:35:51
[ 238/1024]  (1,6,7,5)  ok    ETA 00:35:41
[ 239/1024]  (1,6,1,5)  ok    ETA 00:35:35
[ 240/1024]  (1,6,0,5)  ok    ETA 00:35:31
[ 241/1024]  (1,7,7,1)  ok    ETA 00:40:17
[ 242/1024]  (1,7,6,1)  ok    ETA 00:40:06
[ 243/1024]  (1,7,7,5)  ok    ETA 00:39:57
[ 244/1024]  (1,7,3,1)  ok    ETA 00:39:45
[ 245/1024]  (1,7,5,1)  ok    ETA 00:39:32
[ 246/1024]  (1,7,2,1)  ok    ETA 00:39:26
[ 247/1024]  (1,7,1,1)  ok    ETA 00:39:15
[ 248/1024]  (1,7,4,1)  ok    ETA 00:39:03
[ 249/1024]  (1,7,6,5)  ok    ETA 00:38:51
[ 250/1024]  (2,0,7,1)  ok    ETA 00:38:40
[ 251/1024]  (1,7,5,5)  ok    ETA 00:38:28
[ 252/1024]  (2,0,5,1)  ok    ETA 00:38:19
[ 253/1024]  (1,7,3,5)  ok    ETA 00:38:08
[ 254/1024]  (1,7,0,1)  ok    ETA 00:37:57
[ 255/1024]  (1,7,4,5)  ok    ETA 00:37:47
[ 256/1024]  (2,0,6,1)  ok    ETA 00:37:38
[ 257/1024]  (2,0,7,5)  ok    ETA 00:37:30
[ 258/1024]  (1,7,2,5)  ok    ETA 00:37:21
[ 259/1024]  (2,0,4,1)  ok    ETA 00:37:11
[ 260/1024]  (1,7,0,5)  ok    ETA 00:37:00
[ 261/1024]  (2,0,3,1)  ok    ETA 00:36:49
[ 262/1024]  (2,0,2,1)  ok    ETA 00:36:41
[ 263/1024]  (2,0,1,1)  ok    ETA 00:36:31
[ 264/1024]  (1,7,1,5)  ok    ETA 00:36:21
[ 265/1024]  (2,0,6,5)  ok    ETA 00:36:13
[ 266/1024]  (2,0,5,5)  ok    ETA 00:36:05
[ 267/1024]  (2,0,0,1)  ok    ETA 00:35:55
[ 268/1024]  (2,1,7,1)  ok    ETA 00:35:45
[ 269/1024]  (2,1,6,1)  ok    ETA 00:35:39
[ 270/1024]  (2,0,4,5)  ok    ETA 00:35:34
[ 271/1024]  (2,1,5,1)  ok    ETA 00:35:23
[ 272/1024]  (2,1,4,1)  ok    ETA 00:35:20
[ 273/1024]  (2,0,3,5)  ok    ETA 00:35:12
[ 274/1024]  (2,1,7,5)  ok    ETA 00:35:04
[ 275/1024]  (2,1,3,1)  ok    ETA 00:34:53
[ 276/1024]  (2,1,6,5)  ok    ETA 00:34:43
[ 277/1024]  (2,1,2,1)  ok    ETA 00:34:36
[ 278/1024]  (2,0,2,5)  ok    ETA 00:34:31
[ 279/1024]  (2,1,5,5)  ok    ETA 00:34:22
[ 280/1024]  (2,1,1,1)  ok    ETA 00:34:17
[ 281/1024]  (2,0,1,5)  ok    ETA 00:34:11
[ 282/1024]  (2,1,4,5)  ok    ETA 00:34:02
[ 283/1024]  (2,1,0,1)  ok    ETA 00:33:53
[ 284/1024]  (2,0,0,5)  ok    ETA 00:33:50
[ 285/1024]  (2,1,3,5)  ok    ETA 00:33:41
[ 286/1024]  (2,1,2,5)  ok    ETA 00:33:42
[ 287/1024]  (2,1,1,5)  ok    ETA 00:33:51
[ 288/1024]  (2,1,0,5)  ok    ETA 00:33:53
[ 289/1024]  (2,2,7,1)  ok    ETA 00:36:40
[ 290/1024]  (2,2,6,1)  ok    ETA 00:36:31
[ 291/1024]  (2,2,7,5)  ok    ETA 00:36:27
[ 292/1024]  (2,2,5,1)  ok    ETA 00:36:19
[ 293/1024]  (2,2,4,1)  ok    ETA 00:36:13
[ 294/1024]  (2,2,6,5)  ok    ETA 00:36:09
[ 295/1024]  (2,3,6,1)  ok    ETA 00:36:04
[ 296/1024]  (2,2,3,1)  ok    ETA 00:35:55
[ 297/1024]  (2,2,2,1)  ok    ETA 00:35:46
[ 298/1024]  (2,3,7,1)  ok    ETA 00:35:39
[ 299/1024]  (2,3,5,1)  ok    ETA 00:35:30
[ 300/1024]  (2,2,5,5)  ok    ETA 00:35:22
[ 301/1024]  (2,3,4,1)  ok    ETA 00:35:14
[ 302/1024]  (2,3,7,5)  ok    ETA 00:35:05
[ 303/1024]  (2,3,3,1)  ok    ETA 00:35:00
[ 304/1024]  (2,2,4,5)  ok    ETA 00:34:51
[ 305/1024]  (2,2,1,1)  ok    ETA 00:34:43
[ 306/1024]  (2,3,2,1)  ok    ETA 00:34:35
[ 307/1024]  (2,3,6,5)  ok    ETA 00:34:25
[ 308/1024]  (2,3,5,5)  ok    ETA 00:34:17
[ 309/1024]  (2,3,1,1)  ok    ETA 00:34:08
[ 310/1024]  (2,2,0,1)  ok    ETA 00:33:59
[ 311/1024]  (2,3,4,5)  ok    ETA 00:33:50
[ 312/1024]  (2,2,3,5)  ok    ETA 00:33:44
[ 313/1024]  (2,3,0,1)  ok    ETA 00:33:38
[ 314/1024]  (2,3,3,5)  ok    ETA 00:33:29
[ 315/1024]  (2,2,2,5)  ok    ETA 00:33:33
[ 316/1024]  (2,4,6,1)  ok    ETA 00:33:24
[ 317/1024]  (2,3,2,5)  ok    ETA 00:33:16
[ 318/1024]  (2,4,5,1)  ok    ETA 00:33:08
[ 319/1024]  (2,4,4,1)  ok    ETA 00:32:59
[ 320/1024]  (2,4,3,1)  ok    ETA 00:32:54
[ 321/1024]  (2,2,1,5)  ok    ETA 00:32:47
[ 322/1024]  (2,4,2,1)  ok    ETA 00:32:39
[ 323/1024]  (2,4,1,1)  ok    ETA 00:32:32
[ 324/1024]  (2,3,1,5)  ok    ETA 00:32:24
[ 325/1024]  (2,4,5,5)  ok    ETA 00:32:19
[ 326/1024]  (2,4,6,5)  ok    ETA 00:32:11
[ 327/1024]  (2,4,0,1)  ok    ETA 00:32:03
[ 328/1024]  (2,3,0,5)  ok    ETA 00:31:55
[ 329/1024]  (2,4,7,1)  ok    ETA 00:31:47
[ 330/1024]  (2,4,4,5)  ok    ETA 00:31:42
[ 331/1024]  (2,2,0,5)  ok    ETA 00:31:34
[ 332/1024]  (2,4,3,5)  ok    ETA 00:31:32
[ 333/1024]  (2,4,2,5)  ok    ETA 00:31:27
[ 334/1024]  (2,4,7,5)  ok    ETA 00:31:21
[ 335/1024]  (2,4,1,5)  ok    ETA 00:31:13
[ 336/1024]  (2,4,0,5)  ok    ETA 00:31:14
[ 337/1024]  (2,5,7,1)  ok    ETA 00:33:46
[ 338/1024]  (2,5,6,1)  ok    ETA 00:33:37
[ 339/1024]  (2,5,5,1)  ok    ETA 00:33:34
[ 340/1024]  (2,5,2,1)  ok    ETA 00:33:26
[ 341/1024]  (2,5,4,1)  ok    ETA 00:33:17
[ 342/1024]  (2,5,1,1)  ok    ETA 00:33:09
[ 343/1024]  (2,5,0,1)  ok    ETA 00:33:01
[ 344/1024]  (2,5,7,5)  ok    ETA 00:32:53
[ 345/1024]  (2,5,3,1)  ok    ETA 00:32:48
[ 346/1024]  (2,5,6,5)  ok    ETA 00:32:41
[ 347/1024]  (2,5,5,5)  ok    ETA 00:32:33
[ 348/1024]  (2,5,4,5)  ok    ETA 00:32:32
[ 349/1024]  (2,5,3,5)  ok    ETA 00:32:26
[ 350/1024]  (2,6,4,1)  ok    ETA 00:32:22
[ 351/1024]  (2,6,7,1)  ok    ETA 00:32:14
[ 352/1024]  (2,5,2,5)  ok    ETA 00:32:07
[ 353/1024]  (2,6,3,1)  ok    ETA 00:31:59
[ 354/1024]  (2,5,1,5)  ok    ETA 00:31:52
[ 355/1024]  (2,6,6,1)  ok    ETA 00:31:44
[ 356/1024]  (2,6,5,1)  ok    ETA 00:31:39
[ 357/1024]  (2,6,2,1)  ok    ETA 00:31:31
[ 358/1024]  (2,6,1,1)  ok    ETA 00:31:23
[ 359/1024]  (2,6,7,5)  ok    ETA 00:31:16
[ 360/1024]  (2,6,6,5)  ok    ETA 00:31:09
[ 361/1024]  (2,5,0,5)  ok    ETA 00:31:02
[ 362/1024]  (2,6,0,1)  ok    ETA 00:30:58
[ 363/1024]  (2,6,4,5)  ok    ETA 00:30:52
[ 364/1024]  (2,6,5,5)  ok    ETA 00:30:45
[ 365/1024]  (2,6,3,5)  ok    ETA 00:30:39
[ 366/1024]  (2,6,2,5)  ok    ETA 00:30:33
[ 367/1024]  (2,7,5,1)  ok    ETA 00:30:31
[ 368/1024]  (2,7,7,1)  ok    ETA 00:30:24
[ 369/1024]  (2,7,4,1)  ok    ETA 00:30:18
[ 370/1024]  (2,6,1,5)  ok    ETA 00:30:11
[ 371/1024]  (2,7,3,1)  ok    ETA 00:30:04
[ 372/1024]  (2,7,6,1)  ok    ETA 00:29:57
[ 373/1024]  (2,7,1,1)  ok    ETA 00:29:53
[ 374/1024]  (2,7,6,5)  ok    ETA 00:29:47
[ 375/1024]  (2,7,2,1)  ok    ETA 00:29:40
[ 376/1024]  (2,6,0,5)  ok    ETA 00:29:33
[ 377/1024]  (2,7,7,5)  ok    ETA 00:29:28
[ 378/1024]  (2,7,0,1)  ok    ETA 00:29:22
[ 379/1024]  (2,7,4,5)  ok    ETA 00:29:15
[ 380/1024]  (2,7,5,5)  ok    ETA 00:29:08
[ 381/1024]  (2,7,3,5)  ok    ETA 00:29:03
[ 382/1024]  (2,7,2,5)  ok    ETA 00:29:03
[ 383/1024]  (2,7,1,5)  ok    ETA 00:28:58
[ 384/1024]  (2,7,0,5)  ok    ETA 00:28:56
[ 385/1024]  (3,0,5,1)  ok    ETA 00:30:47
[ 386/1024]  (3,0,7,1)  ok    ETA 00:30:42
[ 387/1024]  (3,0,6,1)  ok    ETA 00:30:37
[ 388/1024]  (3,0,4,1)  ok    ETA 00:30:31
[ 389/1024]  (3,0,3,1)  ok    ETA 00:30:25
[ 390/1024]  (3,0,2,1)  ok    ETA 00:30:22
[ 391/1024]  (3,0,7,5)  ok    ETA 00:30:16
[ 392/1024]  (3,0,1,1)  ok    ETA 00:30:10
[ 393/1024]  (3,0,0,1)  ok    ETA 00:30:05
[ 394/1024]  (3,0,6,5)  ok    ETA 00:30:01
[ 395/1024]  (3,0,5,5)  ok    ETA 00:29:56
[ 396/1024]  (3,0,4,5)  ok    ETA 00:29:49
[ 397/1024]  (3,1,6,1)  ok    ETA 00:29:43
[ 398/1024]  (3,1,5,1)  ok    ETA 00:29:37
[ 399/1024]  (3,1,7,1)  ok    ETA 00:29:32
[ 400/1024]  (3,0,3,5)  ok    ETA 00:29:26
  [checkpoint @ 400]
[ 401/1024]  (3,1,4,1)  ok    ETA 00:29:19
[ 402/1024]  (3,1,7,5)  ok    ETA 00:29:16
[ 403/1024]  (3,1,3,1)  ok    ETA 00:29:11
[ 404/1024]  (3,1,6,5)  ok    ETA 00:29:05
[ 405/1024]  (3,1,2,1)  ok    ETA 00:29:00
[ 406/1024]  (3,0,2,5)  ok    ETA 00:28:54
[ 407/1024]  (3,1,5,5)  ok    ETA 00:28:50
[ 408/1024]  (3,1,1,1)  ok    ETA 00:28:43
[ 409/1024]  (3,2,6,1)  ok    ETA 00:28:40
[ 410/1024]  (3,2,7,1)  ok    ETA 00:28:36
[ 411/1024]  (3,0,1,5)  ok    ETA 00:28:30
[ 412/1024]  (3,2,5,1)  ok    ETA 00:28:23
[ 413/1024]  (3,1,4,5)  ok    ETA 00:28:16
[ 414/1024]  (3,1,0,1)  ok    ETA 00:28:10
[ 415/1024]  (3,0,0,5)  ok    ETA 00:28:07
[ 416/1024]  (3,2,4,1)  ok    ETA 00:28:03
[ 417/1024]  (3,1,3,5)  ok    ETA 00:27:56
[ 418/1024]  (3,2,3,1)  ok    ETA 00:27:52
[ 419/1024]  (3,2,7,5)  ok    ETA 00:27:46
[ 420/1024]  (3,2,6,5)  ok    ETA 00:27:41
[ 421/1024]  (3,1,2,5)  ok    ETA 00:27:38
[ 422/1024]  (3,2,5,5)  ok    ETA 00:27:32
[ 423/1024]  (3,2,2,1)  ok    ETA 00:27:26
[ 424/1024]  (3,2,1,1)  ok    ETA 00:27:22
[ 425/1024]  (3,2,0,1)  ok    ETA 00:27:21
[ 426/1024]  (3,2,4,5)  ok    ETA 00:27:17
[ 427/1024]  (3,1,1,5)  ok    ETA 00:27:12
[ 428/1024]  (3,2,3,5)  ok    ETA 00:27:11
[ 429/1024]  (3,1,0,5)  ok    ETA 00:27:08
[ 430/1024]  (3,2,2,5)  ok    ETA 00:27:09
[ 431/1024]  (3,2,1,5)  ok    ETA 00:27:13
[ 432/1024]  (3,2,0,5)  ok    ETA 00:27:20
[ 433/1024]  (3,3,7,1)  ok    ETA 00:28:12
[ 434/1024]  (3,3,6,1)  ok    ETA 00:28:06
[ 435/1024]  (3,3,4,1)  ok    ETA 00:28:02
[ 436/1024]  (3,3,5,1)  ok    ETA 00:27:55
[ 437/1024]  (3,3,2,1)  ok    ETA 00:27:50
[ 438/1024]  (3,3,3,1)  ok    ETA 00:27:44
[ 439/1024]  (3,3,0,1)  ok    ETA 00:27:40
[ 440/1024]  (3,3,7,5)  ok    ETA 00:27:34
[ 441/1024]  (3,3,1,1)  ok    ETA 00:27:28
[ 442/1024]  (3,3,6,5)  ok    ETA 00:27:24
[ 443/1024]  (3,3,5,5)  ok    ETA 00:27:19
[ 444/1024]  (3,3,4,5)  ok    ETA 00:27:20
[ 445/1024]  (3,3,3,5)  ok    ETA 00:27:15
[ 446/1024]  (3,4,7,1)  ok    ETA 00:27:11
[ 447/1024]  (3,4,6,1)  ok    ETA 00:27:06
[ 448/1024]  (3,3,2,5)  ok    ETA 00:27:00
[ 449/1024]  (3,4,4,1)  ok    ETA 00:26:56
[ 450/1024]  (3,4,5,1)  ok    ETA 00:26:50
[ 451/1024]  (3,4,7,5)  ok    ETA 00:26:45
[ 452/1024]  (3,4,6,5)  ok    ETA 00:26:39
[ 453/1024]  (3,4,3,1)  ok    ETA 00:26:34
[ 454/1024]  (3,4,2,1)  ok    ETA 00:26:28
[ 455/1024]  (3,4,1,1)  ok    ETA 00:26:23
[ 456/1024]  (3,3,1,5)  ok    ETA 00:26:18
[ 457/1024]  (3,4,0,1)  ok    ETA 00:26:12
[ 458/1024]  (3,4,5,5)  ok    ETA 00:26:08
[ 459/1024]  (3,3,0,5)  ok    ETA 00:26:05
[ 460/1024]  (3,4,4,5)  ok    ETA 00:26:02
[ 461/1024]  (3,4,3,5)  ok    ETA 00:25:57
[ 462/1024]  (3,4,2,5)  ok    ETA 00:25:56
[ 463/1024]  (3,5,3,1)  ok    ETA 00:25:53
[ 464/1024]  (3,5,4,1)  ok    ETA 00:25:47
[ 465/1024]  (3,5,1,1)  ok    ETA 00:25:43
[ 466/1024]  (3,5,0,1)  ok    ETA 00:25:38
[ 467/1024]  (3,5,2,1)  ok    ETA 00:25:32
[ 468/1024]  (3,5,5,1)  ok    ETA 00:25:27
[ 469/1024]  (3,4,1,5)  ok    ETA 00:25:22
[ 470/1024]  (3,5,6,1)  ok    ETA 00:25:18
[ 471/1024]  (3,4,0,5)  ok    ETA 00:25:15
[ 472/1024]  (3,5,5,5)  ok    ETA 00:25:11
[ 473/1024]  (3,5,3,5)  ok    ETA 00:25:06
[ 474/1024]  (3,5,4,5)  ok    ETA 00:25:02
[ 475/1024]  (3,5,7,1)  ok    ETA 00:24:57
[ 476/1024]  (3,5,2,5)  ok    ETA 00:24:51
[ 477/1024]  (3,5,6,5)  ok    ETA 00:24:47
[ 478/1024]  (3,5,1,5)  ok    ETA 00:24:44
[ 479/1024]  (3,5,0,5)  ok    ETA 00:24:44
[ 480/1024]  (3,5,7,5)  ok    ETA 00:24:45
[ 481/1024]  (3,6,5,1)  ok    ETA 00:25:40
[ 482/1024]  (3,6,4,1)  ok    ETA 00:25:34
[ 483/1024]  (3,6,3,1)  ok    ETA 00:25:32
[ 484/1024]  (3,6,2,1)  ok    ETA 00:25:27
[ 485/1024]  (3,6,7,1)  ok    ETA 00:25:21
[ 486/1024]  (3,6,6,1)  ok    ETA 00:25:16
[ 487/1024]  (3,6,7,5)  ok    ETA 00:25:12
[ 488/1024]  (3,6,1,1)  ok    ETA 00:25:06
[ 489/1024]  (3,6,0,1)  ok    ETA 00:25:03
[ 490/1024]  (3,6,4,5)  ok    ETA 00:24:59
[ 491/1024]  (3,6,6,5)  ok    ETA 00:24:53
[ 492/1024]  (3,6,5,5)  ok    ETA 00:24:48
[ 493/1024]  (3,6,3,5)  ok    ETA 00:24:46
[ 494/1024]  (3,6,2,5)  ok    ETA 00:24:41
[ 495/1024]  (3,7,4,1)  ok    ETA 00:24:41
[ 496/1024]  (3,7,5,1)  ok    ETA 00:24:36
[ 497/1024]  (3,6,1,5)  ok    ETA 00:24:30
[ 498/1024]  (3,7,6,1)  ok    ETA 00:24:25
[ 499/1024]  (3,7,3,1)  ok    ETA 00:24:20
[ 500/1024]  (3,7,2,1)  ok    ETA 00:24:15
[ 501/1024]  (3,6,0,5)  ok    ETA 00:24:11
[ 502/1024]  (3,7,1,1)  ok    ETA 00:24:07
[ 503/1024]  (3,7,7,5)  ok    ETA 00:24:02
[ 504/1024]  (3,7,7,1)  ok    ETA 00:23:56
[ 505/1024]  (3,7,0,1)  ok    ETA 00:23:51
[ 506/1024]  (3,7,4,5)  ok    ETA 00:23:46
[ 507/1024]  (3,7,5,5)  ok    ETA 00:23:42
[ 508/1024]  (3,7,3,5)  ok    ETA 00:23:39
[ 509/1024]  (3,7,6,5)  ok    ETA 00:23:34
[ 510/1024]  (3,7,2,5)  ok    ETA 00:23:32
[ 511/1024]  (4,0,6,1)  ok    ETA 00:23:29
[ 512/1024]  (4,0,5,1)  ok    ETA 00:23:25
[ 513/1024]  (4,0,4,1)  ok    ETA 00:23:20
[ 514/1024]  (3,7,1,5)  ok    ETA 00:23:16
[ 515/1024]  (4,0,2,1)  ok    ETA 00:23:11
[ 516/1024]  (4,0,3,1)  ok    ETA 00:23:06
[ 517/1024]  (4,0,7,1)  ok    ETA 00:23:02
[ 518/1024]  (4,0,1,1)  ok    ETA 00:22:57
[ 519/1024]  (3,7,0,5)  ok    ETA 00:22:54
[ 520/1024]  (4,0,0,1)  ok    ETA 00:22:49
[ 521/1024]  (4,0,6,5)  ok    ETA 00:22:45
[ 522/1024]  (4,0,5,5)  ok    ETA 00:22:42
[ 523/1024]  (4,0,7,5)  ok    ETA 00:22:41
[ 524/1024]  (4,0,4,5)  ok    ETA 00:22:38
[ 525/1024]  (4,0,3,5)  ok    ETA 00:22:38
[ 526/1024]  (4,0,2,5)  ok    ETA 00:22:36
[ 527/1024]  (4,0,1,5)  ok    ETA 00:22:37
[ 528/1024]  (4,0,0,5)  ok    ETA 00:22:39
[ 529/1024]  (4,1,6,1)  ok    ETA 00:23:10
[ 530/1024]  (4,1,5,1)  ok    ETA 00:23:06
[ 531/1024]  (4,1,4,1)  ok    ETA 00:23:03
[ 532/1024]  (4,1,3,1)  ok    ETA 00:22:58
[ 533/1024]  (4,1,7,1)  ok    ETA 00:22:54
[ 534/1024]  (4,1,2,1)  ok    ETA 00:22:51
[ 535/1024]  (4,1,7,5)  ok    ETA 00:22:46
[ 536/1024]  (4,1,6,5)  ok    ETA 00:22:42
[ 537/1024]  (4,1,1,1)  ok    ETA 00:22:39
[ 538/1024]  (4,1,0,1)  ok    ETA 00:22:35
[ 539/1024]  (4,1,5,5)  ok    ETA 00:22:30
[ 540/1024]  (4,2,6,1)  ok    ETA 00:22:30
[ 541/1024]  (4,2,7,1)  ok    ETA 00:22:25
[ 542/1024]  (4,1,4,5)  ok    ETA 00:22:21
[ 543/1024]  (4,2,5,1)  ok    ETA 00:22:17
[ 544/1024]  (4,2,4,1)  ok    ETA 00:22:13
[ 545/1024]  (4,1,3,5)  ok    ETA 00:22:08
[ 546/1024]  (4,2,7,5)  ok    ETA 00:22:05
[ 547/1024]  (4,2,3,1)  ok    ETA 00:22:00
[ 548/1024]  (4,2,6,5)  ok    ETA 00:21:59
[ 549/1024]  (4,2,2,1)  ok    ETA 00:21:55
[ 550/1024]  (4,1,2,5)  ok    ETA 00:21:51
[ 551/1024]  (4,2,5,5)  ok    ETA 00:21:47
[ 552/1024]  (4,2,1,1)  ok    ETA 00:21:42
[ 553/1024]  (4,2,0,1)  ok    ETA 00:21:41
[ 554/1024]  (4,3,4,1)  ok    ETA 00:21:37
[ 555/1024]  (4,1,1,5)  ok    ETA 00:21:32
[ 556/1024]  (4,2,4,5)  ok    ETA 00:21:28
[ 557/1024]  (4,3,3,1)  ok    ETA 00:21:23
[ 558/1024]  (4,3,5,1)  ok    ETA 00:21:19
[ 559/1024]  (4,3,2,1)  ok    ETA 00:21:16
[ 560/1024]  (4,3,6,1)  ok    ETA 00:21:12
[ 561/1024]  (4,2,3,5)  ok    ETA 00:21:08
[ 562/1024]  (4,3,1,1)  ok    ETA 00:21:03
[ 563/1024]  (4,1,0,5)  ok    ETA 00:20:59
[ 564/1024]  (4,3,0,1)  ok    ETA 00:20:56
[ 565/1024]  (4,3,7,1)  ok    ETA 00:20:53
[ 566/1024]  (4,3,5,5)  ok    ETA 00:20:50
[ 567/1024]  (4,3,4,5)  ok    ETA 00:20:46
[ 568/1024]  (4,3,3,5)  ok    ETA 00:20:42
[ 569/1024]  (4,2,2,5)  ok    ETA 00:20:37
[ 570/1024]  (4,3,6,5)  ok    ETA 00:20:33
[ 571/1024]  (4,3,2,5)  ok    ETA 00:20:34
[ 572/1024]  (4,3,7,5)  ok    ETA 00:20:29
[ 573/1024]  (4,2,1,5)  ok    ETA 00:20:26
[ 574/1024]  (4,3,1,5)  ok    ETA 00:20:24
[ 575/1024]  (4,2,0,5)  ok    ETA 00:20:22
[ 576/1024]  (4,3,0,5)  ok    ETA 00:20:22
[ 577/1024]  (4,4,5,1)  ok    ETA 00:20:49
[ 578/1024]  (4,4,4,1)  ok    ETA 00:20:45
[ 579/1024]  (4,4,7,1)  ok    ETA 00:20:41
[ 580/1024]  (4,4,2,1)  ok    ETA 00:20:36
[ 581/1024]  (4,4,3,1)  ok    ETA 00:20:31
[ 582/1024]  (4,4,6,1)  ok    ETA 00:20:27
[ 583/1024]  (4,4,1,1)  ok    ETA 00:20:24
[ 584/1024]  (4,4,7,5)  ok    ETA 00:20:20
[ 585/1024]  (4,4,0,1)  ok    ETA 00:20:17
[ 586/1024]  (4,4,6,5)  ok    ETA 00:20:12
[ 587/1024]  (4,4,5,5)  ok    ETA 00:20:11
[ 588/1024]  (4,4,4,5)  ok    ETA 00:20:06
[ 589/1024]  (4,4,3,5)  ok    ETA 00:20:05
[ 590/1024]  (4,4,2,5)  ok    ETA 00:20:04
[ 591/1024]  (4,5,6,1)  ok    ETA 00:20:00
[ 592/1024]  (4,5,3,1)  ok    ETA 00:19:56
[ 593/1024]  (4,5,7,1)  ok    ETA 00:19:52
[ 594/1024]  (4,5,1,1)  ok    ETA 00:19:48
[ 595/1024]  (4,4,1,5)  ok    ETA 00:19:43
[ 596/1024]  (4,5,5,1)  ok    ETA 00:19:39
[ 597/1024]  (4,5,2,1)  ok    ETA 00:19:35
[ 598/1024]  (4,5,7,5)  ok    ETA 00:19:31
[ 599/1024]  (4,5,4,1)  ok    ETA 00:19:27
[ 600/1024]  (4,4,0,5)  ok    ETA 00:19:23
  [checkpoint @ 600]
[ 601/1024]  (4,5,6,5)  ok    ETA 00:19:19
[ 602/1024]  (4,5,0,1)  ok    ETA 00:19:14
[ 603/1024]  (4,5,5,5)  ok    ETA 00:19:12
[ 604/1024]  (4,5,4,5)  ok    ETA 00:19:10
[ 605/1024]  (4,5,3,5)  ok    ETA 00:19:06
[ 606/1024]  (4,5,2,5)  ok    ETA 00:19:06
[ 607/1024]  (4,6,4,1)  ok    ETA 00:19:02
[ 608/1024]  (4,6,3,1)  ok    ETA 00:18:59
[ 609/1024]  (4,6,6,1)  ok    ETA 00:18:55
[ 610/1024]  (4,6,2,1)  ok    ETA 00:18:50
[ 611/1024]  (4,6,1,1)  ok    ETA 00:18:46
[ 612/1024]  (4,6,5,1)  ok    ETA 00:18:42
[ 613/1024]  (4,5,1,5)  ok    ETA 00:18:38
[ 614/1024]  (4,6,0,1)  ok    ETA 00:18:35
[ 615/1024]  (4,5,0,5)  ok    ETA 00:18:31
[ 616/1024]  (4,6,7,1)  ok    ETA 00:18:26
[ 617/1024]  (4,6,4,5)  ok    ETA 00:18:24
[ 618/1024]  (4,6,6,5)  ok    ETA 00:18:20
[ 619/1024]  (4,6,5,5)  ok    ETA 00:18:16
[ 620/1024]  (4,6,3,5)  ok    ETA 00:18:14
[ 621/1024]  (4,6,7,5)  ok    ETA 00:18:09
[ 622/1024]  (4,6,2,5)  ok    ETA 00:18:08
[ 623/1024]  (4,6,1,5)  ok    ETA 00:18:05
[ 624/1024]  (4,6,0,5)  ok    ETA 00:18:04
[ 625/1024]  (4,7,4,1)  ok    ETA 00:18:29
[ 626/1024]  (4,7,5,1)  ok    ETA 00:18:25
[ 627/1024]  (4,7,3,1)  ok    ETA 00:18:20
[ 628/1024]  (4,7,2,1)  ok    ETA 00:18:16
[ 629/1024]  (4,7,6,1)  ok    ETA 00:18:12
[ 630/1024]  (4,7,1,1)  ok    ETA 00:18:09
[ 631/1024]  (4,7,7,1)  ok    ETA 00:18:05
[ 632/1024]  (4,7,0,1)  ok    ETA 00:18:01
[ 633/1024]  (4,7,5,5)  ok    ETA 00:17:58
[ 634/1024]  (4,7,7,5)  ok    ETA 00:17:54
[ 635/1024]  (4,7,4,5)  ok    ETA 00:17:50
[ 636/1024]  (4,7,3,5)  ok    ETA 00:17:47
[ 637/1024]  (4,7,6,5)  ok    ETA 00:17:43
[ 638/1024]  (5,0,5,1)  ok    ETA 00:17:41
[ 639/1024]  (4,7,2,5)  ok    ETA 00:17:37
[ 640/1024]  (5,0,6,1)  ok    ETA 00:17:34
[ 641/1024]  (5,0,4,1)  ok    ETA 00:17:30
[ 642/1024]  (5,0,3,1)  ok    ETA 00:17:27
[ 643/1024]  (4,7,1,5)  ok    ETA 00:17:23
[ 644/1024]  (5,0,7,1)  ok    ETA 00:17:19
[ 645/1024]  (5,0,2,1)  ok    ETA 00:17:15
[ 646/1024]  (5,0,1,1)  ok    ETA 00:17:12
[ 647/1024]  (4,7,0,5)  ok    ETA 00:17:08
[ 648/1024]  (5,0,0,1)  ok    ETA 00:17:04
[ 649/1024]  (5,0,7,5)  ok    ETA 00:17:04
[ 650/1024]  (5,0,6,5)  ok    ETA 00:17:01
[ 651/1024]  (5,0,5,5)  ok    ETA 00:16:57
[ 652/1024]  (5,0,4,5)  ok    ETA 00:16:53
[ 653/1024]  (5,1,6,1)  ok    ETA 00:16:52
[ 654/1024]  (5,0,3,5)  ok    ETA 00:16:48
[ 655/1024]  (5,1,5,1)  ok    ETA 00:16:44
[ 656/1024]  (5,1,7,1)  ok    ETA 00:16:41
[ 657/1024]  (5,1,4,1)  ok    ETA 00:16:37
[ 658/1024]  (5,1,3,1)  ok    ETA 00:16:35
[ 659/1024]  (5,1,2,1)  ok    ETA 00:16:32
[ 660/1024]  (5,0,2,5)  ok    ETA 00:16:28
[ 661/1024]  (5,1,1,1)  ok    ETA 00:16:26
[ 662/1024]  (5,1,6,5)  ok    ETA 00:16:22
[ 663/1024]  (5,1,7,5)  ok    ETA 00:16:19
[ 664/1024]  (5,1,0,1)  ok    ETA 00:16:16
[ 665/1024]  (5,1,5,5)  ok    ETA 00:16:12
[ 666/1024]  (5,0,1,5)  ok    ETA 00:16:08
[ 667/1024]  (5,1,4,5)  ok    ETA 00:16:06
[ 668/1024]  (5,0,0,5)  ok    ETA 00:16:04
[ 669/1024]  (5,1,3,5)  ok    ETA 00:16:02
[ 670/1024]  (5,1,2,5)  ok    ETA 00:16:05
[ 671/1024]  (5,1,1,5)  ok    ETA 00:16:06
[ 672/1024]  (5,1,0,5)  ok    ETA 00:16:09
[ 673/1024]  (5,2,6,1)  ok    ETA 00:16:06
[ 674/1024]  (5,2,7,1)  ok    ETA 00:16:03
[ 675/1024]  (5,2,5,1)  ok    ETA 00:16:00
[ 676/1024]  (5,2,4,1)  ok    ETA 00:15:58
[ 677/1024]  (5,2,3,1)  ok    ETA 00:15:54
[ 678/1024]  (5,2,7,5)  ok    ETA 00:15:50
[ 679/1024]  (5,2,2,1)  ok    ETA 00:15:48
[ 680/1024]  (5,2,6,5)  ok    ETA 00:15:46
[ 681/1024]  (5,2,1,1)  ok    ETA 00:15:42
[ 682/1024]  (5,2,5,5)  ok    ETA 00:15:39
[ 683/1024]  (5,2,0,1)  ok    ETA 00:15:37
[ 684/1024]  (5,3,5,1)  ok    ETA 00:15:35
[ 685/1024]  (5,3,3,1)  ok    ETA 00:15:31
[ 686/1024]  (5,2,4,5)  ok    ETA 00:15:27
[ 687/1024]  (5,3,2,1)  ok    ETA 00:15:24
[ 688/1024]  (5,3,7,1)  ok    ETA 00:15:20
[ 689/1024]  (5,3,6,1)  ok    ETA 00:15:16
[ 690/1024]  (5,3,4,1)  ok    ETA 00:15:12
[ 691/1024]  (5,3,1,1)  ok    ETA 00:15:09
[ 692/1024]  (5,2,3,5)  ok    ETA 00:15:06
[ 693/1024]  (5,3,7,5)  ok    ETA 00:15:02
[ 694/1024]  (5,3,0,1)  ok    ETA 00:14:59
[ 695/1024]  (5,3,6,5)  ok    ETA 00:14:57
[ 696/1024]  (5,3,5,5)  ok    ETA 00:14:53
[ 697/1024]  (5,2,2,5)  ok    ETA 00:14:52
[ 698/1024]  (5,3,4,5)  ok    ETA 00:14:48
[ 699/1024]  (5,3,3,5)  ok    ETA 00:14:45
[ 700/1024]  (5,2,1,5)  ok    ETA 00:14:45
[ 701/1024]  (5,3,2,5)  ok    ETA 00:14:41
[ 702/1024]  (5,4,4,1)  ok    ETA 00:14:37
[ 703/1024]  (5,4,5,1)  ok    ETA 00:14:34
[ 704/1024]  (5,4,3,1)  ok    ETA 00:14:30
[ 705/1024]  (5,4,6,1)  ok    ETA 00:14:27
[ 706/1024]  (5,4,0,1)  ok    ETA 00:14:23
[ 707/1024]  (5,4,1,1)  ok    ETA 00:14:20
[ 708/1024]  (5,4,2,1)  ok    ETA 00:14:16
[ 709/1024]  (5,3,1,5)  ok    ETA 00:14:13
[ 710/1024]  (5,2,0,5)  ok    ETA 00:14:12
[ 711/1024]  (5,4,5,5)  ok    ETA 00:14:09
[ 712/1024]  (5,4,4,5)  ok    ETA 00:14:05
[ 713/1024]  (5,3,0,5)  ok    ETA 00:14:02
[ 714/1024]  (5,4,3,5)  ok    ETA 00:14:00
[ 715/1024]  (5,4,7,1)  ok    ETA 00:13:56
[ 716/1024]  (5,4,6,5)  ok    ETA 00:13:53
[ 717/1024]  (5,4,2,5)  ok    ETA 00:13:51
[ 718/1024]  (5,4,1,5)  ok    ETA 00:13:49
[ 719/1024]  (5,4,7,5)  ok    ETA 00:13:49
[ 720/1024]  (5,4,0,5)  ok    ETA 00:13:46
[ 721/1024]  (5,5,1,1)  ok    ETA 00:13:52
[ 722/1024]  (5,5,3,1)  ok    ETA 00:13:49
[ 723/1024]  (5,5,7,1)  ok    ETA 00:13:46
[ 724/1024]  (5,5,4,1)  ok    ETA 00:13:42
[ 725/1024]  (5,5,2,1)  ok    ETA 00:13:38
[ 726/1024]  (5,5,5,1)  ok    ETA 00:13:34
[ 727/1024]  (5,5,6,1)  ok    ETA 00:13:31
[ 728/1024]  (5,5,0,1)  ok    ETA 00:13:27
[ 729/1024]  (5,5,7,5)  ok    ETA 00:13:25
[ 730/1024]  (5,5,6,5)  ok    ETA 00:13:22
[ 731/1024]  (5,5,4,5)  ok    ETA 00:13:21
[ 732/1024]  (5,5,5,5)  ok    ETA 00:13:18
[ 733/1024]  (5,5,3,5)  ok    ETA 00:13:15
[ 734/1024]  (5,5,2,5)  ok    ETA 00:13:12
[ 735/1024]  (5,6,2,1)  ok    ETA 00:13:11
[ 736/1024]  (5,6,5,1)  ok    ETA 00:13:07
[ 737/1024]  (5,6,3,1)  ok    ETA 00:13:03
[ 738/1024]  (5,6,7,1)  ok    ETA 00:13:00
[ 739/1024]  (5,6,1,1)  ok    ETA 00:12:56
[ 740/1024]  (5,6,4,1)  ok    ETA 00:12:52
[ 741/1024]  (5,5,1,5)  ok    ETA 00:12:49
[ 742/1024]  (5,6,0,1)  ok    ETA 00:12:46
[ 743/1024]  (5,6,6,1)  ok    ETA 00:12:42
[ 744/1024]  (5,5,0,5)  ok    ETA 00:12:39
[ 745/1024]  (5,6,7,5)  ok    ETA 00:12:37
[ 746/1024]  (5,6,6,5)  ok    ETA 00:12:34
[ 747/1024]  (5,6,4,5)  ok    ETA 00:12:31
[ 748/1024]  (5,6,3,5)  ok    ETA 00:12:28
[ 749/1024]  (5,6,5,5)  ok    ETA 00:12:25
[ 750/1024]  (5,6,2,5)  ok    ETA 00:12:22
[ 751/1024]  (5,6,1,5)  ok    ETA 00:12:21
[ 752/1024]  (5,7,2,1)  ok    ETA 00:12:18
[ 753/1024]  (5,7,4,1)  ok    ETA 00:12:15
[ 754/1024]  (5,7,5,1)  ok    ETA 00:12:11
[ 755/1024]  (5,7,1,1)  ok    ETA 00:12:08
[ 756/1024]  (5,7,6,1)  ok    ETA 00:12:05
[ 757/1024]  (5,7,3,1)  ok    ETA 00:12:01
[ 758/1024]  (5,6,0,5)  ok    ETA 00:11:57
[ 759/1024]  (5,7,0,1)  ok    ETA 00:11:55
[ 760/1024]  (5,7,5,5)  ok    ETA 00:11:53
[ 761/1024]  (5,7,7,1)  ok    ETA 00:11:49
[ 762/1024]  (5,7,4,5)  ok    ETA 00:11:47
[ 763/1024]  (5,7,6,5)  ok    ETA 00:11:44
[ 764/1024]  (5,7,3,5)  ok    ETA 00:11:41
[ 765/1024]  (5,7,7,5)  ok    ETA 00:11:38
[ 766/1024]  (5,7,1,5)  ok    ETA 00:11:35
[ 767/1024]  (5,7,2,5)  ok    ETA 00:11:32
[ 768/1024]  (5,7,0,5)  ok    ETA 00:11:31
[ 769/1024]  (6,0,4,1)  ok    ETA 00:11:34
[ 770/1024]  (6,0,3,1)  ok    ETA 00:11:31
[ 771/1024]  (6,0,2,1)  ok    ETA 00:11:29
[ 772/1024]  (6,0,5,1)  ok    ETA 00:11:25
[ 773/1024]  (6,0,6,1)  ok    ETA 00:11:22
[ 774/1024]  (6,0,1,1)  ok    ETA 00:11:19
[ 775/1024]  (6,0,0,1)  ok    ETA 00:11:16
[ 776/1024]  (6,0,7,1)  ok    ETA 00:11:13
[ 777/1024]  (6,0,6,5)  ok    ETA 00:11:12
[ 778/1024]  (6,0,7,5)  ok    ETA 00:11:09
[ 779/1024]  (6,0,5,5)  ok    ETA 00:11:06
[ 780/1024]  (6,0,4,5)  ok    ETA 00:11:03
[ 781/1024]  (6,0,3,5)  ok    ETA 00:11:01
[ 782/1024]  (6,1,6,1)  ok    ETA 00:10:58
[ 783/1024]  (6,1,3,1)  ok    ETA 00:10:55
[ 784/1024]  (6,1,4,1)  ok    ETA 00:10:52
[ 785/1024]  (6,1,5,1)  ok    ETA 00:10:49
[ 786/1024]  (6,1,7,1)  ok    ETA 00:10:46
[ 787/1024]  (6,1,2,1)  ok    ETA 00:10:42
[ 788/1024]  (6,0,2,5)  ok    ETA 00:10:39
[ 789/1024]  (6,1,1,1)  ok    ETA 00:10:37
[ 790/1024]  (6,1,6,5)  ok    ETA 00:10:34
[ 791/1024]  (6,1,7,5)  ok    ETA 00:10:31
[ 792/1024]  (6,0,1,5)  ok    ETA 00:10:29
[ 793/1024]  (6,1,0,1)  ok    ETA 00:10:25
[ 794/1024]  (6,1,5,5)  ok    ETA 00:10:22
[ 795/1024]  (6,1,4,5)  ok    ETA 00:10:21
[ 796/1024]  (6,0,0,5)  ok    ETA 00:10:18
[ 797/1024]  (6,2,7,1)  ok    ETA 00:10:15
[ 798/1024]  (6,2,6,1)  ok    ETA 00:10:12
[ 799/1024]  (6,1,3,5)  ok    ETA 00:10:09
[ 800/1024]  (6,2,5,1)  ok    ETA 00:10:05
  [checkpoint @ 800]
[ 801/1024]  (6,2,4,1)  ok    ETA 00:10:03
[ 802/1024]  (6,2,3,1)  ok    ETA 00:09:59
[ 803/1024]  (6,2,2,1)  ok    ETA 00:09:57
[ 804/1024]  (6,1,2,5)  ok    ETA 00:09:55
[ 805/1024]  (6,2,7,5)  ok    ETA 00:09:52
[ 806/1024]  (6,2,6,5)  ok    ETA 00:09:48
[ 807/1024]  (6,2,1,1)  ok    ETA 00:09:45
[ 808/1024]  (6,2,0,1)  ok    ETA 00:09:43
[ 809/1024]  (6,2,5,5)  ok    ETA 00:09:40
[ 810/1024]  (6,1,1,5)  ok    ETA 00:09:38
[ 811/1024]  (6,2,4,5)  ok    ETA 00:09:36
[ 812/1024]  (6,2,3,5)  ok    ETA 00:09:35
[ 813/1024]  (6,2,2,5)  ok    ETA 00:09:33
[ 814/1024]  (6,1,0,5)  ok    ETA 00:09:30
[ 815/1024]  (6,3,3,1)  ok    ETA 00:09:29
[ 816/1024]  (6,3,2,1)  ok    ETA 00:09:25
[ 817/1024]  (6,3,4,1)  ok    ETA 00:09:23
[ 818/1024]  (6,3,5,1)  ok    ETA 00:09:20
[ 819/1024]  (6,3,6,1)  ok    ETA 00:09:17
[ 820/1024]  (6,2,1,5)  ok    ETA 00:09:13
[ 821/1024]  (6,3,1,1)  ok    ETA 00:09:10
[ 822/1024]  (6,3,7,1)  ok    ETA 00:09:07
[ 823/1024]  (6,3,0,1)  ok    ETA 00:09:04
[ 824/1024]  (6,3,7,5)  ok    ETA 00:09:02
[ 825/1024]  (6,3,5,5)  ok    ETA 00:08:59
[ 826/1024]  (6,3,6,5)  ok    ETA 00:08:56
[ 827/1024]  (6,2,0,5)  ok    ETA 00:08:54
[ 828/1024]  (6,3,4,5)  ok    ETA 00:08:51
[ 829/1024]  (6,3,3,5)  ok    ETA 00:08:48
[ 830/1024]  (6,3,2,5)  ok    ETA 00:08:46
[ 831/1024]  (6,4,4,1)  ok    ETA 00:08:44
[ 832/1024]  (6,4,3,1)  ok    ETA 00:08:41
[ 833/1024]  (6,4,7,1)  ok    ETA 00:08:37
[ 834/1024]  (6,4,1,1)  ok    ETA 00:08:34
[ 835/1024]  (6,4,2,1)  ok    ETA 00:08:31
[ 836/1024]  (6,4,5,1)  ok    ETA 00:08:28
[ 837/1024]  (6,4,6,1)  ok    ETA 00:08:25
[ 838/1024]  (6,3,1,5)  ok    ETA 00:08:22
[ 839/1024]  (6,4,0,1)  ok    ETA 00:08:19
[ 840/1024]  (6,4,7,5)  ok    ETA 00:08:16
[ 841/1024]  (6,4,6,5)  ok    ETA 00:08:14
[ 842/1024]  (6,3,0,5)  ok    ETA 00:08:11
[ 843/1024]  (6,4,4,5)  ok    ETA 00:08:08
[ 844/1024]  (6,4,5,5)  ok    ETA 00:08:05
[ 845/1024]  (6,4,3,5)  ok    ETA 00:08:03
[ 846/1024]  (6,4,2,5)  ok    ETA 00:08:02
[ 847/1024]  (6,5,3,1)  ok    ETA 00:07:58
[ 848/1024]  (6,5,4,1)  ok    ETA 00:07:55
[ 849/1024]  (6,5,1,1)  ok    ETA 00:07:53
[ 850/1024]  (6,4,1,5)  ok    ETA 00:07:50
[ 851/1024]  (6,5,0,1)  ok    ETA 00:07:46
[ 852/1024]  (6,5,2,1)  ok    ETA 00:07:43
[ 853/1024]  (6,5,5,1)  ok    ETA 00:07:40
[ 854/1024]  (6,4,0,5)  ok    ETA 00:07:38
[ 855/1024]  (6,5,6,1)  ok    ETA 00:07:36
[ 856/1024]  (6,5,7,1)  ok    ETA 00:07:34
[ 857/1024]  (6,5,4,5)  ok    ETA 00:07:31
[ 858/1024]  (6,5,3,5)  ok    ETA 00:07:28
[ 859/1024]  (6,5,6,5)  ok    ETA 00:07:25
[ 860/1024]  (6,5,2,5)  ok    ETA 00:07:22
[ 861/1024]  (6,5,5,5)  ok    ETA 00:07:19
[ 862/1024]  (6,5,7,5)  ok    ETA 00:07:16
[ 863/1024]  (6,5,1,5)  ok    ETA 00:07:14
[ 864/1024]  (6,5,0,5)  ok    ETA 00:07:12
[ 865/1024]  (6,6,3,1)  ok    ETA 00:07:10
[ 866/1024]  (6,6,2,1)  ok    ETA 00:07:07
[ 867/1024]  (6,6,6,1)  ok    ETA 00:07:04
[ 868/1024]  (6,6,4,1)  ok    ETA 00:07:01
[ 869/1024]  (6,6,5,1)  ok    ETA 00:06:58
[ 870/1024]  (6,6,1,1)  ok    ETA 00:06:55
[ 871/1024]  (6,6,7,1)  ok    ETA 00:06:53
[ 872/1024]  (6,6,0,1)  ok    ETA 00:06:50
[ 873/1024]  (6,6,7,5)  ok    ETA 00:06:47
[ 874/1024]  (6,6,5,5)  ok    ETA 00:06:44
[ 875/1024]  (6,6,6,5)  ok    ETA 00:06:41
[ 876/1024]  (6,6,4,5)  ok    ETA 00:06:39
[ 877/1024]  (6,6,3,5)  ok    ETA 00:06:36
[ 878/1024]  (6,6,2,5)  ok    ETA 00:06:34
[ 879/1024]  (6,7,5,1)  ok    ETA 00:06:32
[ 880/1024]  (6,7,3,1)  ok    ETA 00:06:29
[ 881/1024]  (6,7,4,1)  ok    ETA 00:06:26
[ 882/1024]  (6,6,1,5)  ok    ETA 00:06:23
[ 883/1024]  (6,7,2,1)  ok    ETA 00:06:20
[ 884/1024]  (6,7,6,1)  ok    ETA 00:06:17
[ 885/1024]  (6,7,1,1)  ok    ETA 00:06:14
[ 886/1024]  (6,7,7,1)  ok    ETA 00:06:11
[ 887/1024]  (6,7,0,1)  ok    ETA 00:06:08
[ 888/1024]  (6,6,0,5)  ok    ETA 00:06:06
[ 889/1024]  (6,7,5,5)  ok    ETA 00:06:03
[ 890/1024]  (6,7,7,5)  ok    ETA 00:06:00
[ 891/1024]  (6,7,4,5)  ok    ETA 00:05:57
[ 892/1024]  (6,7,3,5)  ok    ETA 00:05:54
[ 893/1024]  (6,7,6,5)  ok    ETA 00:05:51
[ 894/1024]  (6,7,2,5)  ok    ETA 00:05:49
[ 895/1024]  (7,0,2,1)  ok    ETA 00:05:47
[ 896/1024]  (6,7,1,5)  ok    ETA 00:05:44
[ 897/1024]  (7,0,6,1)  ok    ETA 00:05:41
[ 898/1024]  (7,0,1,1)  ok    ETA 00:05:38
[ 899/1024]  (7,0,4,1)  ok    ETA 00:05:35
[ 900/1024]  (7,0,5,1)  ok    ETA 00:05:32
[ 901/1024]  (7,0,3,1)  ok    ETA 00:05:30
[ 902/1024]  (7,0,0,1)  ok    ETA 00:05:27
[ 903/1024]  (7,0,7,1)  ok    ETA 00:05:24
[ 904/1024]  (6,7,0,5)  ok    ETA 00:05:21
[ 905/1024]  (7,0,6,5)  ok    ETA 00:05:19
[ 906/1024]  (7,0,7,5)  ok    ETA 00:05:17
[ 907/1024]  (7,0,5,5)  ok    ETA 00:05:14
[ 908/1024]  (7,0,4,5)  ok    ETA 00:05:12
[ 909/1024]  (7,0,3,5)  ok    ETA 00:05:10
[ 910/1024]  (7,0,2,5)  ok    ETA 00:05:08
[ 911/1024]  (7,1,6,1)  ok    ETA 00:05:05
[ 912/1024]  (7,1,5,1)  ok    ETA 00:05:02
[ 913/1024]  (7,1,4,1)  ok    ETA 00:04:59
[ 914/1024]  (7,1,3,1)  ok    ETA 00:04:56
[ 915/1024]  (7,1,2,1)  ok    ETA 00:04:53
[ 916/1024]  (7,1,7,1)  ok    ETA 00:04:50
[ 917/1024]  (7,0,1,5)  ok    ETA 00:04:47
[ 918/1024]  (7,1,1,1)  ok    ETA 00:04:45
[ 919/1024]  (7,1,0,1)  ok    ETA 00:04:42
[ 920/1024]  (7,1,7,5)  ok    ETA 00:04:40
[ 921/1024]  (7,1,6,5)  ok    ETA 00:04:37
[ 922/1024]  (7,0,0,5)  ok    ETA 00:04:34
[ 923/1024]  (7,1,5,5)  ok    ETA 00:04:31
[ 924/1024]  (7,1,4,5)  ok    ETA 00:04:29
[ 925/1024]  (7,2,6,1)  ok    ETA 00:04:26
[ 926/1024]  (7,2,5,1)  ok    ETA 00:04:24
[ 927/1024]  (7,2,7,1)  ok    ETA 00:04:21
[ 928/1024]  (7,1,3,5)  ok    ETA 00:04:18
[ 929/1024]  (7,2,4,1)  ok    ETA 00:04:15
[ 930/1024]  (7,2,3,1)  ok    ETA 00:04:13
[ 931/1024]  (7,2,2,1)  ok    ETA 00:04:10
[ 932/1024]  (7,2,7,5)  ok    ETA 00:04:07
[ 933/1024]  (7,2,1,1)  ok    ETA 00:04:04
[ 934/1024]  (7,2,6,5)  ok    ETA 00:04:02
[ 935/1024]  (7,1,2,5)  ok    ETA 00:03:59
[ 936/1024]  (7,2,5,5)  ok    ETA 00:03:56
[ 937/1024]  (7,2,0,1)  ok    ETA 00:03:53
[ 938/1024]  (7,2,4,5)  ok    ETA 00:03:51
[ 939/1024]  (7,3,3,1)  ok    ETA 00:03:49
[ 940/1024]  (7,1,1,5)  ok    ETA 00:03:46
[ 941/1024]  (7,3,2,1)  ok    ETA 00:03:43
[ 942/1024]  (7,3,5,1)  ok    ETA 00:03:40
[ 943/1024]  (7,3,4,1)  ok    ETA 00:03:37
[ 944/1024]  (7,2,3,5)  ok    ETA 00:03:35
[ 945/1024]  (7,3,1,1)  ok    ETA 00:03:32
[ 946/1024]  (7,3,0,1)  ok    ETA 00:03:29
[ 947/1024]  (7,3,6,1)  ok    ETA 00:03:27
[ 948/1024]  (7,3,7,1)  ok    ETA 00:03:24
[ 949/1024]  (7,1,0,5)  ok    ETA 00:03:21
[ 950/1024]  (7,2,2,5)  ok    ETA 00:03:18
[ 951/1024]  (7,3,7,5)  ok    ETA 00:03:16
[ 952/1024]  (7,3,5,5)  ok    ETA 00:03:13
[ 953/1024]  (7,3,4,5)  ok    ETA 00:03:10
[ 954/1024]  (7,3,3,5)  ok    ETA 00:03:08
[ 955/1024]  (7,3,6,5)  ok    ETA 00:03:05
[ 956/1024]  (7,2,1,5)  ok    ETA 00:03:02
[ 957/1024]  (7,3,2,5)  ok    ETA 00:03:00
[ 958/1024]  (7,4,5,1)  ok    ETA 00:02:57
[ 959/1024]  (7,4,4,1)  ok    ETA 00:02:55
[ 960/1024]  (7,3,1,5)  ok    ETA 00:02:52
[ 961/1024]  (7,4,2,1)  ok    ETA 00:02:49
[ 962/1024]  (7,2,0,5)  ok    ETA 00:02:46
[ 963/1024]  (7,4,3,1)  ok    ETA 00:02:43
[ 964/1024]  (7,4,6,1)  ok    ETA 00:02:41
[ 965/1024]  (7,4,1,1)  ok    ETA 00:02:38
[ 966/1024]  (7,4,7,1)  ok    ETA 00:02:35
[ 967/1024]  (7,4,0,1)  ok    ETA 00:02:32
[ 968/1024]  (7,3,0,5)  ok    ETA 00:02:30
[ 969/1024]  (7,4,7,5)  ok    ETA 00:02:27
[ 970/1024]  (7,4,6,5)  ok    ETA 00:02:24
[ 971/1024]  (7,4,4,5)  ok    ETA 00:02:22
[ 972/1024]  (7,4,5,5)  ok    ETA 00:02:19
[ 973/1024]  (7,4,3,5)  ok    ETA 00:02:16
[ 974/1024]  (7,4,2,5)  ok    ETA 00:02:14
[ 975/1024]  (7,5,3,1)  ok    ETA 00:02:11
[ 976/1024]  (7,5,4,1)  ok    ETA 00:02:09
[ 977/1024]  (7,5,2,1)  ok    ETA 00:02:06
[ 978/1024]  (7,5,7,1)  ok    ETA 00:02:03
[ 979/1024]  (7,5,1,1)  ok    ETA 00:02:00
[ 980/1024]  (7,5,5,1)  ok    ETA 00:01:58
[ 981/1024]  (7,5,0,1)  ok    ETA 00:01:55
[ 982/1024]  (7,4,1,5)  ok    ETA 00:01:52
[ 983/1024]  (7,5,6,1)  ok    ETA 00:01:49
[ 984/1024]  (7,5,7,5)  ok    ETA 00:01:47
[ 985/1024]  (7,5,6,5)  ok    ETA 00:01:44
[ 986/1024]  (7,4,0,5)  ok    ETA 00:01:41
[ 987/1024]  (7,5,5,5)  ok    ETA 00:01:39
[ 988/1024]  (7,5,4,5)  ok    ETA 00:01:36
[ 989/1024]  (7,5,3,5)  ok    ETA 00:01:33
[ 990/1024]  (7,5,2,5)  ok    ETA 00:01:31
[ 991/1024]  (7,6,5,1)  ok    ETA 00:01:28
[ 992/1024]  (7,6,2,1)  ok    ETA 00:01:26
[ 993/1024]  (7,6,4,1)  ok    ETA 00:01:23
[ 994/1024]  (7,6,6,1)  ok    ETA 00:01:20
[ 995/1024]  (7,6,3,1)  ok    ETA 00:01:17
[ 996/1024]  (7,5,1,5)  ok    ETA 00:01:15
[ 997/1024]  (7,6,0,1)  ok    ETA 00:01:12
[ 998/1024]  (7,6,1,1)  ok    ETA 00:01:09
[ 999/1024]  (7,6,7,1)  ok    ETA 00:01:06
[1000/1024]  (7,5,0,5)  ok    ETA 00:01:04
  [checkpoint @ 1000]
[1001/1024]  (7,6,7,5)  ok    ETA 00:01:01
[1002/1024]  (7,6,5,5)  ok    ETA 00:00:58
[1003/1024]  (7,6,4,5)  ok    ETA 00:00:56
[1004/1024]  (7,6,6,5)  ok    ETA 00:00:53
[1005/1024]  (7,6,3,5)  ok    ETA 00:00:50
[1006/1024]  (7,6,2,5)  ok    ETA 00:00:48
[1007/1024]  (7,7,3,1)  ok    ETA 00:00:45
[1008/1024]  (7,7,4,1)  ok    ETA 00:00:42
[1009/1024]  (7,7,5,1)  ok    ETA 00:00:40
[1010/1024]  (7,7,2,1)  ok    ETA 00:00:37
[1011/1024]  (7,6,1,5)  ok    ETA 00:00:34
[1012/1024]  (7,7,6,1)  ok    ETA 00:00:32
[1013/1024]  (7,7,1,1)  ok    ETA 00:00:29
[1014/1024]  (7,7,0,1)  ok    ETA 00:00:26
[1015/1024]  (7,7,7,1)  ok    ETA 00:00:24
[1016/1024]  (7,6,0,5)  ok    ETA 00:00:21
[1017/1024]  (7,7,5,5)  ok    ETA 00:00:18
[1018/1024]  (7,7,7,5)  ok    ETA 00:00:16
[1019/1024]  (7,7,4,5)  ok    ETA 00:00:13
[1020/1024]  (7,7,6,5)  ok    ETA 00:00:10
[1021/1024]  (7,7,3,5)  ok    ETA 00:00:08
[1022/1024]  (7,7,2,5)  ok    ETA 00:00:05
[1023/1024]  (7,7,1,5)  ok    ETA 00:00:02
[1024/1024]  (7,7,0,5)  ok    ETA 00:00:00

Done. 1024 points in 45.8 min; 0 failed.
Saved → simulated/gennorm/gennorm_scan_1.npz
  corr_params:      (8, 8, 8, 8, 55)
  transform_params: (8, 8, 8, 8, 11, 4)
  WARNING: 3072 grid points have NaN.

=== job 10656628 finished Wed May  6 12:40:59 EDT 2026 ===
