=== job 10656663 started Wed May  6 11:55:14 EDT 2026 ===
    node:  holy7c18209
    cpus:  48
    python: Python 3.12.11

SVJ gennorm scan  job 2/3  (48 outer × 1 C++ threads)
  Grid:    8×8×8×8 = 4096 total  (1024 this job)
  To do:   1024  (already done: 0)
  Events/point: 10000
  Output:  simulated/gennorm/gennorm_scan_2.npz

[   1/1024]  (0,0,7,2)  ok    ETA 34:11:28
[   2/1024]  (0,1,7,2)  ok    ETA 17:04:45
[   3/1024]  (0,2,7,2)  ok    ETA 11:27:47
[   4/1024]  (0,2,7,6)  ok    ETA 08:35:58
[   5/1024]  (0,1,7,6)  ok    ETA 06:53:32
[   6/1024]  (0,0,7,6)  ok    ETA 05:47:32
[   7/1024]  (0,0,6,2)  ok    ETA 04:57:36
[   8/1024]  (0,1,6,2)  ok    ETA 04:22:11
[   9/1024]  (0,0,5,2)  ok    ETA 03:52:51
[  10/1024]  (0,2,5,2)  ok    ETA 03:29:58
[  11/1024]  (0,0,6,6)  ok    ETA 03:10:57
[  12/1024]  (0,1,6,6)  ok    ETA 02:54:58
[  13/1024]  (0,2,6,2)  ok    ETA 02:41:34
[  14/1024]  (0,1,5,2)  ok    ETA 02:30:18
[  15/1024]  (0,1,4,2)  ok    ETA 02:20:47
[  16/1024]  (0,2,6,6)  ok    ETA 02:12:05
[  17/1024]  (0,2,5,6)  ok    ETA 02:04:14
[  18/1024]  (0,0,4,2)  ok    ETA 01:57:43
[  19/1024]  (0,1,5,6)  ok    ETA 01:51:29
[  20/1024]  (0,0,3,2)  ok    ETA 01:45:53
[  21/1024]  (0,0,5,6)  ok    ETA 01:41:25
[  22/1024]  (0,0,4,6)  ok    ETA 01:37:17
[  23/1024]  (0,0,1,2)  ok    ETA 01:33:03
[  24/1024]  (0,1,4,6)  ok    ETA 01:29:29
[  25/1024]  (0,0,2,2)  ok    ETA 01:25:50
[  26/1024]  (0,2,4,2)  ok    ETA 01:22:49
[  27/1024]  (0,1,3,2)  ok    ETA 01:19:40
[  28/1024]  (0,0,3,6)  ok    ETA 01:16:47
[  29/1024]  (0,1,2,2)  ok    ETA 01:14:11
[  30/1024]  (0,2,3,2)  ok    ETA 01:12:20
[  31/1024]  (0,2,4,6)  ok    ETA 01:09:57
[  32/1024]  (0,1,3,6)  ok    ETA 01:07:52
[  33/1024]  (0,1,1,2)  ok    ETA 01:06:03
[  34/1024]  (0,0,2,6)  ok    ETA 01:04:06
[  35/1024]  (0,2,2,2)  ok    ETA 01:02:13
[  36/1024]  (0,0,0,2)  ok    ETA 01:00:43
[  37/1024]  (0,2,1,2)  ok    ETA 00:59:21
[  38/1024]  (0,1,0,2)  ok    ETA 00:57:46
[  39/1024]  (0,0,1,6)  ok    ETA 00:56:27
[  40/1024]  (0,1,2,6)  ok    ETA 00:55:10
[  41/1024]  (0,2,3,6)  ok    ETA 00:53:47
[  42/1024]  (0,2,2,6)  ok    ETA 00:53:08
[  43/1024]  (0,1,1,6)  ok    ETA 00:52:07
[  44/1024]  (0,0,0,6)  ok    ETA 00:51:06
[  45/1024]  (0,2,0,2)  ok    ETA 00:50:10
[  46/1024]  (0,2,1,6)  ok    ETA 00:49:31
[  47/1024]  (0,1,0,6)  ok    ETA 00:49:03
[  48/1024]  (0,2,0,6)  ok    ETA 00:48:20
[  49/1024]  (0,3,7,2)  ok    ETA 01:21:02
[  50/1024]  (0,3,6,2)  ok    ETA 01:19:42
[  51/1024]  (0,3,5,2)  ok    ETA 01:18:08
[  52/1024]  (0,3,7,6)  ok    ETA 01:16:37
[  53/1024]  (0,3,6,6)  ok    ETA 01:15:12
[  54/1024]  (0,3,3,2)  ok    ETA 01:14:16
[  55/1024]  (0,3,2,2)  ok    ETA 01:13:13
[  56/1024]  (0,4,6,2)  ok    ETA 01:11:51
[  57/1024]  (0,3,4,6)  ok    ETA 01:10:34
[  58/1024]  (0,4,7,2)  ok    ETA 01:09:20
[  59/1024]  (0,3,4,2)  ok    ETA 01:08:06
[  60/1024]  (0,4,6,6)  ok    ETA 01:06:58
[  61/1024]  (0,4,5,2)  ok    ETA 01:05:55
[  62/1024]  (0,3,1,2)  ok    ETA 01:04:50
[  63/1024]  (0,3,5,6)  ok    ETA 01:03:53
[  64/1024]  (0,3,0,2)  ok    ETA 01:02:54
[  65/1024]  (0,3,3,6)  ok    ETA 01:01:55
[  66/1024]  (0,4,3,2)  ok    ETA 01:00:58
[  67/1024]  (0,4,4,2)  ok    ETA 01:00:06
[  68/1024]  (0,3,2,6)  ok    ETA 00:59:13
[  69/1024]  (0,4,7,6)  ok    ETA 00:58:24
[  70/1024]  (0,3,1,6)  ok    ETA 00:57:45
[  71/1024]  (0,4,5,6)  ok    ETA 00:56:55
[  72/1024]  (0,3,0,6)  ok    ETA 00:56:07
[  73/1024]  (0,4,1,2)  ok    ETA 00:55:22
[  74/1024]  (0,4,3,6)  ok    ETA 00:54:36
[  75/1024]  (0,4,2,2)  ok    ETA 00:53:50
[  76/1024]  (0,5,6,2)  ok    ETA 00:53:29
[  77/1024]  (0,4,1,6)  ok    ETA 00:52:45
[  78/1024]  (0,4,0,2)  ok    ETA 00:52:06
[  79/1024]  (0,4,4,6)  ok    ETA 00:51:23
[  80/1024]  (0,4,2,6)  ok    ETA 00:50:52
[  81/1024]  (0,5,3,2)  ok    ETA 00:50:14
[  82/1024]  (0,5,4,2)  ok    ETA 00:49:36
[  83/1024]  (0,5,5,2)  ok    ETA 00:49:04
[  84/1024]  (0,5,5,6)  ok    ETA 00:48:30
[  85/1024]  (0,5,7,2)  ok    ETA 00:47:53
[  86/1024]  (0,5,1,2)  ok    ETA 00:47:20
[  87/1024]  (0,5,2,2)  ok    ETA 00:46:49
[  88/1024]  (0,5,3,6)  ok    ETA 00:46:15
[  89/1024]  (0,4,0,6)  ok    ETA 00:45:44
[  90/1024]  (0,5,6,6)  ok    ETA 00:45:11
[  91/1024]  (0,5,0,2)  ok    ETA 00:44:40
[  92/1024]  (0,5,4,6)  ok    ETA 00:44:11
[  93/1024]  (0,5,7,6)  ok    ETA 00:43:42
[  94/1024]  (0,5,2,6)  ok    ETA 00:43:20
[  95/1024]  (0,5,1,6)  ok    ETA 00:43:08
[  96/1024]  (0,5,0,6)  ok    ETA 00:42:41
[  97/1024]  (0,6,7,2)  ok    ETA 00:58:53
[  98/1024]  (0,6,7,6)  ok    ETA 00:58:25
[  99/1024]  (0,6,6,2)  ok    ETA 00:57:47
[ 100/1024]  (0,6,6,6)  ok    ETA 00:57:20
[ 101/1024]  (0,6,4,2)  ok    ETA 00:56:45
[ 102/1024]  (0,6,5,2)  ok    ETA 00:56:15
[ 103/1024]  (0,6,2,2)  ok    ETA 00:55:39
[ 104/1024]  (0,6,0,2)  ok    ETA 00:55:10
[ 105/1024]  (0,6,3,2)  ok    ETA 00:54:38
[ 106/1024]  (0,6,4,6)  ok    ETA 00:54:08
[ 107/1024]  (0,6,5,6)  ok    ETA 00:53:34
[ 108/1024]  (0,6,1,2)  ok    ETA 00:53:02
[ 109/1024]  (0,7,6,2)  ok    ETA 00:52:42
[ 110/1024]  (0,7,7,2)  ok    ETA 00:52:10
[ 111/1024]  (0,6,1,6)  ok    ETA 00:51:39
[ 112/1024]  (0,6,3,6)  ok    ETA 00:51:14
[ 113/1024]  (0,7,5,2)  ok    ETA 00:50:48
[ 114/1024]  (0,7,7,6)  ok    ETA 00:50:18
[ 115/1024]  (0,6,2,6)  ok    ETA 00:49:49
[ 116/1024]  (0,7,4,2)  ok    ETA 00:49:26
[ 117/1024]  (0,7,6,6)  ok    ETA 00:48:59
[ 118/1024]  (1,0,6,2)  ok    ETA 00:48:33
[ 119/1024]  (0,6,0,6)  ok    ETA 00:48:06
[ 120/1024]  (0,7,3,2)  ok    ETA 00:47:40
[ 121/1024]  (0,7,1,2)  ok    ETA 00:47:25
[ 122/1024]  (0,7,2,2)  ok    ETA 00:46:59
[ 123/1024]  (1,0,7,2)  ok    ETA 00:46:34
[ 124/1024]  (0,7,3,6)  ok    ETA 00:46:08
[ 125/1024]  (0,7,0,2)  ok    ETA 00:45:46
[ 126/1024]  (0,7,1,6)  ok    ETA 00:45:24
[ 127/1024]  (1,0,5,2)  ok    ETA 00:44:59
[ 128/1024]  (1,0,7,6)  ok    ETA 00:44:35
[ 129/1024]  (0,7,5,6)  ok    ETA 00:44:14
[ 130/1024]  (0,7,2,6)  ok    ETA 00:43:55
[ 131/1024]  (0,7,4,6)  ok    ETA 00:43:34
[ 132/1024]  (1,0,4,2)  ok    ETA 00:43:17
[ 133/1024]  (0,7,0,6)  ok    ETA 00:42:59
[ 134/1024]  (1,0,5,6)  ok    ETA 00:42:43
[ 135/1024]  (1,0,6,6)  ok    ETA 00:42:22
[ 136/1024]  (1,0,3,2)  ok    ETA 00:42:07
[ 137/1024]  (1,0,2,2)  ok    ETA 00:41:51
[ 138/1024]  (1,0,4,6)  ok    ETA 00:41:46
[ 139/1024]  (1,0,1,2)  ok    ETA 00:41:26
[ 140/1024]  (1,0,0,2)  ok    ETA 00:41:23
[ 141/1024]  (1,0,3,6)  ok    ETA 00:41:23
[ 142/1024]  (1,0,2,6)  ok    ETA 00:41:14
[ 143/1024]  (1,0,0,6)  ok    ETA 00:41:19
[ 144/1024]  (1,0,1,6)  ok    ETA 00:40:59
[ 145/1024]  (1,1,7,2)  ok    ETA 00:49:50
[ 146/1024]  (1,1,6,2)  ok    ETA 00:49:38
[ 147/1024]  (1,1,5,2)  ok    ETA 00:49:25
[ 148/1024]  (1,1,7,6)  ok    ETA 00:49:04
[ 149/1024]  (1,1,4,2)  ok    ETA 00:48:44
[ 150/1024]  (1,2,7,2)  ok    ETA 00:48:28
[ 151/1024]  (1,1,6,6)  ok    ETA 00:48:06
[ 152/1024]  (1,2,7,6)  ok    ETA 00:47:48
[ 153/1024]  (1,1,3,2)  ok    ETA 00:47:28
[ 154/1024]  (1,1,5,6)  ok    ETA 00:47:12
[ 155/1024]  (1,2,6,2)  ok    ETA 00:46:59
[ 156/1024]  (1,2,6,6)  ok    ETA 00:46:46
[ 157/1024]  (1,1,2,2)  ok    ETA 00:46:27
[ 158/1024]  (1,2,5,2)  ok    ETA 00:46:10
[ 159/1024]  (1,1,1,2)  ok    ETA 00:45:51
[ 160/1024]  (1,1,4,6)  ok    ETA 00:45:36
[ 161/1024]  (1,2,4,2)  ok    ETA 00:45:24
[ 162/1024]  (1,1,3,6)  ok    ETA 00:45:06
[ 163/1024]  (1,2,3,2)  ok    ETA 00:44:46
[ 164/1024]  (1,2,5,6)  ok    ETA 00:44:29
[ 165/1024]  (1,1,0,2)  ok    ETA 00:44:11
[ 166/1024]  (1,1,2,6)  ok    ETA 00:43:56
[ 167/1024]  (1,3,5,2)  ok    ETA 00:43:47
[ 168/1024]  (1,3,3,2)  ok    ETA 00:43:30
[ 169/1024]  (1,2,2,2)  ok    ETA 00:43:17
[ 170/1024]  (1,3,4,2)  ok    ETA 00:43:06
[ 171/1024]  (1,2,4,6)  ok    ETA 00:42:49
[ 172/1024]  (1,3,6,2)  ok    ETA 00:42:35
[ 173/1024]  (1,3,1,2)  ok    ETA 00:42:20
[ 174/1024]  (1,3,2,2)  ok    ETA 00:42:03
[ 175/1024]  (1,1,1,6)  ok    ETA 00:41:47
[ 176/1024]  (1,3,5,6)  ok    ETA 00:41:36
[ 177/1024]  (1,2,3,6)  ok    ETA 00:41:19
[ 178/1024]  (1,2,1,2)  ok    ETA 00:41:04
[ 179/1024]  (1,3,4,6)  ok    ETA 00:40:51
[ 180/1024]  (1,3,7,2)  ok    ETA 00:40:37
[ 181/1024]  (1,3,3,6)  ok    ETA 00:40:21
[ 182/1024]  (1,3,0,2)  ok    ETA 00:40:05
[ 183/1024]  (1,3,2,6)  ok    ETA 00:39:50
[ 184/1024]  (1,3,7,6)  ok    ETA 00:39:37
[ 185/1024]  (1,2,0,2)  ok    ETA 00:39:27
[ 186/1024]  (1,1,0,6)  ok    ETA 00:39:13
[ 187/1024]  (1,3,6,6)  ok    ETA 00:38:58
[ 188/1024]  (1,3,1,6)  ok    ETA 00:38:45
[ 189/1024]  (1,2,2,6)  ok    ETA 00:38:31
[ 190/1024]  (1,2,1,6)  ok    ETA 00:38:33
[ 191/1024]  (1,3,0,6)  ok    ETA 00:38:25
[ 192/1024]  (1,2,0,6)  ok    ETA 00:38:30
[ 193/1024]  (1,4,5,2)  ok    ETA 00:44:40
[ 194/1024]  (1,4,7,2)  ok    ETA 00:44:25
[ 195/1024]  (1,4,6,2)  ok    ETA 00:44:10
[ 196/1024]  (1,4,4,2)  ok    ETA 00:44:00
[ 197/1024]  (1,4,3,2)  ok    ETA 00:43:44
[ 198/1024]  (1,4,7,6)  ok    ETA 00:43:30
[ 199/1024]  (1,4,2,2)  ok    ETA 00:43:17
[ 200/1024]  (1,4,1,2)  ok    ETA 00:43:06
  [checkpoint @ 200]
[ 201/1024]  (1,4,6,6)  ok    ETA 00:42:54
[ 202/1024]  (1,4,5,6)  ok    ETA 00:42:39
[ 203/1024]  (1,4,0,2)  ok    ETA 00:42:29
[ 204/1024]  (1,4,4,6)  ok    ETA 00:42:14
[ 205/1024]  (1,4,3,6)  ok    ETA 00:42:02
[ 206/1024]  (1,5,7,2)  ok    ETA 00:41:53
[ 207/1024]  (1,4,2,6)  ok    ETA 00:41:50
[ 208/1024]  (1,4,1,6)  ok    ETA 00:41:35
[ 209/1024]  (1,5,5,2)  ok    ETA 00:41:20
[ 210/1024]  (1,5,6,2)  ok    ETA 00:41:08
[ 211/1024]  (1,5,4,2)  ok    ETA 00:40:55
[ 212/1024]  (1,5,7,6)  ok    ETA 00:40:41
[ 213/1024]  (1,5,6,6)  ok    ETA 00:40:27
[ 214/1024]  (1,4,0,6)  ok    ETA 00:40:14
[ 215/1024]  (1,5,2,2)  ok    ETA 00:40:01
[ 216/1024]  (1,5,3,2)  ok    ETA 00:39:47
[ 217/1024]  (1,5,5,6)  ok    ETA 00:39:35
[ 218/1024]  (1,5,1,2)  ok    ETA 00:39:26
[ 219/1024]  (1,6,6,2)  ok    ETA 00:39:15
[ 220/1024]  (1,5,4,6)  ok    ETA 00:39:05
[ 221/1024]  (1,5,2,6)  ok    ETA 00:38:54
[ 222/1024]  (1,5,0,2)  ok    ETA 00:38:43
[ 223/1024]  (1,6,5,2)  ok    ETA 00:38:34
[ 224/1024]  (1,5,3,6)  ok    ETA 00:38:23
[ 225/1024]  (1,6,7,2)  ok    ETA 00:38:15
[ 226/1024]  (1,5,1,6)  ok    ETA 00:38:03
[ 227/1024]  (1,6,4,2)  ok    ETA 00:37:51
[ 228/1024]  (1,6,5,6)  ok    ETA 00:37:40
[ 229/1024]  (1,6,3,2)  ok    ETA 00:37:28
[ 230/1024]  (1,6,4,6)  ok    ETA 00:37:18
[ 231/1024]  (1,6,2,2)  ok    ETA 00:37:08
[ 232/1024]  (1,6,6,6)  ok    ETA 00:36:56
[ 233/1024]  (1,6,7,6)  ok    ETA 00:36:48
[ 234/1024]  (1,5,0,6)  ok    ETA 00:36:39
[ 235/1024]  (1,6,1,2)  ok    ETA 00:36:27
[ 236/1024]  (1,6,0,2)  ok    ETA 00:36:16
[ 237/1024]  (1,6,3,6)  ok    ETA 00:36:06
[ 238/1024]  (1,6,2,6)  ok    ETA 00:36:02
[ 239/1024]  (1,6,1,6)  ok    ETA 00:36:02
[ 240/1024]  (1,6,0,6)  ok    ETA 00:35:52
[ 241/1024]  (1,7,6,2)  ok    ETA 00:40:46
[ 242/1024]  (1,7,7,2)  ok    ETA 00:40:33
[ 243/1024]  (1,7,2,2)  ok    ETA 00:40:20
[ 244/1024]  (1,7,6,6)  ok    ETA 00:40:08
[ 245/1024]  (1,7,1,2)  ok    ETA 00:39:56
[ 246/1024]  (1,7,5,2)  ok    ETA 00:39:44
[ 247/1024]  (1,7,4,2)  ok    ETA 00:39:32
[ 248/1024]  (1,7,3,2)  ok    ETA 00:39:20
[ 249/1024]  (1,7,7,6)  ok    ETA 00:39:08
[ 250/1024]  (1,7,4,6)  ok    ETA 00:38:59
[ 251/1024]  (1,7,5,6)  ok    ETA 00:38:48
[ 252/1024]  (2,0,7,2)  ok    ETA 00:38:36
[ 253/1024]  (1,7,0,2)  ok    ETA 00:38:26
[ 254/1024]  (2,0,6,2)  ok    ETA 00:38:14
[ 255/1024]  (1,7,3,6)  ok    ETA 00:38:04
[ 256/1024]  (1,7,2,6)  ok    ETA 00:37:56
[ 257/1024]  (2,0,5,2)  ok    ETA 00:37:48
[ 258/1024]  (2,0,7,6)  ok    ETA 00:37:41
[ 259/1024]  (2,0,4,2)  ok    ETA 00:37:32
[ 260/1024]  (1,7,1,6)  ok    ETA 00:37:20
[ 261/1024]  (1,7,0,6)  ok    ETA 00:37:10
[ 262/1024]  (2,0,3,2)  ok    ETA 00:37:00
[ 263/1024]  (2,0,6,6)  ok    ETA 00:36:55
[ 264/1024]  (2,0,2,2)  ok    ETA 00:36:48
[ 265/1024]  (2,0,1,2)  ok    ETA 00:36:41
[ 266/1024]  (2,0,5,6)  ok    ETA 00:36:32
[ 267/1024]  (2,1,6,2)  ok    ETA 00:36:22
[ 268/1024]  (2,0,4,6)  ok    ETA 00:36:15
[ 269/1024]  (2,1,5,2)  ok    ETA 00:36:04
[ 270/1024]  (2,0,0,2)  ok    ETA 00:35:54
[ 271/1024]  (2,1,7,2)  ok    ETA 00:35:46
[ 272/1024]  (2,1,7,6)  ok    ETA 00:35:43
[ 273/1024]  (2,1,4,2)  ok    ETA 00:35:32
[ 274/1024]  (2,0,3,6)  ok    ETA 00:35:26
[ 275/1024]  (2,1,3,2)  ok    ETA 00:35:16
[ 276/1024]  (2,1,6,6)  ok    ETA 00:35:07
[ 277/1024]  (2,1,5,6)  ok    ETA 00:35:00
[ 278/1024]  (2,1,2,2)  ok    ETA 00:34:50
[ 279/1024]  (2,0,2,6)  ok    ETA 00:34:42
[ 280/1024]  (2,1,1,2)  ok    ETA 00:34:39
[ 281/1024]  (2,1,4,6)  ok    ETA 00:34:35
[ 282/1024]  (2,0,1,6)  ok    ETA 00:34:29
[ 283/1024]  (2,1,3,6)  ok    ETA 00:34:20
[ 284/1024]  (2,1,0,2)  ok    ETA 00:34:13
[ 285/1024]  (2,0,0,6)  ok    ETA 00:34:08
[ 286/1024]  (2,1,2,6)  ok    ETA 00:34:07
[ 287/1024]  (2,1,1,6)  ok    ETA 00:34:10
[ 288/1024]  (2,1,0,6)  ok    ETA 00:34:25
[ 289/1024]  (2,2,7,2)  ok    ETA 00:36:54
[ 290/1024]  (2,2,7,6)  ok    ETA 00:36:51
[ 291/1024]  (2,2,6,2)  ok    ETA 00:36:41
[ 292/1024]  (2,2,5,2)  ok    ETA 00:36:36
[ 293/1024]  (2,2,6,6)  ok    ETA 00:36:36
[ 294/1024]  (2,2,4,2)  ok    ETA 00:36:27
[ 295/1024]  (2,2,3,2)  ok    ETA 00:36:27
[ 296/1024]  (2,3,7,2)  ok    ETA 00:36:17
[ 297/1024]  (2,2,5,6)  ok    ETA 00:36:08
[ 298/1024]  (2,3,6,2)  ok    ETA 00:36:03
[ 299/1024]  (2,3,5,2)  ok    ETA 00:35:54
[ 300/1024]  (2,2,2,2)  ok    ETA 00:35:48
[ 301/1024]  (2,3,4,2)  ok    ETA 00:35:43
[ 302/1024]  (2,3,6,6)  ok    ETA 00:35:33
[ 303/1024]  (2,2,4,6)  ok    ETA 00:35:24
[ 304/1024]  (2,3,7,6)  ok    ETA 00:35:16
[ 305/1024]  (2,3,2,2)  ok    ETA 00:35:09
[ 306/1024]  (2,2,1,2)  ok    ETA 00:34:59
[ 307/1024]  (2,3,3,2)  ok    ETA 00:34:50
[ 308/1024]  (2,2,3,6)  ok    ETA 00:34:41
[ 309/1024]  (2,3,5,6)  ok    ETA 00:34:34
[ 310/1024]  (2,3,1,2)  ok    ETA 00:34:28
[ 311/1024]  (2,3,0,2)  ok    ETA 00:34:23
[ 312/1024]  (2,3,4,6)  ok    ETA 00:34:16
[ 313/1024]  (2,2,0,2)  ok    ETA 00:34:06
[ 314/1024]  (2,3,2,6)  ok    ETA 00:34:02
[ 315/1024]  (2,2,2,6)  ok    ETA 00:33:54
[ 316/1024]  (2,3,3,6)  ok    ETA 00:33:45
[ 317/1024]  (2,4,4,2)  ok    ETA 00:33:40
[ 318/1024]  (2,4,3,2)  ok    ETA 00:33:33
[ 319/1024]  (2,4,6,2)  ok    ETA 00:33:26
[ 320/1024]  (2,4,5,2)  ok    ETA 00:33:18
[ 321/1024]  (2,3,1,6)  ok    ETA 00:33:11
[ 322/1024]  (2,4,2,2)  ok    ETA 00:33:03
[ 323/1024]  (2,4,7,2)  ok    ETA 00:32:58
[ 324/1024]  (2,2,1,6)  ok    ETA 00:32:49
[ 325/1024]  (2,4,1,2)  ok    ETA 00:32:42
[ 326/1024]  (2,4,5,6)  ok    ETA 00:32:35
[ 327/1024]  (2,4,6,6)  ok    ETA 00:32:27
[ 328/1024]  (2,4,0,2)  ok    ETA 00:32:19
[ 329/1024]  (2,3,0,6)  ok    ETA 00:32:12
[ 330/1024]  (2,4,4,6)  ok    ETA 00:32:06
[ 331/1024]  (2,4,3,6)  ok    ETA 00:32:04
[ 332/1024]  (2,4,2,6)  ok    ETA 00:31:56
[ 333/1024]  (2,2,0,6)  ok    ETA 00:31:50
[ 334/1024]  (2,4,7,6)  ok    ETA 00:31:47
[ 335/1024]  (2,4,1,6)  ok    ETA 00:31:40
[ 336/1024]  (2,4,0,6)  ok    ETA 00:31:44
[ 337/1024]  (2,5,7,2)  ok    ETA 00:34:08
[ 338/1024]  (2,5,1,2)  ok    ETA 00:34:04
[ 339/1024]  (2,5,5,2)  ok    ETA 00:33:56
[ 340/1024]  (2,5,0,2)  ok    ETA 00:33:48
[ 341/1024]  (2,5,4,2)  ok    ETA 00:33:40
[ 342/1024]  (2,5,7,6)  ok    ETA 00:33:32
[ 343/1024]  (2,5,6,2)  ok    ETA 00:33:24
[ 344/1024]  (2,5,2,2)  ok    ETA 00:33:17
[ 345/1024]  (2,5,3,2)  ok    ETA 00:33:09
[ 346/1024]  (2,5,6,6)  ok    ETA 00:33:04
[ 347/1024]  (2,5,5,6)  ok    ETA 00:32:57
[ 348/1024]  (2,5,4,6)  ok    ETA 00:32:54
[ 349/1024]  (2,5,2,6)  ok    ETA 00:32:49
[ 350/1024]  (2,5,1,6)  ok    ETA 00:32:42
[ 351/1024]  (2,5,3,6)  ok    ETA 00:32:33
[ 352/1024]  (2,6,7,2)  ok    ETA 00:32:27
[ 353/1024]  (2,6,5,2)  ok    ETA 00:32:24
[ 354/1024]  (2,5,0,6)  ok    ETA 00:32:16
[ 355/1024]  (2,6,6,2)  ok    ETA 00:32:08
[ 356/1024]  (2,6,4,2)  ok    ETA 00:32:00
[ 357/1024]  (2,6,2,2)  ok    ETA 00:31:55
[ 358/1024]  (2,6,3,2)  ok    ETA 00:31:47
[ 359/1024]  (2,6,7,6)  ok    ETA 00:31:39
[ 360/1024]  (2,6,6,6)  ok    ETA 00:31:33
[ 361/1024]  (2,6,5,6)  ok    ETA 00:31:27
[ 362/1024]  (2,6,1,2)  ok    ETA 00:31:20
[ 363/1024]  (2,6,4,6)  ok    ETA 00:31:17
[ 364/1024]  (2,6,3,6)  ok    ETA 00:31:09
[ 365/1024]  (2,6,0,2)  ok    ETA 00:31:01
[ 366/1024]  (2,7,4,2)  ok    ETA 00:31:01
[ 367/1024]  (2,6,2,6)  ok    ETA 00:30:54
[ 368/1024]  (2,7,6,2)  ok    ETA 00:30:47
[ 369/1024]  (2,7,7,2)  ok    ETA 00:30:41
[ 370/1024]  (2,6,1,6)  ok    ETA 00:30:33
[ 371/1024]  (2,7,5,2)  ok    ETA 00:30:28
[ 372/1024]  (2,7,3,2)  ok    ETA 00:30:21
[ 373/1024]  (2,7,2,2)  ok    ETA 00:30:17
[ 374/1024]  (2,7,6,6)  ok    ETA 00:30:11
[ 375/1024]  (2,6,0,6)  ok    ETA 00:30:05
[ 376/1024]  (2,7,5,6)  ok    ETA 00:29:58
[ 377/1024]  (2,7,4,6)  ok    ETA 00:29:51
[ 378/1024]  (2,7,1,2)  ok    ETA 00:29:44
[ 379/1024]  (2,7,0,2)  ok    ETA 00:29:38
[ 380/1024]  (2,7,3,6)  ok    ETA 00:29:32
[ 381/1024]  (2,7,7,6)  ok    ETA 00:29:25
[ 382/1024]  (2,7,2,6)  ok    ETA 00:29:24
[ 383/1024]  (2,7,1,6)  ok    ETA 00:29:22
[ 384/1024]  (2,7,0,6)  ok    ETA 00:29:22
[ 385/1024]  (3,0,7,2)  ok    ETA 00:31:11
[ 386/1024]  (3,0,5,2)  ok    ETA 00:31:04
[ 387/1024]  (3,0,4,2)  ok    ETA 00:30:59
[ 388/1024]  (3,0,6,2)  ok    ETA 00:30:51
[ 389/1024]  (3,0,3,2)  ok    ETA 00:30:48
[ 390/1024]  (3,0,7,6)  ok    ETA 00:30:45
[ 391/1024]  (3,0,2,2)  ok    ETA 00:30:39
[ 392/1024]  (3,0,6,6)  ok    ETA 00:30:36
[ 393/1024]  (3,0,1,2)  ok    ETA 00:30:32
[ 394/1024]  (3,0,5,6)  ok    ETA 00:30:25
[ 395/1024]  (3,0,0,2)  ok    ETA 00:30:19
[ 396/1024]  (3,0,4,6)  ok    ETA 00:30:13
[ 397/1024]  (3,1,6,2)  ok    ETA 00:30:06
[ 398/1024]  (3,1,7,2)  ok    ETA 00:30:01
[ 399/1024]  (3,1,5,2)  ok    ETA 00:29:57
[ 400/1024]  (3,1,4,2)  ok    ETA 00:29:51
  [checkpoint @ 400]
[ 401/1024]  (3,0,3,6)  ok    ETA 00:29:44
[ 402/1024]  (3,1,7,6)  ok    ETA 00:29:38
[ 403/1024]  (3,1,3,2)  ok    ETA 00:29:33
[ 404/1024]  (3,1,6,6)  ok    ETA 00:29:31
[ 405/1024]  (3,0,2,6)  ok    ETA 00:29:25
[ 406/1024]  (3,1,5,6)  ok    ETA 00:29:19
[ 407/1024]  (3,1,2,2)  ok    ETA 00:29:12
[ 408/1024]  (3,2,6,2)  ok    ETA 00:29:08
[ 409/1024]  (3,1,1,2)  ok    ETA 00:29:03
[ 410/1024]  (3,2,7,2)  ok    ETA 00:28:58
[ 411/1024]  (3,0,1,6)  ok    ETA 00:28:52
[ 412/1024]  (3,1,4,6)  ok    ETA 00:28:46
[ 413/1024]  (3,2,5,2)  ok    ETA 00:28:41
[ 414/1024]  (3,1,0,2)  ok    ETA 00:28:37
[ 415/1024]  (3,1,3,6)  ok    ETA 00:28:33
[ 416/1024]  (3,2,7,6)  ok    ETA 00:28:28
[ 417/1024]  (3,2,4,2)  ok    ETA 00:28:22
[ 418/1024]  (3,0,0,6)  ok    ETA 00:28:15
[ 419/1024]  (3,2,6,6)  ok    ETA 00:28:11
[ 420/1024]  (3,2,3,2)  ok    ETA 00:28:06
[ 421/1024]  (3,2,5,6)  ok    ETA 00:28:03
[ 422/1024]  (3,1,2,6)  ok    ETA 00:28:00
[ 423/1024]  (3,2,1,2)  ok    ETA 00:27:54
[ 424/1024]  (3,2,2,2)  ok    ETA 00:27:49
[ 425/1024]  (3,2,4,6)  ok    ETA 00:27:45
[ 426/1024]  (3,2,0,2)  ok    ETA 00:27:43
[ 427/1024]  (3,1,1,6)  ok    ETA 00:27:36
[ 428/1024]  (3,2,3,6)  ok    ETA 00:27:36
[ 429/1024]  (3,1,0,6)  ok    ETA 00:27:36
[ 430/1024]  (3,2,2,6)  ok    ETA 00:27:35
[ 431/1024]  (3,2,1,6)  ok    ETA 00:27:41
[ 432/1024]  (3,2,0,6)  ok    ETA 00:27:46
[ 433/1024]  (3,3,6,2)  ok    ETA 00:28:33
[ 434/1024]  (3,3,7,2)  ok    ETA 00:28:27
[ 435/1024]  (3,3,7,6)  ok    ETA 00:28:24
[ 436/1024]  (3,3,5,2)  ok    ETA 00:28:18
[ 437/1024]  (3,3,3,2)  ok    ETA 00:28:14
[ 438/1024]  (3,3,4,2)  ok    ETA 00:28:07
[ 439/1024]  (3,3,2,2)  ok    ETA 00:28:02
[ 440/1024]  (3,3,6,6)  ok    ETA 00:27:57
[ 441/1024]  (3,3,1,2)  ok    ETA 00:27:53
[ 442/1024]  (3,3,0,2)  ok    ETA 00:27:49
[ 443/1024]  (3,3,5,6)  ok    ETA 00:27:43
[ 444/1024]  (3,3,4,6)  ok    ETA 00:27:43
[ 445/1024]  (3,4,6,2)  ok    ETA 00:27:39
[ 446/1024]  (3,3,3,6)  ok    ETA 00:27:34
[ 447/1024]  (3,4,5,2)  ok    ETA 00:27:29
[ 448/1024]  (3,4,7,2)  ok    ETA 00:27:23
[ 449/1024]  (3,3,2,6)  ok    ETA 00:27:18
[ 450/1024]  (3,4,3,2)  ok    ETA 00:27:14
[ 451/1024]  (3,4,4,2)  ok    ETA 00:27:08
[ 452/1024]  (3,3,1,6)  ok    ETA 00:27:03
[ 453/1024]  (3,4,7,6)  ok    ETA 00:26:57
[ 454/1024]  (3,4,6,6)  ok    ETA 00:26:51
[ 455/1024]  (3,4,5,6)  ok    ETA 00:26:46
[ 456/1024]  (3,4,2,2)  ok    ETA 00:26:40
[ 457/1024]  (3,4,0,2)  ok    ETA 00:26:35
[ 458/1024]  (3,4,1,2)  ok    ETA 00:26:30
[ 459/1024]  (3,4,4,6)  ok    ETA 00:26:29
[ 460/1024]  (3,3,0,6)  ok    ETA 00:26:22
[ 461/1024]  (3,4,3,6)  ok    ETA 00:26:19
[ 462/1024]  (3,4,2,6)  ok    ETA 00:26:20
[ 463/1024]  (3,5,5,2)  ok    ETA 00:26:15
[ 464/1024]  (3,5,4,2)  ok    ETA 00:26:10
[ 465/1024]  (3,5,3,2)  ok    ETA 00:26:07
[ 466/1024]  (3,5,2,2)  ok    ETA 00:26:02
[ 467/1024]  (3,5,1,2)  ok    ETA 00:25:57
[ 468/1024]  (3,4,1,6)  ok    ETA 00:25:50
[ 469/1024]  (3,5,0,2)  ok    ETA 00:25:45
[ 470/1024]  (3,4,0,6)  ok    ETA 00:25:40
[ 471/1024]  (3,5,6,2)  ok    ETA 00:25:35
[ 472/1024]  (3,5,5,6)  ok    ETA 00:25:34
[ 473/1024]  (3,5,4,6)  ok    ETA 00:25:29
[ 474/1024]  (3,5,3,6)  ok    ETA 00:25:26
[ 475/1024]  (3,5,7,2)  ok    ETA 00:25:22
[ 476/1024]  (3,5,6,6)  ok    ETA 00:25:17
[ 477/1024]  (3,5,2,6)  ok    ETA 00:25:13
[ 478/1024]  (3,5,1,6)  ok    ETA 00:25:08
[ 479/1024]  (3,5,0,6)  ok    ETA 00:25:07
[ 480/1024]  (3,5,7,6)  ok    ETA 00:25:06
[ 481/1024]  (3,6,5,2)  ok    ETA 00:26:02
[ 482/1024]  (3,6,7,2)  ok    ETA 00:25:58
[ 483/1024]  (3,6,6,2)  ok    ETA 00:25:53
[ 484/1024]  (3,6,3,2)  ok    ETA 00:25:46
[ 485/1024]  (3,6,4,2)  ok    ETA 00:25:41
[ 486/1024]  (3,6,7,6)  ok    ETA 00:25:40
[ 487/1024]  (3,6,2,2)  ok    ETA 00:25:34
[ 488/1024]  (3,6,1,2)  ok    ETA 00:25:28
[ 489/1024]  (3,6,0,2)  ok    ETA 00:25:23
[ 490/1024]  (3,6,6,6)  ok    ETA 00:25:19
[ 491/1024]  (3,6,5,6)  ok    ETA 00:25:13
[ 492/1024]  (3,6,4,6)  ok    ETA 00:25:08
[ 493/1024]  (3,6,3,6)  ok    ETA 00:25:05
[ 494/1024]  (3,6,2,6)  ok    ETA 00:25:03
[ 495/1024]  (3,7,6,2)  ok    ETA 00:25:00
[ 496/1024]  (3,6,1,6)  ok    ETA 00:24:56
[ 497/1024]  (3,7,4,2)  ok    ETA 00:24:50
[ 498/1024]  (3,7,5,2)  ok    ETA 00:24:46
[ 499/1024]  (3,7,3,2)  ok    ETA 00:24:41
[ 500/1024]  (3,7,7,2)  ok    ETA 00:24:36
[ 501/1024]  (3,6,0,6)  ok    ETA 00:24:32
[ 502/1024]  (3,7,2,2)  ok    ETA 00:24:27
[ 503/1024]  (3,7,5,6)  ok    ETA 00:24:22
[ 504/1024]  (3,7,7,6)  ok    ETA 00:24:17
[ 505/1024]  (3,7,4,6)  ok    ETA 00:24:12
[ 506/1024]  (3,7,1,2)  ok    ETA 00:24:08
[ 507/1024]  (3,7,0,2)  ok    ETA 00:24:03
[ 508/1024]  (3,7,3,6)  ok    ETA 00:23:59
[ 509/1024]  (3,7,6,6)  ok    ETA 00:23:54
[ 510/1024]  (3,7,2,6)  ok    ETA 00:23:53
[ 511/1024]  (3,7,1,6)  ok    ETA 00:23:53
[ 512/1024]  (4,0,6,2)  ok    ETA 00:23:48
[ 513/1024]  (4,0,4,2)  ok    ETA 00:23:42
[ 514/1024]  (4,0,7,2)  ok    ETA 00:23:38
[ 515/1024]  (4,0,3,2)  ok    ETA 00:23:32
[ 516/1024]  (4,0,5,2)  ok    ETA 00:23:27
[ 517/1024]  (4,0,2,2)  ok    ETA 00:23:23
[ 518/1024]  (3,7,0,6)  ok    ETA 00:23:18
[ 519/1024]  (4,0,6,6)  ok    ETA 00:23:19
[ 520/1024]  (4,0,0,2)  ok    ETA 00:23:13
[ 521/1024]  (4,0,1,2)  ok    ETA 00:23:09
[ 522/1024]  (4,0,7,6)  ok    ETA 00:23:06
[ 523/1024]  (4,0,5,6)  ok    ETA 00:23:01
[ 524/1024]  (4,0,4,6)  ok    ETA 00:23:01
[ 525/1024]  (4,0,3,6)  ok    ETA 00:23:01
[ 526/1024]  (4,0,2,6)  ok    ETA 00:22:58
[ 527/1024]  (4,0,1,6)  ok    ETA 00:23:02
[ 528/1024]  (4,0,0,6)  ok    ETA 00:23:07
[ 529/1024]  (4,1,6,2)  ok    ETA 00:23:28
[ 530/1024]  (4,1,5,2)  ok    ETA 00:23:25
[ 531/1024]  (4,1,7,2)  ok    ETA 00:23:22
[ 532/1024]  (4,1,4,2)  ok    ETA 00:23:18
[ 533/1024]  (4,1,7,6)  ok    ETA 00:23:13
[ 534/1024]  (4,1,3,2)  ok    ETA 00:23:12
[ 535/1024]  (4,1,2,2)  ok    ETA 00:23:07
[ 536/1024]  (4,1,6,6)  ok    ETA 00:23:02
[ 537/1024]  (4,1,5,6)  ok    ETA 00:23:01
[ 538/1024]  (4,1,1,2)  ok    ETA 00:22:57
[ 539/1024]  (4,2,6,2)  ok    ETA 00:22:55
[ 540/1024]  (4,1,4,6)  ok    ETA 00:22:51
[ 541/1024]  (4,1,0,2)  ok    ETA 00:22:46
[ 542/1024]  (4,2,7,2)  ok    ETA 00:22:42
[ 543/1024]  (4,2,5,2)  ok    ETA 00:22:37
[ 544/1024]  (4,1,3,6)  ok    ETA 00:22:35
[ 545/1024]  (4,2,4,2)  ok    ETA 00:22:30
[ 546/1024]  (4,2,7,6)  ok    ETA 00:22:27
[ 547/1024]  (4,2,6,6)  ok    ETA 00:22:23
[ 548/1024]  (4,2,3,2)  ok    ETA 00:22:18
[ 549/1024]  (4,2,5,6)  ok    ETA 00:22:16
[ 550/1024]  (4,2,2,2)  ok    ETA 00:22:12
[ 551/1024]  (4,1,2,6)  ok    ETA 00:22:09
[ 552/1024]  (4,2,1,2)  ok    ETA 00:22:06
[ 553/1024]  (4,2,4,6)  ok    ETA 00:22:04
[ 554/1024]  (4,3,5,2)  ok    ETA 00:22:01
[ 555/1024]  (4,1,1,6)  ok    ETA 00:21:56
[ 556/1024]  (4,3,4,2)  ok    ETA 00:21:51
[ 557/1024]  (4,2,0,2)  ok    ETA 00:21:47
[ 558/1024]  (4,3,2,2)  ok    ETA 00:21:43
[ 559/1024]  (4,2,3,6)  ok    ETA 00:21:38
[ 560/1024]  (4,3,6,2)  ok    ETA 00:21:34
[ 561/1024]  (4,3,3,2)  ok    ETA 00:21:29
[ 562/1024]  (4,3,1,2)  ok    ETA 00:21:26
[ 563/1024]  (4,1,0,6)  ok    ETA 00:21:26
[ 564/1024]  (4,3,0,2)  ok    ETA 00:21:21
[ 565/1024]  (4,2,2,6)  ok    ETA 00:21:16
[ 566/1024]  (4,3,7,2)  ok    ETA 00:21:11
[ 567/1024]  (4,3,6,6)  ok    ETA 00:21:07
[ 568/1024]  (4,3,4,6)  ok    ETA 00:21:02
[ 569/1024]  (4,3,5,6)  ok    ETA 00:20:57
[ 570/1024]  (4,3,3,6)  ok    ETA 00:20:56
[ 571/1024]  (4,3,2,6)  ok    ETA 00:20:54
[ 572/1024]  (4,2,1,6)  ok    ETA 00:20:51
[ 573/1024]  (4,3,7,6)  ok    ETA 00:20:49
[ 574/1024]  (4,3,1,6)  ok    ETA 00:20:45
[ 575/1024]  (4,2,0,6)  ok    ETA 00:20:47
[ 576/1024]  (4,3,0,6)  ok    ETA 00:20:43
[ 577/1024]  (4,4,6,2)  ok    ETA 00:21:09
[ 578/1024]  (4,4,7,2)  ok    ETA 00:21:04
[ 579/1024]  (4,4,5,2)  ok    ETA 00:21:01
[ 580/1024]  (4,4,3,2)  ok    ETA 00:20:56
[ 581/1024]  (4,4,2,2)  ok    ETA 00:20:52
[ 582/1024]  (4,4,4,2)  ok    ETA 00:20:47
[ 583/1024]  (4,4,1,2)  ok    ETA 00:20:43
[ 584/1024]  (4,4,0,2)  ok    ETA 00:20:40
[ 585/1024]  (4,4,7,6)  ok    ETA 00:20:35
[ 586/1024]  (4,4,6,6)  ok    ETA 00:20:33
[ 587/1024]  (4,4,5,6)  ok    ETA 00:20:29
[ 588/1024]  (4,4,4,6)  ok    ETA 00:20:26
[ 589/1024]  (4,4,3,6)  ok    ETA 00:20:23
[ 590/1024]  (4,4,2,6)  ok    ETA 00:20:23
[ 591/1024]  (4,5,7,2)  ok    ETA 00:20:21
[ 592/1024]  (4,4,1,6)  ok    ETA 00:20:16
[ 593/1024]  (4,5,6,2)  ok    ETA 00:20:12
[ 594/1024]  (4,5,5,2)  ok    ETA 00:20:09
[ 595/1024]  (4,5,7,6)  ok    ETA 00:20:05
[ 596/1024]  (4,5,3,2)  ok    ETA 00:20:01
[ 597/1024]  (4,5,1,2)  ok    ETA 00:19:56
[ 598/1024]  (4,4,0,6)  ok    ETA 00:19:52
[ 599/1024]  (4,5,2,2)  ok    ETA 00:19:48
[ 600/1024]  (4,5,4,2)  ok    ETA 00:19:43
  [checkpoint @ 600]
[ 601/1024]  (4,5,0,2)  ok    ETA 00:19:39
[ 602/1024]  (4,5,6,6)  ok    ETA 00:19:35
[ 603/1024]  (4,5,5,6)  ok    ETA 00:19:33
[ 604/1024]  (4,5,4,6)  ok    ETA 00:19:32
[ 605/1024]  (4,5,3,6)  ok    ETA 00:19:29
[ 606/1024]  (4,6,4,2)  ok    ETA 00:19:25
[ 607/1024]  (4,5,2,6)  ok    ETA 00:19:22
[ 608/1024]  (4,5,1,6)  ok    ETA 00:19:17
[ 609/1024]  (4,6,5,2)  ok    ETA 00:19:13
[ 610/1024]  (4,6,3,2)  ok    ETA 00:19:10
[ 611/1024]  (4,6,6,2)  ok    ETA 00:19:07
[ 612/1024]  (4,6,2,2)  ok    ETA 00:19:03
[ 613/1024]  (4,5,0,6)  ok    ETA 00:19:00
[ 614/1024]  (4,6,0,2)  ok    ETA 00:18:55
[ 615/1024]  (4,6,6,6)  ok    ETA 00:18:52
[ 616/1024]  (4,6,1,2)  ok    ETA 00:18:48
[ 617/1024]  (4,6,7,2)  ok    ETA 00:18:44
[ 618/1024]  (4,6,5,6)  ok    ETA 00:18:39
[ 619/1024]  (4,6,4,6)  ok    ETA 00:18:35
[ 620/1024]  (4,6,3,6)  ok    ETA 00:18:32
[ 621/1024]  (4,6,7,6)  ok    ETA 00:18:28
[ 622/1024]  (4,6,2,6)  ok    ETA 00:18:26
[ 623/1024]  (4,6,1,6)  ok    ETA 00:18:27
[ 624/1024]  (4,6,0,6)  ok    ETA 00:18:24
[ 625/1024]  (4,7,4,2)  ok    ETA 00:18:46
[ 626/1024]  (4,7,5,2)  ok    ETA 00:18:42
[ 627/1024]  (4,7,6,2)  ok    ETA 00:18:38
[ 628/1024]  (4,7,3,2)  ok    ETA 00:18:34
[ 629/1024]  (4,7,2,2)  ok    ETA 00:18:31
[ 630/1024]  (4,7,7,2)  ok    ETA 00:18:28
[ 631/1024]  (4,7,1,2)  ok    ETA 00:18:25
[ 632/1024]  (4,7,5,6)  ok    ETA 00:18:20
[ 633/1024]  (4,7,7,6)  ok    ETA 00:18:16
[ 634/1024]  (4,7,6,6)  ok    ETA 00:18:13
[ 635/1024]  (4,7,4,6)  ok    ETA 00:18:08
[ 636/1024]  (4,7,0,2)  ok    ETA 00:18:04
[ 637/1024]  (4,7,3,6)  ok    ETA 00:18:00
[ 638/1024]  (4,7,2,6)  ok    ETA 00:17:58
[ 639/1024]  (5,0,4,2)  ok    ETA 00:17:57
[ 640/1024]  (5,0,5,2)  ok    ETA 00:17:53
[ 641/1024]  (4,7,1,6)  ok    ETA 00:17:49
[ 642/1024]  (5,0,7,2)  ok    ETA 00:17:45
[ 643/1024]  (5,0,3,2)  ok    ETA 00:17:43
[ 644/1024]  (5,0,6,2)  ok    ETA 00:17:39
[ 645/1024]  (4,7,0,6)  ok    ETA 00:17:35
[ 646/1024]  (5,0,2,2)  ok    ETA 00:17:33
[ 647/1024]  (5,0,7,6)  ok    ETA 00:17:29
[ 648/1024]  (5,0,1,2)  ok    ETA 00:17:26
[ 649/1024]  (5,0,6,6)  ok    ETA 00:17:23
[ 650/1024]  (5,0,0,2)  ok    ETA 00:17:19
[ 651/1024]  (5,0,4,6)  ok    ETA 00:17:17
[ 652/1024]  (5,0,5,6)  ok    ETA 00:17:13
[ 653/1024]  (5,1,6,2)  ok    ETA 00:17:10
[ 654/1024]  (5,1,5,2)  ok    ETA 00:17:07
[ 655/1024]  (5,0,3,6)  ok    ETA 00:17:04
[ 656/1024]  (5,1,4,2)  ok    ETA 00:17:00
[ 657/1024]  (5,1,7,2)  ok    ETA 00:16:57
[ 658/1024]  (5,1,3,2)  ok    ETA 00:16:55
[ 659/1024]  (5,0,2,6)  ok    ETA 00:16:51
[ 660/1024]  (5,1,6,6)  ok    ETA 00:16:48
[ 661/1024]  (5,1,2,2)  ok    ETA 00:16:45
[ 662/1024]  (5,1,7,6)  ok    ETA 00:16:41
[ 663/1024]  (5,1,5,6)  ok    ETA 00:16:38
[ 664/1024]  (5,1,1,2)  ok    ETA 00:16:36
[ 665/1024]  (5,1,0,2)  ok    ETA 00:16:33
[ 666/1024]  (5,0,1,6)  ok    ETA 00:16:29
[ 667/1024]  (5,1,4,6)  ok    ETA 00:16:25
[ 668/1024]  (5,0,0,6)  ok    ETA 00:16:27
[ 669/1024]  (5,1,3,6)  ok    ETA 00:16:23
[ 670/1024]  (5,1,2,6)  ok    ETA 00:16:24
[ 671/1024]  (5,1,1,6)  ok    ETA 00:16:27
[ 672/1024]  (5,2,6,2)  ok    ETA 00:16:27
[ 673/1024]  (5,2,5,2)  ok    ETA 00:16:25
[ 674/1024]  (5,2,7,2)  ok    ETA 00:16:21
[ 675/1024]  (5,1,0,6)  ok    ETA 00:16:18
[ 676/1024]  (5,2,4,2)  ok    ETA 00:16:15
[ 677/1024]  (5,2,7,6)  ok    ETA 00:16:12
[ 678/1024]  (5,2,3,2)  ok    ETA 00:16:09
[ 679/1024]  (5,2,6,6)  ok    ETA 00:16:05
[ 680/1024]  (5,2,5,6)  ok    ETA 00:16:03
[ 681/1024]  (5,2,2,2)  ok    ETA 00:16:00
[ 682/1024]  (5,2,1,2)  ok    ETA 00:15:58
[ 683/1024]  (5,2,0,2)  ok    ETA 00:15:56
[ 684/1024]  (5,2,4,6)  ok    ETA 00:15:52
[ 685/1024]  (5,3,6,2)  ok    ETA 00:15:49
[ 686/1024]  (5,3,7,2)  ok    ETA 00:15:45
[ 687/1024]  (5,3,5,2)  ok    ETA 00:15:42
[ 688/1024]  (5,3,3,2)  ok    ETA 00:15:38
[ 689/1024]  (5,3,4,2)  ok    ETA 00:15:34
[ 690/1024]  (5,3,2,2)  ok    ETA 00:15:32
[ 691/1024]  (5,3,7,6)  ok    ETA 00:15:28
[ 692/1024]  (5,2,3,6)  ok    ETA 00:15:24
[ 693/1024]  (5,3,1,2)  ok    ETA 00:15:21
[ 694/1024]  (5,3,6,6)  ok    ETA 00:15:18
[ 695/1024]  (5,3,5,6)  ok    ETA 00:15:15
[ 696/1024]  (5,3,0,2)  ok    ETA 00:15:12
[ 697/1024]  (5,2,2,6)  ok    ETA 00:15:09
[ 698/1024]  (5,3,4,6)  ok    ETA 00:15:05
[ 699/1024]  (5,3,3,6)  ok    ETA 00:15:04
[ 700/1024]  (5,4,5,2)  ok    ETA 00:15:03
[ 701/1024]  (5,2,1,6)  ok    ETA 00:14:59
[ 702/1024]  (5,3,2,6)  ok    ETA 00:14:55
[ 703/1024]  (5,4,4,2)  ok    ETA 00:14:52
[ 704/1024]  (5,4,3,2)  ok    ETA 00:14:48
[ 705/1024]  (5,4,2,2)  ok    ETA 00:14:46
[ 706/1024]  (5,4,6,2)  ok    ETA 00:14:42
[ 707/1024]  (5,4,0,2)  ok    ETA 00:14:39
[ 708/1024]  (5,3,1,6)  ok    ETA 00:14:35
[ 709/1024]  (5,4,1,2)  ok    ETA 00:14:31
[ 710/1024]  (5,2,0,6)  ok    ETA 00:14:29
[ 711/1024]  (5,4,4,6)  ok    ETA 00:14:27
[ 712/1024]  (5,3,0,6)  ok    ETA 00:14:23
[ 713/1024]  (5,4,5,6)  ok    ETA 00:14:21
[ 714/1024]  (5,4,6,6)  ok    ETA 00:14:18
[ 715/1024]  (5,4,3,6)  ok    ETA 00:14:14
[ 716/1024]  (5,4,7,2)  ok    ETA 00:14:10
[ 717/1024]  (5,4,2,6)  ok    ETA 00:14:07
[ 718/1024]  (5,4,1,6)  ok    ETA 00:14:08
[ 719/1024]  (5,4,7,6)  ok    ETA 00:14:05
[ 720/1024]  (5,4,0,6)  ok    ETA 00:14:04
[ 721/1024]  (5,5,3,2)  ok    ETA 00:14:09
[ 722/1024]  (5,5,4,2)  ok    ETA 00:14:05
[ 723/1024]  (5,5,7,2)  ok    ETA 00:14:01
[ 724/1024]  (5,5,2,2)  ok    ETA 00:13:58
[ 725/1024]  (5,5,6,2)  ok    ETA 00:13:55
[ 726/1024]  (5,5,1,2)  ok    ETA 00:13:51
[ 727/1024]  (5,5,5,2)  ok    ETA 00:13:47
[ 728/1024]  (5,5,7,6)  ok    ETA 00:13:45
[ 729/1024]  (5,5,0,2)  ok    ETA 00:13:41
[ 730/1024]  (5,5,6,6)  ok    ETA 00:13:38
[ 731/1024]  (5,5,5,6)  ok    ETA 00:13:35
[ 732/1024]  (5,5,4,6)  ok    ETA 00:13:32
[ 733/1024]  (5,5,3,6)  ok    ETA 00:13:30
[ 734/1024]  (5,5,2,6)  ok    ETA 00:13:28
[ 735/1024]  (5,5,1,6)  ok    ETA 00:13:26
[ 736/1024]  (5,6,4,2)  ok    ETA 00:13:23
[ 737/1024]  (5,6,3,2)  ok    ETA 00:13:20
[ 738/1024]  (5,6,5,2)  ok    ETA 00:13:16
[ 739/1024]  (5,6,2,2)  ok    ETA 00:13:12
[ 740/1024]  (5,6,7,2)  ok    ETA 00:13:09
[ 741/1024]  (5,6,6,2)  ok    ETA 00:13:05
[ 742/1024]  (5,5,0,6)  ok    ETA 00:13:02
[ 743/1024]  (5,6,1,2)  ok    ETA 00:12:58
[ 744/1024]  (5,6,0,2)  ok    ETA 00:12:55
[ 745/1024]  (5,6,7,6)  ok    ETA 00:12:52
[ 746/1024]  (5,6,6,6)  ok    ETA 00:12:49
[ 747/1024]  (5,6,4,6)  ok    ETA 00:12:45
[ 748/1024]  (5,6,5,6)  ok    ETA 00:12:43
[ 749/1024]  (5,6,3,6)  ok    ETA 00:12:40
[ 750/1024]  (5,6,2,6)  ok    ETA 00:12:38
[ 751/1024]  (5,6,1,6)  ok    ETA 00:12:37
[ 752/1024]  (5,7,6,2)  ok    ETA 00:12:33
[ 753/1024]  (5,7,5,2)  ok    ETA 00:12:30
[ 754/1024]  (5,7,2,2)  ok    ETA 00:12:27
[ 755/1024]  (5,7,4,2)  ok    ETA 00:12:24
[ 756/1024]  (5,7,3,2)  ok    ETA 00:12:20
[ 757/1024]  (5,6,0,6)  ok    ETA 00:12:17
[ 758/1024]  (5,7,1,2)  ok    ETA 00:12:14
[ 759/1024]  (5,7,7,2)  ok    ETA 00:12:10
[ 760/1024]  (5,7,0,2)  ok    ETA 00:12:08
[ 761/1024]  (5,7,5,6)  ok    ETA 00:12:04
[ 762/1024]  (5,7,6,6)  ok    ETA 00:12:02
[ 763/1024]  (5,7,4,6)  ok    ETA 00:11:59
[ 764/1024]  (5,7,3,6)  ok    ETA 00:11:55
[ 765/1024]  (5,7,7,6)  ok    ETA 00:11:52
[ 766/1024]  (5,7,2,6)  ok    ETA 00:11:51
[ 767/1024]  (5,7,1,6)  ok    ETA 00:11:48
[ 768/1024]  (5,7,0,6)  ok    ETA 00:11:47
[ 769/1024]  (6,0,5,2)  ok    ETA 00:11:50
[ 770/1024]  (6,0,6,2)  ok    ETA 00:11:46
[ 771/1024]  (6,0,4,2)  ok    ETA 00:11:42
[ 772/1024]  (6,0,3,2)  ok    ETA 00:11:39
[ 773/1024]  (6,0,7,2)  ok    ETA 00:11:37
[ 774/1024]  (6,0,2,2)  ok    ETA 00:11:34
[ 775/1024]  (6,0,1,2)  ok    ETA 00:11:31
[ 776/1024]  (6,0,0,2)  ok    ETA 00:11:29
[ 777/1024]  (6,0,5,6)  ok    ETA 00:11:26
[ 778/1024]  (6,0,7,6)  ok    ETA 00:11:23
[ 779/1024]  (6,0,6,6)  ok    ETA 00:11:19
[ 780/1024]  (6,0,4,6)  ok    ETA 00:11:18
[ 781/1024]  (6,1,6,2)  ok    ETA 00:11:15
[ 782/1024]  (6,1,5,2)  ok    ETA 00:11:12
[ 783/1024]  (6,0,3,6)  ok    ETA 00:11:10
[ 784/1024]  (6,1,4,2)  ok    ETA 00:11:06
[ 785/1024]  (6,1,7,2)  ok    ETA 00:11:03
[ 786/1024]  (6,1,3,2)  ok    ETA 00:11:00
[ 787/1024]  (6,0,2,6)  ok    ETA 00:10:58
[ 788/1024]  (6,1,2,2)  ok    ETA 00:10:55
[ 789/1024]  (6,1,6,6)  ok    ETA 00:10:52
[ 790/1024]  (6,1,7,6)  ok    ETA 00:10:49
[ 791/1024]  (6,1,5,6)  ok    ETA 00:10:46
[ 792/1024]  (6,1,1,2)  ok    ETA 00:10:43
[ 793/1024]  (6,0,1,6)  ok    ETA 00:10:40
[ 794/1024]  (6,1,4,6)  ok    ETA 00:10:38
[ 795/1024]  (6,1,0,2)  ok    ETA 00:10:34
[ 796/1024]  (6,2,6,2)  ok    ETA 00:10:32
[ 797/1024]  (6,2,7,2)  ok    ETA 00:10:29
[ 798/1024]  (6,2,5,2)  ok    ETA 00:10:26
[ 799/1024]  (6,2,4,2)  ok    ETA 00:10:23
[ 800/1024]  (6,0,0,6)  ok    ETA 00:10:19
  [checkpoint @ 800]
[ 801/1024]  (6,1,3,6)  ok    ETA 00:10:16
[ 802/1024]  (6,2,3,2)  ok    ETA 00:10:14
[ 803/1024]  (6,2,6,6)  ok    ETA 00:10:12
[ 804/1024]  (6,2,2,2)  ok    ETA 00:10:09
[ 805/1024]  (6,2,7,6)  ok    ETA 00:10:05
[ 806/1024]  (6,1,2,6)  ok    ETA 00:10:02
[ 807/1024]  (6,2,5,6)  ok    ETA 00:10:00
[ 808/1024]  (6,2,1,2)  ok    ETA 00:09:57
[ 809/1024]  (6,2,4,6)  ok    ETA 00:09:55
[ 810/1024]  (6,2,0,2)  ok    ETA 00:09:52
[ 811/1024]  (6,1,1,6)  ok    ETA 00:09:49
[ 812/1024]  (6,2,3,6)  ok    ETA 00:09:47
[ 813/1024]  (6,1,0,6)  ok    ETA 00:09:46
[ 814/1024]  (6,2,2,6)  ok    ETA 00:09:44
[ 815/1024]  (6,3,5,2)  ok    ETA 00:09:41
[ 816/1024]  (6,3,4,2)  ok    ETA 00:09:39
[ 817/1024]  (6,3,6,2)  ok    ETA 00:09:36
[ 818/1024]  (6,3,7,2)  ok    ETA 00:09:32
[ 819/1024]  (6,3,3,2)  ok    ETA 00:09:29
[ 820/1024]  (6,3,2,2)  ok    ETA 00:09:26
[ 821/1024]  (6,3,1,2)  ok    ETA 00:09:22
[ 822/1024]  (6,2,1,6)  ok    ETA 00:09:20
[ 823/1024]  (6,3,7,6)  ok    ETA 00:09:17
[ 824/1024]  (6,3,0,2)  ok    ETA 00:09:14
[ 825/1024]  (6,3,6,6)  ok    ETA 00:09:11
[ 826/1024]  (6,3,5,6)  ok    ETA 00:09:08
[ 827/1024]  (6,3,4,6)  ok    ETA 00:09:06
[ 828/1024]  (6,2,0,6)  ok    ETA 00:09:04
[ 829/1024]  (6,3,3,6)  ok    ETA 00:09:01
[ 830/1024]  (6,3,2,6)  ok    ETA 00:08:59
[ 831/1024]  (6,4,7,2)  ok    ETA 00:08:56
[ 832/1024]  (6,4,5,2)  ok    ETA 00:08:53
[ 833/1024]  (6,4,4,2)  ok    ETA 00:08:50
[ 834/1024]  (6,4,6,2)  ok    ETA 00:08:47
[ 835/1024]  (6,4,3,2)  ok    ETA 00:08:43
[ 836/1024]  (6,3,1,6)  ok    ETA 00:08:40
[ 837/1024]  (6,4,7,6)  ok    ETA 00:08:37
[ 838/1024]  (6,4,2,2)  ok    ETA 00:08:34
[ 839/1024]  (6,4,1,2)  ok    ETA 00:08:31
[ 840/1024]  (6,4,0,2)  ok    ETA 00:08:28
[ 841/1024]  (6,4,6,6)  ok    ETA 00:08:25
[ 842/1024]  (6,4,5,6)  ok    ETA 00:08:23
[ 843/1024]  (6,3,0,6)  ok    ETA 00:08:20
[ 844/1024]  (6,4,4,6)  ok    ETA 00:08:17
[ 845/1024]  (6,4,3,6)  ok    ETA 00:08:14
[ 846/1024]  (6,4,2,6)  ok    ETA 00:08:12
[ 847/1024]  (6,5,3,2)  ok    ETA 00:08:11
[ 848/1024]  (6,5,5,2)  ok    ETA 00:08:07
[ 849/1024]  (6,5,2,2)  ok    ETA 00:08:04
[ 850/1024]  (6,5,0,2)  ok    ETA 00:08:01
[ 851/1024]  (6,5,4,2)  ok    ETA 00:07:58
[ 852/1024]  (6,4,1,6)  ok    ETA 00:07:55
[ 853/1024]  (6,5,1,2)  ok    ETA 00:07:52
[ 854/1024]  (6,4,0,6)  ok    ETA 00:07:50
[ 855/1024]  (6,5,6,2)  ok    ETA 00:07:47
[ 856/1024]  (6,5,7,2)  ok    ETA 00:07:44
[ 857/1024]  (6,5,4,6)  ok    ETA 00:07:41
[ 858/1024]  (6,5,5,6)  ok    ETA 00:07:38
[ 859/1024]  (6,5,3,6)  ok    ETA 00:07:35
[ 860/1024]  (6,5,7,6)  ok    ETA 00:07:33
[ 861/1024]  (6,5,6,6)  ok    ETA 00:07:29
[ 862/1024]  (6,5,2,6)  ok    ETA 00:07:26
[ 863/1024]  (6,5,1,6)  ok    ETA 00:07:25
[ 864/1024]  (6,5,0,6)  ok    ETA 00:07:23
[ 865/1024]  (6,6,4,2)  ok    ETA 00:07:21
[ 866/1024]  (6,6,5,2)  ok    ETA 00:07:17
[ 867/1024]  (6,6,2,2)  ok    ETA 00:07:14
[ 868/1024]  (6,6,3,2)  ok    ETA 00:07:11
[ 869/1024]  (6,6,7,2)  ok    ETA 00:07:08
[ 870/1024]  (6,6,6,2)  ok    ETA 00:07:05
[ 871/1024]  (6,6,1,2)  ok    ETA 00:07:02
[ 872/1024]  (6,6,7,6)  ok    ETA 00:07:00
[ 873/1024]  (6,6,4,6)  ok    ETA 00:06:57
[ 874/1024]  (6,6,0,2)  ok    ETA 00:06:54
[ 875/1024]  (6,6,6,6)  ok    ETA 00:06:51
[ 876/1024]  (6,6,5,6)  ok    ETA 00:06:48
[ 877/1024]  (6,6,3,6)  ok    ETA 00:06:45
[ 878/1024]  (6,6,2,6)  ok    ETA 00:06:43
[ 879/1024]  (6,6,1,6)  ok    ETA 00:06:41
[ 880/1024]  (6,7,4,2)  ok    ETA 00:06:38
[ 881/1024]  (6,7,3,2)  ok    ETA 00:06:35
[ 882/1024]  (6,7,5,2)  ok    ETA 00:06:32
[ 883/1024]  (6,7,6,2)  ok    ETA 00:06:29
[ 884/1024]  (6,7,2,2)  ok    ETA 00:06:26
[ 885/1024]  (6,7,1,2)  ok    ETA 00:06:24
[ 886/1024]  (6,6,0,6)  ok    ETA 00:06:21
[ 887/1024]  (6,7,7,2)  ok    ETA 00:06:18
[ 888/1024]  (6,7,0,2)  ok    ETA 00:06:15
[ 889/1024]  (6,7,5,6)  ok    ETA 00:06:12
[ 890/1024]  (6,7,7,6)  ok    ETA 00:06:09
[ 891/1024]  (6,7,4,6)  ok    ETA 00:06:06
[ 892/1024]  (6,7,6,6)  ok    ETA 00:06:02
[ 893/1024]  (6,7,3,6)  ok    ETA 00:06:00
[ 894/1024]  (6,7,2,6)  ok    ETA 00:05:58
[ 895/1024]  (6,7,1,6)  ok    ETA 00:05:56
[ 896/1024]  (7,0,5,2)  ok    ETA 00:05:53
[ 897/1024]  (7,0,6,2)  ok    ETA 00:05:50
[ 898/1024]  (7,0,4,2)  ok    ETA 00:05:47
[ 899/1024]  (7,0,3,2)  ok    ETA 00:05:44
[ 900/1024]  (7,0,2,2)  ok    ETA 00:05:41
[ 901/1024]  (7,0,7,2)  ok    ETA 00:05:38
[ 902/1024]  (7,0,1,2)  ok    ETA 00:05:35
[ 903/1024]  (6,7,0,6)  ok    ETA 00:05:32
[ 904/1024]  (7,0,0,2)  ok    ETA 00:05:30
[ 905/1024]  (7,0,6,6)  ok    ETA 00:05:27
[ 906/1024]  (7,0,7,6)  ok    ETA 00:05:25
[ 907/1024]  (7,0,5,6)  ok    ETA 00:05:22
[ 908/1024]  (7,0,4,6)  ok    ETA 00:05:20
[ 909/1024]  (7,0,3,6)  ok    ETA 00:05:18
[ 910/1024]  (7,1,6,2)  ok    ETA 00:05:15
[ 911/1024]  (7,1,5,2)  ok    ETA 00:05:12
[ 912/1024]  (7,1,4,2)  ok    ETA 00:05:10
[ 913/1024]  (7,0,2,6)  ok    ETA 00:05:07
[ 914/1024]  (7,1,7,2)  ok    ETA 00:05:04
[ 915/1024]  (7,1,3,2)  ok    ETA 00:05:01
[ 916/1024]  (7,1,2,2)  ok    ETA 00:04:59
[ 917/1024]  (7,0,1,6)  ok    ETA 00:04:56
[ 918/1024]  (7,1,7,6)  ok    ETA 00:04:53
[ 919/1024]  (7,1,1,2)  ok    ETA 00:04:50
[ 920/1024]  (7,1,5,6)  ok    ETA 00:04:47
[ 921/1024]  (7,1,6,6)  ok    ETA 00:04:44
[ 922/1024]  (7,1,0,2)  ok    ETA 00:04:42
[ 923/1024]  (7,1,4,6)  ok    ETA 00:04:39
[ 924/1024]  (7,0,0,6)  ok    ETA 00:04:36
[ 925/1024]  (7,2,6,2)  ok    ETA 00:04:33
[ 926/1024]  (7,2,5,2)  ok    ETA 00:04:30
[ 927/1024]  (7,2,7,2)  ok    ETA 00:04:28
[ 928/1024]  (7,2,4,2)  ok    ETA 00:04:25
[ 929/1024]  (7,1,3,6)  ok    ETA 00:04:22
[ 930/1024]  (7,2,3,2)  ok    ETA 00:04:20
[ 931/1024]  (7,2,7,6)  ok    ETA 00:04:17
[ 932/1024]  (7,2,6,6)  ok    ETA 00:04:14
[ 933/1024]  (7,2,5,6)  ok    ETA 00:04:11
[ 934/1024]  (7,2,2,2)  ok    ETA 00:04:08
[ 935/1024]  (7,1,2,6)  ok    ETA 00:04:06
[ 936/1024]  (7,2,1,2)  ok    ETA 00:04:03
[ 937/1024]  (7,2,4,6)  ok    ETA 00:04:00
[ 938/1024]  (7,2,0,2)  ok    ETA 00:03:57
[ 939/1024]  (7,1,1,6)  ok    ETA 00:03:55
[ 940/1024]  (7,3,4,2)  ok    ETA 00:03:52
[ 941/1024]  (7,3,5,2)  ok    ETA 00:03:49
[ 942/1024]  (7,3,3,2)  ok    ETA 00:03:46
[ 943/1024]  (7,3,2,2)  ok    ETA 00:03:44
[ 944/1024]  (7,2,3,6)  ok    ETA 00:03:41
[ 945/1024]  (7,3,6,2)  ok    ETA 00:03:38
[ 946/1024]  (7,3,7,2)  ok    ETA 00:03:35
[ 947/1024]  (7,3,1,2)  ok    ETA 00:03:32
[ 948/1024]  (7,3,0,2)  ok    ETA 00:03:30
[ 949/1024]  (7,3,5,6)  ok    ETA 00:03:27
[ 950/1024]  (7,1,0,6)  ok    ETA 00:03:24
[ 951/1024]  (7,3,7,6)  ok    ETA 00:03:21
[ 952/1024]  (7,2,2,6)  ok    ETA 00:03:18
[ 953/1024]  (7,3,6,6)  ok    ETA 00:03:15
[ 954/1024]  (7,3,4,6)  ok    ETA 00:03:12
[ 955/1024]  (7,3,3,6)  ok    ETA 00:03:10
[ 956/1024]  (7,3,2,6)  ok    ETA 00:03:08
[ 957/1024]  (7,2,1,6)  ok    ETA 00:03:05
[ 958/1024]  (7,4,6,2)  ok    ETA 00:03:02
[ 959/1024]  (7,4,7,2)  ok    ETA 00:03:00
[ 960/1024]  (7,4,5,2)  ok    ETA 00:02:57
[ 961/1024]  (7,4,4,2)  ok    ETA 00:02:54
[ 962/1024]  (7,4,3,2)  ok    ETA 00:02:51
[ 963/1024]  (7,3,1,6)  ok    ETA 00:02:48
[ 964/1024]  (7,2,0,6)  ok    ETA 00:02:45
[ 965/1024]  (7,4,2,2)  ok    ETA 00:02:42
[ 966/1024]  (7,4,1,2)  ok    ETA 00:02:40
[ 967/1024]  (7,4,6,6)  ok    ETA 00:02:37
[ 968/1024]  (7,4,7,6)  ok    ETA 00:02:34
[ 969/1024]  (7,4,0,2)  ok    ETA 00:02:31
[ 970/1024]  (7,4,5,6)  ok    ETA 00:02:28
[ 971/1024]  (7,3,0,6)  ok    ETA 00:02:26
[ 972/1024]  (7,4,4,6)  ok    ETA 00:02:23
[ 973/1024]  (7,4,3,6)  ok    ETA 00:02:20
[ 974/1024]  (7,4,2,6)  ok    ETA 00:02:18
[ 975/1024]  (7,5,7,2)  ok    ETA 00:02:15
[ 976/1024]  (7,5,6,2)  ok    ETA 00:02:12
[ 977/1024]  (7,5,3,2)  ok    ETA 00:02:09
[ 978/1024]  (7,5,4,2)  ok    ETA 00:02:07
[ 979/1024]  (7,5,5,2)  ok    ETA 00:02:04
[ 980/1024]  (7,5,2,2)  ok    ETA 00:02:01
[ 981/1024]  (7,5,1,2)  ok    ETA 00:01:58
[ 982/1024]  (7,4,1,6)  ok    ETA 00:01:55
[ 983/1024]  (7,5,7,6)  ok    ETA 00:01:53
[ 984/1024]  (7,5,0,2)  ok    ETA 00:01:50
[ 985/1024]  (7,5,6,6)  ok    ETA 00:01:47
[ 986/1024]  (7,5,5,6)  ok    ETA 00:01:44
[ 987/1024]  (7,4,0,6)  ok    ETA 00:01:42
[ 988/1024]  (7,5,4,6)  ok    ETA 00:01:39
[ 989/1024]  (7,5,3,6)  ok    ETA 00:01:36
[ 990/1024]  (7,5,2,6)  ok    ETA 00:01:33
[ 991/1024]  (7,6,4,2)  ok    ETA 00:01:31
[ 992/1024]  (7,6,5,2)  ok    ETA 00:01:28
[ 993/1024]  (7,6,3,2)  ok    ETA 00:01:25
[ 994/1024]  (7,5,1,6)  ok    ETA 00:01:22
[ 995/1024]  (7,6,6,2)  ok    ETA 00:01:20
[ 996/1024]  (7,6,2,2)  ok    ETA 00:01:17
[ 997/1024]  (7,6,1,2)  ok    ETA 00:01:14
[ 998/1024]  (7,6,7,2)  ok    ETA 00:01:11
[ 999/1024]  (7,6,0,2)  ok    ETA 00:01:08
[1000/1024]  (7,6,4,6)  ok    ETA 00:01:06
  [checkpoint @ 1000]
[1001/1024]  (7,6,7,6)  ok    ETA 00:01:03
[1002/1024]  (7,5,0,6)  ok    ETA 00:01:00
[1003/1024]  (7,6,5,6)  ok    ETA 00:00:57
[1004/1024]  (7,6,6,6)  ok    ETA 00:00:55
[1005/1024]  (7,6,3,6)  ok    ETA 00:00:52
[1006/1024]  (7,6,2,6)  ok    ETA 00:00:49
[1007/1024]  (7,7,4,2)  ok    ETA 00:00:46
[1008/1024]  (7,7,6,2)  ok    ETA 00:00:44
[1009/1024]  (7,7,3,2)  ok    ETA 00:00:41
[1010/1024]  (7,7,5,2)  ok    ETA 00:00:38
[1011/1024]  (7,7,2,2)  ok    ETA 00:00:35
[1012/1024]  (7,6,1,6)  ok    ETA 00:00:33
[1013/1024]  (7,7,1,2)  ok    ETA 00:00:30
[1014/1024]  (7,6,0,6)  ok    ETA 00:00:27
[1015/1024]  (7,7,7,2)  ok    ETA 00:00:24
[1016/1024]  (7,7,0,2)  ok    ETA 00:00:22
[1017/1024]  (7,7,5,6)  ok    ETA 00:00:19
[1018/1024]  (7,7,4,6)  ok    ETA 00:00:16
[1019/1024]  (7,7,7,6)  ok    ETA 00:00:13
[1020/1024]  (7,7,3,6)  ok    ETA 00:00:10
[1021/1024]  (7,7,6,6)  ok    ETA 00:00:08
[1022/1024]  (7,7,2,6)  ok    ETA 00:00:05
[1023/1024]  (7,7,1,6)  ok    ETA 00:00:02
[1024/1024]  (7,7,0,6)  ok    ETA 00:00:00

Done. 1024 points in 47.2 min; 0 failed.
Saved → simulated/gennorm/gennorm_scan_2.npz
  corr_params:      (8, 8, 8, 8, 55)
  transform_params: (8, 8, 8, 8, 11, 4)
  WARNING: 3072 grid points have NaN.

=== job 10656663 finished Wed May  6 12:42:31 EDT 2026 ===
