=== job 10656572 started Wed May  6 11:55:25 EDT 2026 ===
    node:  holy7c18205
    cpus:  48
    python: Python 3.12.11

SVJ gennorm scan  job 3/3  (48 outer × 1 C++ threads)
  Grid:    8×8×8×8 = 4096 total  (1024 this job)
  To do:   1024  (already done: 0)
  Events/point: 10000
  Output:  simulated/gennorm/gennorm_scan_3.npz

[   1/1024]  (0,0,7,7)  ok    ETA 34:20:33
[   2/1024]  (0,1,7,7)  ok    ETA 17:11:12
[   3/1024]  (0,2,7,7)  ok    ETA 11:27:47
[   4/1024]  (0,0,7,3)  ok    ETA 08:35:59
[   5/1024]  (0,1,6,3)  ok    ETA 06:55:05
[   6/1024]  (0,1,7,3)  ok    ETA 05:45:52
[   7/1024]  (0,2,7,3)  ok    ETA 04:56:53
[   8/1024]  (0,0,6,3)  ok    ETA 04:20:41
[   9/1024]  (0,2,6,3)  ok    ETA 03:52:54
[  10/1024]  (0,0,6,7)  ok    ETA 03:29:26
[  11/1024]  (0,1,6,7)  ok    ETA 03:12:21
[  12/1024]  (0,0,5,3)  ok    ETA 02:56:12
[  13/1024]  (0,1,5,3)  ok    ETA 02:42:31
[  14/1024]  (0,2,6,7)  ok    ETA 02:31:32
[  15/1024]  (0,0,4,3)  ok    ETA 02:21:37
[  16/1024]  (0,1,4,3)  ok    ETA 02:12:39
[  17/1024]  (0,0,5,7)  ok    ETA 02:05:12
[  18/1024]  (0,2,5,3)  ok    ETA 01:58:42
[  19/1024]  (0,2,5,7)  ok    ETA 01:52:43
[  20/1024]  (0,1,5,7)  ok    ETA 01:47:22
[  21/1024]  (0,0,3,3)  ok    ETA 01:42:19
[  22/1024]  (0,0,4,7)  ok    ETA 01:38:02
[  23/1024]  (0,1,3,3)  ok    ETA 01:34:10
[  24/1024]  (0,2,3,3)  ok    ETA 01:30:11
[  25/1024]  (0,1,4,7)  ok    ETA 01:26:37
[  26/1024]  (0,0,2,3)  ok    ETA 01:23:40
[  27/1024]  (0,2,4,3)  ok    ETA 01:20:36
[  28/1024]  (0,0,3,7)  ok    ETA 01:17:57
[  29/1024]  (0,0,1,3)  ok    ETA 01:15:18
[  30/1024]  (0,2,4,7)  ok    ETA 01:12:57
[  31/1024]  (0,1,2,3)  ok    ETA 01:10:34
[  32/1024]  (0,2,2,3)  ok    ETA 01:08:27
[  33/1024]  (0,0,0,3)  ok    ETA 01:06:29
[  34/1024]  (0,1,3,7)  ok    ETA 01:04:44
[  35/1024]  (0,1,1,3)  ok    ETA 01:02:59
[  36/1024]  (0,1,2,7)  ok    ETA 01:01:17
[  37/1024]  (0,1,0,3)  ok    ETA 00:59:41
[  38/1024]  (0,0,1,7)  ok    ETA 00:58:09
[  39/1024]  (0,0,2,7)  ok    ETA 00:56:40
[  40/1024]  (0,2,3,7)  ok    ETA 00:55:31
[  41/1024]  (0,2,1,3)  ok    ETA 00:55:01
[  42/1024]  (0,0,0,7)  ok    ETA 00:53:59
[  43/1024]  (0,2,2,7)  ok    ETA 00:52:44
[  44/1024]  (0,1,1,7)  ok    ETA 00:51:36
[  45/1024]  (0,1,0,7)  ok    ETA 00:50:34
[  46/1024]  (0,2,0,3)  ok    ETA 00:49:45
[  47/1024]  (0,2,1,7)  ok    ETA 00:48:58
[  48/1024]  (0,2,0,7)  ok    ETA 00:48:40
[  49/1024]  (0,3,7,7)  ok    ETA 01:21:08
[  50/1024]  (0,3,7,3)  ok    ETA 01:19:35
[  51/1024]  (0,3,6,3)  ok    ETA 01:18:17
[  52/1024]  (0,3,6,7)  ok    ETA 01:17:12
[  53/1024]  (0,3,4,3)  ok    ETA 01:15:59
[  54/1024]  (0,3,5,3)  ok    ETA 01:14:35
[  55/1024]  (0,4,7,3)  ok    ETA 01:13:09
[  56/1024]  (0,3,2,3)  ok    ETA 01:11:47
[  57/1024]  (0,3,5,7)  ok    ETA 01:10:28
[  58/1024]  (0,3,3,3)  ok    ETA 01:09:14
[  59/1024]  (0,3,4,7)  ok    ETA 01:08:31
[  60/1024]  (0,3,2,7)  ok    ETA 01:07:20
[  61/1024]  (0,3,3,7)  ok    ETA 01:06:26
[  62/1024]  (0,3,0,3)  ok    ETA 01:05:18
[  63/1024]  (0,4,7,7)  ok    ETA 01:04:13
[  64/1024]  (0,3,1,3)  ok    ETA 01:03:09
[  65/1024]  (0,4,6,3)  ok    ETA 01:02:15
[  66/1024]  (0,4,6,7)  ok    ETA 01:01:32
[  67/1024]  (0,3,1,7)  ok    ETA 01:00:40
[  68/1024]  (0,4,4,3)  ok    ETA 00:59:44
[  69/1024]  (0,4,3,3)  ok    ETA 00:59:01
[  70/1024]  (0,4,5,3)  ok    ETA 00:58:07
[  71/1024]  (0,4,2,7)  ok    ETA 00:57:31
[  72/1024]  (0,3,0,7)  ok    ETA 00:56:50
[  73/1024]  (0,4,5,7)  ok    ETA 00:56:00
[  74/1024]  (0,4,3,7)  ok    ETA 00:55:12
[  75/1024]  (0,4,2,3)  ok    ETA 00:54:25
[  76/1024]  (0,4,4,7)  ok    ETA 00:53:42
[  77/1024]  (0,5,6,3)  ok    ETA 00:53:03
[  78/1024]  (0,5,7,3)  ok    ETA 00:52:20
[  79/1024]  (0,4,1,3)  ok    ETA 00:51:40
[  80/1024]  (0,4,0,3)  ok    ETA 00:50:58
[  81/1024]  (0,5,3,3)  ok    ETA 00:50:22
[  82/1024]  (0,4,1,7)  ok    ETA 00:49:47
[  83/1024]  (0,5,5,3)  ok    ETA 00:49:27
[  84/1024]  (0,5,7,7)  ok    ETA 00:48:49
[  85/1024]  (0,5,2,3)  ok    ETA 00:48:14
[  86/1024]  (0,5,4,3)  ok    ETA 00:47:39
[  87/1024]  (0,5,6,7)  ok    ETA 00:47:09
[  88/1024]  (0,4,0,7)  ok    ETA 00:46:34
[  89/1024]  (0,5,5,7)  ok    ETA 00:46:00
[  90/1024]  (0,5,0,3)  ok    ETA 00:45:31
[  91/1024]  (0,5,3,7)  ok    ETA 00:45:08
[  92/1024]  (0,5,1,3)  ok    ETA 00:44:38
[  93/1024]  (0,5,4,7)  ok    ETA 00:44:10
[  94/1024]  (0,5,2,7)  ok    ETA 00:43:41
[  95/1024]  (0,5,1,7)  ok    ETA 00:43:27
[  96/1024]  (0,5,0,7)  ok    ETA 00:42:59
[  97/1024]  (0,6,7,3)  ok    ETA 00:59:19
[  98/1024]  (0,6,7,7)  ok    ETA 00:58:39
[  99/1024]  (0,6,6,3)  ok    ETA 00:58:08
[ 100/1024]  (0,6,4,3)  ok    ETA 00:57:31
[ 101/1024]  (0,6,5,7)  ok    ETA 00:56:54
[ 102/1024]  (0,6,3,3)  ok    ETA 00:56:21
[ 103/1024]  (0,6,5,3)  ok    ETA 00:55:51
[ 104/1024]  (0,6,4,7)  ok    ETA 00:55:20
[ 105/1024]  (0,6,6,7)  ok    ETA 00:54:49
[ 106/1024]  (0,6,1,3)  ok    ETA 00:54:15
[ 107/1024]  (0,6,2,3)  ok    ETA 00:53:44
[ 108/1024]  (0,6,3,7)  ok    ETA 00:53:16
[ 109/1024]  (0,6,0,3)  ok    ETA 00:52:53
[ 110/1024]  (0,6,2,7)  ok    ETA 00:52:24
[ 111/1024]  (0,7,7,7)  ok    ETA 00:51:57
[ 112/1024]  (0,7,7,3)  ok    ETA 00:51:29
[ 113/1024]  (0,7,6,3)  ok    ETA 00:51:03
[ 114/1024]  (0,7,5,3)  ok    ETA 00:50:37
[ 115/1024]  (0,6,0,7)  ok    ETA 00:50:08
[ 116/1024]  (0,6,1,7)  ok    ETA 00:49:39
[ 117/1024]  (0,7,4,7)  ok    ETA 00:49:31
[ 118/1024]  (0,7,6,7)  ok    ETA 00:49:04
[ 119/1024]  (0,7,5,7)  ok    ETA 00:48:36
[ 120/1024]  (1,0,7,3)  ok    ETA 00:48:09
[ 121/1024]  (0,7,2,3)  ok    ETA 00:47:46
[ 122/1024]  (0,7,4,3)  ok    ETA 00:47:20
[ 123/1024]  (0,7,3,3)  ok    ETA 00:46:54
[ 124/1024]  (0,7,0,3)  ok    ETA 00:46:32
[ 125/1024]  (0,7,3,7)  ok    ETA 00:46:08
[ 126/1024]  (1,0,6,3)  ok    ETA 00:45:44
[ 127/1024]  (0,7,1,3)  ok    ETA 00:45:28
[ 128/1024]  (0,7,2,7)  ok    ETA 00:45:04
[ 129/1024]  (1,0,7,7)  ok    ETA 00:44:40
[ 130/1024]  (1,0,4,3)  ok    ETA 00:44:20
[ 131/1024]  (0,7,1,7)  ok    ETA 00:43:57
[ 132/1024]  (1,0,5,3)  ok    ETA 00:43:34
[ 133/1024]  (1,0,6,7)  ok    ETA 00:43:24
[ 134/1024]  (0,7,0,7)  ok    ETA 00:43:07
[ 135/1024]  (1,0,3,3)  ok    ETA 00:43:00
[ 136/1024]  (1,0,4,7)  ok    ETA 00:42:42
[ 137/1024]  (1,0,2,3)  ok    ETA 00:42:21
[ 138/1024]  (1,0,5,7)  ok    ETA 00:42:02
[ 139/1024]  (1,0,1,3)  ok    ETA 00:41:56
[ 140/1024]  (1,0,3,7)  ok    ETA 00:41:36
[ 141/1024]  (1,0,0,3)  ok    ETA 00:41:19
[ 142/1024]  (1,0,2,7)  ok    ETA 00:41:42
[ 143/1024]  (1,0,1,7)  ok    ETA 00:41:40
[ 144/1024]  (1,0,0,7)  ok    ETA 00:41:32
[ 145/1024]  (1,1,6,3)  ok    ETA 00:50:09
[ 146/1024]  (1,1,7,3)  ok    ETA 00:49:47
[ 147/1024]  (1,1,7,7)  ok    ETA 00:49:31
[ 148/1024]  (1,1,5,3)  ok    ETA 00:49:11
[ 149/1024]  (1,1,6,7)  ok    ETA 00:49:05
[ 150/1024]  (1,1,4,3)  ok    ETA 00:48:42
[ 151/1024]  (1,2,7,3)  ok    ETA 00:48:27
[ 152/1024]  (1,2,6,3)  ok    ETA 00:48:08
[ 153/1024]  (1,1,3,3)  ok    ETA 00:47:46
[ 154/1024]  (1,2,7,7)  ok    ETA 00:47:27
[ 155/1024]  (1,1,5,7)  ok    ETA 00:47:09
[ 156/1024]  (1,2,6,7)  ok    ETA 00:47:02
[ 157/1024]  (1,2,5,3)  ok    ETA 00:46:42
[ 158/1024]  (1,1,2,3)  ok    ETA 00:46:24
[ 159/1024]  (1,1,4,7)  ok    ETA 00:46:04
[ 160/1024]  (1,1,1,3)  ok    ETA 00:45:49
[ 161/1024]  (1,2,4,3)  ok    ETA 00:45:48
[ 162/1024]  (1,1,3,7)  ok    ETA 00:45:30
[ 163/1024]  (1,2,5,7)  ok    ETA 00:45:11
[ 164/1024]  (1,1,0,3)  ok    ETA 00:44:53
[ 165/1024]  (1,1,2,7)  ok    ETA 00:44:36
[ 166/1024]  (1,3,6,3)  ok    ETA 00:44:26
[ 167/1024]  (1,3,5,3)  ok    ETA 00:44:08
[ 168/1024]  (1,2,3,3)  ok    ETA 00:43:50
[ 169/1024]  (1,2,4,7)  ok    ETA 00:43:40
[ 170/1024]  (1,3,4,3)  ok    ETA 00:43:28
[ 171/1024]  (1,2,2,3)  ok    ETA 00:43:11
[ 172/1024]  (1,3,3,3)  ok    ETA 00:42:55
[ 173/1024]  (1,1,1,7)  ok    ETA 00:42:39
[ 174/1024]  (1,3,2,3)  ok    ETA 00:42:23
[ 175/1024]  (1,3,5,7)  ok    ETA 00:42:08
[ 176/1024]  (1,3,1,3)  ok    ETA 00:41:58
[ 177/1024]  (1,3,4,7)  ok    ETA 00:41:42
[ 178/1024]  (1,2,3,7)  ok    ETA 00:41:26
[ 179/1024]  (1,2,1,3)  ok    ETA 00:41:10
[ 180/1024]  (1,1,0,7)  ok    ETA 00:40:55
[ 181/1024]  (1,3,7,3)  ok    ETA 00:40:39
[ 182/1024]  (1,3,6,7)  ok    ETA 00:40:23
[ 183/1024]  (1,3,0,3)  ok    ETA 00:40:14
[ 184/1024]  (1,2,0,3)  ok    ETA 00:39:59
[ 185/1024]  (1,3,3,7)  ok    ETA 00:39:47
[ 186/1024]  (1,3,2,7)  ok    ETA 00:39:33
[ 187/1024]  (1,3,1,7)  ok    ETA 00:39:19
[ 188/1024]  (1,3,7,7)  ok    ETA 00:39:06
[ 189/1024]  (1,2,2,7)  ok    ETA 00:38:54
[ 190/1024]  (1,2,1,7)  ok    ETA 00:38:53
[ 191/1024]  (1,3,0,7)  ok    ETA 00:38:40
[ 192/1024]  (1,2,0,7)  ok    ETA 00:38:46
[ 193/1024]  (1,4,7,3)  ok    ETA 00:44:59
[ 194/1024]  (1,4,5,3)  ok    ETA 00:44:48
[ 195/1024]  (1,4,7,7)  ok    ETA 00:44:33
[ 196/1024]  (1,4,6,3)  ok    ETA 00:44:18
[ 197/1024]  (1,4,6,7)  ok    ETA 00:44:02
[ 198/1024]  (1,4,4,3)  ok    ETA 00:43:50
[ 199/1024]  (1,4,2,3)  ok    ETA 00:43:38
[ 200/1024]  (1,4,1,3)  ok    ETA 00:43:25
  [checkpoint @ 200]
[ 201/1024]  (1,4,3,3)  ok    ETA 00:43:10
[ 202/1024]  (1,4,5,7)  ok    ETA 00:42:57
[ 203/1024]  (1,4,4,7)  ok    ETA 00:42:42
[ 204/1024]  (1,4,0,3)  ok    ETA 00:42:33
[ 205/1024]  (1,4,3,7)  ok    ETA 00:42:21
[ 206/1024]  (1,5,7,3)  ok    ETA 00:42:14
[ 207/1024]  (1,4,2,7)  ok    ETA 00:41:59
[ 208/1024]  (1,4,1,7)  ok    ETA 00:41:48
[ 209/1024]  (1,5,6,3)  ok    ETA 00:41:35
[ 210/1024]  (1,4,0,7)  ok    ETA 00:41:22
[ 211/1024]  (1,5,6,7)  ok    ETA 00:41:11
[ 212/1024]  (1,5,5,3)  ok    ETA 00:41:01
[ 213/1024]  (1,5,4,3)  ok    ETA 00:40:48
[ 214/1024]  (1,5,3,3)  ok    ETA 00:40:36
[ 215/1024]  (1,5,7,7)  ok    ETA 00:40:22
[ 216/1024]  (1,5,5,7)  ok    ETA 00:40:09
[ 217/1024]  (1,5,2,3)  ok    ETA 00:39:57
[ 218/1024]  (1,5,4,7)  ok    ETA 00:39:50
[ 219/1024]  (1,5,1,3)  ok    ETA 00:39:38
[ 220/1024]  (1,5,3,7)  ok    ETA 00:39:26
[ 221/1024]  (1,6,7,3)  ok    ETA 00:39:14
[ 222/1024]  (1,6,6,3)  ok    ETA 00:39:01
[ 223/1024]  (1,6,5,3)  ok    ETA 00:38:48
[ 224/1024]  (1,5,0,3)  ok    ETA 00:38:39
[ 225/1024]  (1,5,2,7)  ok    ETA 00:38:30
[ 226/1024]  (1,6,4,3)  ok    ETA 00:38:19
[ 227/1024]  (1,6,5,7)  ok    ETA 00:38:09
[ 228/1024]  (1,5,1,7)  ok    ETA 00:37:57
[ 229/1024]  (1,6,3,3)  ok    ETA 00:37:45
[ 230/1024]  (1,6,4,7)  ok    ETA 00:37:35
[ 231/1024]  (1,6,6,7)  ok    ETA 00:37:23
[ 232/1024]  (1,6,2,3)  ok    ETA 00:37:16
[ 233/1024]  (1,5,0,7)  ok    ETA 00:37:04
[ 234/1024]  (1,6,7,7)  ok    ETA 00:36:53
[ 235/1024]  (1,6,1,3)  ok    ETA 00:36:44
[ 236/1024]  (1,6,2,7)  ok    ETA 00:36:36
[ 237/1024]  (1,6,3,7)  ok    ETA 00:36:24
[ 238/1024]  (1,6,0,3)  ok    ETA 00:36:15
[ 239/1024]  (1,6,1,7)  ok    ETA 00:36:12
[ 240/1024]  (1,6,0,7)  ok    ETA 00:36:13
[ 241/1024]  (1,7,6,3)  ok    ETA 00:40:50
[ 242/1024]  (1,7,7,3)  ok    ETA 00:40:41
[ 243/1024]  (1,7,5,3)  ok    ETA 00:40:28
[ 244/1024]  (1,7,4,3)  ok    ETA 00:40:21
[ 245/1024]  (1,7,7,7)  ok    ETA 00:40:09
[ 246/1024]  (1,7,3,3)  ok    ETA 00:39:58
[ 247/1024]  (1,7,6,7)  ok    ETA 00:39:50
[ 248/1024]  (1,7,5,7)  ok    ETA 00:39:38
[ 249/1024]  (1,7,2,3)  ok    ETA 00:39:26
[ 250/1024]  (1,7,1,3)  ok    ETA 00:39:15
[ 251/1024]  (2,0,7,3)  ok    ETA 00:39:03
[ 252/1024]  (1,7,3,7)  ok    ETA 00:38:54
[ 253/1024]  (1,7,4,7)  ok    ETA 00:38:44
[ 254/1024]  (1,7,0,3)  ok    ETA 00:38:33
[ 255/1024]  (2,0,6,3)  ok    ETA 00:38:25
[ 256/1024]  (2,0,5,3)  ok    ETA 00:38:14
[ 257/1024]  (1,7,1,7)  ok    ETA 00:38:04
[ 258/1024]  (1,7,2,7)  ok    ETA 00:37:53
[ 259/1024]  (2,0,7,7)  ok    ETA 00:37:47
[ 260/1024]  (2,0,4,3)  ok    ETA 00:37:38
[ 261/1024]  (1,7,0,7)  ok    ETA 00:37:27
[ 262/1024]  (2,0,6,7)  ok    ETA 00:37:22
[ 263/1024]  (2,0,3,3)  ok    ETA 00:37:17
[ 264/1024]  (2,0,2,3)  ok    ETA 00:37:09
[ 265/1024]  (2,1,6,3)  ok    ETA 00:36:59
[ 266/1024]  (2,1,7,3)  ok    ETA 00:36:49
[ 267/1024]  (2,0,5,7)  ok    ETA 00:36:40
[ 268/1024]  (2,0,1,3)  ok    ETA 00:36:32
[ 269/1024]  (2,1,5,3)  ok    ETA 00:36:25
[ 270/1024]  (2,0,4,7)  ok    ETA 00:36:15
[ 271/1024]  (2,0,0,3)  ok    ETA 00:36:06
[ 272/1024]  (2,1,4,3)  ok    ETA 00:35:57
[ 273/1024]  (2,1,6,7)  ok    ETA 00:35:49
[ 274/1024]  (2,1,7,7)  ok    ETA 00:35:43
[ 275/1024]  (2,1,3,3)  ok    ETA 00:35:33
[ 276/1024]  (2,0,3,7)  ok    ETA 00:35:23
[ 277/1024]  (2,1,5,7)  ok    ETA 00:35:20
[ 278/1024]  (2,1,2,3)  ok    ETA 00:35:12
[ 279/1024]  (2,0,2,7)  ok    ETA 00:35:06
[ 280/1024]  (2,1,4,7)  ok    ETA 00:34:58
[ 281/1024]  (2,0,1,7)  ok    ETA 00:34:57
[ 282/1024]  (2,1,1,3)  ok    ETA 00:34:48
[ 283/1024]  (2,1,0,3)  ok    ETA 00:34:45
[ 284/1024]  (2,0,0,7)  ok    ETA 00:34:36
[ 285/1024]  (2,1,3,7)  ok    ETA 00:34:28
[ 286/1024]  (2,1,2,7)  ok    ETA 00:34:27
[ 287/1024]  (2,1,1,7)  ok    ETA 00:34:35
[ 288/1024]  (2,1,0,7)  ok    ETA 00:34:41
[ 289/1024]  (2,2,7,3)  ok    ETA 00:37:15
[ 290/1024]  (2,2,6,3)  ok    ETA 00:37:08
[ 291/1024]  (2,2,7,7)  ok    ETA 00:37:01
[ 292/1024]  (2,2,5,3)  ok    ETA 00:36:57
[ 293/1024]  (2,2,6,7)  ok    ETA 00:36:51
[ 294/1024]  (2,2,4,3)  ok    ETA 00:36:44
[ 295/1024]  (2,2,5,7)  ok    ETA 00:36:46
[ 296/1024]  (2,2,3,3)  ok    ETA 00:36:37
[ 297/1024]  (2,3,7,3)  ok    ETA 00:36:28
[ 298/1024]  (2,2,2,3)  ok    ETA 00:36:23
[ 299/1024]  (2,3,6,3)  ok    ETA 00:36:13
[ 300/1024]  (2,3,5,3)  ok    ETA 00:36:04
[ 301/1024]  (2,3,7,7)  ok    ETA 00:35:56
[ 302/1024]  (2,2,4,7)  ok    ETA 00:35:46
[ 303/1024]  (2,3,4,3)  ok    ETA 00:35:36
[ 304/1024]  (2,3,6,7)  ok    ETA 00:35:33
[ 305/1024]  (2,2,1,3)  ok    ETA 00:35:25
[ 306/1024]  (2,3,3,3)  ok    ETA 00:35:16
[ 307/1024]  (2,3,2,3)  ok    ETA 00:35:08
[ 308/1024]  (2,3,5,7)  ok    ETA 00:35:02
[ 309/1024]  (2,2,3,7)  ok    ETA 00:34:54
[ 310/1024]  (2,3,4,7)  ok    ETA 00:34:46
[ 311/1024]  (2,3,1,3)  ok    ETA 00:34:37
[ 312/1024]  (2,2,0,3)  ok    ETA 00:34:28
[ 313/1024]  (2,3,0,3)  ok    ETA 00:34:24
[ 314/1024]  (2,2,2,7)  ok    ETA 00:34:21
[ 315/1024]  (2,3,3,7)  ok    ETA 00:34:14
[ 316/1024]  (2,3,2,7)  ok    ETA 00:34:07
[ 317/1024]  (2,4,6,3)  ok    ETA 00:33:59
[ 318/1024]  (2,4,5,3)  ok    ETA 00:33:56
[ 319/1024]  (2,4,3,3)  ok    ETA 00:33:47
[ 320/1024]  (2,4,4,3)  ok    ETA 00:33:38
[ 321/1024]  (2,2,1,7)  ok    ETA 00:33:30
[ 322/1024]  (2,3,1,7)  ok    ETA 00:33:22
[ 323/1024]  (2,4,1,3)  ok    ETA 00:33:15
[ 324/1024]  (2,4,2,3)  ok    ETA 00:33:09
[ 325/1024]  (2,4,7,3)  ok    ETA 00:33:01
[ 326/1024]  (2,4,5,7)  ok    ETA 00:32:52
[ 327/1024]  (2,4,6,7)  ok    ETA 00:32:45
[ 328/1024]  (2,4,0,3)  ok    ETA 00:32:37
[ 329/1024]  (2,3,0,7)  ok    ETA 00:32:29
[ 330/1024]  (2,2,0,7)  ok    ETA 00:32:25
[ 331/1024]  (2,4,4,7)  ok    ETA 00:32:16
[ 332/1024]  (2,4,3,7)  ok    ETA 00:32:09
[ 333/1024]  (2,4,2,7)  ok    ETA 00:32:08
[ 334/1024]  (2,4,7,7)  ok    ETA 00:32:02
[ 335/1024]  (2,4,1,7)  ok    ETA 00:31:54
[ 336/1024]  (2,4,0,7)  ok    ETA 00:31:59
[ 337/1024]  (2,5,7,3)  ok    ETA 00:34:21
[ 338/1024]  (2,5,6,3)  ok    ETA 00:34:19
[ 339/1024]  (2,5,5,3)  ok    ETA 00:34:13
[ 340/1024]  (2,5,7,7)  ok    ETA 00:34:04
[ 341/1024]  (2,5,6,7)  ok    ETA 00:33:58
[ 342/1024]  (2,5,4,3)  ok    ETA 00:33:51
[ 343/1024]  (2,5,1,3)  ok    ETA 00:33:43
[ 344/1024]  (2,5,2,3)  ok    ETA 00:33:34
[ 345/1024]  (2,5,0,3)  ok    ETA 00:33:28
[ 346/1024]  (2,5,3,3)  ok    ETA 00:33:21
[ 347/1024]  (2,5,5,7)  ok    ETA 00:33:14
[ 348/1024]  (2,5,3,7)  ok    ETA 00:33:14
[ 349/1024]  (2,5,4,7)  ok    ETA 00:33:07
[ 350/1024]  (2,5,2,7)  ok    ETA 00:33:02
[ 351/1024]  (2,5,1,7)  ok    ETA 00:32:55
[ 352/1024]  (2,5,0,7)  ok    ETA 00:32:48
[ 353/1024]  (2,6,5,3)  ok    ETA 00:32:40
[ 354/1024]  (2,6,6,3)  ok    ETA 00:32:33
[ 355/1024]  (2,6,3,3)  ok    ETA 00:32:26
[ 356/1024]  (2,6,4,3)  ok    ETA 00:32:19
[ 357/1024]  (2,6,7,3)  ok    ETA 00:32:11
[ 358/1024]  (2,6,7,7)  ok    ETA 00:32:03
[ 359/1024]  (2,6,5,7)  ok    ETA 00:32:02
[ 360/1024]  (2,6,1,3)  ok    ETA 00:31:55
[ 361/1024]  (2,6,2,3)  ok    ETA 00:31:47
[ 362/1024]  (2,6,6,7)  ok    ETA 00:31:40
[ 363/1024]  (2,6,0,3)  ok    ETA 00:31:36
[ 364/1024]  (2,6,3,7)  ok    ETA 00:31:28
[ 365/1024]  (2,6,4,7)  ok    ETA 00:31:22
[ 366/1024]  (2,7,7,3)  ok    ETA 00:31:17
[ 367/1024]  (2,7,5,3)  ok    ETA 00:31:11
[ 368/1024]  (2,7,4,3)  ok    ETA 00:31:04
[ 369/1024]  (2,6,2,7)  ok    ETA 00:30:57
[ 370/1024]  (2,7,6,3)  ok    ETA 00:30:51
[ 371/1024]  (2,6,1,7)  ok    ETA 00:30:44
[ 372/1024]  (2,7,3,3)  ok    ETA 00:30:38
[ 373/1024]  (2,6,0,7)  ok    ETA 00:30:33
[ 374/1024]  (2,7,6,7)  ok    ETA 00:30:26
[ 375/1024]  (2,7,7,7)  ok    ETA 00:30:20
[ 376/1024]  (2,7,5,7)  ok    ETA 00:30:13
[ 377/1024]  (2,7,2,3)  ok    ETA 00:30:08
[ 378/1024]  (2,7,4,7)  ok    ETA 00:30:02
[ 379/1024]  (2,7,3,7)  ok    ETA 00:29:57
[ 380/1024]  (2,7,1,3)  ok    ETA 00:29:50
[ 381/1024]  (2,7,0,3)  ok    ETA 00:29:46
[ 382/1024]  (2,7,2,7)  ok    ETA 00:29:41
[ 383/1024]  (2,7,1,7)  ok    ETA 00:29:44
[ 384/1024]  (2,7,0,7)  ok    ETA 00:29:38
[ 385/1024]  (3,0,7,3)  ok    ETA 00:31:33
[ 386/1024]  (3,0,5,3)  ok    ETA 00:31:26
[ 387/1024]  (3,0,6,3)  ok    ETA 00:31:19
[ 388/1024]  (3,0,4,3)  ok    ETA 00:31:18
[ 389/1024]  (3,0,3,3)  ok    ETA 00:31:13
[ 390/1024]  (3,0,7,7)  ok    ETA 00:31:06
[ 391/1024]  (3,0,2,3)  ok    ETA 00:31:00
[ 392/1024]  (3,0,6,7)  ok    ETA 00:30:57
[ 393/1024]  (3,0,1,3)  ok    ETA 00:30:51
[ 394/1024]  (3,1,7,3)  ok    ETA 00:30:47
[ 395/1024]  (3,0,5,7)  ok    ETA 00:30:40
[ 396/1024]  (3,0,0,3)  ok    ETA 00:30:32
[ 397/1024]  (3,1,6,3)  ok    ETA 00:30:28
[ 398/1024]  (3,0,4,7)  ok    ETA 00:30:23
[ 399/1024]  (3,1,5,3)  ok    ETA 00:30:18
[ 400/1024]  (3,0,3,7)  ok    ETA 00:30:12
  [checkpoint @ 400]
[ 401/1024]  (3,1,7,7)  ok    ETA 00:30:05
[ 402/1024]  (3,1,4,3)  ok    ETA 00:30:01
[ 403/1024]  (3,1,6,7)  ok    ETA 00:29:56
[ 404/1024]  (3,0,2,7)  ok    ETA 00:29:54
[ 405/1024]  (3,1,3,3)  ok    ETA 00:29:49
[ 406/1024]  (3,1,2,3)  ok    ETA 00:29:43
[ 407/1024]  (3,1,5,7)  ok    ETA 00:29:36
[ 408/1024]  (3,2,6,3)  ok    ETA 00:29:33
[ 409/1024]  (3,0,1,7)  ok    ETA 00:29:29
[ 410/1024]  (3,2,7,3)  ok    ETA 00:29:22
[ 411/1024]  (3,1,1,3)  ok    ETA 00:29:15
[ 412/1024]  (3,1,4,7)  ok    ETA 00:29:08
[ 413/1024]  (3,2,5,3)  ok    ETA 00:29:04
[ 414/1024]  (3,2,4,3)  ok    ETA 00:29:00
[ 415/1024]  (3,2,7,7)  ok    ETA 00:28:53
[ 416/1024]  (3,2,6,7)  ok    ETA 00:28:49
[ 417/1024]  (3,1,0,3)  ok    ETA 00:28:43
[ 418/1024]  (3,0,0,7)  ok    ETA 00:28:37
[ 419/1024]  (3,1,3,7)  ok    ETA 00:28:31
[ 420/1024]  (3,2,3,3)  ok    ETA 00:28:26
[ 421/1024]  (3,2,5,7)  ok    ETA 00:28:21
[ 422/1024]  (3,1,2,7)  ok    ETA 00:28:19
[ 423/1024]  (3,2,2,3)  ok    ETA 00:28:13
[ 424/1024]  (3,2,4,7)  ok    ETA 00:28:11
[ 425/1024]  (3,2,1,3)  ok    ETA 00:28:06
[ 426/1024]  (3,1,1,7)  ok    ETA 00:28:03
[ 427/1024]  (3,2,0,3)  ok    ETA 00:28:00
[ 428/1024]  (3,2,3,7)  ok    ETA 00:27:54
[ 429/1024]  (3,1,0,7)  ok    ETA 00:27:56
[ 430/1024]  (3,2,2,7)  ok    ETA 00:27:52
[ 431/1024]  (3,2,1,7)  ok    ETA 00:28:00
[ 432/1024]  (3,2,0,7)  ok    ETA 00:28:08
[ 433/1024]  (3,3,7,3)  ok    ETA 00:28:55
[ 434/1024]  (3,3,6,3)  ok    ETA 00:28:49
[ 435/1024]  (3,3,5,3)  ok    ETA 00:28:44
[ 436/1024]  (3,3,7,7)  ok    ETA 00:28:40
[ 437/1024]  (3,3,4,3)  ok    ETA 00:28:34
[ 438/1024]  (3,3,6,7)  ok    ETA 00:28:31
[ 439/1024]  (3,3,3,3)  ok    ETA 00:28:25
[ 440/1024]  (3,3,5,7)  ok    ETA 00:28:19
[ 441/1024]  (3,3,2,3)  ok    ETA 00:28:13
[ 442/1024]  (3,3,1,3)  ok    ETA 00:28:07
[ 443/1024]  (3,3,4,7)  ok    ETA 00:28:08
[ 444/1024]  (3,3,0,3)  ok    ETA 00:28:02
[ 445/1024]  (3,3,3,7)  ok    ETA 00:28:00
[ 446/1024]  (3,4,7,3)  ok    ETA 00:27:54
[ 447/1024]  (3,4,6,3)  ok    ETA 00:27:49
[ 448/1024]  (3,4,5,3)  ok    ETA 00:27:46
[ 449/1024]  (3,4,7,7)  ok    ETA 00:27:40
[ 450/1024]  (3,3,2,7)  ok    ETA 00:27:34
[ 451/1024]  (3,4,6,7)  ok    ETA 00:27:30
[ 452/1024]  (3,4,4,3)  ok    ETA 00:27:24
[ 453/1024]  (3,4,3,3)  ok    ETA 00:27:19
[ 454/1024]  (3,4,5,7)  ok    ETA 00:27:15
[ 455/1024]  (3,3,1,7)  ok    ETA 00:27:10
[ 456/1024]  (3,4,1,3)  ok    ETA 00:27:04
[ 457/1024]  (3,4,2,3)  ok    ETA 00:26:59
[ 458/1024]  (3,4,0,3)  ok    ETA 00:26:53
[ 459/1024]  (3,3,0,7)  ok    ETA 00:26:48
[ 460/1024]  (3,4,4,7)  ok    ETA 00:26:43
[ 461/1024]  (3,4,3,7)  ok    ETA 00:26:42
[ 462/1024]  (3,4,2,7)  ok    ETA 00:26:42
[ 463/1024]  (3,5,4,3)  ok    ETA 00:26:37
[ 464/1024]  (3,5,3,3)  ok    ETA 00:26:32
[ 465/1024]  (3,5,2,3)  ok    ETA 00:26:27
[ 466/1024]  (3,5,5,3)  ok    ETA 00:26:22
[ 467/1024]  (3,5,6,3)  ok    ETA 00:26:16
[ 468/1024]  (3,4,1,7)  ok    ETA 00:26:10
[ 469/1024]  (3,5,1,3)  ok    ETA 00:26:04
[ 470/1024]  (3,4,0,7)  ok    ETA 00:26:04
[ 471/1024]  (3,5,5,7)  ok    ETA 00:25:58
[ 472/1024]  (3,5,0,3)  ok    ETA 00:25:52
[ 473/1024]  (3,5,6,7)  ok    ETA 00:25:49
[ 474/1024]  (3,5,4,7)  ok    ETA 00:25:43
[ 475/1024]  (3,5,7,3)  ok    ETA 00:25:38
[ 476/1024]  (3,5,3,7)  ok    ETA 00:25:33
[ 477/1024]  (3,5,2,7)  ok    ETA 00:25:31
[ 478/1024]  (3,5,1,7)  ok    ETA 00:25:26
[ 479/1024]  (3,5,0,7)  ok    ETA 00:25:26
[ 480/1024]  (3,5,7,7)  ok    ETA 00:25:24
[ 481/1024]  (3,6,7,3)  ok    ETA 00:26:23
[ 482/1024]  (3,6,4,3)  ok    ETA 00:26:17
[ 483/1024]  (3,6,5,3)  ok    ETA 00:26:14
[ 484/1024]  (3,6,6,3)  ok    ETA 00:26:08
[ 485/1024]  (3,6,3,3)  ok    ETA 00:26:03
[ 486/1024]  (3,6,2,3)  ok    ETA 00:25:58
[ 487/1024]  (3,6,7,7)  ok    ETA 00:25:53
[ 488/1024]  (3,6,1,3)  ok    ETA 00:25:48
[ 489/1024]  (3,6,6,7)  ok    ETA 00:25:44
[ 490/1024]  (3,6,0,3)  ok    ETA 00:25:39
[ 491/1024]  (3,6,5,7)  ok    ETA 00:25:34
[ 492/1024]  (3,6,4,7)  ok    ETA 00:25:28
[ 493/1024]  (3,6,3,7)  ok    ETA 00:25:25
[ 494/1024]  (3,6,2,7)  ok    ETA 00:25:24
[ 495/1024]  (3,7,5,3)  ok    ETA 00:25:22
[ 496/1024]  (3,6,1,7)  ok    ETA 00:25:17
[ 497/1024]  (3,7,6,3)  ok    ETA 00:25:12
[ 498/1024]  (3,6,0,7)  ok    ETA 00:25:07
[ 499/1024]  (3,7,4,3)  ok    ETA 00:25:02
[ 500/1024]  (3,7,7,3)  ok    ETA 00:24:57
[ 501/1024]  (3,7,3,3)  ok    ETA 00:24:51
[ 502/1024]  (3,7,5,7)  ok    ETA 00:24:47
[ 503/1024]  (3,7,2,3)  ok    ETA 00:24:42
[ 504/1024]  (3,7,7,7)  ok    ETA 00:24:37
[ 505/1024]  (3,7,4,7)  ok    ETA 00:24:33
[ 506/1024]  (3,7,6,7)  ok    ETA 00:24:28
[ 507/1024]  (3,7,1,3)  ok    ETA 00:24:23
[ 508/1024]  (3,7,0,3)  ok    ETA 00:24:20
[ 509/1024]  (3,7,3,7)  ok    ETA 00:24:15
[ 510/1024]  (3,7,2,7)  ok    ETA 00:24:14
[ 511/1024]  (3,7,1,7)  ok    ETA 00:24:11
[ 512/1024]  (4,0,6,3)  ok    ETA 00:24:06
[ 513/1024]  (4,0,5,3)  ok    ETA 00:24:01
[ 514/1024]  (4,0,7,3)  ok    ETA 00:23:56
[ 515/1024]  (3,7,0,7)  ok    ETA 00:23:53
[ 516/1024]  (4,0,4,3)  ok    ETA 00:23:48
[ 517/1024]  (4,0,3,3)  ok    ETA 00:23:45
[ 518/1024]  (4,0,2,3)  ok    ETA 00:23:41
[ 519/1024]  (4,0,6,7)  ok    ETA 00:23:38
[ 520/1024]  (4,0,7,7)  ok    ETA 00:23:34
[ 521/1024]  (4,0,1,3)  ok    ETA 00:23:29
[ 522/1024]  (4,0,5,7)  ok    ETA 00:23:25
[ 523/1024]  (4,0,0,3)  ok    ETA 00:23:22
[ 524/1024]  (4,0,4,7)  ok    ETA 00:23:21
[ 525/1024]  (4,0,3,7)  ok    ETA 00:23:20
[ 526/1024]  (4,0,2,7)  ok    ETA 00:23:24
[ 527/1024]  (4,0,1,7)  ok    ETA 00:23:24
[ 528/1024]  (4,0,0,7)  ok    ETA 00:23:29
[ 529/1024]  (4,1,6,3)  ok    ETA 00:23:50
[ 530/1024]  (4,1,7,3)  ok    ETA 00:23:45
[ 531/1024]  (4,1,5,3)  ok    ETA 00:23:41
[ 532/1024]  (4,1,4,3)  ok    ETA 00:23:40
[ 533/1024]  (4,1,7,7)  ok    ETA 00:23:36
[ 534/1024]  (4,1,3,3)  ok    ETA 00:23:34
[ 535/1024]  (4,1,6,7)  ok    ETA 00:23:29
[ 536/1024]  (4,1,5,7)  ok    ETA 00:23:24
[ 537/1024]  (4,1,2,3)  ok    ETA 00:23:21
[ 538/1024]  (4,1,4,7)  ok    ETA 00:23:21
[ 539/1024]  (4,1,1,3)  ok    ETA 00:23:15
[ 540/1024]  (4,2,6,3)  ok    ETA 00:23:10
[ 541/1024]  (4,2,7,3)  ok    ETA 00:23:06
[ 542/1024]  (4,2,5,3)  ok    ETA 00:23:02
[ 543/1024]  (4,2,4,3)  ok    ETA 00:23:00
[ 544/1024]  (4,2,7,7)  ok    ETA 00:22:55
[ 545/1024]  (4,1,0,3)  ok    ETA 00:22:51
[ 546/1024]  (4,1,3,7)  ok    ETA 00:22:46
[ 547/1024]  (4,2,6,7)  ok    ETA 00:22:44
[ 548/1024]  (4,2,3,3)  ok    ETA 00:22:39
[ 549/1024]  (4,1,2,7)  ok    ETA 00:22:37
[ 550/1024]  (4,2,5,7)  ok    ETA 00:22:32
[ 551/1024]  (4,2,2,3)  ok    ETA 00:22:29
[ 552/1024]  (4,2,4,7)  ok    ETA 00:22:28
[ 553/1024]  (4,3,5,3)  ok    ETA 00:22:26
[ 554/1024]  (4,1,1,7)  ok    ETA 00:22:21
[ 555/1024]  (4,2,1,3)  ok    ETA 00:22:16
[ 556/1024]  (4,3,4,3)  ok    ETA 00:22:12
[ 557/1024]  (4,2,3,7)  ok    ETA 00:22:08
[ 558/1024]  (4,3,6,3)  ok    ETA 00:22:03
[ 559/1024]  (4,3,3,3)  ok    ETA 00:21:59
[ 560/1024]  (4,3,2,3)  ok    ETA 00:21:55
[ 561/1024]  (4,2,0,3)  ok    ETA 00:21:51
[ 562/1024]  (4,3,1,3)  ok    ETA 00:21:47
[ 563/1024]  (4,3,5,7)  ok    ETA 00:21:45
[ 564/1024]  (4,1,0,7)  ok    ETA 00:21:41
[ 565/1024]  (4,3,4,7)  ok    ETA 00:21:36
[ 566/1024]  (4,3,7,3)  ok    ETA 00:21:32
[ 567/1024]  (4,2,2,7)  ok    ETA 00:21:27
[ 568/1024]  (4,3,0,3)  ok    ETA 00:21:23
[ 569/1024]  (4,3,6,7)  ok    ETA 00:21:20
[ 570/1024]  (4,3,3,7)  ok    ETA 00:21:16
[ 571/1024]  (4,3,2,7)  ok    ETA 00:21:17
[ 572/1024]  (4,3,7,7)  ok    ETA 00:21:14
[ 573/1024]  (4,2,1,7)  ok    ETA 00:21:09
[ 574/1024]  (4,3,1,7)  ok    ETA 00:21:05
[ 575/1024]  (4,3,0,7)  ok    ETA 00:21:08
[ 576/1024]  (4,2,0,7)  ok    ETA 00:21:04
[ 577/1024]  (4,4,6,3)  ok    ETA 00:21:29
[ 578/1024]  (4,4,7,3)  ok    ETA 00:21:25
[ 579/1024]  (4,4,4,3)  ok    ETA 00:21:21
[ 580/1024]  (4,4,7,7)  ok    ETA 00:21:17
[ 581/1024]  (4,4,5,3)  ok    ETA 00:21:12
[ 582/1024]  (4,4,2,3)  ok    ETA 00:21:08
[ 583/1024]  (4,4,3,3)  ok    ETA 00:21:03
[ 584/1024]  (4,4,6,7)  ok    ETA 00:20:58
[ 585/1024]  (4,4,1,3)  ok    ETA 00:20:53
[ 586/1024]  (4,4,0,3)  ok    ETA 00:20:52
[ 587/1024]  (4,4,5,7)  ok    ETA 00:20:47
[ 588/1024]  (4,4,4,7)  ok    ETA 00:20:47
[ 589/1024]  (4,4,3,7)  ok    ETA 00:20:43
[ 590/1024]  (4,4,2,7)  ok    ETA 00:20:43
[ 591/1024]  (4,5,7,3)  ok    ETA 00:20:39
[ 592/1024]  (4,5,3,3)  ok    ETA 00:20:37
[ 593/1024]  (4,5,6,3)  ok    ETA 00:20:33
[ 594/1024]  (4,4,1,7)  ok    ETA 00:20:28
[ 595/1024]  (4,5,5,3)  ok    ETA 00:20:23
[ 596/1024]  (4,5,7,7)  ok    ETA 00:20:19
[ 597/1024]  (4,4,0,7)  ok    ETA 00:20:16
[ 598/1024]  (4,5,6,7)  ok    ETA 00:20:12
[ 599/1024]  (4,5,2,3)  ok    ETA 00:20:07
[ 600/1024]  (4,5,4,3)  ok    ETA 00:20:02
  [checkpoint @ 600]
[ 601/1024]  (4,5,1,3)  ok    ETA 00:19:59
[ 602/1024]  (4,5,0,3)  ok    ETA 00:19:54
[ 603/1024]  (4,5,5,7)  ok    ETA 00:19:50
[ 604/1024]  (4,5,4,7)  ok    ETA 00:19:50
[ 605/1024]  (4,5,3,7)  ok    ETA 00:19:48
[ 606/1024]  (4,5,2,7)  ok    ETA 00:19:44
[ 607/1024]  (4,6,3,3)  ok    ETA 00:19:43
[ 608/1024]  (4,6,6,3)  ok    ETA 00:19:38
[ 609/1024]  (4,5,1,7)  ok    ETA 00:19:33
[ 610/1024]  (4,6,4,3)  ok    ETA 00:19:29
[ 611/1024]  (4,5,0,7)  ok    ETA 00:19:26
[ 612/1024]  (4,6,2,3)  ok    ETA 00:19:22
[ 613/1024]  (4,6,5,3)  ok    ETA 00:19:17
[ 614/1024]  (4,6,6,7)  ok    ETA 00:19:15
[ 615/1024]  (4,6,7,3)  ok    ETA 00:19:10
[ 616/1024]  (4,6,4,7)  ok    ETA 00:19:06
[ 617/1024]  (4,6,1,3)  ok    ETA 00:19:02
[ 618/1024]  (4,6,0,3)  ok    ETA 00:18:59
[ 619/1024]  (4,6,5,7)  ok    ETA 00:18:54
[ 620/1024]  (4,6,3,7)  ok    ETA 00:18:50
[ 621/1024]  (4,6,7,7)  ok    ETA 00:18:46
[ 622/1024]  (4,6,2,7)  ok    ETA 00:18:45
[ 623/1024]  (4,6,1,7)  ok    ETA 00:18:46
[ 624/1024]  (4,6,0,7)  ok    ETA 00:18:43
[ 625/1024]  (4,7,4,3)  ok    ETA 00:19:02
[ 626/1024]  (4,7,5,3)  ok    ETA 00:18:58
[ 627/1024]  (4,7,6,3)  ok    ETA 00:18:56
[ 628/1024]  (4,7,3,3)  ok    ETA 00:18:51
[ 629/1024]  (4,7,7,3)  ok    ETA 00:18:48
[ 630/1024]  (4,7,2,3)  ok    ETA 00:18:45
[ 631/1024]  (4,7,4,7)  ok    ETA 00:18:42
[ 632/1024]  (4,7,1,3)  ok    ETA 00:18:39
[ 633/1024]  (4,7,5,7)  ok    ETA 00:18:34
[ 634/1024]  (4,7,7,7)  ok    ETA 00:18:30
[ 635/1024]  (4,7,3,7)  ok    ETA 00:18:26
[ 636/1024]  (4,7,0,3)  ok    ETA 00:18:21
[ 637/1024]  (4,7,6,7)  ok    ETA 00:18:17
[ 638/1024]  (4,7,2,7)  ok    ETA 00:18:16
[ 639/1024]  (4,7,1,7)  ok    ETA 00:18:16
[ 640/1024]  (5,0,5,3)  ok    ETA 00:18:11
[ 641/1024]  (5,0,4,3)  ok    ETA 00:18:08
[ 642/1024]  (5,0,6,3)  ok    ETA 00:18:05
[ 643/1024]  (5,0,7,3)  ok    ETA 00:18:00
[ 644/1024]  (4,7,0,7)  ok    ETA 00:17:57
[ 645/1024]  (5,0,3,3)  ok    ETA 00:17:54
[ 646/1024]  (5,0,7,7)  ok    ETA 00:17:52
[ 647/1024]  (5,0,2,3)  ok    ETA 00:17:48
[ 648/1024]  (5,0,6,7)  ok    ETA 00:17:45
[ 649/1024]  (5,0,1,3)  ok    ETA 00:17:41
[ 650/1024]  (5,0,5,7)  ok    ETA 00:17:39
[ 651/1024]  (5,0,4,7)  ok    ETA 00:17:35
[ 652/1024]  (5,1,6,3)  ok    ETA 00:17:31
[ 653/1024]  (5,0,0,3)  ok    ETA 00:17:27
[ 654/1024]  (5,1,5,3)  ok    ETA 00:17:26
[ 655/1024]  (5,0,3,7)  ok    ETA 00:17:22
[ 656/1024]  (5,1,7,3)  ok    ETA 00:17:19
[ 657/1024]  (5,1,4,3)  ok    ETA 00:17:15
[ 658/1024]  (5,1,3,3)  ok    ETA 00:17:14
[ 659/1024]  (5,1,6,7)  ok    ETA 00:17:09
[ 660/1024]  (5,1,7,7)  ok    ETA 00:17:06
[ 661/1024]  (5,1,5,7)  ok    ETA 00:17:03
[ 662/1024]  (5,0,2,7)  ok    ETA 00:17:00
[ 663/1024]  (5,1,2,3)  ok    ETA 00:16:56
[ 664/1024]  (5,1,4,7)  ok    ETA 00:16:56
[ 665/1024]  (5,1,1,3)  ok    ETA 00:16:52
[ 666/1024]  (5,0,1,7)  ok    ETA 00:16:48
[ 667/1024]  (5,1,0,3)  ok    ETA 00:16:47
[ 668/1024]  (5,1,3,7)  ok    ETA 00:16:45
[ 669/1024]  (5,0,0,7)  ok    ETA 00:16:43
[ 670/1024]  (5,1,2,7)  ok    ETA 00:16:44
[ 671/1024]  (5,1,1,7)  ok    ETA 00:16:46
[ 672/1024]  (5,2,6,3)  ok    ETA 00:16:43
[ 673/1024]  (5,2,7,3)  ok    ETA 00:16:42
[ 674/1024]  (5,2,5,3)  ok    ETA 00:16:38
[ 675/1024]  (5,2,7,7)  ok    ETA 00:16:37
[ 676/1024]  (5,2,4,3)  ok    ETA 00:16:33
[ 677/1024]  (5,2,6,7)  ok    ETA 00:16:30
[ 678/1024]  (5,1,0,7)  ok    ETA 00:16:26
[ 679/1024]  (5,2,5,7)  ok    ETA 00:16:23
[ 680/1024]  (5,2,3,3)  ok    ETA 00:16:19
[ 681/1024]  (5,2,2,3)  ok    ETA 00:16:17
[ 682/1024]  (5,2,1,3)  ok    ETA 00:16:17
[ 683/1024]  (5,2,4,7)  ok    ETA 00:16:13
[ 684/1024]  (5,3,6,3)  ok    ETA 00:16:10
[ 685/1024]  (5,3,7,3)  ok    ETA 00:16:06
[ 686/1024]  (5,2,0,3)  ok    ETA 00:16:03
[ 687/1024]  (5,3,5,3)  ok    ETA 00:16:00
[ 688/1024]  (5,3,4,3)  ok    ETA 00:15:56
[ 689/1024]  (5,3,3,3)  ok    ETA 00:15:53
[ 690/1024]  (5,3,7,7)  ok    ETA 00:15:49
[ 691/1024]  (5,2,3,7)  ok    ETA 00:15:45
[ 692/1024]  (5,3,2,3)  ok    ETA 00:15:42
[ 693/1024]  (5,3,6,7)  ok    ETA 00:15:39
[ 694/1024]  (5,3,1,3)  ok    ETA 00:15:35
[ 695/1024]  (5,3,5,7)  ok    ETA 00:15:31
[ 696/1024]  (5,3,0,3)  ok    ETA 00:15:30
[ 697/1024]  (5,2,2,7)  ok    ETA 00:15:27
[ 698/1024]  (5,3,4,7)  ok    ETA 00:15:23
[ 699/1024]  (5,3,3,7)  ok    ETA 00:15:22
[ 700/1024]  (5,2,1,7)  ok    ETA 00:15:19
[ 701/1024]  (5,3,2,7)  ok    ETA 00:15:18
[ 702/1024]  (5,4,3,3)  ok    ETA 00:15:14
[ 703/1024]  (5,4,4,3)  ok    ETA 00:15:11
[ 704/1024]  (5,4,5,3)  ok    ETA 00:15:07
[ 705/1024]  (5,4,6,3)  ok    ETA 00:15:03
[ 706/1024]  (5,4,2,3)  ok    ETA 00:14:59
[ 707/1024]  (5,3,1,7)  ok    ETA 00:14:56
[ 708/1024]  (5,4,1,3)  ok    ETA 00:14:52
[ 709/1024]  (5,4,0,3)  ok    ETA 00:14:50
[ 710/1024]  (5,2,0,7)  ok    ETA 00:14:46
[ 711/1024]  (5,4,4,7)  ok    ETA 00:14:44
[ 712/1024]  (5,3,0,7)  ok    ETA 00:14:40
[ 713/1024]  (5,4,5,7)  ok    ETA 00:14:37
[ 714/1024]  (5,4,7,3)  ok    ETA 00:14:35
[ 715/1024]  (5,4,6,7)  ok    ETA 00:14:31
[ 716/1024]  (5,4,3,7)  ok    ETA 00:14:27
[ 717/1024]  (5,4,2,7)  ok    ETA 00:14:25
[ 718/1024]  (5,4,7,7)  ok    ETA 00:14:22
[ 719/1024]  (5,4,1,7)  ok    ETA 00:14:20
[ 720/1024]  (5,4,0,7)  ok    ETA 00:14:21
[ 721/1024]  (5,5,7,3)  ok    ETA 00:14:25
[ 722/1024]  (5,5,6,3)  ok    ETA 00:14:21
[ 723/1024]  (5,5,4,3)  ok    ETA 00:14:18
[ 724/1024]  (5,5,3,3)  ok    ETA 00:14:14
[ 725/1024]  (5,5,5,3)  ok    ETA 00:14:10
[ 726/1024]  (5,5,2,3)  ok    ETA 00:14:07
[ 727/1024]  (5,5,7,7)  ok    ETA 00:14:04
[ 728/1024]  (5,5,6,7)  ok    ETA 00:14:01
[ 729/1024]  (5,5,0,3)  ok    ETA 00:13:57
[ 730/1024]  (5,5,1,3)  ok    ETA 00:13:53
[ 731/1024]  (5,5,5,7)  ok    ETA 00:13:51
[ 732/1024]  (5,5,3,7)  ok    ETA 00:13:48
[ 733/1024]  (5,5,4,7)  ok    ETA 00:13:45
[ 734/1024]  (5,5,2,7)  ok    ETA 00:13:43
[ 735/1024]  (5,6,3,3)  ok    ETA 00:13:42
[ 736/1024]  (5,5,1,7)  ok    ETA 00:13:39
[ 737/1024]  (5,6,4,3)  ok    ETA 00:13:35
[ 738/1024]  (5,6,5,3)  ok    ETA 00:13:32
[ 739/1024]  (5,5,0,7)  ok    ETA 00:13:29
[ 740/1024]  (5,6,2,3)  ok    ETA 00:13:25
[ 741/1024]  (5,6,7,3)  ok    ETA 00:13:21
[ 742/1024]  (5,6,6,3)  ok    ETA 00:13:17
[ 743/1024]  (5,6,1,3)  ok    ETA 00:13:14
[ 744/1024]  (5,6,7,7)  ok    ETA 00:13:12
[ 745/1024]  (5,6,0,3)  ok    ETA 00:13:08
[ 746/1024]  (5,6,4,7)  ok    ETA 00:13:04
[ 747/1024]  (5,6,6,7)  ok    ETA 00:13:01
[ 748/1024]  (5,6,5,7)  ok    ETA 00:12:58
[ 749/1024]  (5,6,3,7)  ok    ETA 00:12:56
[ 750/1024]  (5,6,2,7)  ok    ETA 00:12:53
[ 751/1024]  (5,6,1,7)  ok    ETA 00:12:51
[ 752/1024]  (5,7,5,3)  ok    ETA 00:12:49
[ 753/1024]  (5,7,6,3)  ok    ETA 00:12:46
[ 754/1024]  (5,7,4,3)  ok    ETA 00:12:42
[ 755/1024]  (5,7,7,3)  ok    ETA 00:12:39
[ 756/1024]  (5,7,3,3)  ok    ETA 00:12:36
[ 757/1024]  (5,6,0,7)  ok    ETA 00:12:32
[ 758/1024]  (5,7,2,3)  ok    ETA 00:12:28
[ 759/1024]  (5,7,1,3)  ok    ETA 00:12:26
[ 760/1024]  (5,7,6,7)  ok    ETA 00:12:22
[ 761/1024]  (5,7,5,7)  ok    ETA 00:12:19
[ 762/1024]  (5,7,0,3)  ok    ETA 00:12:16
[ 763/1024]  (5,7,4,7)  ok    ETA 00:12:13
[ 764/1024]  (5,7,3,7)  ok    ETA 00:12:10
[ 765/1024]  (5,7,7,7)  ok    ETA 00:12:07
[ 766/1024]  (5,7,2,7)  ok    ETA 00:12:04
[ 767/1024]  (5,7,1,7)  ok    ETA 00:12:03
[ 768/1024]  (5,7,0,7)  ok    ETA 00:12:01
[ 769/1024]  (6,0,6,3)  ok    ETA 00:12:03
[ 770/1024]  (6,0,5,3)  ok    ETA 00:12:00
[ 771/1024]  (6,0,4,3)  ok    ETA 00:11:57
[ 772/1024]  (6,0,7,3)  ok    ETA 00:11:55
[ 773/1024]  (6,0,3,3)  ok    ETA 00:11:52
[ 774/1024]  (6,0,2,3)  ok    ETA 00:11:48
[ 775/1024]  (6,0,1,3)  ok    ETA 00:11:47
[ 776/1024]  (6,0,6,7)  ok    ETA 00:11:44
[ 777/1024]  (6,0,7,7)  ok    ETA 00:11:40
[ 778/1024]  (6,0,5,7)  ok    ETA 00:11:37
[ 779/1024]  (6,0,0,3)  ok    ETA 00:11:35
[ 780/1024]  (6,0,4,7)  ok    ETA 00:11:32
[ 781/1024]  (6,1,5,3)  ok    ETA 00:11:30
[ 782/1024]  (6,1,6,3)  ok    ETA 00:11:26
[ 783/1024]  (6,1,7,3)  ok    ETA 00:11:23
[ 784/1024]  (6,0,3,7)  ok    ETA 00:11:20
[ 785/1024]  (6,1,4,3)  ok    ETA 00:11:17
[ 786/1024]  (6,1,3,3)  ok    ETA 00:11:15
[ 787/1024]  (6,0,2,7)  ok    ETA 00:11:12
[ 788/1024]  (6,1,6,7)  ok    ETA 00:11:09
[ 789/1024]  (6,1,7,7)  ok    ETA 00:11:06
[ 790/1024]  (6,1,2,3)  ok    ETA 00:11:03
[ 791/1024]  (6,1,5,7)  ok    ETA 00:10:59
[ 792/1024]  (6,0,1,7)  ok    ETA 00:10:58
[ 793/1024]  (6,1,4,7)  ok    ETA 00:10:55
[ 794/1024]  (6,1,1,3)  ok    ETA 00:10:51
[ 795/1024]  (6,2,6,3)  ok    ETA 00:10:48
[ 796/1024]  (6,2,7,3)  ok    ETA 00:10:46
[ 797/1024]  (6,1,0,3)  ok    ETA 00:10:43
[ 798/1024]  (6,2,5,3)  ok    ETA 00:10:39
[ 799/1024]  (6,2,4,3)  ok    ETA 00:10:37
[ 800/1024]  (6,1,3,7)  ok    ETA 00:10:34
  [checkpoint @ 800]
[ 801/1024]  (6,0,0,7)  ok    ETA 00:10:30
[ 802/1024]  (6,2,6,7)  ok    ETA 00:10:27
[ 803/1024]  (6,2,3,3)  ok    ETA 00:10:24
[ 804/1024]  (6,2,7,7)  ok    ETA 00:10:21
[ 805/1024]  (6,2,2,3)  ok    ETA 00:10:19
[ 806/1024]  (6,2,5,7)  ok    ETA 00:10:15
[ 807/1024]  (6,1,2,7)  ok    ETA 00:10:12
[ 808/1024]  (6,2,1,3)  ok    ETA 00:10:11
[ 809/1024]  (6,2,4,7)  ok    ETA 00:10:08
[ 810/1024]  (6,2,0,3)  ok    ETA 00:10:07
[ 811/1024]  (6,2,3,7)  ok    ETA 00:10:03
[ 812/1024]  (6,1,1,7)  ok    ETA 00:10:00
[ 813/1024]  (6,2,2,7)  ok    ETA 00:10:00
[ 814/1024]  (6,3,7,3)  ok    ETA 00:09:58
[ 815/1024]  (6,1,0,7)  ok    ETA 00:09:55
[ 816/1024]  (6,3,5,3)  ok    ETA 00:09:51
[ 817/1024]  (6,3,6,3)  ok    ETA 00:09:48
[ 818/1024]  (6,3,4,3)  ok    ETA 00:09:44
[ 819/1024]  (6,3,3,3)  ok    ETA 00:09:42
[ 820/1024]  (6,3,7,7)  ok    ETA 00:09:39
[ 821/1024]  (6,3,2,3)  ok    ETA 00:09:35
[ 822/1024]  (6,3,1,3)  ok    ETA 00:09:33
[ 823/1024]  (6,3,6,7)  ok    ETA 00:09:29
[ 824/1024]  (6,2,1,7)  ok    ETA 00:09:27
[ 825/1024]  (6,3,0,3)  ok    ETA 00:09:23
[ 826/1024]  (6,3,5,7)  ok    ETA 00:09:20
[ 827/1024]  (6,3,4,7)  ok    ETA 00:09:18
[ 828/1024]  (6,3,3,7)  ok    ETA 00:09:16
[ 829/1024]  (6,2,0,7)  ok    ETA 00:09:14
[ 830/1024]  (6,3,2,7)  ok    ETA 00:09:11
[ 831/1024]  (6,4,3,3)  ok    ETA 00:09:08
[ 832/1024]  (6,4,7,3)  ok    ETA 00:09:05
[ 833/1024]  (6,4,6,3)  ok    ETA 00:09:01
[ 834/1024]  (6,4,5,3)  ok    ETA 00:08:58
[ 835/1024]  (6,4,4,3)  ok    ETA 00:08:55
[ 836/1024]  (6,4,7,7)  ok    ETA 00:08:52
[ 837/1024]  (6,4,2,3)  ok    ETA 00:08:49
[ 838/1024]  (6,3,1,7)  ok    ETA 00:08:46
[ 839/1024]  (6,4,6,7)  ok    ETA 00:08:43
[ 840/1024]  (6,4,1,3)  ok    ETA 00:08:40
[ 841/1024]  (6,4,0,3)  ok    ETA 00:08:37
[ 842/1024]  (6,4,5,7)  ok    ETA 00:08:34
[ 843/1024]  (6,4,4,7)  ok    ETA 00:08:31
[ 844/1024]  (6,3,0,7)  ok    ETA 00:08:28
[ 845/1024]  (6,4,3,7)  ok    ETA 00:08:27
[ 846/1024]  (6,4,2,7)  ok    ETA 00:08:24
[ 847/1024]  (6,5,3,3)  ok    ETA 00:08:22
[ 848/1024]  (6,5,4,3)  ok    ETA 00:08:19
[ 849/1024]  (6,5,2,3)  ok    ETA 00:08:16
[ 850/1024]  (6,5,5,3)  ok    ETA 00:08:13
[ 851/1024]  (6,4,1,7)  ok    ETA 00:08:09
[ 852/1024]  (6,5,1,3)  ok    ETA 00:08:06
[ 853/1024]  (6,5,0,3)  ok    ETA 00:08:04
[ 854/1024]  (6,5,7,3)  ok    ETA 00:08:01
[ 855/1024]  (6,5,6,3)  ok    ETA 00:07:58
[ 856/1024]  (6,5,5,7)  ok    ETA 00:07:55
[ 857/1024]  (6,4,0,7)  ok    ETA 00:07:51
[ 858/1024]  (6,5,7,7)  ok    ETA 00:07:49
[ 859/1024]  (6,5,4,7)  ok    ETA 00:07:46
[ 860/1024]  (6,5,6,7)  ok    ETA 00:07:43
[ 861/1024]  (6,5,3,7)  ok    ETA 00:07:40
[ 862/1024]  (6,5,2,7)  ok    ETA 00:07:37
[ 863/1024]  (6,5,1,7)  ok    ETA 00:07:35
[ 864/1024]  (6,5,0,7)  ok    ETA 00:07:34
[ 865/1024]  (6,6,5,3)  ok    ETA 00:07:30
[ 866/1024]  (6,6,4,3)  ok    ETA 00:07:27
[ 867/1024]  (6,6,3,3)  ok    ETA 00:07:24
[ 868/1024]  (6,6,2,3)  ok    ETA 00:07:21
[ 869/1024]  (6,6,7,3)  ok    ETA 00:07:18
[ 870/1024]  (6,6,6,3)  ok    ETA 00:07:15
[ 871/1024]  (6,6,7,7)  ok    ETA 00:07:13
[ 872/1024]  (6,6,4,7)  ok    ETA 00:07:10
[ 873/1024]  (6,6,1,3)  ok    ETA 00:07:06
[ 874/1024]  (6,6,6,7)  ok    ETA 00:07:03
[ 875/1024]  (6,6,0,3)  ok    ETA 00:07:00
[ 876/1024]  (6,6,5,7)  ok    ETA 00:06:57
[ 877/1024]  (6,6,3,7)  ok    ETA 00:06:55
[ 878/1024]  (6,6,2,7)  ok    ETA 00:06:52
[ 879/1024]  (6,7,5,3)  ok    ETA 00:06:50
[ 880/1024]  (6,6,1,7)  ok    ETA 00:06:47
[ 881/1024]  (6,7,4,3)  ok    ETA 00:06:44
[ 882/1024]  (6,7,3,3)  ok    ETA 00:06:41
[ 883/1024]  (6,7,6,3)  ok    ETA 00:06:38
[ 884/1024]  (6,7,2,3)  ok    ETA 00:06:35
[ 885/1024]  (6,7,5,7)  ok    ETA 00:06:33
[ 886/1024]  (6,7,7,3)  ok    ETA 00:06:29
[ 887/1024]  (6,6,0,7)  ok    ETA 00:06:26
[ 888/1024]  (6,7,1,3)  ok    ETA 00:06:23
[ 889/1024]  (6,7,4,7)  ok    ETA 00:06:20
[ 890/1024]  (6,7,0,3)  ok    ETA 00:06:17
[ 891/1024]  (6,7,7,7)  ok    ETA 00:06:14
[ 892/1024]  (6,7,6,7)  ok    ETA 00:06:11
[ 893/1024]  (6,7,3,7)  ok    ETA 00:06:08
[ 894/1024]  (6,7,2,7)  ok    ETA 00:06:06
[ 895/1024]  (6,7,1,7)  ok    ETA 00:06:04
[ 896/1024]  (7,0,6,3)  ok    ETA 00:06:01
[ 897/1024]  (7,0,7,3)  ok    ETA 00:05:58
[ 898/1024]  (7,0,4,3)  ok    ETA 00:05:55
[ 899/1024]  (7,0,5,3)  ok    ETA 00:05:52
[ 900/1024]  (6,7,0,7)  ok    ETA 00:05:49
[ 901/1024]  (7,0,3,3)  ok    ETA 00:05:47
[ 902/1024]  (7,0,2,3)  ok    ETA 00:05:44
[ 903/1024]  (7,0,6,7)  ok    ETA 00:05:41
[ 904/1024]  (7,0,1,3)  ok    ETA 00:05:38
[ 905/1024]  (7,0,0,3)  ok    ETA 00:05:36
[ 906/1024]  (7,0,7,7)  ok    ETA 00:05:33
[ 907/1024]  (7,0,5,7)  ok    ETA 00:05:30
[ 908/1024]  (7,0,4,7)  ok    ETA 00:05:28
[ 909/1024]  (7,1,6,3)  ok    ETA 00:05:26
[ 910/1024]  (7,0,3,7)  ok    ETA 00:05:23
[ 911/1024]  (7,1,5,3)  ok    ETA 00:05:19
[ 912/1024]  (7,1,7,3)  ok    ETA 00:05:17
[ 913/1024]  (7,1,4,3)  ok    ETA 00:05:14
[ 914/1024]  (7,1,3,3)  ok    ETA 00:05:12
[ 915/1024]  (7,1,7,7)  ok    ETA 00:05:09
[ 916/1024]  (7,0,2,7)  ok    ETA 00:05:06
[ 917/1024]  (7,1,6,7)  ok    ETA 00:05:03
[ 918/1024]  (7,1,2,3)  ok    ETA 00:05:00
[ 919/1024]  (7,1,5,7)  ok    ETA 00:04:57
[ 920/1024]  (7,0,1,7)  ok    ETA 00:04:54
[ 921/1024]  (7,1,1,3)  ok    ETA 00:04:51
[ 922/1024]  (7,2,6,3)  ok    ETA 00:04:49
[ 923/1024]  (7,1,4,7)  ok    ETA 00:04:46
[ 924/1024]  (7,2,5,3)  ok    ETA 00:04:43
[ 925/1024]  (7,1,0,3)  ok    ETA 00:04:40
[ 926/1024]  (7,2,7,3)  ok    ETA 00:04:37
[ 927/1024]  (7,2,4,3)  ok    ETA 00:04:35
[ 928/1024]  (7,1,3,7)  ok    ETA 00:04:32
[ 929/1024]  (7,0,0,7)  ok    ETA 00:04:29
[ 930/1024]  (7,2,3,3)  ok    ETA 00:04:26
[ 931/1024]  (7,2,7,7)  ok    ETA 00:04:23
[ 932/1024]  (7,2,6,7)  ok    ETA 00:04:20
[ 933/1024]  (7,2,5,7)  ok    ETA 00:04:17
[ 934/1024]  (7,2,2,3)  ok    ETA 00:04:15
[ 935/1024]  (7,1,2,7)  ok    ETA 00:04:12
[ 936/1024]  (7,2,4,7)  ok    ETA 00:04:09
[ 937/1024]  (7,2,1,3)  ok    ETA 00:04:06
[ 938/1024]  (7,2,0,3)  ok    ETA 00:04:04
[ 939/1024]  (7,3,5,3)  ok    ETA 00:04:01
[ 940/1024]  (7,1,1,7)  ok    ETA 00:03:58
[ 941/1024]  (7,2,3,7)  ok    ETA 00:03:55
[ 942/1024]  (7,3,7,3)  ok    ETA 00:03:52
[ 943/1024]  (7,3,3,3)  ok    ETA 00:03:49
[ 944/1024]  (7,3,4,3)  ok    ETA 00:03:46
[ 945/1024]  (7,3,6,3)  ok    ETA 00:03:43
[ 946/1024]  (7,3,2,3)  ok    ETA 00:03:40
[ 947/1024]  (7,3,1,3)  ok    ETA 00:03:38
[ 948/1024]  (7,3,7,7)  ok    ETA 00:03:35
[ 949/1024]  (7,3,6,7)  ok    ETA 00:03:32
[ 950/1024]  (7,3,0,3)  ok    ETA 00:03:29
[ 951/1024]  (7,2,2,7)  ok    ETA 00:03:26
[ 952/1024]  (7,3,5,7)  ok    ETA 00:03:23
[ 953/1024]  (7,3,4,7)  ok    ETA 00:03:20
[ 954/1024]  (7,1,0,7)  ok    ETA 00:03:17
[ 955/1024]  (7,3,3,7)  ok    ETA 00:03:15
[ 956/1024]  (7,2,1,7)  ok    ETA 00:03:13
[ 957/1024]  (7,3,2,7)  ok    ETA 00:03:10
[ 958/1024]  (7,4,6,3)  ok    ETA 00:03:07
[ 959/1024]  (7,4,5,3)  ok    ETA 00:03:04
[ 960/1024]  (7,4,7,3)  ok    ETA 00:03:01
[ 961/1024]  (7,4,4,3)  ok    ETA 00:02:58
[ 962/1024]  (7,4,3,3)  ok    ETA 00:02:55
[ 963/1024]  (7,3,1,7)  ok    ETA 00:02:52
[ 964/1024]  (7,4,2,3)  ok    ETA 00:02:50
[ 965/1024]  (7,4,7,7)  ok    ETA 00:02:47
[ 966/1024]  (7,4,6,7)  ok    ETA 00:02:44
[ 967/1024]  (7,2,0,7)  ok    ETA 00:02:41
[ 968/1024]  (7,4,0,3)  ok    ETA 00:02:38
[ 969/1024]  (7,4,1,3)  ok    ETA 00:02:35
[ 970/1024]  (7,4,5,7)  ok    ETA 00:02:32
[ 971/1024]  (7,4,4,7)  ok    ETA 00:02:29
[ 972/1024]  (7,3,0,7)  ok    ETA 00:02:26
[ 973/1024]  (7,4,3,7)  ok    ETA 00:02:24
[ 974/1024]  (7,4,2,7)  ok    ETA 00:02:21
[ 975/1024]  (7,5,3,3)  ok    ETA 00:02:19
[ 976/1024]  (7,5,7,3)  ok    ETA 00:02:16
[ 977/1024]  (7,5,2,3)  ok    ETA 00:02:13
[ 978/1024]  (7,5,4,3)  ok    ETA 00:02:10
[ 979/1024]  (7,5,5,3)  ok    ETA 00:02:07
[ 980/1024]  (7,5,6,3)  ok    ETA 00:02:04
[ 981/1024]  (7,5,1,3)  ok    ETA 00:02:01
[ 982/1024]  (7,5,7,7)  ok    ETA 00:01:58
[ 983/1024]  (7,4,1,7)  ok    ETA 00:01:55
[ 984/1024]  (7,5,6,7)  ok    ETA 00:01:53
[ 985/1024]  (7,5,0,3)  ok    ETA 00:01:50
[ 986/1024]  (7,5,5,7)  ok    ETA 00:01:47
[ 987/1024]  (7,5,4,7)  ok    ETA 00:01:44
[ 988/1024]  (7,4,0,7)  ok    ETA 00:01:42
[ 989/1024]  (7,5,3,7)  ok    ETA 00:01:39
[ 990/1024]  (7,5,2,7)  ok    ETA 00:01:36
[ 991/1024]  (7,6,5,3)  ok    ETA 00:01:33
[ 992/1024]  (7,6,4,3)  ok    ETA 00:01:30
[ 993/1024]  (7,6,3,3)  ok    ETA 00:01:27
[ 994/1024]  (7,6,7,3)  ok    ETA 00:01:25
[ 995/1024]  (7,6,6,3)  ok    ETA 00:01:22
[ 996/1024]  (7,5,1,7)  ok    ETA 00:01:19
[ 997/1024]  (7,6,2,3)  ok    ETA 00:01:16
[ 998/1024]  (7,6,1,3)  ok    ETA 00:01:13
[ 999/1024]  (7,6,7,7)  ok    ETA 00:01:10
[1000/1024]  (7,6,4,7)  ok    ETA 00:01:07
  [checkpoint @ 1000]
[1001/1024]  (7,6,0,3)  ok    ETA 00:01:05
[1002/1024]  (7,5,0,7)  ok    ETA 00:01:02
[1003/1024]  (7,6,5,7)  ok    ETA 00:00:59
[1004/1024]  (7,6,6,7)  ok    ETA 00:00:56
[1005/1024]  (7,6,3,7)  ok    ETA 00:00:53
[1006/1024]  (7,6,2,7)  ok    ETA 00:00:50
[1007/1024]  (7,7,5,3)  ok    ETA 00:00:48
[1008/1024]  (7,7,4,3)  ok    ETA 00:00:45
[1009/1024]  (7,7,3,3)  ok    ETA 00:00:42
[1010/1024]  (7,7,6,3)  ok    ETA 00:00:39
[1011/1024]  (7,6,1,7)  ok    ETA 00:00:36
[1012/1024]  (7,7,5,7)  ok    ETA 00:00:33
[1013/1024]  (7,7,2,3)  ok    ETA 00:00:31
[1014/1024]  (7,7,7,3)  ok    ETA 00:00:28
[1015/1024]  (7,7,1,3)  ok    ETA 00:00:25
[1016/1024]  (7,6,0,7)  ok    ETA 00:00:22
[1017/1024]  (7,7,7,7)  ok    ETA 00:00:19
[1018/1024]  (7,7,4,7)  ok    ETA 00:00:16
[1019/1024]  (7,7,0,3)  ok    ETA 00:00:14
[1020/1024]  (7,7,6,7)  ok    ETA 00:00:11
[1021/1024]  (7,7,3,7)  ok    ETA 00:00:08
[1022/1024]  (7,7,2,7)  ok    ETA 00:00:05
[1023/1024]  (7,7,1,7)  ok    ETA 00:00:02
[1024/1024]  (7,7,0,7)  ok    ETA 00:00:00

Done. 1024 points in 48.4 min; 0 failed.
Saved → simulated/gennorm/gennorm_scan_3.npz
  corr_params:      (8, 8, 8, 8, 55)
  transform_params: (8, 8, 8, 8, 11, 4)
  WARNING: 3072 grid points have NaN.

=== job 10656572 finished Wed May  6 12:43:55 EDT 2026 ===
